======== Resolving module 'http-errors' from '/Users/valentinyelchenko/Projects/ogxone/adjecent-boxes/src/app.ts'. ========
Explicitly specified module resolution kind: 'NodeJs'.
'baseUrl' option is set to '/Users/valentinyelchenko/Projects/ogxone/adjecent-boxes', using this value to resolve non-relative module name 'http-errors'.
'paths' option is specified, looking for a pattern to match module name 'http-errors'.
'baseUrl' option is set to '/Users/valentinyelchenko/Projects/ogxone/adjecent-boxes', using this value to resolve non-relative module name 'http-errors'.
Resolving module name 'http-errors' relative to base url '/Users/valentinyelchenko/Projects/ogxone/adjecent-boxes' - '/Users/valentinyelchenko/Projects/ogxone/adjecent-boxes/http-errors'.
Loading module as file / folder, candidate module location '/Users/valentinyelchenko/Projects/ogxone/adjecent-boxes/http-errors', target file type 'TypeScript'.
File '/Users/valentinyelchenko/Projects/ogxone/adjecent-boxes/http-errors.ts' does not exist.
File '/Users/valentinyelchenko/Projects/ogxone/adjecent-boxes/http-errors.tsx' does not exist.
File '/Users/valentinyelchenko/Projects/ogxone/adjecent-boxes/http-errors.d.ts' does not exist.
Directory '/Users/valentinyelchenko/Projects/ogxone/adjecent-boxes/http-errors' does not exist, skipping all lookups in it.
Loading module 'http-errors' from 'node_modules' folder, target file type 'TypeScript'.
Directory '/Users/valentinyelchenko/Projects/ogxone/adjecent-boxes/src/node_modules' does not exist, skipping all lookups in it.
Found 'package.json' at '/Users/valentinyelchenko/Projects/ogxone/adjecent-boxes/node_modules/http-errors/package.json'.
'package.json' does not have a 'typesVersions' field.
File '/Users/valentinyelchenko/Projects/ogxone/adjecent-boxes/node_modules/http-errors.ts' does not exist.
File '/Users/valentinyelchenko/Projects/ogxone/adjecent-boxes/node_modules/http-errors.tsx' does not exist.
File '/Users/valentinyelchenko/Projects/ogxone/adjecent-boxes/node_modules/http-errors.d.ts' does not exist.
'package.json' does not have a 'typings' field.
'package.json' does not have a 'types' field.
'package.json' does not have a 'main' field.
File '/Users/valentinyelchenko/Projects/ogxone/adjecent-boxes/node_modules/http-errors/index.ts' does not exist.
File '/Users/valentinyelchenko/Projects/ogxone/adjecent-boxes/node_modules/http-errors/index.tsx' does not exist.
File '/Users/valentinyelchenko/Projects/ogxone/adjecent-boxes/node_modules/http-errors/index.d.ts' does not exist.
File '/Users/valentinyelchenko/Projects/ogxone/adjecent-boxes/node_modules/@types/http-errors.d.ts' does not exist.
Directory '/Users/valentinyelchenko/Projects/ogxone/node_modules' does not exist, skipping all lookups in it.
Directory '/Users/valentinyelchenko/Projects/node_modules' does not exist, skipping all lookups in it.
File '/Users/valentinyelchenko/node_modules/http-errors.ts' does not exist.
File '/Users/valentinyelchenko/node_modules/http-errors.tsx' does not exist.
File '/Users/valentinyelchenko/node_modules/http-errors.d.ts' does not exist.
File '/Users/valentinyelchenko/node_modules/@types/http-errors.d.ts' does not exist.
Directory '/Users/node_modules' does not exist, skipping all lookups in it.
Directory '/node_modules' does not exist, skipping all lookups in it.
'baseUrl' option is set to '/Users/valentinyelchenko/Projects/ogxone/adjecent-boxes', using this value to resolve non-relative module name 'http-errors'.
'paths' option is specified, looking for a pattern to match module name 'http-errors'.
'baseUrl' option is set to '/Users/valentinyelchenko/Projects/ogxone/adjecent-boxes', using this value to resolve non-relative module name 'http-errors'.
Resolving module name 'http-errors' relative to base url '/Users/valentinyelchenko/Projects/ogxone/adjecent-boxes' - '/Users/valentinyelchenko/Projects/ogxone/adjecent-boxes/http-errors'.
Loading module as file / folder, candidate module location '/Users/valentinyelchenko/Projects/ogxone/adjecent-boxes/http-errors', target file type 'JavaScript'.
File '/Users/valentinyelchenko/Projects/ogxone/adjecent-boxes/http-errors.js' does not exist.
File '/Users/valentinyelchenko/Projects/ogxone/adjecent-boxes/http-errors.jsx' does not exist.
Directory '/Users/valentinyelchenko/Projects/ogxone/adjecent-boxes/http-errors' does not exist, skipping all lookups in it.
Loading module 'http-errors' from 'node_modules' folder, target file type 'JavaScript'.
Directory '/Users/valentinyelchenko/Projects/ogxone/adjecent-boxes/src/node_modules' does not exist, skipping all lookups in it.
File '/Users/valentinyelchenko/Projects/ogxone/adjecent-boxes/node_modules/http-errors/package.json' exists according to earlier cached lookups.
File '/Users/valentinyelchenko/Projects/ogxone/adjecent-boxes/node_modules/http-errors.js' does not exist.
File '/Users/valentinyelchenko/Projects/ogxone/adjecent-boxes/node_modules/http-errors.jsx' does not exist.
'package.json' does not have a 'main' field.
File '/Users/valentinyelchenko/Projects/ogxone/adjecent-boxes/node_modules/http-errors/index.js' exist - use it as a name resolution result.
Resolving real path for '/Users/valentinyelchenko/Projects/ogxone/adjecent-boxes/node_modules/http-errors/index.js', result '/Users/valentinyelchenko/Projects/ogxone/adjecent-boxes/node_modules/http-errors/index.js'.
======== Module name 'http-errors' was successfully resolved to '/Users/valentinyelchenko/Projects/ogxone/adjecent-boxes/node_modules/http-errors/index.js' with Package ID 'http-errors/index.js@1.6.3'. ========
======== Resolving module 'express' from '/Users/valentinyelchenko/Projects/ogxone/adjecent-boxes/src/app.ts'. ========
Explicitly specified module resolution kind: 'NodeJs'.
'baseUrl' option is set to '/Users/valentinyelchenko/Projects/ogxone/adjecent-boxes', using this value to resolve non-relative module name 'express'.
'paths' option is specified, looking for a pattern to match module name 'express'.
'baseUrl' option is set to '/Users/valentinyelchenko/Projects/ogxone/adjecent-boxes', using this value to resolve non-relative module name 'express'.
Resolving module name 'express' relative to base url '/Users/valentinyelchenko/Projects/ogxone/adjecent-boxes' - '/Users/valentinyelchenko/Projects/ogxone/adjecent-boxes/express'.
Loading module as file / folder, candidate module location '/Users/valentinyelchenko/Projects/ogxone/adjecent-boxes/express', target file type 'TypeScript'.
File '/Users/valentinyelchenko/Projects/ogxone/adjecent-boxes/express.ts' does not exist.
File '/Users/valentinyelchenko/Projects/ogxone/adjecent-boxes/express.tsx' does not exist.
File '/Users/valentinyelchenko/Projects/ogxone/adjecent-boxes/express.d.ts' does not exist.
Directory '/Users/valentinyelchenko/Projects/ogxone/adjecent-boxes/express' does not exist, skipping all lookups in it.
Loading module 'express' from 'node_modules' folder, target file type 'TypeScript'.
Directory '/Users/valentinyelchenko/Projects/ogxone/adjecent-boxes/src/node_modules' does not exist, skipping all lookups in it.
Found 'package.json' at '/Users/valentinyelchenko/Projects/ogxone/adjecent-boxes/node_modules/express/package.json'.
'package.json' does not have a 'typesVersions' field.
File '/Users/valentinyelchenko/Projects/ogxone/adjecent-boxes/node_modules/express.ts' does not exist.
File '/Users/valentinyelchenko/Projects/ogxone/adjecent-boxes/node_modules/express.tsx' does not exist.
File '/Users/valentinyelchenko/Projects/ogxone/adjecent-boxes/node_modules/express.d.ts' does not exist.
'package.json' does not have a 'typings' field.
'package.json' does not have a 'types' field.
'package.json' does not have a 'main' field.
File '/Users/valentinyelchenko/Projects/ogxone/adjecent-boxes/node_modules/express/index.ts' does not exist.
File '/Users/valentinyelchenko/Projects/ogxone/adjecent-boxes/node_modules/express/index.tsx' does not exist.
File '/Users/valentinyelchenko/Projects/ogxone/adjecent-boxes/node_modules/express/index.d.ts' does not exist.
File '/Users/valentinyelchenko/Projects/ogxone/adjecent-boxes/node_modules/@types/express.d.ts' does not exist.
Directory '/Users/valentinyelchenko/Projects/ogxone/node_modules' does not exist, skipping all lookups in it.
Directory '/Users/valentinyelchenko/Projects/node_modules' does not exist, skipping all lookups in it.
File '/Users/valentinyelchenko/node_modules/express.ts' does not exist.
File '/Users/valentinyelchenko/node_modules/express.tsx' does not exist.
File '/Users/valentinyelchenko/node_modules/express.d.ts' does not exist.
File '/Users/valentinyelchenko/node_modules/@types/express.d.ts' does not exist.
Directory '/Users/node_modules' does not exist, skipping all lookups in it.
Directory '/node_modules' does not exist, skipping all lookups in it.
'baseUrl' option is set to '/Users/valentinyelchenko/Projects/ogxone/adjecent-boxes', using this value to resolve non-relative module name 'express'.
'paths' option is specified, looking for a pattern to match module name 'express'.
'baseUrl' option is set to '/Users/valentinyelchenko/Projects/ogxone/adjecent-boxes', using this value to resolve non-relative module name 'express'.
Resolving module name 'express' relative to base url '/Users/valentinyelchenko/Projects/ogxone/adjecent-boxes' - '/Users/valentinyelchenko/Projects/ogxone/adjecent-boxes/express'.
Loading module as file / folder, candidate module location '/Users/valentinyelchenko/Projects/ogxone/adjecent-boxes/express', target file type 'JavaScript'.
File '/Users/valentinyelchenko/Projects/ogxone/adjecent-boxes/express.js' does not exist.
File '/Users/valentinyelchenko/Projects/ogxone/adjecent-boxes/express.jsx' does not exist.
Directory '/Users/valentinyelchenko/Projects/ogxone/adjecent-boxes/express' does not exist, skipping all lookups in it.
Loading module 'express' from 'node_modules' folder, target file type 'JavaScript'.
Directory '/Users/valentinyelchenko/Projects/ogxone/adjecent-boxes/src/node_modules' does not exist, skipping all lookups in it.
File '/Users/valentinyelchenko/Projects/ogxone/adjecent-boxes/node_modules/express/package.json' exists according to earlier cached lookups.
File '/Users/valentinyelchenko/Projects/ogxone/adjecent-boxes/node_modules/express.js' does not exist.
File '/Users/valentinyelchenko/Projects/ogxone/adjecent-boxes/node_modules/express.jsx' does not exist.
'package.json' does not have a 'main' field.
File '/Users/valentinyelchenko/Projects/ogxone/adjecent-boxes/node_modules/express/index.js' exist - use it as a name resolution result.
Resolving real path for '/Users/valentinyelchenko/Projects/ogxone/adjecent-boxes/node_modules/express/index.js', result '/Users/valentinyelchenko/Projects/ogxone/adjecent-boxes/node_modules/express/index.js'.
======== Module name 'express' was successfully resolved to '/Users/valentinyelchenko/Projects/ogxone/adjecent-boxes/node_modules/express/index.js' with Package ID 'express/index.js@4.16.4'. ========
======== Resolving module 'path' from '/Users/valentinyelchenko/Projects/ogxone/adjecent-boxes/src/app.ts'. ========
Explicitly specified module resolution kind: 'NodeJs'.
'baseUrl' option is set to '/Users/valentinyelchenko/Projects/ogxone/adjecent-boxes', using this value to resolve non-relative module name 'path'.
'paths' option is specified, looking for a pattern to match module name 'path'.
'baseUrl' option is set to '/Users/valentinyelchenko/Projects/ogxone/adjecent-boxes', using this value to resolve non-relative module name 'path'.
Resolving module name 'path' relative to base url '/Users/valentinyelchenko/Projects/ogxone/adjecent-boxes' - '/Users/valentinyelchenko/Projects/ogxone/adjecent-boxes/path'.
Loading module as file / folder, candidate module location '/Users/valentinyelchenko/Projects/ogxone/adjecent-boxes/path', target file type 'TypeScript'.
File '/Users/valentinyelchenko/Projects/ogxone/adjecent-boxes/path.ts' does not exist.
File '/Users/valentinyelchenko/Projects/ogxone/adjecent-boxes/path.tsx' does not exist.
File '/Users/valentinyelchenko/Projects/ogxone/adjecent-boxes/path.d.ts' does not exist.
Directory '/Users/valentinyelchenko/Projects/ogxone/adjecent-boxes/path' does not exist, skipping all lookups in it.
Loading module 'path' from 'node_modules' folder, target file type 'TypeScript'.
Directory '/Users/valentinyelchenko/Projects/ogxone/adjecent-boxes/src/node_modules' does not exist, skipping all lookups in it.
File '/Users/valentinyelchenko/Projects/ogxone/adjecent-boxes/node_modules/path.ts' does not exist.
File '/Users/valentinyelchenko/Projects/ogxone/adjecent-boxes/node_modules/path.tsx' does not exist.
File '/Users/valentinyelchenko/Projects/ogxone/adjecent-boxes/node_modules/path.d.ts' does not exist.
File '/Users/valentinyelchenko/Projects/ogxone/adjecent-boxes/node_modules/@types/path.d.ts' does not exist.
Directory '/Users/valentinyelchenko/Projects/ogxone/node_modules' does not exist, skipping all lookups in it.
Directory '/Users/valentinyelchenko/Projects/node_modules' does not exist, skipping all lookups in it.
File '/Users/valentinyelchenko/node_modules/path.ts' does not exist.
File '/Users/valentinyelchenko/node_modules/path.tsx' does not exist.
File '/Users/valentinyelchenko/node_modules/path.d.ts' does not exist.
File '/Users/valentinyelchenko/node_modules/@types/path.d.ts' does not exist.
Directory '/Users/node_modules' does not exist, skipping all lookups in it.
Directory '/node_modules' does not exist, skipping all lookups in it.
'baseUrl' option is set to '/Users/valentinyelchenko/Projects/ogxone/adjecent-boxes', using this value to resolve non-relative module name 'path'.
'paths' option is specified, looking for a pattern to match module name 'path'.
'baseUrl' option is set to '/Users/valentinyelchenko/Projects/ogxone/adjecent-boxes', using this value to resolve non-relative module name 'path'.
Resolving module name 'path' relative to base url '/Users/valentinyelchenko/Projects/ogxone/adjecent-boxes' - '/Users/valentinyelchenko/Projects/ogxone/adjecent-boxes/path'.
Loading module as file / folder, candidate module location '/Users/valentinyelchenko/Projects/ogxone/adjecent-boxes/path', target file type 'JavaScript'.
File '/Users/valentinyelchenko/Projects/ogxone/adjecent-boxes/path.js' does not exist.
File '/Users/valentinyelchenko/Projects/ogxone/adjecent-boxes/path.jsx' does not exist.
Directory '/Users/valentinyelchenko/Projects/ogxone/adjecent-boxes/path' does not exist, skipping all lookups in it.
Loading module 'path' from 'node_modules' folder, target file type 'JavaScript'.
Directory '/Users/valentinyelchenko/Projects/ogxone/adjecent-boxes/src/node_modules' does not exist, skipping all lookups in it.
File '/Users/valentinyelchenko/Projects/ogxone/adjecent-boxes/node_modules/path.js' does not exist.
File '/Users/valentinyelchenko/Projects/ogxone/adjecent-boxes/node_modules/path.jsx' does not exist.
Directory '/Users/valentinyelchenko/Projects/ogxone/node_modules' does not exist, skipping all lookups in it.
Directory '/Users/valentinyelchenko/Projects/node_modules' does not exist, skipping all lookups in it.
File '/Users/valentinyelchenko/node_modules/path.js' does not exist.
File '/Users/valentinyelchenko/node_modules/path.jsx' does not exist.
Directory '/Users/node_modules' does not exist, skipping all lookups in it.
Directory '/node_modules' does not exist, skipping all lookups in it.
======== Module name 'path' was not resolved. ========
======== Resolving module 'morgan' from '/Users/valentinyelchenko/Projects/ogxone/adjecent-boxes/src/app.ts'. ========
Explicitly specified module resolution kind: 'NodeJs'.
'baseUrl' option is set to '/Users/valentinyelchenko/Projects/ogxone/adjecent-boxes', using this value to resolve non-relative module name 'morgan'.
'paths' option is specified, looking for a pattern to match module name 'morgan'.
'baseUrl' option is set to '/Users/valentinyelchenko/Projects/ogxone/adjecent-boxes', using this value to resolve non-relative module name 'morgan'.
Resolving module name 'morgan' relative to base url '/Users/valentinyelchenko/Projects/ogxone/adjecent-boxes' - '/Users/valentinyelchenko/Projects/ogxone/adjecent-boxes/morgan'.
Loading module as file / folder, candidate module location '/Users/valentinyelchenko/Projects/ogxone/adjecent-boxes/morgan', target file type 'TypeScript'.
File '/Users/valentinyelchenko/Projects/ogxone/adjecent-boxes/morgan.ts' does not exist.
File '/Users/valentinyelchenko/Projects/ogxone/adjecent-boxes/morgan.tsx' does not exist.
File '/Users/valentinyelchenko/Projects/ogxone/adjecent-boxes/morgan.d.ts' does not exist.
Directory '/Users/valentinyelchenko/Projects/ogxone/adjecent-boxes/morgan' does not exist, skipping all lookups in it.
Loading module 'morgan' from 'node_modules' folder, target file type 'TypeScript'.
Directory '/Users/valentinyelchenko/Projects/ogxone/adjecent-boxes/src/node_modules' does not exist, skipping all lookups in it.
Found 'package.json' at '/Users/valentinyelchenko/Projects/ogxone/adjecent-boxes/node_modules/morgan/package.json'.
'package.json' does not have a 'typesVersions' field.
File '/Users/valentinyelchenko/Projects/ogxone/adjecent-boxes/node_modules/morgan.ts' does not exist.
File '/Users/valentinyelchenko/Projects/ogxone/adjecent-boxes/node_modules/morgan.tsx' does not exist.
File '/Users/valentinyelchenko/Projects/ogxone/adjecent-boxes/node_modules/morgan.d.ts' does not exist.
'package.json' does not have a 'typings' field.
'package.json' does not have a 'types' field.
'package.json' does not have a 'main' field.
File '/Users/valentinyelchenko/Projects/ogxone/adjecent-boxes/node_modules/morgan/index.ts' does not exist.
File '/Users/valentinyelchenko/Projects/ogxone/adjecent-boxes/node_modules/morgan/index.tsx' does not exist.
File '/Users/valentinyelchenko/Projects/ogxone/adjecent-boxes/node_modules/morgan/index.d.ts' does not exist.
File '/Users/valentinyelchenko/Projects/ogxone/adjecent-boxes/node_modules/@types/morgan.d.ts' does not exist.
Directory '/Users/valentinyelchenko/Projects/ogxone/node_modules' does not exist, skipping all lookups in it.
Directory '/Users/valentinyelchenko/Projects/node_modules' does not exist, skipping all lookups in it.
File '/Users/valentinyelchenko/node_modules/morgan.ts' does not exist.
File '/Users/valentinyelchenko/node_modules/morgan.tsx' does not exist.
File '/Users/valentinyelchenko/node_modules/morgan.d.ts' does not exist.
File '/Users/valentinyelchenko/node_modules/@types/morgan.d.ts' does not exist.
Directory '/Users/node_modules' does not exist, skipping all lookups in it.
Directory '/node_modules' does not exist, skipping all lookups in it.
'baseUrl' option is set to '/Users/valentinyelchenko/Projects/ogxone/adjecent-boxes', using this value to resolve non-relative module name 'morgan'.
'paths' option is specified, looking for a pattern to match module name 'morgan'.
'baseUrl' option is set to '/Users/valentinyelchenko/Projects/ogxone/adjecent-boxes', using this value to resolve non-relative module name 'morgan'.
Resolving module name 'morgan' relative to base url '/Users/valentinyelchenko/Projects/ogxone/adjecent-boxes' - '/Users/valentinyelchenko/Projects/ogxone/adjecent-boxes/morgan'.
Loading module as file / folder, candidate module location '/Users/valentinyelchenko/Projects/ogxone/adjecent-boxes/morgan', target file type 'JavaScript'.
File '/Users/valentinyelchenko/Projects/ogxone/adjecent-boxes/morgan.js' does not exist.
File '/Users/valentinyelchenko/Projects/ogxone/adjecent-boxes/morgan.jsx' does not exist.
Directory '/Users/valentinyelchenko/Projects/ogxone/adjecent-boxes/morgan' does not exist, skipping all lookups in it.
Loading module 'morgan' from 'node_modules' folder, target file type 'JavaScript'.
Directory '/Users/valentinyelchenko/Projects/ogxone/adjecent-boxes/src/node_modules' does not exist, skipping all lookups in it.
File '/Users/valentinyelchenko/Projects/ogxone/adjecent-boxes/node_modules/morgan/package.json' exists according to earlier cached lookups.
File '/Users/valentinyelchenko/Projects/ogxone/adjecent-boxes/node_modules/morgan.js' does not exist.
File '/Users/valentinyelchenko/Projects/ogxone/adjecent-boxes/node_modules/morgan.jsx' does not exist.
'package.json' does not have a 'main' field.
File '/Users/valentinyelchenko/Projects/ogxone/adjecent-boxes/node_modules/morgan/index.js' exist - use it as a name resolution result.
Resolving real path for '/Users/valentinyelchenko/Projects/ogxone/adjecent-boxes/node_modules/morgan/index.js', result '/Users/valentinyelchenko/Projects/ogxone/adjecent-boxes/node_modules/morgan/index.js'.
======== Module name 'morgan' was successfully resolved to '/Users/valentinyelchenko/Projects/ogxone/adjecent-boxes/node_modules/morgan/index.js' with Package ID 'morgan/index.js@1.9.1'. ========
======== Resolving module '@controller/api.controller' from '/Users/valentinyelchenko/Projects/ogxone/adjecent-boxes/src/app.ts'. ========
Explicitly specified module resolution kind: 'NodeJs'.
'baseUrl' option is set to '/Users/valentinyelchenko/Projects/ogxone/adjecent-boxes', using this value to resolve non-relative module name '@controller/api.controller'.
'paths' option is specified, looking for a pattern to match module name '@controller/api.controller'.
Module name '@controller/api.controller', matched pattern '@controller/*'.
Trying substitution 'src/controller/*', candidate module location: 'src/controller/api.controller'.
Loading module as file / folder, candidate module location '/Users/valentinyelchenko/Projects/ogxone/adjecent-boxes/src/controller/api.controller', target file type 'TypeScript'.
File '/Users/valentinyelchenko/Projects/ogxone/adjecent-boxes/src/controller/api.controller.ts' exist - use it as a name resolution result.
======== Module name '@controller/api.controller' was successfully resolved to '/Users/valentinyelchenko/Projects/ogxone/adjecent-boxes/src/controller/api.controller.ts'. ========
======== Resolving module '@controller/index.controller' from '/Users/valentinyelchenko/Projects/ogxone/adjecent-boxes/src/app.ts'. ========
Explicitly specified module resolution kind: 'NodeJs'.
'baseUrl' option is set to '/Users/valentinyelchenko/Projects/ogxone/adjecent-boxes', using this value to resolve non-relative module name '@controller/index.controller'.
'paths' option is specified, looking for a pattern to match module name '@controller/index.controller'.
Module name '@controller/index.controller', matched pattern '@controller/*'.
Trying substitution 'src/controller/*', candidate module location: 'src/controller/index.controller'.
Loading module as file / folder, candidate module location '/Users/valentinyelchenko/Projects/ogxone/adjecent-boxes/src/controller/index.controller', target file type 'TypeScript'.
File '/Users/valentinyelchenko/Projects/ogxone/adjecent-boxes/src/controller/index.controller.ts' exist - use it as a name resolution result.
======== Module name '@controller/index.controller' was successfully resolved to '/Users/valentinyelchenko/Projects/ogxone/adjecent-boxes/src/controller/index.controller.ts'. ========
======== Resolving module 'routing-controllers' from '/Users/valentinyelchenko/Projects/ogxone/adjecent-boxes/src/app.ts'. ========
Explicitly specified module resolution kind: 'NodeJs'.
'baseUrl' option is set to '/Users/valentinyelchenko/Projects/ogxone/adjecent-boxes', using this value to resolve non-relative module name 'routing-controllers'.
'paths' option is specified, looking for a pattern to match module name 'routing-controllers'.
'baseUrl' option is set to '/Users/valentinyelchenko/Projects/ogxone/adjecent-boxes', using this value to resolve non-relative module name 'routing-controllers'.
Resolving module name 'routing-controllers' relative to base url '/Users/valentinyelchenko/Projects/ogxone/adjecent-boxes' - '/Users/valentinyelchenko/Projects/ogxone/adjecent-boxes/routing-controllers'.
Loading module as file / folder, candidate module location '/Users/valentinyelchenko/Projects/ogxone/adjecent-boxes/routing-controllers', target file type 'TypeScript'.
File '/Users/valentinyelchenko/Projects/ogxone/adjecent-boxes/routing-controllers.ts' does not exist.
File '/Users/valentinyelchenko/Projects/ogxone/adjecent-boxes/routing-controllers.tsx' does not exist.
File '/Users/valentinyelchenko/Projects/ogxone/adjecent-boxes/routing-controllers.d.ts' does not exist.
Directory '/Users/valentinyelchenko/Projects/ogxone/adjecent-boxes/routing-controllers' does not exist, skipping all lookups in it.
Loading module 'routing-controllers' from 'node_modules' folder, target file type 'TypeScript'.
Directory '/Users/valentinyelchenko/Projects/ogxone/adjecent-boxes/src/node_modules' does not exist, skipping all lookups in it.
Found 'package.json' at '/Users/valentinyelchenko/Projects/ogxone/adjecent-boxes/node_modules/routing-controllers/package.json'.
'package.json' does not have a 'typesVersions' field.
File '/Users/valentinyelchenko/Projects/ogxone/adjecent-boxes/node_modules/routing-controllers.ts' does not exist.
File '/Users/valentinyelchenko/Projects/ogxone/adjecent-boxes/node_modules/routing-controllers.tsx' does not exist.
File '/Users/valentinyelchenko/Projects/ogxone/adjecent-boxes/node_modules/routing-controllers.d.ts' does not exist.
'package.json' has 'typings' field './types/index.d.ts' that references '/Users/valentinyelchenko/Projects/ogxone/adjecent-boxes/node_modules/routing-controllers/types/index.d.ts'.
File '/Users/valentinyelchenko/Projects/ogxone/adjecent-boxes/node_modules/routing-controllers/types/index.d.ts' exist - use it as a name resolution result.
Resolving real path for '/Users/valentinyelchenko/Projects/ogxone/adjecent-boxes/node_modules/routing-controllers/types/index.d.ts', result '/Users/valentinyelchenko/Projects/ogxone/adjecent-boxes/node_modules/routing-controllers/types/index.d.ts'.
======== Module name 'routing-controllers' was successfully resolved to '/Users/valentinyelchenko/Projects/ogxone/adjecent-boxes/node_modules/routing-controllers/types/index.d.ts' with Package ID 'routing-controllers/types/index.d.ts@0.9.0'. ========
======== Resolving module 'routing-controllers' from '/Users/valentinyelchenko/Projects/ogxone/adjecent-boxes/src/controller/api.controller.ts'. ========
Explicitly specified module resolution kind: 'NodeJs'.
'baseUrl' option is set to '/Users/valentinyelchenko/Projects/ogxone/adjecent-boxes', using this value to resolve non-relative module name 'routing-controllers'.
'paths' option is specified, looking for a pattern to match module name 'routing-controllers'.
'baseUrl' option is set to '/Users/valentinyelchenko/Projects/ogxone/adjecent-boxes', using this value to resolve non-relative module name 'routing-controllers'.
Resolving module name 'routing-controllers' relative to base url '/Users/valentinyelchenko/Projects/ogxone/adjecent-boxes' - '/Users/valentinyelchenko/Projects/ogxone/adjecent-boxes/routing-controllers'.
Loading module as file / folder, candidate module location '/Users/valentinyelchenko/Projects/ogxone/adjecent-boxes/routing-controllers', target file type 'TypeScript'.
File '/Users/valentinyelchenko/Projects/ogxone/adjecent-boxes/routing-controllers.ts' does not exist.
File '/Users/valentinyelchenko/Projects/ogxone/adjecent-boxes/routing-controllers.tsx' does not exist.
File '/Users/valentinyelchenko/Projects/ogxone/adjecent-boxes/routing-controllers.d.ts' does not exist.
Directory '/Users/valentinyelchenko/Projects/ogxone/adjecent-boxes/routing-controllers' does not exist, skipping all lookups in it.
Loading module 'routing-controllers' from 'node_modules' folder, target file type 'TypeScript'.
Directory '/Users/valentinyelchenko/Projects/ogxone/adjecent-boxes/src/controller/node_modules' does not exist, skipping all lookups in it.
Resolution for module 'routing-controllers' was found in cache from location '/Users/valentinyelchenko/Projects/ogxone/adjecent-boxes/src'.
======== Module name 'routing-controllers' was successfully resolved to '/Users/valentinyelchenko/Projects/ogxone/adjecent-boxes/node_modules/routing-controllers/types/index.d.ts' with Package ID 'routing-controllers/types/index.d.ts@0.9.0'. ========
======== Resolving module '@infra/adapter/schema/class-validator' from '/Users/valentinyelchenko/Projects/ogxone/adjecent-boxes/src/controller/api.controller.ts'. ========
Explicitly specified module resolution kind: 'NodeJs'.
'baseUrl' option is set to '/Users/valentinyelchenko/Projects/ogxone/adjecent-boxes', using this value to resolve non-relative module name '@infra/adapter/schema/class-validator'.
'paths' option is specified, looking for a pattern to match module name '@infra/adapter/schema/class-validator'.
Module name '@infra/adapter/schema/class-validator', matched pattern '@infra/*'.
Trying substitution 'src/infra/*', candidate module location: 'src/infra/adapter/schema/class-validator'.
Loading module as file / folder, candidate module location '/Users/valentinyelchenko/Projects/ogxone/adjecent-boxes/src/infra/adapter/schema/class-validator', target file type 'TypeScript'.
File '/Users/valentinyelchenko/Projects/ogxone/adjecent-boxes/src/infra/adapter/schema/class-validator.ts' exist - use it as a name resolution result.
======== Module name '@infra/adapter/schema/class-validator' was successfully resolved to '/Users/valentinyelchenko/Projects/ogxone/adjecent-boxes/src/infra/adapter/schema/class-validator.ts'. ========
======== Resolving module '@domain/board/generator' from '/Users/valentinyelchenko/Projects/ogxone/adjecent-boxes/src/controller/api.controller.ts'. ========
Explicitly specified module resolution kind: 'NodeJs'.
'baseUrl' option is set to '/Users/valentinyelchenko/Projects/ogxone/adjecent-boxes', using this value to resolve non-relative module name '@domain/board/generator'.
'paths' option is specified, looking for a pattern to match module name '@domain/board/generator'.
Module name '@domain/board/generator', matched pattern '@domain/*'.
Trying substitution 'src/domain/*', candidate module location: 'src/domain/board/generator'.
Loading module as file / folder, candidate module location '/Users/valentinyelchenko/Projects/ogxone/adjecent-boxes/src/domain/board/generator', target file type 'TypeScript'.
File '/Users/valentinyelchenko/Projects/ogxone/adjecent-boxes/src/domain/board/generator.ts' exist - use it as a name resolution result.
======== Module name '@domain/board/generator' was successfully resolved to '/Users/valentinyelchenko/Projects/ogxone/adjecent-boxes/src/domain/board/generator.ts'. ========
======== Resolving module '@domain/board/solver' from '/Users/valentinyelchenko/Projects/ogxone/adjecent-boxes/src/controller/api.controller.ts'. ========
Explicitly specified module resolution kind: 'NodeJs'.
'baseUrl' option is set to '/Users/valentinyelchenko/Projects/ogxone/adjecent-boxes', using this value to resolve non-relative module name '@domain/board/solver'.
'paths' option is specified, looking for a pattern to match module name '@domain/board/solver'.
Module name '@domain/board/solver', matched pattern '@domain/*'.
Trying substitution 'src/domain/*', candidate module location: 'src/domain/board/solver'.
Loading module as file / folder, candidate module location '/Users/valentinyelchenko/Projects/ogxone/adjecent-boxes/src/domain/board/solver', target file type 'TypeScript'.
File '/Users/valentinyelchenko/Projects/ogxone/adjecent-boxes/src/domain/board/solver.ts' exist - use it as a name resolution result.
======== Module name '@domain/board/solver' was successfully resolved to '/Users/valentinyelchenko/Projects/ogxone/adjecent-boxes/src/domain/board/solver.ts'. ========
======== Resolving module 'class-transformer' from '/Users/valentinyelchenko/Projects/ogxone/adjecent-boxes/src/controller/api.controller.ts'. ========
Explicitly specified module resolution kind: 'NodeJs'.
'baseUrl' option is set to '/Users/valentinyelchenko/Projects/ogxone/adjecent-boxes', using this value to resolve non-relative module name 'class-transformer'.
'paths' option is specified, looking for a pattern to match module name 'class-transformer'.
'baseUrl' option is set to '/Users/valentinyelchenko/Projects/ogxone/adjecent-boxes', using this value to resolve non-relative module name 'class-transformer'.
Resolving module name 'class-transformer' relative to base url '/Users/valentinyelchenko/Projects/ogxone/adjecent-boxes' - '/Users/valentinyelchenko/Projects/ogxone/adjecent-boxes/class-transformer'.
Loading module as file / folder, candidate module location '/Users/valentinyelchenko/Projects/ogxone/adjecent-boxes/class-transformer', target file type 'TypeScript'.
File '/Users/valentinyelchenko/Projects/ogxone/adjecent-boxes/class-transformer.ts' does not exist.
File '/Users/valentinyelchenko/Projects/ogxone/adjecent-boxes/class-transformer.tsx' does not exist.
File '/Users/valentinyelchenko/Projects/ogxone/adjecent-boxes/class-transformer.d.ts' does not exist.
Directory '/Users/valentinyelchenko/Projects/ogxone/adjecent-boxes/class-transformer' does not exist, skipping all lookups in it.
Loading module 'class-transformer' from 'node_modules' folder, target file type 'TypeScript'.
Directory '/Users/valentinyelchenko/Projects/ogxone/adjecent-boxes/src/controller/node_modules' does not exist, skipping all lookups in it.
Directory '/Users/valentinyelchenko/Projects/ogxone/adjecent-boxes/src/node_modules' does not exist, skipping all lookups in it.
Found 'package.json' at '/Users/valentinyelchenko/Projects/ogxone/adjecent-boxes/node_modules/class-transformer/package.json'.
'package.json' does not have a 'typesVersions' field.
File '/Users/valentinyelchenko/Projects/ogxone/adjecent-boxes/node_modules/class-transformer.ts' does not exist.
File '/Users/valentinyelchenko/Projects/ogxone/adjecent-boxes/node_modules/class-transformer.tsx' does not exist.
File '/Users/valentinyelchenko/Projects/ogxone/adjecent-boxes/node_modules/class-transformer.d.ts' does not exist.
'package.json' has 'typings' field './types/index.d.ts' that references '/Users/valentinyelchenko/Projects/ogxone/adjecent-boxes/node_modules/class-transformer/types/index.d.ts'.
File '/Users/valentinyelchenko/Projects/ogxone/adjecent-boxes/node_modules/class-transformer/types/index.d.ts' exist - use it as a name resolution result.
Resolving real path for '/Users/valentinyelchenko/Projects/ogxone/adjecent-boxes/node_modules/class-transformer/types/index.d.ts', result '/Users/valentinyelchenko/Projects/ogxone/adjecent-boxes/node_modules/class-transformer/types/index.d.ts'.
======== Module name 'class-transformer' was successfully resolved to '/Users/valentinyelchenko/Projects/ogxone/adjecent-boxes/node_modules/class-transformer/types/index.d.ts' with Package ID 'class-transformer/types/index.d.ts@0.5.1'. ========
======== Resolving module './CustomParameterDecorator' from '/Users/valentinyelchenko/Projects/ogxone/adjecent-boxes/node_modules/routing-controllers/types/index.d.ts'. ========
Explicitly specified module resolution kind: 'NodeJs'.
Loading module as file / folder, candidate module location '/Users/valentinyelchenko/Projects/ogxone/adjecent-boxes/node_modules/routing-controllers/types/CustomParameterDecorator', target file type 'TypeScript'.
File '/Users/valentinyelchenko/Projects/ogxone/adjecent-boxes/node_modules/routing-controllers/types/CustomParameterDecorator.ts' does not exist.
File '/Users/valentinyelchenko/Projects/ogxone/adjecent-boxes/node_modules/routing-controllers/types/CustomParameterDecorator.tsx' does not exist.
File '/Users/valentinyelchenko/Projects/ogxone/adjecent-boxes/node_modules/routing-controllers/types/CustomParameterDecorator.d.ts' exist - use it as a name resolution result.
File '/Users/valentinyelchenko/Projects/ogxone/adjecent-boxes/node_modules/routing-controllers/package.json' exists according to earlier cached lookups.
======== Module name './CustomParameterDecorator' was successfully resolved to '/Users/valentinyelchenko/Projects/ogxone/adjecent-boxes/node_modules/routing-controllers/types/CustomParameterDecorator.d.ts' with Package ID 'routing-controllers/types/CustomParameterDecorator.d.ts@0.9.0'. ========
======== Resolving module './driver/BaseDriver' from '/Users/valentinyelchenko/Projects/ogxone/adjecent-boxes/node_modules/routing-controllers/types/index.d.ts'. ========
Explicitly specified module resolution kind: 'NodeJs'.
Loading module as file / folder, candidate module location '/Users/valentinyelchenko/Projects/ogxone/adjecent-boxes/node_modules/routing-controllers/types/driver/BaseDriver', target file type 'TypeScript'.
File '/Users/valentinyelchenko/Projects/ogxone/adjecent-boxes/node_modules/routing-controllers/types/driver/BaseDriver.ts' does not exist.
File '/Users/valentinyelchenko/Projects/ogxone/adjecent-boxes/node_modules/routing-controllers/types/driver/BaseDriver.tsx' does not exist.
File '/Users/valentinyelchenko/Projects/ogxone/adjecent-boxes/node_modules/routing-controllers/types/driver/BaseDriver.d.ts' exist - use it as a name resolution result.
File '/Users/valentinyelchenko/Projects/ogxone/adjecent-boxes/node_modules/routing-controllers/package.json' exists according to earlier cached lookups.
======== Module name './driver/BaseDriver' was successfully resolved to '/Users/valentinyelchenko/Projects/ogxone/adjecent-boxes/node_modules/routing-controllers/types/driver/BaseDriver.d.ts' with Package ID 'routing-controllers/types/driver/BaseDriver.d.ts@0.9.0'. ========
======== Resolving module './metadata-builder/MetadataArgsStorage' from '/Users/valentinyelchenko/Projects/ogxone/adjecent-boxes/node_modules/routing-controllers/types/index.d.ts'. ========
Explicitly specified module resolution kind: 'NodeJs'.
Loading module as file / folder, candidate module location '/Users/valentinyelchenko/Projects/ogxone/adjecent-boxes/node_modules/routing-controllers/types/metadata-builder/MetadataArgsStorage', target file type 'TypeScript'.
File '/Users/valentinyelchenko/Projects/ogxone/adjecent-boxes/node_modules/routing-controllers/types/metadata-builder/MetadataArgsStorage.ts' does not exist.
File '/Users/valentinyelchenko/Projects/ogxone/adjecent-boxes/node_modules/routing-controllers/types/metadata-builder/MetadataArgsStorage.tsx' does not exist.
File '/Users/valentinyelchenko/Projects/ogxone/adjecent-boxes/node_modules/routing-controllers/types/metadata-builder/MetadataArgsStorage.d.ts' exist - use it as a name resolution result.
File '/Users/valentinyelchenko/Projects/ogxone/adjecent-boxes/node_modules/routing-controllers/package.json' exists according to earlier cached lookups.
======== Module name './metadata-builder/MetadataArgsStorage' was successfully resolved to '/Users/valentinyelchenko/Projects/ogxone/adjecent-boxes/node_modules/routing-controllers/types/metadata-builder/MetadataArgsStorage.d.ts' with Package ID 'routing-controllers/types/metadata-builder/MetadataArgsStorage.d.ts@0.9.0'. ========
======== Resolving module './RoutingControllersOptions' from '/Users/valentinyelchenko/Projects/ogxone/adjecent-boxes/node_modules/routing-controllers/types/index.d.ts'. ========
Explicitly specified module resolution kind: 'NodeJs'.
Loading module as file / folder, candidate module location '/Users/valentinyelchenko/Projects/ogxone/adjecent-boxes/node_modules/routing-controllers/types/RoutingControllersOptions', target file type 'TypeScript'.
File '/Users/valentinyelchenko/Projects/ogxone/adjecent-boxes/node_modules/routing-controllers/types/RoutingControllersOptions.ts' does not exist.
File '/Users/valentinyelchenko/Projects/ogxone/adjecent-boxes/node_modules/routing-controllers/types/RoutingControllersOptions.tsx' does not exist.
File '/Users/valentinyelchenko/Projects/ogxone/adjecent-boxes/node_modules/routing-controllers/types/RoutingControllersOptions.d.ts' exist - use it as a name resolution result.
File '/Users/valentinyelchenko/Projects/ogxone/adjecent-boxes/node_modules/routing-controllers/package.json' exists according to earlier cached lookups.
======== Module name './RoutingControllersOptions' was successfully resolved to '/Users/valentinyelchenko/Projects/ogxone/adjecent-boxes/node_modules/routing-controllers/types/RoutingControllersOptions.d.ts' with Package ID 'routing-controllers/types/RoutingControllersOptions.d.ts@0.9.0'. ========
======== Resolving module './container' from '/Users/valentinyelchenko/Projects/ogxone/adjecent-boxes/node_modules/routing-controllers/types/index.d.ts'. ========
Explicitly specified module resolution kind: 'NodeJs'.
Loading module as file / folder, candidate module location '/Users/valentinyelchenko/Projects/ogxone/adjecent-boxes/node_modules/routing-controllers/types/container', target file type 'TypeScript'.
File '/Users/valentinyelchenko/Projects/ogxone/adjecent-boxes/node_modules/routing-controllers/types/container.ts' does not exist.
File '/Users/valentinyelchenko/Projects/ogxone/adjecent-boxes/node_modules/routing-controllers/types/container.tsx' does not exist.
File '/Users/valentinyelchenko/Projects/ogxone/adjecent-boxes/node_modules/routing-controllers/types/container.d.ts' exist - use it as a name resolution result.
File '/Users/valentinyelchenko/Projects/ogxone/adjecent-boxes/node_modules/routing-controllers/package.json' exists according to earlier cached lookups.
======== Module name './container' was successfully resolved to '/Users/valentinyelchenko/Projects/ogxone/adjecent-boxes/node_modules/routing-controllers/types/container.d.ts' with Package ID 'routing-controllers/types/container.d.ts@0.9.0'. ========
======== Resolving module './decorator/All' from '/Users/valentinyelchenko/Projects/ogxone/adjecent-boxes/node_modules/routing-controllers/types/index.d.ts'. ========
Explicitly specified module resolution kind: 'NodeJs'.
Loading module as file / folder, candidate module location '/Users/valentinyelchenko/Projects/ogxone/adjecent-boxes/node_modules/routing-controllers/types/decorator/All', target file type 'TypeScript'.
File '/Users/valentinyelchenko/Projects/ogxone/adjecent-boxes/node_modules/routing-controllers/types/decorator/All.ts' does not exist.
File '/Users/valentinyelchenko/Projects/ogxone/adjecent-boxes/node_modules/routing-controllers/types/decorator/All.tsx' does not exist.
File '/Users/valentinyelchenko/Projects/ogxone/adjecent-boxes/node_modules/routing-controllers/types/decorator/All.d.ts' exist - use it as a name resolution result.
File '/Users/valentinyelchenko/Projects/ogxone/adjecent-boxes/node_modules/routing-controllers/package.json' exists according to earlier cached lookups.
======== Module name './decorator/All' was successfully resolved to '/Users/valentinyelchenko/Projects/ogxone/adjecent-boxes/node_modules/routing-controllers/types/decorator/All.d.ts' with Package ID 'routing-controllers/types/decorator/All.d.ts@0.9.0'. ========
======== Resolving module './decorator/Authorized' from '/Users/valentinyelchenko/Projects/ogxone/adjecent-boxes/node_modules/routing-controllers/types/index.d.ts'. ========
Explicitly specified module resolution kind: 'NodeJs'.
Loading module as file / folder, candidate module location '/Users/valentinyelchenko/Projects/ogxone/adjecent-boxes/node_modules/routing-controllers/types/decorator/Authorized', target file type 'TypeScript'.
File '/Users/valentinyelchenko/Projects/ogxone/adjecent-boxes/node_modules/routing-controllers/types/decorator/Authorized.ts' does not exist.
File '/Users/valentinyelchenko/Projects/ogxone/adjecent-boxes/node_modules/routing-controllers/types/decorator/Authorized.tsx' does not exist.
File '/Users/valentinyelchenko/Projects/ogxone/adjecent-boxes/node_modules/routing-controllers/types/decorator/Authorized.d.ts' exist - use it as a name resolution result.
File '/Users/valentinyelchenko/Projects/ogxone/adjecent-boxes/node_modules/routing-controllers/package.json' exists according to earlier cached lookups.
======== Module name './decorator/Authorized' was successfully resolved to '/Users/valentinyelchenko/Projects/ogxone/adjecent-boxes/node_modules/routing-controllers/types/decorator/Authorized.d.ts' with Package ID 'routing-controllers/types/decorator/Authorized.d.ts@0.9.0'. ========
======== Resolving module './decorator/Body' from '/Users/valentinyelchenko/Projects/ogxone/adjecent-boxes/node_modules/routing-controllers/types/index.d.ts'. ========
Explicitly specified module resolution kind: 'NodeJs'.
Loading module as file / folder, candidate module location '/Users/valentinyelchenko/Projects/ogxone/adjecent-boxes/node_modules/routing-controllers/types/decorator/Body', target file type 'TypeScript'.
File '/Users/valentinyelchenko/Projects/ogxone/adjecent-boxes/node_modules/routing-controllers/types/decorator/Body.ts' does not exist.
File '/Users/valentinyelchenko/Projects/ogxone/adjecent-boxes/node_modules/routing-controllers/types/decorator/Body.tsx' does not exist.
File '/Users/valentinyelchenko/Projects/ogxone/adjecent-boxes/node_modules/routing-controllers/types/decorator/Body.d.ts' exist - use it as a name resolution result.
File '/Users/valentinyelchenko/Projects/ogxone/adjecent-boxes/node_modules/routing-controllers/package.json' exists according to earlier cached lookups.
======== Module name './decorator/Body' was successfully resolved to '/Users/valentinyelchenko/Projects/ogxone/adjecent-boxes/node_modules/routing-controllers/types/decorator/Body.d.ts' with Package ID 'routing-controllers/types/decorator/Body.d.ts@0.9.0'. ========
======== Resolving module './decorator/BodyParam' from '/Users/valentinyelchenko/Projects/ogxone/adjecent-boxes/node_modules/routing-controllers/types/index.d.ts'. ========
Explicitly specified module resolution kind: 'NodeJs'.
Loading module as file / folder, candidate module location '/Users/valentinyelchenko/Projects/ogxone/adjecent-boxes/node_modules/routing-controllers/types/decorator/BodyParam', target file type 'TypeScript'.
File '/Users/valentinyelchenko/Projects/ogxone/adjecent-boxes/node_modules/routing-controllers/types/decorator/BodyParam.ts' does not exist.
File '/Users/valentinyelchenko/Projects/ogxone/adjecent-boxes/node_modules/routing-controllers/types/decorator/BodyParam.tsx' does not exist.
File '/Users/valentinyelchenko/Projects/ogxone/adjecent-boxes/node_modules/routing-controllers/types/decorator/BodyParam.d.ts' exist - use it as a name resolution result.
File '/Users/valentinyelchenko/Projects/ogxone/adjecent-boxes/node_modules/routing-controllers/package.json' exists according to earlier cached lookups.
======== Module name './decorator/BodyParam' was successfully resolved to '/Users/valentinyelchenko/Projects/ogxone/adjecent-boxes/node_modules/routing-controllers/types/decorator/BodyParam.d.ts' with Package ID 'routing-controllers/types/decorator/BodyParam.d.ts@0.9.0'. ========
======== Resolving module './decorator/ContentType' from '/Users/valentinyelchenko/Projects/ogxone/adjecent-boxes/node_modules/routing-controllers/types/index.d.ts'. ========
Explicitly specified module resolution kind: 'NodeJs'.
Loading module as file / folder, candidate module location '/Users/valentinyelchenko/Projects/ogxone/adjecent-boxes/node_modules/routing-controllers/types/decorator/ContentType', target file type 'TypeScript'.
File '/Users/valentinyelchenko/Projects/ogxone/adjecent-boxes/node_modules/routing-controllers/types/decorator/ContentType.ts' does not exist.
File '/Users/valentinyelchenko/Projects/ogxone/adjecent-boxes/node_modules/routing-controllers/types/decorator/ContentType.tsx' does not exist.
File '/Users/valentinyelchenko/Projects/ogxone/adjecent-boxes/node_modules/routing-controllers/types/decorator/ContentType.d.ts' exist - use it as a name resolution result.
File '/Users/valentinyelchenko/Projects/ogxone/adjecent-boxes/node_modules/routing-controllers/package.json' exists according to earlier cached lookups.
======== Module name './decorator/ContentType' was successfully resolved to '/Users/valentinyelchenko/Projects/ogxone/adjecent-boxes/node_modules/routing-controllers/types/decorator/ContentType.d.ts' with Package ID 'routing-controllers/types/decorator/ContentType.d.ts@0.9.0'. ========
======== Resolving module './decorator/Controller' from '/Users/valentinyelchenko/Projects/ogxone/adjecent-boxes/node_modules/routing-controllers/types/index.d.ts'. ========
Explicitly specified module resolution kind: 'NodeJs'.
Loading module as file / folder, candidate module location '/Users/valentinyelchenko/Projects/ogxone/adjecent-boxes/node_modules/routing-controllers/types/decorator/Controller', target file type 'TypeScript'.
File '/Users/valentinyelchenko/Projects/ogxone/adjecent-boxes/node_modules/routing-controllers/types/decorator/Controller.ts' does not exist.
File '/Users/valentinyelchenko/Projects/ogxone/adjecent-boxes/node_modules/routing-controllers/types/decorator/Controller.tsx' does not exist.
File '/Users/valentinyelchenko/Projects/ogxone/adjecent-boxes/node_modules/routing-controllers/types/decorator/Controller.d.ts' exist - use it as a name resolution result.
File '/Users/valentinyelchenko/Projects/ogxone/adjecent-boxes/node_modules/routing-controllers/package.json' exists according to earlier cached lookups.
======== Module name './decorator/Controller' was successfully resolved to '/Users/valentinyelchenko/Projects/ogxone/adjecent-boxes/node_modules/routing-controllers/types/decorator/Controller.d.ts' with Package ID 'routing-controllers/types/decorator/Controller.d.ts@0.9.0'. ========
======== Resolving module './decorator/CookieParam' from '/Users/valentinyelchenko/Projects/ogxone/adjecent-boxes/node_modules/routing-controllers/types/index.d.ts'. ========
Explicitly specified module resolution kind: 'NodeJs'.
Loading module as file / folder, candidate module location '/Users/valentinyelchenko/Projects/ogxone/adjecent-boxes/node_modules/routing-controllers/types/decorator/CookieParam', target file type 'TypeScript'.
File '/Users/valentinyelchenko/Projects/ogxone/adjecent-boxes/node_modules/routing-controllers/types/decorator/CookieParam.ts' does not exist.
File '/Users/valentinyelchenko/Projects/ogxone/adjecent-boxes/node_modules/routing-controllers/types/decorator/CookieParam.tsx' does not exist.
File '/Users/valentinyelchenko/Projects/ogxone/adjecent-boxes/node_modules/routing-controllers/types/decorator/CookieParam.d.ts' exist - use it as a name resolution result.
File '/Users/valentinyelchenko/Projects/ogxone/adjecent-boxes/node_modules/routing-controllers/package.json' exists according to earlier cached lookups.
======== Module name './decorator/CookieParam' was successfully resolved to '/Users/valentinyelchenko/Projects/ogxone/adjecent-boxes/node_modules/routing-controllers/types/decorator/CookieParam.d.ts' with Package ID 'routing-controllers/types/decorator/CookieParam.d.ts@0.9.0'. ========
======== Resolving module './decorator/CookieParams' from '/Users/valentinyelchenko/Projects/ogxone/adjecent-boxes/node_modules/routing-controllers/types/index.d.ts'. ========
Explicitly specified module resolution kind: 'NodeJs'.
Loading module as file / folder, candidate module location '/Users/valentinyelchenko/Projects/ogxone/adjecent-boxes/node_modules/routing-controllers/types/decorator/CookieParams', target file type 'TypeScript'.
File '/Users/valentinyelchenko/Projects/ogxone/adjecent-boxes/node_modules/routing-controllers/types/decorator/CookieParams.ts' does not exist.
File '/Users/valentinyelchenko/Projects/ogxone/adjecent-boxes/node_modules/routing-controllers/types/decorator/CookieParams.tsx' does not exist.
File '/Users/valentinyelchenko/Projects/ogxone/adjecent-boxes/node_modules/routing-controllers/types/decorator/CookieParams.d.ts' exist - use it as a name resolution result.
File '/Users/valentinyelchenko/Projects/ogxone/adjecent-boxes/node_modules/routing-controllers/package.json' exists according to earlier cached lookups.
======== Module name './decorator/CookieParams' was successfully resolved to '/Users/valentinyelchenko/Projects/ogxone/adjecent-boxes/node_modules/routing-controllers/types/decorator/CookieParams.d.ts' with Package ID 'routing-controllers/types/decorator/CookieParams.d.ts@0.9.0'. ========
======== Resolving module './decorator/Ctx' from '/Users/valentinyelchenko/Projects/ogxone/adjecent-boxes/node_modules/routing-controllers/types/index.d.ts'. ========
Explicitly specified module resolution kind: 'NodeJs'.
Loading module as file / folder, candidate module location '/Users/valentinyelchenko/Projects/ogxone/adjecent-boxes/node_modules/routing-controllers/types/decorator/Ctx', target file type 'TypeScript'.
File '/Users/valentinyelchenko/Projects/ogxone/adjecent-boxes/node_modules/routing-controllers/types/decorator/Ctx.ts' does not exist.
File '/Users/valentinyelchenko/Projects/ogxone/adjecent-boxes/node_modules/routing-controllers/types/decorator/Ctx.tsx' does not exist.
File '/Users/valentinyelchenko/Projects/ogxone/adjecent-boxes/node_modules/routing-controllers/types/decorator/Ctx.d.ts' exist - use it as a name resolution result.
File '/Users/valentinyelchenko/Projects/ogxone/adjecent-boxes/node_modules/routing-controllers/package.json' exists according to earlier cached lookups.
======== Module name './decorator/Ctx' was successfully resolved to '/Users/valentinyelchenko/Projects/ogxone/adjecent-boxes/node_modules/routing-controllers/types/decorator/Ctx.d.ts' with Package ID 'routing-controllers/types/decorator/Ctx.d.ts@0.9.0'. ========
======== Resolving module './decorator/CurrentUser' from '/Users/valentinyelchenko/Projects/ogxone/adjecent-boxes/node_modules/routing-controllers/types/index.d.ts'. ========
Explicitly specified module resolution kind: 'NodeJs'.
Loading module as file / folder, candidate module location '/Users/valentinyelchenko/Projects/ogxone/adjecent-boxes/node_modules/routing-controllers/types/decorator/CurrentUser', target file type 'TypeScript'.
File '/Users/valentinyelchenko/Projects/ogxone/adjecent-boxes/node_modules/routing-controllers/types/decorator/CurrentUser.ts' does not exist.
File '/Users/valentinyelchenko/Projects/ogxone/adjecent-boxes/node_modules/routing-controllers/types/decorator/CurrentUser.tsx' does not exist.
File '/Users/valentinyelchenko/Projects/ogxone/adjecent-boxes/node_modules/routing-controllers/types/decorator/CurrentUser.d.ts' exist - use it as a name resolution result.
File '/Users/valentinyelchenko/Projects/ogxone/adjecent-boxes/node_modules/routing-controllers/package.json' exists according to earlier cached lookups.
======== Module name './decorator/CurrentUser' was successfully resolved to '/Users/valentinyelchenko/Projects/ogxone/adjecent-boxes/node_modules/routing-controllers/types/decorator/CurrentUser.d.ts' with Package ID 'routing-controllers/types/decorator/CurrentUser.d.ts@0.9.0'. ========
======== Resolving module './decorator/Delete' from '/Users/valentinyelchenko/Projects/ogxone/adjecent-boxes/node_modules/routing-controllers/types/index.d.ts'. ========
Explicitly specified module resolution kind: 'NodeJs'.
Loading module as file / folder, candidate module location '/Users/valentinyelchenko/Projects/ogxone/adjecent-boxes/node_modules/routing-controllers/types/decorator/Delete', target file type 'TypeScript'.
File '/Users/valentinyelchenko/Projects/ogxone/adjecent-boxes/node_modules/routing-controllers/types/decorator/Delete.ts' does not exist.
File '/Users/valentinyelchenko/Projects/ogxone/adjecent-boxes/node_modules/routing-controllers/types/decorator/Delete.tsx' does not exist.
File '/Users/valentinyelchenko/Projects/ogxone/adjecent-boxes/node_modules/routing-controllers/types/decorator/Delete.d.ts' exist - use it as a name resolution result.
File '/Users/valentinyelchenko/Projects/ogxone/adjecent-boxes/node_modules/routing-controllers/package.json' exists according to earlier cached lookups.
======== Module name './decorator/Delete' was successfully resolved to '/Users/valentinyelchenko/Projects/ogxone/adjecent-boxes/node_modules/routing-controllers/types/decorator/Delete.d.ts' with Package ID 'routing-controllers/types/decorator/Delete.d.ts@0.9.0'. ========
======== Resolving module './decorator/Get' from '/Users/valentinyelchenko/Projects/ogxone/adjecent-boxes/node_modules/routing-controllers/types/index.d.ts'. ========
Explicitly specified module resolution kind: 'NodeJs'.
Loading module as file / folder, candidate module location '/Users/valentinyelchenko/Projects/ogxone/adjecent-boxes/node_modules/routing-controllers/types/decorator/Get', target file type 'TypeScript'.
File '/Users/valentinyelchenko/Projects/ogxone/adjecent-boxes/node_modules/routing-controllers/types/decorator/Get.ts' does not exist.
File '/Users/valentinyelchenko/Projects/ogxone/adjecent-boxes/node_modules/routing-controllers/types/decorator/Get.tsx' does not exist.
File '/Users/valentinyelchenko/Projects/ogxone/adjecent-boxes/node_modules/routing-controllers/types/decorator/Get.d.ts' exist - use it as a name resolution result.
File '/Users/valentinyelchenko/Projects/ogxone/adjecent-boxes/node_modules/routing-controllers/package.json' exists according to earlier cached lookups.
======== Module name './decorator/Get' was successfully resolved to '/Users/valentinyelchenko/Projects/ogxone/adjecent-boxes/node_modules/routing-controllers/types/decorator/Get.d.ts' with Package ID 'routing-controllers/types/decorator/Get.d.ts@0.9.0'. ========
======== Resolving module './decorator/Head' from '/Users/valentinyelchenko/Projects/ogxone/adjecent-boxes/node_modules/routing-controllers/types/index.d.ts'. ========
Explicitly specified module resolution kind: 'NodeJs'.
Loading module as file / folder, candidate module location '/Users/valentinyelchenko/Projects/ogxone/adjecent-boxes/node_modules/routing-controllers/types/decorator/Head', target file type 'TypeScript'.
File '/Users/valentinyelchenko/Projects/ogxone/adjecent-boxes/node_modules/routing-controllers/types/decorator/Head.ts' does not exist.
File '/Users/valentinyelchenko/Projects/ogxone/adjecent-boxes/node_modules/routing-controllers/types/decorator/Head.tsx' does not exist.
File '/Users/valentinyelchenko/Projects/ogxone/adjecent-boxes/node_modules/routing-controllers/types/decorator/Head.d.ts' exist - use it as a name resolution result.
File '/Users/valentinyelchenko/Projects/ogxone/adjecent-boxes/node_modules/routing-controllers/package.json' exists according to earlier cached lookups.
======== Module name './decorator/Head' was successfully resolved to '/Users/valentinyelchenko/Projects/ogxone/adjecent-boxes/node_modules/routing-controllers/types/decorator/Head.d.ts' with Package ID 'routing-controllers/types/decorator/Head.d.ts@0.9.0'. ========
======== Resolving module './decorator/Header' from '/Users/valentinyelchenko/Projects/ogxone/adjecent-boxes/node_modules/routing-controllers/types/index.d.ts'. ========
Explicitly specified module resolution kind: 'NodeJs'.
Loading module as file / folder, candidate module location '/Users/valentinyelchenko/Projects/ogxone/adjecent-boxes/node_modules/routing-controllers/types/decorator/Header', target file type 'TypeScript'.
File '/Users/valentinyelchenko/Projects/ogxone/adjecent-boxes/node_modules/routing-controllers/types/decorator/Header.ts' does not exist.
File '/Users/valentinyelchenko/Projects/ogxone/adjecent-boxes/node_modules/routing-controllers/types/decorator/Header.tsx' does not exist.
File '/Users/valentinyelchenko/Projects/ogxone/adjecent-boxes/node_modules/routing-controllers/types/decorator/Header.d.ts' exist - use it as a name resolution result.
File '/Users/valentinyelchenko/Projects/ogxone/adjecent-boxes/node_modules/routing-controllers/package.json' exists according to earlier cached lookups.
======== Module name './decorator/Header' was successfully resolved to '/Users/valentinyelchenko/Projects/ogxone/adjecent-boxes/node_modules/routing-controllers/types/decorator/Header.d.ts' with Package ID 'routing-controllers/types/decorator/Header.d.ts@0.9.0'. ========
======== Resolving module './decorator/HeaderParam' from '/Users/valentinyelchenko/Projects/ogxone/adjecent-boxes/node_modules/routing-controllers/types/index.d.ts'. ========
Explicitly specified module resolution kind: 'NodeJs'.
Loading module as file / folder, candidate module location '/Users/valentinyelchenko/Projects/ogxone/adjecent-boxes/node_modules/routing-controllers/types/decorator/HeaderParam', target file type 'TypeScript'.
File '/Users/valentinyelchenko/Projects/ogxone/adjecent-boxes/node_modules/routing-controllers/types/decorator/HeaderParam.ts' does not exist.
File '/Users/valentinyelchenko/Projects/ogxone/adjecent-boxes/node_modules/routing-controllers/types/decorator/HeaderParam.tsx' does not exist.
File '/Users/valentinyelchenko/Projects/ogxone/adjecent-boxes/node_modules/routing-controllers/types/decorator/HeaderParam.d.ts' exist - use it as a name resolution result.
File '/Users/valentinyelchenko/Projects/ogxone/adjecent-boxes/node_modules/routing-controllers/package.json' exists according to earlier cached lookups.
======== Module name './decorator/HeaderParam' was successfully resolved to '/Users/valentinyelchenko/Projects/ogxone/adjecent-boxes/node_modules/routing-controllers/types/decorator/HeaderParam.d.ts' with Package ID 'routing-controllers/types/decorator/HeaderParam.d.ts@0.9.0'. ========
======== Resolving module './decorator/HeaderParams' from '/Users/valentinyelchenko/Projects/ogxone/adjecent-boxes/node_modules/routing-controllers/types/index.d.ts'. ========
Explicitly specified module resolution kind: 'NodeJs'.
Loading module as file / folder, candidate module location '/Users/valentinyelchenko/Projects/ogxone/adjecent-boxes/node_modules/routing-controllers/types/decorator/HeaderParams', target file type 'TypeScript'.
File '/Users/valentinyelchenko/Projects/ogxone/adjecent-boxes/node_modules/routing-controllers/types/decorator/HeaderParams.ts' does not exist.
File '/Users/valentinyelchenko/Projects/ogxone/adjecent-boxes/node_modules/routing-controllers/types/decorator/HeaderParams.tsx' does not exist.
File '/Users/valentinyelchenko/Projects/ogxone/adjecent-boxes/node_modules/routing-controllers/types/decorator/HeaderParams.d.ts' exist - use it as a name resolution result.
File '/Users/valentinyelchenko/Projects/ogxone/adjecent-boxes/node_modules/routing-controllers/package.json' exists according to earlier cached lookups.
======== Module name './decorator/HeaderParams' was successfully resolved to '/Users/valentinyelchenko/Projects/ogxone/adjecent-boxes/node_modules/routing-controllers/types/decorator/HeaderParams.d.ts' with Package ID 'routing-controllers/types/decorator/HeaderParams.d.ts@0.9.0'. ========
======== Resolving module './decorator/HttpCode' from '/Users/valentinyelchenko/Projects/ogxone/adjecent-boxes/node_modules/routing-controllers/types/index.d.ts'. ========
Explicitly specified module resolution kind: 'NodeJs'.
Loading module as file / folder, candidate module location '/Users/valentinyelchenko/Projects/ogxone/adjecent-boxes/node_modules/routing-controllers/types/decorator/HttpCode', target file type 'TypeScript'.
File '/Users/valentinyelchenko/Projects/ogxone/adjecent-boxes/node_modules/routing-controllers/types/decorator/HttpCode.ts' does not exist.
File '/Users/valentinyelchenko/Projects/ogxone/adjecent-boxes/node_modules/routing-controllers/types/decorator/HttpCode.tsx' does not exist.
File '/Users/valentinyelchenko/Projects/ogxone/adjecent-boxes/node_modules/routing-controllers/types/decorator/HttpCode.d.ts' exist - use it as a name resolution result.
File '/Users/valentinyelchenko/Projects/ogxone/adjecent-boxes/node_modules/routing-controllers/package.json' exists according to earlier cached lookups.
======== Module name './decorator/HttpCode' was successfully resolved to '/Users/valentinyelchenko/Projects/ogxone/adjecent-boxes/node_modules/routing-controllers/types/decorator/HttpCode.d.ts' with Package ID 'routing-controllers/types/decorator/HttpCode.d.ts@0.9.0'. ========
======== Resolving module './decorator/Interceptor' from '/Users/valentinyelchenko/Projects/ogxone/adjecent-boxes/node_modules/routing-controllers/types/index.d.ts'. ========
Explicitly specified module resolution kind: 'NodeJs'.
Loading module as file / folder, candidate module location '/Users/valentinyelchenko/Projects/ogxone/adjecent-boxes/node_modules/routing-controllers/types/decorator/Interceptor', target file type 'TypeScript'.
File '/Users/valentinyelchenko/Projects/ogxone/adjecent-boxes/node_modules/routing-controllers/types/decorator/Interceptor.ts' does not exist.
File '/Users/valentinyelchenko/Projects/ogxone/adjecent-boxes/node_modules/routing-controllers/types/decorator/Interceptor.tsx' does not exist.
File '/Users/valentinyelchenko/Projects/ogxone/adjecent-boxes/node_modules/routing-controllers/types/decorator/Interceptor.d.ts' exist - use it as a name resolution result.
File '/Users/valentinyelchenko/Projects/ogxone/adjecent-boxes/node_modules/routing-controllers/package.json' exists according to earlier cached lookups.
======== Module name './decorator/Interceptor' was successfully resolved to '/Users/valentinyelchenko/Projects/ogxone/adjecent-boxes/node_modules/routing-controllers/types/decorator/Interceptor.d.ts' with Package ID 'routing-controllers/types/decorator/Interceptor.d.ts@0.9.0'. ========
======== Resolving module './decorator/JsonController' from '/Users/valentinyelchenko/Projects/ogxone/adjecent-boxes/node_modules/routing-controllers/types/index.d.ts'. ========
Explicitly specified module resolution kind: 'NodeJs'.
Loading module as file / folder, candidate module location '/Users/valentinyelchenko/Projects/ogxone/adjecent-boxes/node_modules/routing-controllers/types/decorator/JsonController', target file type 'TypeScript'.
File '/Users/valentinyelchenko/Projects/ogxone/adjecent-boxes/node_modules/routing-controllers/types/decorator/JsonController.ts' does not exist.
File '/Users/valentinyelchenko/Projects/ogxone/adjecent-boxes/node_modules/routing-controllers/types/decorator/JsonController.tsx' does not exist.
File '/Users/valentinyelchenko/Projects/ogxone/adjecent-boxes/node_modules/routing-controllers/types/decorator/JsonController.d.ts' exist - use it as a name resolution result.
File '/Users/valentinyelchenko/Projects/ogxone/adjecent-boxes/node_modules/routing-controllers/package.json' exists according to earlier cached lookups.
======== Module name './decorator/JsonController' was successfully resolved to '/Users/valentinyelchenko/Projects/ogxone/adjecent-boxes/node_modules/routing-controllers/types/decorator/JsonController.d.ts' with Package ID 'routing-controllers/types/decorator/JsonController.d.ts@0.9.0'. ========
======== Resolving module './decorator/Location' from '/Users/valentinyelchenko/Projects/ogxone/adjecent-boxes/node_modules/routing-controllers/types/index.d.ts'. ========
Explicitly specified module resolution kind: 'NodeJs'.
Loading module as file / folder, candidate module location '/Users/valentinyelchenko/Projects/ogxone/adjecent-boxes/node_modules/routing-controllers/types/decorator/Location', target file type 'TypeScript'.
File '/Users/valentinyelchenko/Projects/ogxone/adjecent-boxes/node_modules/routing-controllers/types/decorator/Location.ts' does not exist.
File '/Users/valentinyelchenko/Projects/ogxone/adjecent-boxes/node_modules/routing-controllers/types/decorator/Location.tsx' does not exist.
File '/Users/valentinyelchenko/Projects/ogxone/adjecent-boxes/node_modules/routing-controllers/types/decorator/Location.d.ts' exist - use it as a name resolution result.
File '/Users/valentinyelchenko/Projects/ogxone/adjecent-boxes/node_modules/routing-controllers/package.json' exists according to earlier cached lookups.
======== Module name './decorator/Location' was successfully resolved to '/Users/valentinyelchenko/Projects/ogxone/adjecent-boxes/node_modules/routing-controllers/types/decorator/Location.d.ts' with Package ID 'routing-controllers/types/decorator/Location.d.ts@0.9.0'. ========
======== Resolving module './decorator/Method' from '/Users/valentinyelchenko/Projects/ogxone/adjecent-boxes/node_modules/routing-controllers/types/index.d.ts'. ========
Explicitly specified module resolution kind: 'NodeJs'.
Loading module as file / folder, candidate module location '/Users/valentinyelchenko/Projects/ogxone/adjecent-boxes/node_modules/routing-controllers/types/decorator/Method', target file type 'TypeScript'.
File '/Users/valentinyelchenko/Projects/ogxone/adjecent-boxes/node_modules/routing-controllers/types/decorator/Method.ts' does not exist.
File '/Users/valentinyelchenko/Projects/ogxone/adjecent-boxes/node_modules/routing-controllers/types/decorator/Method.tsx' does not exist.
File '/Users/valentinyelchenko/Projects/ogxone/adjecent-boxes/node_modules/routing-controllers/types/decorator/Method.d.ts' exist - use it as a name resolution result.
File '/Users/valentinyelchenko/Projects/ogxone/adjecent-boxes/node_modules/routing-controllers/package.json' exists according to earlier cached lookups.
======== Module name './decorator/Method' was successfully resolved to '/Users/valentinyelchenko/Projects/ogxone/adjecent-boxes/node_modules/routing-controllers/types/decorator/Method.d.ts' with Package ID 'routing-controllers/types/decorator/Method.d.ts@0.9.0'. ========
======== Resolving module './decorator/Middleware' from '/Users/valentinyelchenko/Projects/ogxone/adjecent-boxes/node_modules/routing-controllers/types/index.d.ts'. ========
Explicitly specified module resolution kind: 'NodeJs'.
Loading module as file / folder, candidate module location '/Users/valentinyelchenko/Projects/ogxone/adjecent-boxes/node_modules/routing-controllers/types/decorator/Middleware', target file type 'TypeScript'.
File '/Users/valentinyelchenko/Projects/ogxone/adjecent-boxes/node_modules/routing-controllers/types/decorator/Middleware.ts' does not exist.
File '/Users/valentinyelchenko/Projects/ogxone/adjecent-boxes/node_modules/routing-controllers/types/decorator/Middleware.tsx' does not exist.
File '/Users/valentinyelchenko/Projects/ogxone/adjecent-boxes/node_modules/routing-controllers/types/decorator/Middleware.d.ts' exist - use it as a name resolution result.
File '/Users/valentinyelchenko/Projects/ogxone/adjecent-boxes/node_modules/routing-controllers/package.json' exists according to earlier cached lookups.
======== Module name './decorator/Middleware' was successfully resolved to '/Users/valentinyelchenko/Projects/ogxone/adjecent-boxes/node_modules/routing-controllers/types/decorator/Middleware.d.ts' with Package ID 'routing-controllers/types/decorator/Middleware.d.ts@0.9.0'. ========
======== Resolving module './decorator/OnNull' from '/Users/valentinyelchenko/Projects/ogxone/adjecent-boxes/node_modules/routing-controllers/types/index.d.ts'. ========
Explicitly specified module resolution kind: 'NodeJs'.
Loading module as file / folder, candidate module location '/Users/valentinyelchenko/Projects/ogxone/adjecent-boxes/node_modules/routing-controllers/types/decorator/OnNull', target file type 'TypeScript'.
File '/Users/valentinyelchenko/Projects/ogxone/adjecent-boxes/node_modules/routing-controllers/types/decorator/OnNull.ts' does not exist.
File '/Users/valentinyelchenko/Projects/ogxone/adjecent-boxes/node_modules/routing-controllers/types/decorator/OnNull.tsx' does not exist.
File '/Users/valentinyelchenko/Projects/ogxone/adjecent-boxes/node_modules/routing-controllers/types/decorator/OnNull.d.ts' exist - use it as a name resolution result.
File '/Users/valentinyelchenko/Projects/ogxone/adjecent-boxes/node_modules/routing-controllers/package.json' exists according to earlier cached lookups.
======== Module name './decorator/OnNull' was successfully resolved to '/Users/valentinyelchenko/Projects/ogxone/adjecent-boxes/node_modules/routing-controllers/types/decorator/OnNull.d.ts' with Package ID 'routing-controllers/types/decorator/OnNull.d.ts@0.9.0'. ========
======== Resolving module './decorator/OnUndefined' from '/Users/valentinyelchenko/Projects/ogxone/adjecent-boxes/node_modules/routing-controllers/types/index.d.ts'. ========
Explicitly specified module resolution kind: 'NodeJs'.
Loading module as file / folder, candidate module location '/Users/valentinyelchenko/Projects/ogxone/adjecent-boxes/node_modules/routing-controllers/types/decorator/OnUndefined', target file type 'TypeScript'.
File '/Users/valentinyelchenko/Projects/ogxone/adjecent-boxes/node_modules/routing-controllers/types/decorator/OnUndefined.ts' does not exist.
File '/Users/valentinyelchenko/Projects/ogxone/adjecent-boxes/node_modules/routing-controllers/types/decorator/OnUndefined.tsx' does not exist.
File '/Users/valentinyelchenko/Projects/ogxone/adjecent-boxes/node_modules/routing-controllers/types/decorator/OnUndefined.d.ts' exist - use it as a name resolution result.
File '/Users/valentinyelchenko/Projects/ogxone/adjecent-boxes/node_modules/routing-controllers/package.json' exists according to earlier cached lookups.
======== Module name './decorator/OnUndefined' was successfully resolved to '/Users/valentinyelchenko/Projects/ogxone/adjecent-boxes/node_modules/routing-controllers/types/decorator/OnUndefined.d.ts' with Package ID 'routing-controllers/types/decorator/OnUndefined.d.ts@0.9.0'. ========
======== Resolving module './decorator/Param' from '/Users/valentinyelchenko/Projects/ogxone/adjecent-boxes/node_modules/routing-controllers/types/index.d.ts'. ========
Explicitly specified module resolution kind: 'NodeJs'.
Loading module as file / folder, candidate module location '/Users/valentinyelchenko/Projects/ogxone/adjecent-boxes/node_modules/routing-controllers/types/decorator/Param', target file type 'TypeScript'.
File '/Users/valentinyelchenko/Projects/ogxone/adjecent-boxes/node_modules/routing-controllers/types/decorator/Param.ts' does not exist.
File '/Users/valentinyelchenko/Projects/ogxone/adjecent-boxes/node_modules/routing-controllers/types/decorator/Param.tsx' does not exist.
File '/Users/valentinyelchenko/Projects/ogxone/adjecent-boxes/node_modules/routing-controllers/types/decorator/Param.d.ts' exist - use it as a name resolution result.
File '/Users/valentinyelchenko/Projects/ogxone/adjecent-boxes/node_modules/routing-controllers/package.json' exists according to earlier cached lookups.
======== Module name './decorator/Param' was successfully resolved to '/Users/valentinyelchenko/Projects/ogxone/adjecent-boxes/node_modules/routing-controllers/types/decorator/Param.d.ts' with Package ID 'routing-controllers/types/decorator/Param.d.ts@0.9.0'. ========
======== Resolving module './decorator/Params' from '/Users/valentinyelchenko/Projects/ogxone/adjecent-boxes/node_modules/routing-controllers/types/index.d.ts'. ========
Explicitly specified module resolution kind: 'NodeJs'.
Loading module as file / folder, candidate module location '/Users/valentinyelchenko/Projects/ogxone/adjecent-boxes/node_modules/routing-controllers/types/decorator/Params', target file type 'TypeScript'.
File '/Users/valentinyelchenko/Projects/ogxone/adjecent-boxes/node_modules/routing-controllers/types/decorator/Params.ts' does not exist.
File '/Users/valentinyelchenko/Projects/ogxone/adjecent-boxes/node_modules/routing-controllers/types/decorator/Params.tsx' does not exist.
File '/Users/valentinyelchenko/Projects/ogxone/adjecent-boxes/node_modules/routing-controllers/types/decorator/Params.d.ts' exist - use it as a name resolution result.
File '/Users/valentinyelchenko/Projects/ogxone/adjecent-boxes/node_modules/routing-controllers/package.json' exists according to earlier cached lookups.
======== Module name './decorator/Params' was successfully resolved to '/Users/valentinyelchenko/Projects/ogxone/adjecent-boxes/node_modules/routing-controllers/types/decorator/Params.d.ts' with Package ID 'routing-controllers/types/decorator/Params.d.ts@0.9.0'. ========
======== Resolving module './decorator/Patch' from '/Users/valentinyelchenko/Projects/ogxone/adjecent-boxes/node_modules/routing-controllers/types/index.d.ts'. ========
Explicitly specified module resolution kind: 'NodeJs'.
Loading module as file / folder, candidate module location '/Users/valentinyelchenko/Projects/ogxone/adjecent-boxes/node_modules/routing-controllers/types/decorator/Patch', target file type 'TypeScript'.
File '/Users/valentinyelchenko/Projects/ogxone/adjecent-boxes/node_modules/routing-controllers/types/decorator/Patch.ts' does not exist.
File '/Users/valentinyelchenko/Projects/ogxone/adjecent-boxes/node_modules/routing-controllers/types/decorator/Patch.tsx' does not exist.
File '/Users/valentinyelchenko/Projects/ogxone/adjecent-boxes/node_modules/routing-controllers/types/decorator/Patch.d.ts' exist - use it as a name resolution result.
File '/Users/valentinyelchenko/Projects/ogxone/adjecent-boxes/node_modules/routing-controllers/package.json' exists according to earlier cached lookups.
======== Module name './decorator/Patch' was successfully resolved to '/Users/valentinyelchenko/Projects/ogxone/adjecent-boxes/node_modules/routing-controllers/types/decorator/Patch.d.ts' with Package ID 'routing-controllers/types/decorator/Patch.d.ts@0.9.0'. ========
======== Resolving module './decorator/Post' from '/Users/valentinyelchenko/Projects/ogxone/adjecent-boxes/node_modules/routing-controllers/types/index.d.ts'. ========
Explicitly specified module resolution kind: 'NodeJs'.
Loading module as file / folder, candidate module location '/Users/valentinyelchenko/Projects/ogxone/adjecent-boxes/node_modules/routing-controllers/types/decorator/Post', target file type 'TypeScript'.
File '/Users/valentinyelchenko/Projects/ogxone/adjecent-boxes/node_modules/routing-controllers/types/decorator/Post.ts' does not exist.
File '/Users/valentinyelchenko/Projects/ogxone/adjecent-boxes/node_modules/routing-controllers/types/decorator/Post.tsx' does not exist.
File '/Users/valentinyelchenko/Projects/ogxone/adjecent-boxes/node_modules/routing-controllers/types/decorator/Post.d.ts' exist - use it as a name resolution result.
File '/Users/valentinyelchenko/Projects/ogxone/adjecent-boxes/node_modules/routing-controllers/package.json' exists according to earlier cached lookups.
======== Module name './decorator/Post' was successfully resolved to '/Users/valentinyelchenko/Projects/ogxone/adjecent-boxes/node_modules/routing-controllers/types/decorator/Post.d.ts' with Package ID 'routing-controllers/types/decorator/Post.d.ts@0.9.0'. ========
======== Resolving module './decorator/Put' from '/Users/valentinyelchenko/Projects/ogxone/adjecent-boxes/node_modules/routing-controllers/types/index.d.ts'. ========
Explicitly specified module resolution kind: 'NodeJs'.
Loading module as file / folder, candidate module location '/Users/valentinyelchenko/Projects/ogxone/adjecent-boxes/node_modules/routing-controllers/types/decorator/Put', target file type 'TypeScript'.
File '/Users/valentinyelchenko/Projects/ogxone/adjecent-boxes/node_modules/routing-controllers/types/decorator/Put.ts' does not exist.
File '/Users/valentinyelchenko/Projects/ogxone/adjecent-boxes/node_modules/routing-controllers/types/decorator/Put.tsx' does not exist.
File '/Users/valentinyelchenko/Projects/ogxone/adjecent-boxes/node_modules/routing-controllers/types/decorator/Put.d.ts' exist - use it as a name resolution result.
File '/Users/valentinyelchenko/Projects/ogxone/adjecent-boxes/node_modules/routing-controllers/package.json' exists according to earlier cached lookups.
======== Module name './decorator/Put' was successfully resolved to '/Users/valentinyelchenko/Projects/ogxone/adjecent-boxes/node_modules/routing-controllers/types/decorator/Put.d.ts' with Package ID 'routing-controllers/types/decorator/Put.d.ts@0.9.0'. ========
======== Resolving module './decorator/QueryParam' from '/Users/valentinyelchenko/Projects/ogxone/adjecent-boxes/node_modules/routing-controllers/types/index.d.ts'. ========
Explicitly specified module resolution kind: 'NodeJs'.
Loading module as file / folder, candidate module location '/Users/valentinyelchenko/Projects/ogxone/adjecent-boxes/node_modules/routing-controllers/types/decorator/QueryParam', target file type 'TypeScript'.
File '/Users/valentinyelchenko/Projects/ogxone/adjecent-boxes/node_modules/routing-controllers/types/decorator/QueryParam.ts' does not exist.
File '/Users/valentinyelchenko/Projects/ogxone/adjecent-boxes/node_modules/routing-controllers/types/decorator/QueryParam.tsx' does not exist.
File '/Users/valentinyelchenko/Projects/ogxone/adjecent-boxes/node_modules/routing-controllers/types/decorator/QueryParam.d.ts' exist - use it as a name resolution result.
File '/Users/valentinyelchenko/Projects/ogxone/adjecent-boxes/node_modules/routing-controllers/package.json' exists according to earlier cached lookups.
======== Module name './decorator/QueryParam' was successfully resolved to '/Users/valentinyelchenko/Projects/ogxone/adjecent-boxes/node_modules/routing-controllers/types/decorator/QueryParam.d.ts' with Package ID 'routing-controllers/types/decorator/QueryParam.d.ts@0.9.0'. ========
======== Resolving module './decorator/QueryParams' from '/Users/valentinyelchenko/Projects/ogxone/adjecent-boxes/node_modules/routing-controllers/types/index.d.ts'. ========
Explicitly specified module resolution kind: 'NodeJs'.
Loading module as file / folder, candidate module location '/Users/valentinyelchenko/Projects/ogxone/adjecent-boxes/node_modules/routing-controllers/types/decorator/QueryParams', target file type 'TypeScript'.
File '/Users/valentinyelchenko/Projects/ogxone/adjecent-boxes/node_modules/routing-controllers/types/decorator/QueryParams.ts' does not exist.
File '/Users/valentinyelchenko/Projects/ogxone/adjecent-boxes/node_modules/routing-controllers/types/decorator/QueryParams.tsx' does not exist.
File '/Users/valentinyelchenko/Projects/ogxone/adjecent-boxes/node_modules/routing-controllers/types/decorator/QueryParams.d.ts' exist - use it as a name resolution result.
File '/Users/valentinyelchenko/Projects/ogxone/adjecent-boxes/node_modules/routing-controllers/package.json' exists according to earlier cached lookups.
======== Module name './decorator/QueryParams' was successfully resolved to '/Users/valentinyelchenko/Projects/ogxone/adjecent-boxes/node_modules/routing-controllers/types/decorator/QueryParams.d.ts' with Package ID 'routing-controllers/types/decorator/QueryParams.d.ts@0.9.0'. ========
======== Resolving module './decorator/Redirect' from '/Users/valentinyelchenko/Projects/ogxone/adjecent-boxes/node_modules/routing-controllers/types/index.d.ts'. ========
Explicitly specified module resolution kind: 'NodeJs'.
Loading module as file / folder, candidate module location '/Users/valentinyelchenko/Projects/ogxone/adjecent-boxes/node_modules/routing-controllers/types/decorator/Redirect', target file type 'TypeScript'.
File '/Users/valentinyelchenko/Projects/ogxone/adjecent-boxes/node_modules/routing-controllers/types/decorator/Redirect.ts' does not exist.
File '/Users/valentinyelchenko/Projects/ogxone/adjecent-boxes/node_modules/routing-controllers/types/decorator/Redirect.tsx' does not exist.
File '/Users/valentinyelchenko/Projects/ogxone/adjecent-boxes/node_modules/routing-controllers/types/decorator/Redirect.d.ts' exist - use it as a name resolution result.
File '/Users/valentinyelchenko/Projects/ogxone/adjecent-boxes/node_modules/routing-controllers/package.json' exists according to earlier cached lookups.
======== Module name './decorator/Redirect' was successfully resolved to '/Users/valentinyelchenko/Projects/ogxone/adjecent-boxes/node_modules/routing-controllers/types/decorator/Redirect.d.ts' with Package ID 'routing-controllers/types/decorator/Redirect.d.ts@0.9.0'. ========
======== Resolving module './decorator/Render' from '/Users/valentinyelchenko/Projects/ogxone/adjecent-boxes/node_modules/routing-controllers/types/index.d.ts'. ========
Explicitly specified module resolution kind: 'NodeJs'.
Loading module as file / folder, candidate module location '/Users/valentinyelchenko/Projects/ogxone/adjecent-boxes/node_modules/routing-controllers/types/decorator/Render', target file type 'TypeScript'.
File '/Users/valentinyelchenko/Projects/ogxone/adjecent-boxes/node_modules/routing-controllers/types/decorator/Render.ts' does not exist.
File '/Users/valentinyelchenko/Projects/ogxone/adjecent-boxes/node_modules/routing-controllers/types/decorator/Render.tsx' does not exist.
File '/Users/valentinyelchenko/Projects/ogxone/adjecent-boxes/node_modules/routing-controllers/types/decorator/Render.d.ts' exist - use it as a name resolution result.
File '/Users/valentinyelchenko/Projects/ogxone/adjecent-boxes/node_modules/routing-controllers/package.json' exists according to earlier cached lookups.
======== Module name './decorator/Render' was successfully resolved to '/Users/valentinyelchenko/Projects/ogxone/adjecent-boxes/node_modules/routing-controllers/types/decorator/Render.d.ts' with Package ID 'routing-controllers/types/decorator/Render.d.ts@0.9.0'. ========
======== Resolving module './decorator/Req' from '/Users/valentinyelchenko/Projects/ogxone/adjecent-boxes/node_modules/routing-controllers/types/index.d.ts'. ========
Explicitly specified module resolution kind: 'NodeJs'.
Loading module as file / folder, candidate module location '/Users/valentinyelchenko/Projects/ogxone/adjecent-boxes/node_modules/routing-controllers/types/decorator/Req', target file type 'TypeScript'.
File '/Users/valentinyelchenko/Projects/ogxone/adjecent-boxes/node_modules/routing-controllers/types/decorator/Req.ts' does not exist.
File '/Users/valentinyelchenko/Projects/ogxone/adjecent-boxes/node_modules/routing-controllers/types/decorator/Req.tsx' does not exist.
File '/Users/valentinyelchenko/Projects/ogxone/adjecent-boxes/node_modules/routing-controllers/types/decorator/Req.d.ts' exist - use it as a name resolution result.
File '/Users/valentinyelchenko/Projects/ogxone/adjecent-boxes/node_modules/routing-controllers/package.json' exists according to earlier cached lookups.
======== Module name './decorator/Req' was successfully resolved to '/Users/valentinyelchenko/Projects/ogxone/adjecent-boxes/node_modules/routing-controllers/types/decorator/Req.d.ts' with Package ID 'routing-controllers/types/decorator/Req.d.ts@0.9.0'. ========
======== Resolving module './decorator/Res' from '/Users/valentinyelchenko/Projects/ogxone/adjecent-boxes/node_modules/routing-controllers/types/index.d.ts'. ========
Explicitly specified module resolution kind: 'NodeJs'.
Loading module as file / folder, candidate module location '/Users/valentinyelchenko/Projects/ogxone/adjecent-boxes/node_modules/routing-controllers/types/decorator/Res', target file type 'TypeScript'.
File '/Users/valentinyelchenko/Projects/ogxone/adjecent-boxes/node_modules/routing-controllers/types/decorator/Res.ts' does not exist.
File '/Users/valentinyelchenko/Projects/ogxone/adjecent-boxes/node_modules/routing-controllers/types/decorator/Res.tsx' does not exist.
File '/Users/valentinyelchenko/Projects/ogxone/adjecent-boxes/node_modules/routing-controllers/types/decorator/Res.d.ts' exist - use it as a name resolution result.
File '/Users/valentinyelchenko/Projects/ogxone/adjecent-boxes/node_modules/routing-controllers/package.json' exists according to earlier cached lookups.
======== Module name './decorator/Res' was successfully resolved to '/Users/valentinyelchenko/Projects/ogxone/adjecent-boxes/node_modules/routing-controllers/types/decorator/Res.d.ts' with Package ID 'routing-controllers/types/decorator/Res.d.ts@0.9.0'. ========
======== Resolving module './decorator/ResponseClassTransformOptions' from '/Users/valentinyelchenko/Projects/ogxone/adjecent-boxes/node_modules/routing-controllers/types/index.d.ts'. ========
Explicitly specified module resolution kind: 'NodeJs'.
Loading module as file / folder, candidate module location '/Users/valentinyelchenko/Projects/ogxone/adjecent-boxes/node_modules/routing-controllers/types/decorator/ResponseClassTransformOptions', target file type 'TypeScript'.
File '/Users/valentinyelchenko/Projects/ogxone/adjecent-boxes/node_modules/routing-controllers/types/decorator/ResponseClassTransformOptions.ts' does not exist.
File '/Users/valentinyelchenko/Projects/ogxone/adjecent-boxes/node_modules/routing-controllers/types/decorator/ResponseClassTransformOptions.tsx' does not exist.
File '/Users/valentinyelchenko/Projects/ogxone/adjecent-boxes/node_modules/routing-controllers/types/decorator/ResponseClassTransformOptions.d.ts' exist - use it as a name resolution result.
File '/Users/valentinyelchenko/Projects/ogxone/adjecent-boxes/node_modules/routing-controllers/package.json' exists according to earlier cached lookups.
======== Module name './decorator/ResponseClassTransformOptions' was successfully resolved to '/Users/valentinyelchenko/Projects/ogxone/adjecent-boxes/node_modules/routing-controllers/types/decorator/ResponseClassTransformOptions.d.ts' with Package ID 'routing-controllers/types/decorator/ResponseClassTransformOptions.d.ts@0.9.0'. ========
======== Resolving module './decorator/Session' from '/Users/valentinyelchenko/Projects/ogxone/adjecent-boxes/node_modules/routing-controllers/types/index.d.ts'. ========
Explicitly specified module resolution kind: 'NodeJs'.
Loading module as file / folder, candidate module location '/Users/valentinyelchenko/Projects/ogxone/adjecent-boxes/node_modules/routing-controllers/types/decorator/Session', target file type 'TypeScript'.
File '/Users/valentinyelchenko/Projects/ogxone/adjecent-boxes/node_modules/routing-controllers/types/decorator/Session.ts' does not exist.
File '/Users/valentinyelchenko/Projects/ogxone/adjecent-boxes/node_modules/routing-controllers/types/decorator/Session.tsx' does not exist.
File '/Users/valentinyelchenko/Projects/ogxone/adjecent-boxes/node_modules/routing-controllers/types/decorator/Session.d.ts' exist - use it as a name resolution result.
File '/Users/valentinyelchenko/Projects/ogxone/adjecent-boxes/node_modules/routing-controllers/package.json' exists according to earlier cached lookups.
======== Module name './decorator/Session' was successfully resolved to '/Users/valentinyelchenko/Projects/ogxone/adjecent-boxes/node_modules/routing-controllers/types/decorator/Session.d.ts' with Package ID 'routing-controllers/types/decorator/Session.d.ts@0.9.0'. ========
======== Resolving module './decorator/SessionParam' from '/Users/valentinyelchenko/Projects/ogxone/adjecent-boxes/node_modules/routing-controllers/types/index.d.ts'. ========
Explicitly specified module resolution kind: 'NodeJs'.
Loading module as file / folder, candidate module location '/Users/valentinyelchenko/Projects/ogxone/adjecent-boxes/node_modules/routing-controllers/types/decorator/SessionParam', target file type 'TypeScript'.
File '/Users/valentinyelchenko/Projects/ogxone/adjecent-boxes/node_modules/routing-controllers/types/decorator/SessionParam.ts' does not exist.
File '/Users/valentinyelchenko/Projects/ogxone/adjecent-boxes/node_modules/routing-controllers/types/decorator/SessionParam.tsx' does not exist.
File '/Users/valentinyelchenko/Projects/ogxone/adjecent-boxes/node_modules/routing-controllers/types/decorator/SessionParam.d.ts' exist - use it as a name resolution result.
File '/Users/valentinyelchenko/Projects/ogxone/adjecent-boxes/node_modules/routing-controllers/package.json' exists according to earlier cached lookups.
======== Module name './decorator/SessionParam' was successfully resolved to '/Users/valentinyelchenko/Projects/ogxone/adjecent-boxes/node_modules/routing-controllers/types/decorator/SessionParam.d.ts' with Package ID 'routing-controllers/types/decorator/SessionParam.d.ts@0.9.0'. ========
======== Resolving module './decorator/State' from '/Users/valentinyelchenko/Projects/ogxone/adjecent-boxes/node_modules/routing-controllers/types/index.d.ts'. ========
Explicitly specified module resolution kind: 'NodeJs'.
Loading module as file / folder, candidate module location '/Users/valentinyelchenko/Projects/ogxone/adjecent-boxes/node_modules/routing-controllers/types/decorator/State', target file type 'TypeScript'.
File '/Users/valentinyelchenko/Projects/ogxone/adjecent-boxes/node_modules/routing-controllers/types/decorator/State.ts' does not exist.
File '/Users/valentinyelchenko/Projects/ogxone/adjecent-boxes/node_modules/routing-controllers/types/decorator/State.tsx' does not exist.
File '/Users/valentinyelchenko/Projects/ogxone/adjecent-boxes/node_modules/routing-controllers/types/decorator/State.d.ts' exist - use it as a name resolution result.
File '/Users/valentinyelchenko/Projects/ogxone/adjecent-boxes/node_modules/routing-controllers/package.json' exists according to earlier cached lookups.
======== Module name './decorator/State' was successfully resolved to '/Users/valentinyelchenko/Projects/ogxone/adjecent-boxes/node_modules/routing-controllers/types/decorator/State.d.ts' with Package ID 'routing-controllers/types/decorator/State.d.ts@0.9.0'. ========
======== Resolving module './decorator/UploadedFile' from '/Users/valentinyelchenko/Projects/ogxone/adjecent-boxes/node_modules/routing-controllers/types/index.d.ts'. ========
Explicitly specified module resolution kind: 'NodeJs'.
Loading module as file / folder, candidate module location '/Users/valentinyelchenko/Projects/ogxone/adjecent-boxes/node_modules/routing-controllers/types/decorator/UploadedFile', target file type 'TypeScript'.
File '/Users/valentinyelchenko/Projects/ogxone/adjecent-boxes/node_modules/routing-controllers/types/decorator/UploadedFile.ts' does not exist.
File '/Users/valentinyelchenko/Projects/ogxone/adjecent-boxes/node_modules/routing-controllers/types/decorator/UploadedFile.tsx' does not exist.
File '/Users/valentinyelchenko/Projects/ogxone/adjecent-boxes/node_modules/routing-controllers/types/decorator/UploadedFile.d.ts' exist - use it as a name resolution result.
File '/Users/valentinyelchenko/Projects/ogxone/adjecent-boxes/node_modules/routing-controllers/package.json' exists according to earlier cached lookups.
======== Module name './decorator/UploadedFile' was successfully resolved to '/Users/valentinyelchenko/Projects/ogxone/adjecent-boxes/node_modules/routing-controllers/types/decorator/UploadedFile.d.ts' with Package ID 'routing-controllers/types/decorator/UploadedFile.d.ts@0.9.0'. ========
======== Resolving module './decorator/UploadedFiles' from '/Users/valentinyelchenko/Projects/ogxone/adjecent-boxes/node_modules/routing-controllers/types/index.d.ts'. ========
Explicitly specified module resolution kind: 'NodeJs'.
Loading module as file / folder, candidate module location '/Users/valentinyelchenko/Projects/ogxone/adjecent-boxes/node_modules/routing-controllers/types/decorator/UploadedFiles', target file type 'TypeScript'.
File '/Users/valentinyelchenko/Projects/ogxone/adjecent-boxes/node_modules/routing-controllers/types/decorator/UploadedFiles.ts' does not exist.
File '/Users/valentinyelchenko/Projects/ogxone/adjecent-boxes/node_modules/routing-controllers/types/decorator/UploadedFiles.tsx' does not exist.
File '/Users/valentinyelchenko/Projects/ogxone/adjecent-boxes/node_modules/routing-controllers/types/decorator/UploadedFiles.d.ts' exist - use it as a name resolution result.
File '/Users/valentinyelchenko/Projects/ogxone/adjecent-boxes/node_modules/routing-controllers/package.json' exists according to earlier cached lookups.
======== Module name './decorator/UploadedFiles' was successfully resolved to '/Users/valentinyelchenko/Projects/ogxone/adjecent-boxes/node_modules/routing-controllers/types/decorator/UploadedFiles.d.ts' with Package ID 'routing-controllers/types/decorator/UploadedFiles.d.ts@0.9.0'. ========
======== Resolving module './decorator/UseAfter' from '/Users/valentinyelchenko/Projects/ogxone/adjecent-boxes/node_modules/routing-controllers/types/index.d.ts'. ========
Explicitly specified module resolution kind: 'NodeJs'.
Loading module as file / folder, candidate module location '/Users/valentinyelchenko/Projects/ogxone/adjecent-boxes/node_modules/routing-controllers/types/decorator/UseAfter', target file type 'TypeScript'.
File '/Users/valentinyelchenko/Projects/ogxone/adjecent-boxes/node_modules/routing-controllers/types/decorator/UseAfter.ts' does not exist.
File '/Users/valentinyelchenko/Projects/ogxone/adjecent-boxes/node_modules/routing-controllers/types/decorator/UseAfter.tsx' does not exist.
File '/Users/valentinyelchenko/Projects/ogxone/adjecent-boxes/node_modules/routing-controllers/types/decorator/UseAfter.d.ts' exist - use it as a name resolution result.
File '/Users/valentinyelchenko/Projects/ogxone/adjecent-boxes/node_modules/routing-controllers/package.json' exists according to earlier cached lookups.
======== Module name './decorator/UseAfter' was successfully resolved to '/Users/valentinyelchenko/Projects/ogxone/adjecent-boxes/node_modules/routing-controllers/types/decorator/UseAfter.d.ts' with Package ID 'routing-controllers/types/decorator/UseAfter.d.ts@0.9.0'. ========
======== Resolving module './decorator/UseBefore' from '/Users/valentinyelchenko/Projects/ogxone/adjecent-boxes/node_modules/routing-controllers/types/index.d.ts'. ========
Explicitly specified module resolution kind: 'NodeJs'.
Loading module as file / folder, candidate module location '/Users/valentinyelchenko/Projects/ogxone/adjecent-boxes/node_modules/routing-controllers/types/decorator/UseBefore', target file type 'TypeScript'.
File '/Users/valentinyelchenko/Projects/ogxone/adjecent-boxes/node_modules/routing-controllers/types/decorator/UseBefore.ts' does not exist.
File '/Users/valentinyelchenko/Projects/ogxone/adjecent-boxes/node_modules/routing-controllers/types/decorator/UseBefore.tsx' does not exist.
File '/Users/valentinyelchenko/Projects/ogxone/adjecent-boxes/node_modules/routing-controllers/types/decorator/UseBefore.d.ts' exist - use it as a name resolution result.
File '/Users/valentinyelchenko/Projects/ogxone/adjecent-boxes/node_modules/routing-controllers/package.json' exists according to earlier cached lookups.
======== Module name './decorator/UseBefore' was successfully resolved to '/Users/valentinyelchenko/Projects/ogxone/adjecent-boxes/node_modules/routing-controllers/types/decorator/UseBefore.d.ts' with Package ID 'routing-controllers/types/decorator/UseBefore.d.ts@0.9.0'. ========
======== Resolving module './decorator/UseInterceptor' from '/Users/valentinyelchenko/Projects/ogxone/adjecent-boxes/node_modules/routing-controllers/types/index.d.ts'. ========
Explicitly specified module resolution kind: 'NodeJs'.
Loading module as file / folder, candidate module location '/Users/valentinyelchenko/Projects/ogxone/adjecent-boxes/node_modules/routing-controllers/types/decorator/UseInterceptor', target file type 'TypeScript'.
File '/Users/valentinyelchenko/Projects/ogxone/adjecent-boxes/node_modules/routing-controllers/types/decorator/UseInterceptor.ts' does not exist.
File '/Users/valentinyelchenko/Projects/ogxone/adjecent-boxes/node_modules/routing-controllers/types/decorator/UseInterceptor.tsx' does not exist.
File '/Users/valentinyelchenko/Projects/ogxone/adjecent-boxes/node_modules/routing-controllers/types/decorator/UseInterceptor.d.ts' exist - use it as a name resolution result.
File '/Users/valentinyelchenko/Projects/ogxone/adjecent-boxes/node_modules/routing-controllers/package.json' exists according to earlier cached lookups.
======== Module name './decorator/UseInterceptor' was successfully resolved to '/Users/valentinyelchenko/Projects/ogxone/adjecent-boxes/node_modules/routing-controllers/types/decorator/UseInterceptor.d.ts' with Package ID 'routing-controllers/types/decorator/UseInterceptor.d.ts@0.9.0'. ========
======== Resolving module './decorator-options/BodyOptions' from '/Users/valentinyelchenko/Projects/ogxone/adjecent-boxes/node_modules/routing-controllers/types/index.d.ts'. ========
Explicitly specified module resolution kind: 'NodeJs'.
Loading module as file / folder, candidate module location '/Users/valentinyelchenko/Projects/ogxone/adjecent-boxes/node_modules/routing-controllers/types/decorator-options/BodyOptions', target file type 'TypeScript'.
File '/Users/valentinyelchenko/Projects/ogxone/adjecent-boxes/node_modules/routing-controllers/types/decorator-options/BodyOptions.ts' does not exist.
File '/Users/valentinyelchenko/Projects/ogxone/adjecent-boxes/node_modules/routing-controllers/types/decorator-options/BodyOptions.tsx' does not exist.
File '/Users/valentinyelchenko/Projects/ogxone/adjecent-boxes/node_modules/routing-controllers/types/decorator-options/BodyOptions.d.ts' exist - use it as a name resolution result.
File '/Users/valentinyelchenko/Projects/ogxone/adjecent-boxes/node_modules/routing-controllers/package.json' exists according to earlier cached lookups.
======== Module name './decorator-options/BodyOptions' was successfully resolved to '/Users/valentinyelchenko/Projects/ogxone/adjecent-boxes/node_modules/routing-controllers/types/decorator-options/BodyOptions.d.ts' with Package ID 'routing-controllers/types/decorator-options/BodyOptions.d.ts@0.9.0'. ========
======== Resolving module './decorator-options/ParamOptions' from '/Users/valentinyelchenko/Projects/ogxone/adjecent-boxes/node_modules/routing-controllers/types/index.d.ts'. ========
Explicitly specified module resolution kind: 'NodeJs'.
Loading module as file / folder, candidate module location '/Users/valentinyelchenko/Projects/ogxone/adjecent-boxes/node_modules/routing-controllers/types/decorator-options/ParamOptions', target file type 'TypeScript'.
File '/Users/valentinyelchenko/Projects/ogxone/adjecent-boxes/node_modules/routing-controllers/types/decorator-options/ParamOptions.ts' does not exist.
File '/Users/valentinyelchenko/Projects/ogxone/adjecent-boxes/node_modules/routing-controllers/types/decorator-options/ParamOptions.tsx' does not exist.
File '/Users/valentinyelchenko/Projects/ogxone/adjecent-boxes/node_modules/routing-controllers/types/decorator-options/ParamOptions.d.ts' exist - use it as a name resolution result.
File '/Users/valentinyelchenko/Projects/ogxone/adjecent-boxes/node_modules/routing-controllers/package.json' exists according to earlier cached lookups.
======== Module name './decorator-options/ParamOptions' was successfully resolved to '/Users/valentinyelchenko/Projects/ogxone/adjecent-boxes/node_modules/routing-controllers/types/decorator-options/ParamOptions.d.ts' with Package ID 'routing-controllers/types/decorator-options/ParamOptions.d.ts@0.9.0'. ========
======== Resolving module './decorator-options/UploadOptions' from '/Users/valentinyelchenko/Projects/ogxone/adjecent-boxes/node_modules/routing-controllers/types/index.d.ts'. ========
Explicitly specified module resolution kind: 'NodeJs'.
Loading module as file / folder, candidate module location '/Users/valentinyelchenko/Projects/ogxone/adjecent-boxes/node_modules/routing-controllers/types/decorator-options/UploadOptions', target file type 'TypeScript'.
File '/Users/valentinyelchenko/Projects/ogxone/adjecent-boxes/node_modules/routing-controllers/types/decorator-options/UploadOptions.ts' does not exist.
File '/Users/valentinyelchenko/Projects/ogxone/adjecent-boxes/node_modules/routing-controllers/types/decorator-options/UploadOptions.tsx' does not exist.
File '/Users/valentinyelchenko/Projects/ogxone/adjecent-boxes/node_modules/routing-controllers/types/decorator-options/UploadOptions.d.ts' exist - use it as a name resolution result.
File '/Users/valentinyelchenko/Projects/ogxone/adjecent-boxes/node_modules/routing-controllers/package.json' exists according to earlier cached lookups.
======== Module name './decorator-options/UploadOptions' was successfully resolved to '/Users/valentinyelchenko/Projects/ogxone/adjecent-boxes/node_modules/routing-controllers/types/decorator-options/UploadOptions.d.ts' with Package ID 'routing-controllers/types/decorator-options/UploadOptions.d.ts@0.9.0'. ========
======== Resolving module './http-error/HttpError' from '/Users/valentinyelchenko/Projects/ogxone/adjecent-boxes/node_modules/routing-controllers/types/index.d.ts'. ========
Explicitly specified module resolution kind: 'NodeJs'.
Loading module as file / folder, candidate module location '/Users/valentinyelchenko/Projects/ogxone/adjecent-boxes/node_modules/routing-controllers/types/http-error/HttpError', target file type 'TypeScript'.
File '/Users/valentinyelchenko/Projects/ogxone/adjecent-boxes/node_modules/routing-controllers/types/http-error/HttpError.ts' does not exist.
File '/Users/valentinyelchenko/Projects/ogxone/adjecent-boxes/node_modules/routing-controllers/types/http-error/HttpError.tsx' does not exist.
File '/Users/valentinyelchenko/Projects/ogxone/adjecent-boxes/node_modules/routing-controllers/types/http-error/HttpError.d.ts' exist - use it as a name resolution result.
File '/Users/valentinyelchenko/Projects/ogxone/adjecent-boxes/node_modules/routing-controllers/package.json' exists according to earlier cached lookups.
======== Module name './http-error/HttpError' was successfully resolved to '/Users/valentinyelchenko/Projects/ogxone/adjecent-boxes/node_modules/routing-controllers/types/http-error/HttpError.d.ts' with Package ID 'routing-controllers/types/http-error/HttpError.d.ts@0.9.0'. ========
======== Resolving module './http-error/InternalServerError' from '/Users/valentinyelchenko/Projects/ogxone/adjecent-boxes/node_modules/routing-controllers/types/index.d.ts'. ========
Explicitly specified module resolution kind: 'NodeJs'.
Loading module as file / folder, candidate module location '/Users/valentinyelchenko/Projects/ogxone/adjecent-boxes/node_modules/routing-controllers/types/http-error/InternalServerError', target file type 'TypeScript'.
File '/Users/valentinyelchenko/Projects/ogxone/adjecent-boxes/node_modules/routing-controllers/types/http-error/InternalServerError.ts' does not exist.
File '/Users/valentinyelchenko/Projects/ogxone/adjecent-boxes/node_modules/routing-controllers/types/http-error/InternalServerError.tsx' does not exist.
File '/Users/valentinyelchenko/Projects/ogxone/adjecent-boxes/node_modules/routing-controllers/types/http-error/InternalServerError.d.ts' exist - use it as a name resolution result.
File '/Users/valentinyelchenko/Projects/ogxone/adjecent-boxes/node_modules/routing-controllers/package.json' exists according to earlier cached lookups.
======== Module name './http-error/InternalServerError' was successfully resolved to '/Users/valentinyelchenko/Projects/ogxone/adjecent-boxes/node_modules/routing-controllers/types/http-error/InternalServerError.d.ts' with Package ID 'routing-controllers/types/http-error/InternalServerError.d.ts@0.9.0'. ========
======== Resolving module './http-error/BadRequestError' from '/Users/valentinyelchenko/Projects/ogxone/adjecent-boxes/node_modules/routing-controllers/types/index.d.ts'. ========
Explicitly specified module resolution kind: 'NodeJs'.
Loading module as file / folder, candidate module location '/Users/valentinyelchenko/Projects/ogxone/adjecent-boxes/node_modules/routing-controllers/types/http-error/BadRequestError', target file type 'TypeScript'.
File '/Users/valentinyelchenko/Projects/ogxone/adjecent-boxes/node_modules/routing-controllers/types/http-error/BadRequestError.ts' does not exist.
File '/Users/valentinyelchenko/Projects/ogxone/adjecent-boxes/node_modules/routing-controllers/types/http-error/BadRequestError.tsx' does not exist.
File '/Users/valentinyelchenko/Projects/ogxone/adjecent-boxes/node_modules/routing-controllers/types/http-error/BadRequestError.d.ts' exist - use it as a name resolution result.
File '/Users/valentinyelchenko/Projects/ogxone/adjecent-boxes/node_modules/routing-controllers/package.json' exists according to earlier cached lookups.
======== Module name './http-error/BadRequestError' was successfully resolved to '/Users/valentinyelchenko/Projects/ogxone/adjecent-boxes/node_modules/routing-controllers/types/http-error/BadRequestError.d.ts' with Package ID 'routing-controllers/types/http-error/BadRequestError.d.ts@0.9.0'. ========
======== Resolving module './http-error/ForbiddenError' from '/Users/valentinyelchenko/Projects/ogxone/adjecent-boxes/node_modules/routing-controllers/types/index.d.ts'. ========
Explicitly specified module resolution kind: 'NodeJs'.
Loading module as file / folder, candidate module location '/Users/valentinyelchenko/Projects/ogxone/adjecent-boxes/node_modules/routing-controllers/types/http-error/ForbiddenError', target file type 'TypeScript'.
File '/Users/valentinyelchenko/Projects/ogxone/adjecent-boxes/node_modules/routing-controllers/types/http-error/ForbiddenError.ts' does not exist.
File '/Users/valentinyelchenko/Projects/ogxone/adjecent-boxes/node_modules/routing-controllers/types/http-error/ForbiddenError.tsx' does not exist.
File '/Users/valentinyelchenko/Projects/ogxone/adjecent-boxes/node_modules/routing-controllers/types/http-error/ForbiddenError.d.ts' exist - use it as a name resolution result.
File '/Users/valentinyelchenko/Projects/ogxone/adjecent-boxes/node_modules/routing-controllers/package.json' exists according to earlier cached lookups.
======== Module name './http-error/ForbiddenError' was successfully resolved to '/Users/valentinyelchenko/Projects/ogxone/adjecent-boxes/node_modules/routing-controllers/types/http-error/ForbiddenError.d.ts' with Package ID 'routing-controllers/types/http-error/ForbiddenError.d.ts@0.9.0'. ========
======== Resolving module './http-error/NotAcceptableError' from '/Users/valentinyelchenko/Projects/ogxone/adjecent-boxes/node_modules/routing-controllers/types/index.d.ts'. ========
Explicitly specified module resolution kind: 'NodeJs'.
Loading module as file / folder, candidate module location '/Users/valentinyelchenko/Projects/ogxone/adjecent-boxes/node_modules/routing-controllers/types/http-error/NotAcceptableError', target file type 'TypeScript'.
File '/Users/valentinyelchenko/Projects/ogxone/adjecent-boxes/node_modules/routing-controllers/types/http-error/NotAcceptableError.ts' does not exist.
File '/Users/valentinyelchenko/Projects/ogxone/adjecent-boxes/node_modules/routing-controllers/types/http-error/NotAcceptableError.tsx' does not exist.
File '/Users/valentinyelchenko/Projects/ogxone/adjecent-boxes/node_modules/routing-controllers/types/http-error/NotAcceptableError.d.ts' exist - use it as a name resolution result.
File '/Users/valentinyelchenko/Projects/ogxone/adjecent-boxes/node_modules/routing-controllers/package.json' exists according to earlier cached lookups.
======== Module name './http-error/NotAcceptableError' was successfully resolved to '/Users/valentinyelchenko/Projects/ogxone/adjecent-boxes/node_modules/routing-controllers/types/http-error/NotAcceptableError.d.ts' with Package ID 'routing-controllers/types/http-error/NotAcceptableError.d.ts@0.9.0'. ========
======== Resolving module './http-error/MethodNotAllowedError' from '/Users/valentinyelchenko/Projects/ogxone/adjecent-boxes/node_modules/routing-controllers/types/index.d.ts'. ========
Explicitly specified module resolution kind: 'NodeJs'.
Loading module as file / folder, candidate module location '/Users/valentinyelchenko/Projects/ogxone/adjecent-boxes/node_modules/routing-controllers/types/http-error/MethodNotAllowedError', target file type 'TypeScript'.
File '/Users/valentinyelchenko/Projects/ogxone/adjecent-boxes/node_modules/routing-controllers/types/http-error/MethodNotAllowedError.ts' does not exist.
File '/Users/valentinyelchenko/Projects/ogxone/adjecent-boxes/node_modules/routing-controllers/types/http-error/MethodNotAllowedError.tsx' does not exist.
File '/Users/valentinyelchenko/Projects/ogxone/adjecent-boxes/node_modules/routing-controllers/types/http-error/MethodNotAllowedError.d.ts' exist - use it as a name resolution result.
File '/Users/valentinyelchenko/Projects/ogxone/adjecent-boxes/node_modules/routing-controllers/package.json' exists according to earlier cached lookups.
======== Module name './http-error/MethodNotAllowedError' was successfully resolved to '/Users/valentinyelchenko/Projects/ogxone/adjecent-boxes/node_modules/routing-controllers/types/http-error/MethodNotAllowedError.d.ts' with Package ID 'routing-controllers/types/http-error/MethodNotAllowedError.d.ts@0.9.0'. ========
======== Resolving module './http-error/NotFoundError' from '/Users/valentinyelchenko/Projects/ogxone/adjecent-boxes/node_modules/routing-controllers/types/index.d.ts'. ========
Explicitly specified module resolution kind: 'NodeJs'.
Loading module as file / folder, candidate module location '/Users/valentinyelchenko/Projects/ogxone/adjecent-boxes/node_modules/routing-controllers/types/http-error/NotFoundError', target file type 'TypeScript'.
File '/Users/valentinyelchenko/Projects/ogxone/adjecent-boxes/node_modules/routing-controllers/types/http-error/NotFoundError.ts' does not exist.
File '/Users/valentinyelchenko/Projects/ogxone/adjecent-boxes/node_modules/routing-controllers/types/http-error/NotFoundError.tsx' does not exist.
File '/Users/valentinyelchenko/Projects/ogxone/adjecent-boxes/node_modules/routing-controllers/types/http-error/NotFoundError.d.ts' exist - use it as a name resolution result.
File '/Users/valentinyelchenko/Projects/ogxone/adjecent-boxes/node_modules/routing-controllers/package.json' exists according to earlier cached lookups.
======== Module name './http-error/NotFoundError' was successfully resolved to '/Users/valentinyelchenko/Projects/ogxone/adjecent-boxes/node_modules/routing-controllers/types/http-error/NotFoundError.d.ts' with Package ID 'routing-controllers/types/http-error/NotFoundError.d.ts@0.9.0'. ========
======== Resolving module './http-error/UnauthorizedError' from '/Users/valentinyelchenko/Projects/ogxone/adjecent-boxes/node_modules/routing-controllers/types/index.d.ts'. ========
Explicitly specified module resolution kind: 'NodeJs'.
Loading module as file / folder, candidate module location '/Users/valentinyelchenko/Projects/ogxone/adjecent-boxes/node_modules/routing-controllers/types/http-error/UnauthorizedError', target file type 'TypeScript'.
File '/Users/valentinyelchenko/Projects/ogxone/adjecent-boxes/node_modules/routing-controllers/types/http-error/UnauthorizedError.ts' does not exist.
File '/Users/valentinyelchenko/Projects/ogxone/adjecent-boxes/node_modules/routing-controllers/types/http-error/UnauthorizedError.tsx' does not exist.
File '/Users/valentinyelchenko/Projects/ogxone/adjecent-boxes/node_modules/routing-controllers/types/http-error/UnauthorizedError.d.ts' exist - use it as a name resolution result.
File '/Users/valentinyelchenko/Projects/ogxone/adjecent-boxes/node_modules/routing-controllers/package.json' exists according to earlier cached lookups.
======== Module name './http-error/UnauthorizedError' was successfully resolved to '/Users/valentinyelchenko/Projects/ogxone/adjecent-boxes/node_modules/routing-controllers/types/http-error/UnauthorizedError.d.ts' with Package ID 'routing-controllers/types/http-error/UnauthorizedError.d.ts@0.9.0'. ========
======== Resolving module './driver/express/ExpressMiddlewareInterface' from '/Users/valentinyelchenko/Projects/ogxone/adjecent-boxes/node_modules/routing-controllers/types/index.d.ts'. ========
Explicitly specified module resolution kind: 'NodeJs'.
Loading module as file / folder, candidate module location '/Users/valentinyelchenko/Projects/ogxone/adjecent-boxes/node_modules/routing-controllers/types/driver/express/ExpressMiddlewareInterface', target file type 'TypeScript'.
File '/Users/valentinyelchenko/Projects/ogxone/adjecent-boxes/node_modules/routing-controllers/types/driver/express/ExpressMiddlewareInterface.ts' does not exist.
File '/Users/valentinyelchenko/Projects/ogxone/adjecent-boxes/node_modules/routing-controllers/types/driver/express/ExpressMiddlewareInterface.tsx' does not exist.
File '/Users/valentinyelchenko/Projects/ogxone/adjecent-boxes/node_modules/routing-controllers/types/driver/express/ExpressMiddlewareInterface.d.ts' exist - use it as a name resolution result.
File '/Users/valentinyelchenko/Projects/ogxone/adjecent-boxes/node_modules/routing-controllers/package.json' exists according to earlier cached lookups.
======== Module name './driver/express/ExpressMiddlewareInterface' was successfully resolved to '/Users/valentinyelchenko/Projects/ogxone/adjecent-boxes/node_modules/routing-controllers/types/driver/express/ExpressMiddlewareInterface.d.ts' with Package ID 'routing-controllers/types/driver/express/ExpressMiddlewareInterface.d.ts@0.9.0'. ========
======== Resolving module './driver/express/ExpressErrorMiddlewareInterface' from '/Users/valentinyelchenko/Projects/ogxone/adjecent-boxes/node_modules/routing-controllers/types/index.d.ts'. ========
Explicitly specified module resolution kind: 'NodeJs'.
Loading module as file / folder, candidate module location '/Users/valentinyelchenko/Projects/ogxone/adjecent-boxes/node_modules/routing-controllers/types/driver/express/ExpressErrorMiddlewareInterface', target file type 'TypeScript'.
File '/Users/valentinyelchenko/Projects/ogxone/adjecent-boxes/node_modules/routing-controllers/types/driver/express/ExpressErrorMiddlewareInterface.ts' does not exist.
File '/Users/valentinyelchenko/Projects/ogxone/adjecent-boxes/node_modules/routing-controllers/types/driver/express/ExpressErrorMiddlewareInterface.tsx' does not exist.
File '/Users/valentinyelchenko/Projects/ogxone/adjecent-boxes/node_modules/routing-controllers/types/driver/express/ExpressErrorMiddlewareInterface.d.ts' exist - use it as a name resolution result.
File '/Users/valentinyelchenko/Projects/ogxone/adjecent-boxes/node_modules/routing-controllers/package.json' exists according to earlier cached lookups.
======== Module name './driver/express/ExpressErrorMiddlewareInterface' was successfully resolved to '/Users/valentinyelchenko/Projects/ogxone/adjecent-boxes/node_modules/routing-controllers/types/driver/express/ExpressErrorMiddlewareInterface.d.ts' with Package ID 'routing-controllers/types/driver/express/ExpressErrorMiddlewareInterface.d.ts@0.9.0'. ========
======== Resolving module './driver/koa/KoaMiddlewareInterface' from '/Users/valentinyelchenko/Projects/ogxone/adjecent-boxes/node_modules/routing-controllers/types/index.d.ts'. ========
Explicitly specified module resolution kind: 'NodeJs'.
Loading module as file / folder, candidate module location '/Users/valentinyelchenko/Projects/ogxone/adjecent-boxes/node_modules/routing-controllers/types/driver/koa/KoaMiddlewareInterface', target file type 'TypeScript'.
File '/Users/valentinyelchenko/Projects/ogxone/adjecent-boxes/node_modules/routing-controllers/types/driver/koa/KoaMiddlewareInterface.ts' does not exist.
File '/Users/valentinyelchenko/Projects/ogxone/adjecent-boxes/node_modules/routing-controllers/types/driver/koa/KoaMiddlewareInterface.tsx' does not exist.
File '/Users/valentinyelchenko/Projects/ogxone/adjecent-boxes/node_modules/routing-controllers/types/driver/koa/KoaMiddlewareInterface.d.ts' exist - use it as a name resolution result.
File '/Users/valentinyelchenko/Projects/ogxone/adjecent-boxes/node_modules/routing-controllers/package.json' exists according to earlier cached lookups.
======== Module name './driver/koa/KoaMiddlewareInterface' was successfully resolved to '/Users/valentinyelchenko/Projects/ogxone/adjecent-boxes/node_modules/routing-controllers/types/driver/koa/KoaMiddlewareInterface.d.ts' with Package ID 'routing-controllers/types/driver/koa/KoaMiddlewareInterface.d.ts@0.9.0'. ========
======== Resolving module './metadata/ActionMetadata' from '/Users/valentinyelchenko/Projects/ogxone/adjecent-boxes/node_modules/routing-controllers/types/index.d.ts'. ========
Explicitly specified module resolution kind: 'NodeJs'.
Loading module as file / folder, candidate module location '/Users/valentinyelchenko/Projects/ogxone/adjecent-boxes/node_modules/routing-controllers/types/metadata/ActionMetadata', target file type 'TypeScript'.
File '/Users/valentinyelchenko/Projects/ogxone/adjecent-boxes/node_modules/routing-controllers/types/metadata/ActionMetadata.ts' does not exist.
File '/Users/valentinyelchenko/Projects/ogxone/adjecent-boxes/node_modules/routing-controllers/types/metadata/ActionMetadata.tsx' does not exist.
File '/Users/valentinyelchenko/Projects/ogxone/adjecent-boxes/node_modules/routing-controllers/types/metadata/ActionMetadata.d.ts' exist - use it as a name resolution result.
File '/Users/valentinyelchenko/Projects/ogxone/adjecent-boxes/node_modules/routing-controllers/package.json' exists according to earlier cached lookups.
======== Module name './metadata/ActionMetadata' was successfully resolved to '/Users/valentinyelchenko/Projects/ogxone/adjecent-boxes/node_modules/routing-controllers/types/metadata/ActionMetadata.d.ts' with Package ID 'routing-controllers/types/metadata/ActionMetadata.d.ts@0.9.0'. ========
======== Resolving module './metadata/ControllerMetadata' from '/Users/valentinyelchenko/Projects/ogxone/adjecent-boxes/node_modules/routing-controllers/types/index.d.ts'. ========
Explicitly specified module resolution kind: 'NodeJs'.
Loading module as file / folder, candidate module location '/Users/valentinyelchenko/Projects/ogxone/adjecent-boxes/node_modules/routing-controllers/types/metadata/ControllerMetadata', target file type 'TypeScript'.
File '/Users/valentinyelchenko/Projects/ogxone/adjecent-boxes/node_modules/routing-controllers/types/metadata/ControllerMetadata.ts' does not exist.
File '/Users/valentinyelchenko/Projects/ogxone/adjecent-boxes/node_modules/routing-controllers/types/metadata/ControllerMetadata.tsx' does not exist.
File '/Users/valentinyelchenko/Projects/ogxone/adjecent-boxes/node_modules/routing-controllers/types/metadata/ControllerMetadata.d.ts' exist - use it as a name resolution result.
File '/Users/valentinyelchenko/Projects/ogxone/adjecent-boxes/node_modules/routing-controllers/package.json' exists according to earlier cached lookups.
======== Module name './metadata/ControllerMetadata' was successfully resolved to '/Users/valentinyelchenko/Projects/ogxone/adjecent-boxes/node_modules/routing-controllers/types/metadata/ControllerMetadata.d.ts' with Package ID 'routing-controllers/types/metadata/ControllerMetadata.d.ts@0.9.0'. ========
======== Resolving module './metadata/InterceptorMetadata' from '/Users/valentinyelchenko/Projects/ogxone/adjecent-boxes/node_modules/routing-controllers/types/index.d.ts'. ========
Explicitly specified module resolution kind: 'NodeJs'.
Loading module as file / folder, candidate module location '/Users/valentinyelchenko/Projects/ogxone/adjecent-boxes/node_modules/routing-controllers/types/metadata/InterceptorMetadata', target file type 'TypeScript'.
File '/Users/valentinyelchenko/Projects/ogxone/adjecent-boxes/node_modules/routing-controllers/types/metadata/InterceptorMetadata.ts' does not exist.
File '/Users/valentinyelchenko/Projects/ogxone/adjecent-boxes/node_modules/routing-controllers/types/metadata/InterceptorMetadata.tsx' does not exist.
File '/Users/valentinyelchenko/Projects/ogxone/adjecent-boxes/node_modules/routing-controllers/types/metadata/InterceptorMetadata.d.ts' exist - use it as a name resolution result.
File '/Users/valentinyelchenko/Projects/ogxone/adjecent-boxes/node_modules/routing-controllers/package.json' exists according to earlier cached lookups.
======== Module name './metadata/InterceptorMetadata' was successfully resolved to '/Users/valentinyelchenko/Projects/ogxone/adjecent-boxes/node_modules/routing-controllers/types/metadata/InterceptorMetadata.d.ts' with Package ID 'routing-controllers/types/metadata/InterceptorMetadata.d.ts@0.9.0'. ========
======== Resolving module './metadata/MiddlewareMetadata' from '/Users/valentinyelchenko/Projects/ogxone/adjecent-boxes/node_modules/routing-controllers/types/index.d.ts'. ========
Explicitly specified module resolution kind: 'NodeJs'.
Loading module as file / folder, candidate module location '/Users/valentinyelchenko/Projects/ogxone/adjecent-boxes/node_modules/routing-controllers/types/metadata/MiddlewareMetadata', target file type 'TypeScript'.
File '/Users/valentinyelchenko/Projects/ogxone/adjecent-boxes/node_modules/routing-controllers/types/metadata/MiddlewareMetadata.ts' does not exist.
File '/Users/valentinyelchenko/Projects/ogxone/adjecent-boxes/node_modules/routing-controllers/types/metadata/MiddlewareMetadata.tsx' does not exist.
File '/Users/valentinyelchenko/Projects/ogxone/adjecent-boxes/node_modules/routing-controllers/types/metadata/MiddlewareMetadata.d.ts' exist - use it as a name resolution result.
File '/Users/valentinyelchenko/Projects/ogxone/adjecent-boxes/node_modules/routing-controllers/package.json' exists according to earlier cached lookups.
======== Module name './metadata/MiddlewareMetadata' was successfully resolved to '/Users/valentinyelchenko/Projects/ogxone/adjecent-boxes/node_modules/routing-controllers/types/metadata/MiddlewareMetadata.d.ts' with Package ID 'routing-controllers/types/metadata/MiddlewareMetadata.d.ts@0.9.0'. ========
======== Resolving module './metadata/ParamMetadata' from '/Users/valentinyelchenko/Projects/ogxone/adjecent-boxes/node_modules/routing-controllers/types/index.d.ts'. ========
Explicitly specified module resolution kind: 'NodeJs'.
Loading module as file / folder, candidate module location '/Users/valentinyelchenko/Projects/ogxone/adjecent-boxes/node_modules/routing-controllers/types/metadata/ParamMetadata', target file type 'TypeScript'.
File '/Users/valentinyelchenko/Projects/ogxone/adjecent-boxes/node_modules/routing-controllers/types/metadata/ParamMetadata.ts' does not exist.
File '/Users/valentinyelchenko/Projects/ogxone/adjecent-boxes/node_modules/routing-controllers/types/metadata/ParamMetadata.tsx' does not exist.
File '/Users/valentinyelchenko/Projects/ogxone/adjecent-boxes/node_modules/routing-controllers/types/metadata/ParamMetadata.d.ts' exist - use it as a name resolution result.
File '/Users/valentinyelchenko/Projects/ogxone/adjecent-boxes/node_modules/routing-controllers/package.json' exists according to earlier cached lookups.
======== Module name './metadata/ParamMetadata' was successfully resolved to '/Users/valentinyelchenko/Projects/ogxone/adjecent-boxes/node_modules/routing-controllers/types/metadata/ParamMetadata.d.ts' with Package ID 'routing-controllers/types/metadata/ParamMetadata.d.ts@0.9.0'. ========
======== Resolving module './metadata/ResponseHandleMetadata' from '/Users/valentinyelchenko/Projects/ogxone/adjecent-boxes/node_modules/routing-controllers/types/index.d.ts'. ========
Explicitly specified module resolution kind: 'NodeJs'.
Loading module as file / folder, candidate module location '/Users/valentinyelchenko/Projects/ogxone/adjecent-boxes/node_modules/routing-controllers/types/metadata/ResponseHandleMetadata', target file type 'TypeScript'.
File '/Users/valentinyelchenko/Projects/ogxone/adjecent-boxes/node_modules/routing-controllers/types/metadata/ResponseHandleMetadata.ts' does not exist.
File '/Users/valentinyelchenko/Projects/ogxone/adjecent-boxes/node_modules/routing-controllers/types/metadata/ResponseHandleMetadata.tsx' does not exist.
File '/Users/valentinyelchenko/Projects/ogxone/adjecent-boxes/node_modules/routing-controllers/types/metadata/ResponseHandleMetadata.d.ts' exist - use it as a name resolution result.
File '/Users/valentinyelchenko/Projects/ogxone/adjecent-boxes/node_modules/routing-controllers/package.json' exists according to earlier cached lookups.
======== Module name './metadata/ResponseHandleMetadata' was successfully resolved to '/Users/valentinyelchenko/Projects/ogxone/adjecent-boxes/node_modules/routing-controllers/types/metadata/ResponseHandleMetadata.d.ts' with Package ID 'routing-controllers/types/metadata/ResponseHandleMetadata.d.ts@0.9.0'. ========
======== Resolving module './metadata/UseMetadata' from '/Users/valentinyelchenko/Projects/ogxone/adjecent-boxes/node_modules/routing-controllers/types/index.d.ts'. ========
Explicitly specified module resolution kind: 'NodeJs'.
Loading module as file / folder, candidate module location '/Users/valentinyelchenko/Projects/ogxone/adjecent-boxes/node_modules/routing-controllers/types/metadata/UseMetadata', target file type 'TypeScript'.
File '/Users/valentinyelchenko/Projects/ogxone/adjecent-boxes/node_modules/routing-controllers/types/metadata/UseMetadata.ts' does not exist.
File '/Users/valentinyelchenko/Projects/ogxone/adjecent-boxes/node_modules/routing-controllers/types/metadata/UseMetadata.tsx' does not exist.
File '/Users/valentinyelchenko/Projects/ogxone/adjecent-boxes/node_modules/routing-controllers/types/metadata/UseMetadata.d.ts' exist - use it as a name resolution result.
File '/Users/valentinyelchenko/Projects/ogxone/adjecent-boxes/node_modules/routing-controllers/package.json' exists according to earlier cached lookups.
======== Module name './metadata/UseMetadata' was successfully resolved to '/Users/valentinyelchenko/Projects/ogxone/adjecent-boxes/node_modules/routing-controllers/types/metadata/UseMetadata.d.ts' with Package ID 'routing-controllers/types/metadata/UseMetadata.d.ts@0.9.0'. ========
======== Resolving module './RoleChecker' from '/Users/valentinyelchenko/Projects/ogxone/adjecent-boxes/node_modules/routing-controllers/types/index.d.ts'. ========
Explicitly specified module resolution kind: 'NodeJs'.
Loading module as file / folder, candidate module location '/Users/valentinyelchenko/Projects/ogxone/adjecent-boxes/node_modules/routing-controllers/types/RoleChecker', target file type 'TypeScript'.
File '/Users/valentinyelchenko/Projects/ogxone/adjecent-boxes/node_modules/routing-controllers/types/RoleChecker.ts' does not exist.
File '/Users/valentinyelchenko/Projects/ogxone/adjecent-boxes/node_modules/routing-controllers/types/RoleChecker.tsx' does not exist.
File '/Users/valentinyelchenko/Projects/ogxone/adjecent-boxes/node_modules/routing-controllers/types/RoleChecker.d.ts' exist - use it as a name resolution result.
File '/Users/valentinyelchenko/Projects/ogxone/adjecent-boxes/node_modules/routing-controllers/package.json' exists according to earlier cached lookups.
======== Module name './RoleChecker' was successfully resolved to '/Users/valentinyelchenko/Projects/ogxone/adjecent-boxes/node_modules/routing-controllers/types/RoleChecker.d.ts' with Package ID 'routing-controllers/types/RoleChecker.d.ts@0.9.0'. ========
======== Resolving module './Action' from '/Users/valentinyelchenko/Projects/ogxone/adjecent-boxes/node_modules/routing-controllers/types/index.d.ts'. ========
Explicitly specified module resolution kind: 'NodeJs'.
Loading module as file / folder, candidate module location '/Users/valentinyelchenko/Projects/ogxone/adjecent-boxes/node_modules/routing-controllers/types/Action', target file type 'TypeScript'.
File '/Users/valentinyelchenko/Projects/ogxone/adjecent-boxes/node_modules/routing-controllers/types/Action.ts' does not exist.
File '/Users/valentinyelchenko/Projects/ogxone/adjecent-boxes/node_modules/routing-controllers/types/Action.tsx' does not exist.
File '/Users/valentinyelchenko/Projects/ogxone/adjecent-boxes/node_modules/routing-controllers/types/Action.d.ts' exist - use it as a name resolution result.
File '/Users/valentinyelchenko/Projects/ogxone/adjecent-boxes/node_modules/routing-controllers/package.json' exists according to earlier cached lookups.
======== Module name './Action' was successfully resolved to '/Users/valentinyelchenko/Projects/ogxone/adjecent-boxes/node_modules/routing-controllers/types/Action.d.ts' with Package ID 'routing-controllers/types/Action.d.ts@0.9.0'. ========
======== Resolving module './InterceptorInterface' from '/Users/valentinyelchenko/Projects/ogxone/adjecent-boxes/node_modules/routing-controllers/types/index.d.ts'. ========
Explicitly specified module resolution kind: 'NodeJs'.
Loading module as file / folder, candidate module location '/Users/valentinyelchenko/Projects/ogxone/adjecent-boxes/node_modules/routing-controllers/types/InterceptorInterface', target file type 'TypeScript'.
File '/Users/valentinyelchenko/Projects/ogxone/adjecent-boxes/node_modules/routing-controllers/types/InterceptorInterface.ts' does not exist.
File '/Users/valentinyelchenko/Projects/ogxone/adjecent-boxes/node_modules/routing-controllers/types/InterceptorInterface.tsx' does not exist.
File '/Users/valentinyelchenko/Projects/ogxone/adjecent-boxes/node_modules/routing-controllers/types/InterceptorInterface.d.ts' exist - use it as a name resolution result.
File '/Users/valentinyelchenko/Projects/ogxone/adjecent-boxes/node_modules/routing-controllers/package.json' exists according to earlier cached lookups.
======== Module name './InterceptorInterface' was successfully resolved to '/Users/valentinyelchenko/Projects/ogxone/adjecent-boxes/node_modules/routing-controllers/types/InterceptorInterface.d.ts' with Package ID 'routing-controllers/types/InterceptorInterface.d.ts@0.9.0'. ========
======== Resolving module './driver/express/ExpressDriver' from '/Users/valentinyelchenko/Projects/ogxone/adjecent-boxes/node_modules/routing-controllers/types/index.d.ts'. ========
Explicitly specified module resolution kind: 'NodeJs'.
Loading module as file / folder, candidate module location '/Users/valentinyelchenko/Projects/ogxone/adjecent-boxes/node_modules/routing-controllers/types/driver/express/ExpressDriver', target file type 'TypeScript'.
File '/Users/valentinyelchenko/Projects/ogxone/adjecent-boxes/node_modules/routing-controllers/types/driver/express/ExpressDriver.ts' does not exist.
File '/Users/valentinyelchenko/Projects/ogxone/adjecent-boxes/node_modules/routing-controllers/types/driver/express/ExpressDriver.tsx' does not exist.
File '/Users/valentinyelchenko/Projects/ogxone/adjecent-boxes/node_modules/routing-controllers/types/driver/express/ExpressDriver.d.ts' exist - use it as a name resolution result.
File '/Users/valentinyelchenko/Projects/ogxone/adjecent-boxes/node_modules/routing-controllers/package.json' exists according to earlier cached lookups.
======== Module name './driver/express/ExpressDriver' was successfully resolved to '/Users/valentinyelchenko/Projects/ogxone/adjecent-boxes/node_modules/routing-controllers/types/driver/express/ExpressDriver.d.ts' with Package ID 'routing-controllers/types/driver/express/ExpressDriver.d.ts@0.9.0'. ========
======== Resolving module './driver/koa/KoaDriver' from '/Users/valentinyelchenko/Projects/ogxone/adjecent-boxes/node_modules/routing-controllers/types/index.d.ts'. ========
Explicitly specified module resolution kind: 'NodeJs'.
Loading module as file / folder, candidate module location '/Users/valentinyelchenko/Projects/ogxone/adjecent-boxes/node_modules/routing-controllers/types/driver/koa/KoaDriver', target file type 'TypeScript'.
File '/Users/valentinyelchenko/Projects/ogxone/adjecent-boxes/node_modules/routing-controllers/types/driver/koa/KoaDriver.ts' does not exist.
File '/Users/valentinyelchenko/Projects/ogxone/adjecent-boxes/node_modules/routing-controllers/types/driver/koa/KoaDriver.tsx' does not exist.
File '/Users/valentinyelchenko/Projects/ogxone/adjecent-boxes/node_modules/routing-controllers/types/driver/koa/KoaDriver.d.ts' exist - use it as a name resolution result.
File '/Users/valentinyelchenko/Projects/ogxone/adjecent-boxes/node_modules/routing-controllers/package.json' exists according to earlier cached lookups.
======== Module name './driver/koa/KoaDriver' was successfully resolved to '/Users/valentinyelchenko/Projects/ogxone/adjecent-boxes/node_modules/routing-controllers/types/driver/koa/KoaDriver.d.ts' with Package ID 'routing-controllers/types/driver/koa/KoaDriver.d.ts@0.9.0'. ========
======== Resolving module './Action' from '/Users/valentinyelchenko/Projects/ogxone/adjecent-boxes/node_modules/routing-controllers/types/CustomParameterDecorator.d.ts'. ========
Resolution for module './Action' was found in cache from location '/Users/valentinyelchenko/Projects/ogxone/adjecent-boxes/node_modules/routing-controllers/types'.
======== Module name './Action' was successfully resolved to '/Users/valentinyelchenko/Projects/ogxone/adjecent-boxes/node_modules/routing-controllers/types/Action.d.ts' with Package ID 'routing-controllers/types/Action.d.ts@0.9.0'. ========
======== Resolving module 'class-validator' from '/Users/valentinyelchenko/Projects/ogxone/adjecent-boxes/node_modules/routing-controllers/types/driver/BaseDriver.d.ts'. ========
Explicitly specified module resolution kind: 'NodeJs'.
'baseUrl' option is set to '/Users/valentinyelchenko/Projects/ogxone/adjecent-boxes', using this value to resolve non-relative module name 'class-validator'.
'paths' option is specified, looking for a pattern to match module name 'class-validator'.
'baseUrl' option is set to '/Users/valentinyelchenko/Projects/ogxone/adjecent-boxes', using this value to resolve non-relative module name 'class-validator'.
Resolving module name 'class-validator' relative to base url '/Users/valentinyelchenko/Projects/ogxone/adjecent-boxes' - '/Users/valentinyelchenko/Projects/ogxone/adjecent-boxes/class-validator'.
Loading module as file / folder, candidate module location '/Users/valentinyelchenko/Projects/ogxone/adjecent-boxes/class-validator', target file type 'TypeScript'.
File '/Users/valentinyelchenko/Projects/ogxone/adjecent-boxes/class-validator.ts' does not exist.
File '/Users/valentinyelchenko/Projects/ogxone/adjecent-boxes/class-validator.tsx' does not exist.
File '/Users/valentinyelchenko/Projects/ogxone/adjecent-boxes/class-validator.d.ts' does not exist.
Directory '/Users/valentinyelchenko/Projects/ogxone/adjecent-boxes/class-validator' does not exist, skipping all lookups in it.
Loading module 'class-validator' from 'node_modules' folder, target file type 'TypeScript'.
Directory '/Users/valentinyelchenko/Projects/ogxone/adjecent-boxes/node_modules/routing-controllers/types/driver/node_modules' does not exist, skipping all lookups in it.
Directory '/Users/valentinyelchenko/Projects/ogxone/adjecent-boxes/node_modules/routing-controllers/types/node_modules' does not exist, skipping all lookups in it.
File '/Users/valentinyelchenko/Projects/ogxone/adjecent-boxes/node_modules/routing-controllers/node_modules/class-validator.ts' does not exist.
File '/Users/valentinyelchenko/Projects/ogxone/adjecent-boxes/node_modules/routing-controllers/node_modules/class-validator.tsx' does not exist.
File '/Users/valentinyelchenko/Projects/ogxone/adjecent-boxes/node_modules/routing-controllers/node_modules/class-validator.d.ts' does not exist.
Directory '/Users/valentinyelchenko/Projects/ogxone/adjecent-boxes/node_modules/routing-controllers/node_modules/@types' does not exist, skipping all lookups in it.
Found 'package.json' at '/Users/valentinyelchenko/Projects/ogxone/adjecent-boxes/node_modules/class-validator/package.json'.
'package.json' does not have a 'typesVersions' field.
File '/Users/valentinyelchenko/Projects/ogxone/adjecent-boxes/node_modules/class-validator.ts' does not exist.
File '/Users/valentinyelchenko/Projects/ogxone/adjecent-boxes/node_modules/class-validator.tsx' does not exist.
File '/Users/valentinyelchenko/Projects/ogxone/adjecent-boxes/node_modules/class-validator.d.ts' does not exist.
'package.json' has 'typings' field './types/index.d.ts' that references '/Users/valentinyelchenko/Projects/ogxone/adjecent-boxes/node_modules/class-validator/types/index.d.ts'.
File '/Users/valentinyelchenko/Projects/ogxone/adjecent-boxes/node_modules/class-validator/types/index.d.ts' exist - use it as a name resolution result.
Resolving real path for '/Users/valentinyelchenko/Projects/ogxone/adjecent-boxes/node_modules/class-validator/types/index.d.ts', result '/Users/valentinyelchenko/Projects/ogxone/adjecent-boxes/node_modules/class-validator/types/index.d.ts'.
======== Module name 'class-validator' was successfully resolved to '/Users/valentinyelchenko/Projects/ogxone/adjecent-boxes/node_modules/class-validator/types/index.d.ts' with Package ID 'class-validator/types/index.d.ts@0.13.2'. ========
======== Resolving module 'class-transformer' from '/Users/valentinyelchenko/Projects/ogxone/adjecent-boxes/node_modules/routing-controllers/types/driver/BaseDriver.d.ts'. ========
Explicitly specified module resolution kind: 'NodeJs'.
'baseUrl' option is set to '/Users/valentinyelchenko/Projects/ogxone/adjecent-boxes', using this value to resolve non-relative module name 'class-transformer'.
'paths' option is specified, looking for a pattern to match module name 'class-transformer'.
'baseUrl' option is set to '/Users/valentinyelchenko/Projects/ogxone/adjecent-boxes', using this value to resolve non-relative module name 'class-transformer'.
Resolving module name 'class-transformer' relative to base url '/Users/valentinyelchenko/Projects/ogxone/adjecent-boxes' - '/Users/valentinyelchenko/Projects/ogxone/adjecent-boxes/class-transformer'.
Loading module as file / folder, candidate module location '/Users/valentinyelchenko/Projects/ogxone/adjecent-boxes/class-transformer', target file type 'TypeScript'.
File '/Users/valentinyelchenko/Projects/ogxone/adjecent-boxes/class-transformer.ts' does not exist.
File '/Users/valentinyelchenko/Projects/ogxone/adjecent-boxes/class-transformer.tsx' does not exist.
File '/Users/valentinyelchenko/Projects/ogxone/adjecent-boxes/class-transformer.d.ts' does not exist.
Directory '/Users/valentinyelchenko/Projects/ogxone/adjecent-boxes/class-transformer' does not exist, skipping all lookups in it.
Loading module 'class-transformer' from 'node_modules' folder, target file type 'TypeScript'.
Directory '/Users/valentinyelchenko/Projects/ogxone/adjecent-boxes/node_modules/routing-controllers/types/driver/node_modules' does not exist, skipping all lookups in it.
Directory '/Users/valentinyelchenko/Projects/ogxone/adjecent-boxes/node_modules/routing-controllers/types/node_modules' does not exist, skipping all lookups in it.
File '/Users/valentinyelchenko/Projects/ogxone/adjecent-boxes/node_modules/routing-controllers/node_modules/class-transformer.ts' does not exist.
File '/Users/valentinyelchenko/Projects/ogxone/adjecent-boxes/node_modules/routing-controllers/node_modules/class-transformer.tsx' does not exist.
File '/Users/valentinyelchenko/Projects/ogxone/adjecent-boxes/node_modules/routing-controllers/node_modules/class-transformer.d.ts' does not exist.
Directory '/Users/valentinyelchenko/Projects/ogxone/adjecent-boxes/node_modules/routing-controllers/node_modules/@types' does not exist, skipping all lookups in it.
Resolution for module 'class-transformer' was found in cache from location '/Users/valentinyelchenko/Projects/ogxone/adjecent-boxes'.
======== Module name 'class-transformer' was successfully resolved to '/Users/valentinyelchenko/Projects/ogxone/adjecent-boxes/node_modules/class-transformer/types/index.d.ts' with Package ID 'class-transformer/types/index.d.ts@0.5.1'. ========
======== Resolving module '../CurrentUserChecker' from '/Users/valentinyelchenko/Projects/ogxone/adjecent-boxes/node_modules/routing-controllers/types/driver/BaseDriver.d.ts'. ========
Explicitly specified module resolution kind: 'NodeJs'.
Loading module as file / folder, candidate module location '/Users/valentinyelchenko/Projects/ogxone/adjecent-boxes/node_modules/routing-controllers/types/CurrentUserChecker', target file type 'TypeScript'.
File '/Users/valentinyelchenko/Projects/ogxone/adjecent-boxes/node_modules/routing-controllers/types/CurrentUserChecker.ts' does not exist.
File '/Users/valentinyelchenko/Projects/ogxone/adjecent-boxes/node_modules/routing-controllers/types/CurrentUserChecker.tsx' does not exist.
File '/Users/valentinyelchenko/Projects/ogxone/adjecent-boxes/node_modules/routing-controllers/types/CurrentUserChecker.d.ts' exist - use it as a name resolution result.
File '/Users/valentinyelchenko/Projects/ogxone/adjecent-boxes/node_modules/routing-controllers/package.json' exists according to earlier cached lookups.
======== Module name '../CurrentUserChecker' was successfully resolved to '/Users/valentinyelchenko/Projects/ogxone/adjecent-boxes/node_modules/routing-controllers/types/CurrentUserChecker.d.ts' with Package ID 'routing-controllers/types/CurrentUserChecker.d.ts@0.9.0'. ========
======== Resolving module '../AuthorizationChecker' from '/Users/valentinyelchenko/Projects/ogxone/adjecent-boxes/node_modules/routing-controllers/types/driver/BaseDriver.d.ts'. ========
Explicitly specified module resolution kind: 'NodeJs'.
Loading module as file / folder, candidate module location '/Users/valentinyelchenko/Projects/ogxone/adjecent-boxes/node_modules/routing-controllers/types/AuthorizationChecker', target file type 'TypeScript'.
File '/Users/valentinyelchenko/Projects/ogxone/adjecent-boxes/node_modules/routing-controllers/types/AuthorizationChecker.ts' does not exist.
File '/Users/valentinyelchenko/Projects/ogxone/adjecent-boxes/node_modules/routing-controllers/types/AuthorizationChecker.tsx' does not exist.
File '/Users/valentinyelchenko/Projects/ogxone/adjecent-boxes/node_modules/routing-controllers/types/AuthorizationChecker.d.ts' exist - use it as a name resolution result.
File '/Users/valentinyelchenko/Projects/ogxone/adjecent-boxes/node_modules/routing-controllers/package.json' exists according to earlier cached lookups.
======== Module name '../AuthorizationChecker' was successfully resolved to '/Users/valentinyelchenko/Projects/ogxone/adjecent-boxes/node_modules/routing-controllers/types/AuthorizationChecker.d.ts' with Package ID 'routing-controllers/types/AuthorizationChecker.d.ts@0.9.0'. ========
======== Resolving module '../metadata/ActionMetadata' from '/Users/valentinyelchenko/Projects/ogxone/adjecent-boxes/node_modules/routing-controllers/types/driver/BaseDriver.d.ts'. ========
Explicitly specified module resolution kind: 'NodeJs'.
Loading module as file / folder, candidate module location '/Users/valentinyelchenko/Projects/ogxone/adjecent-boxes/node_modules/routing-controllers/types/metadata/ActionMetadata', target file type 'TypeScript'.
File '/Users/valentinyelchenko/Projects/ogxone/adjecent-boxes/node_modules/routing-controllers/types/metadata/ActionMetadata.ts' does not exist.
File '/Users/valentinyelchenko/Projects/ogxone/adjecent-boxes/node_modules/routing-controllers/types/metadata/ActionMetadata.tsx' does not exist.
File '/Users/valentinyelchenko/Projects/ogxone/adjecent-boxes/node_modules/routing-controllers/types/metadata/ActionMetadata.d.ts' exist - use it as a name resolution result.
File '/Users/valentinyelchenko/Projects/ogxone/adjecent-boxes/node_modules/routing-controllers/package.json' exists according to earlier cached lookups.
======== Module name '../metadata/ActionMetadata' was successfully resolved to '/Users/valentinyelchenko/Projects/ogxone/adjecent-boxes/node_modules/routing-controllers/types/metadata/ActionMetadata.d.ts' with Package ID 'routing-controllers/types/metadata/ActionMetadata.d.ts@0.9.0'. ========
======== Resolving module '../metadata/ParamMetadata' from '/Users/valentinyelchenko/Projects/ogxone/adjecent-boxes/node_modules/routing-controllers/types/driver/BaseDriver.d.ts'. ========
Explicitly specified module resolution kind: 'NodeJs'.
Loading module as file / folder, candidate module location '/Users/valentinyelchenko/Projects/ogxone/adjecent-boxes/node_modules/routing-controllers/types/metadata/ParamMetadata', target file type 'TypeScript'.
File '/Users/valentinyelchenko/Projects/ogxone/adjecent-boxes/node_modules/routing-controllers/types/metadata/ParamMetadata.ts' does not exist.
File '/Users/valentinyelchenko/Projects/ogxone/adjecent-boxes/node_modules/routing-controllers/types/metadata/ParamMetadata.tsx' does not exist.
File '/Users/valentinyelchenko/Projects/ogxone/adjecent-boxes/node_modules/routing-controllers/types/metadata/ParamMetadata.d.ts' exist - use it as a name resolution result.
File '/Users/valentinyelchenko/Projects/ogxone/adjecent-boxes/node_modules/routing-controllers/package.json' exists according to earlier cached lookups.
======== Module name '../metadata/ParamMetadata' was successfully resolved to '/Users/valentinyelchenko/Projects/ogxone/adjecent-boxes/node_modules/routing-controllers/types/metadata/ParamMetadata.d.ts' with Package ID 'routing-controllers/types/metadata/ParamMetadata.d.ts@0.9.0'. ========
======== Resolving module '../metadata/MiddlewareMetadata' from '/Users/valentinyelchenko/Projects/ogxone/adjecent-boxes/node_modules/routing-controllers/types/driver/BaseDriver.d.ts'. ========
Explicitly specified module resolution kind: 'NodeJs'.
Loading module as file / folder, candidate module location '/Users/valentinyelchenko/Projects/ogxone/adjecent-boxes/node_modules/routing-controllers/types/metadata/MiddlewareMetadata', target file type 'TypeScript'.
File '/Users/valentinyelchenko/Projects/ogxone/adjecent-boxes/node_modules/routing-controllers/types/metadata/MiddlewareMetadata.ts' does not exist.
File '/Users/valentinyelchenko/Projects/ogxone/adjecent-boxes/node_modules/routing-controllers/types/metadata/MiddlewareMetadata.tsx' does not exist.
File '/Users/valentinyelchenko/Projects/ogxone/adjecent-boxes/node_modules/routing-controllers/types/metadata/MiddlewareMetadata.d.ts' exist - use it as a name resolution result.
File '/Users/valentinyelchenko/Projects/ogxone/adjecent-boxes/node_modules/routing-controllers/package.json' exists according to earlier cached lookups.
======== Module name '../metadata/MiddlewareMetadata' was successfully resolved to '/Users/valentinyelchenko/Projects/ogxone/adjecent-boxes/node_modules/routing-controllers/types/metadata/MiddlewareMetadata.d.ts' with Package ID 'routing-controllers/types/metadata/MiddlewareMetadata.d.ts@0.9.0'. ========
======== Resolving module '../Action' from '/Users/valentinyelchenko/Projects/ogxone/adjecent-boxes/node_modules/routing-controllers/types/driver/BaseDriver.d.ts'. ========
Explicitly specified module resolution kind: 'NodeJs'.
Loading module as file / folder, candidate module location '/Users/valentinyelchenko/Projects/ogxone/adjecent-boxes/node_modules/routing-controllers/types/Action', target file type 'TypeScript'.
File '/Users/valentinyelchenko/Projects/ogxone/adjecent-boxes/node_modules/routing-controllers/types/Action.ts' does not exist.
File '/Users/valentinyelchenko/Projects/ogxone/adjecent-boxes/node_modules/routing-controllers/types/Action.tsx' does not exist.
File '/Users/valentinyelchenko/Projects/ogxone/adjecent-boxes/node_modules/routing-controllers/types/Action.d.ts' exist - use it as a name resolution result.
File '/Users/valentinyelchenko/Projects/ogxone/adjecent-boxes/node_modules/routing-controllers/package.json' exists according to earlier cached lookups.
======== Module name '../Action' was successfully resolved to '/Users/valentinyelchenko/Projects/ogxone/adjecent-boxes/node_modules/routing-controllers/types/Action.d.ts' with Package ID 'routing-controllers/types/Action.d.ts@0.9.0'. ========
======== Resolving module './validation/ValidationError' from '/Users/valentinyelchenko/Projects/ogxone/adjecent-boxes/node_modules/class-validator/types/index.d.ts'. ========
Explicitly specified module resolution kind: 'NodeJs'.
Loading module as file / folder, candidate module location '/Users/valentinyelchenko/Projects/ogxone/adjecent-boxes/node_modules/class-validator/types/validation/ValidationError', target file type 'TypeScript'.
File '/Users/valentinyelchenko/Projects/ogxone/adjecent-boxes/node_modules/class-validator/types/validation/ValidationError.ts' does not exist.
File '/Users/valentinyelchenko/Projects/ogxone/adjecent-boxes/node_modules/class-validator/types/validation/ValidationError.tsx' does not exist.
File '/Users/valentinyelchenko/Projects/ogxone/adjecent-boxes/node_modules/class-validator/types/validation/ValidationError.d.ts' exist - use it as a name resolution result.
File '/Users/valentinyelchenko/Projects/ogxone/adjecent-boxes/node_modules/class-validator/package.json' exists according to earlier cached lookups.
======== Module name './validation/ValidationError' was successfully resolved to '/Users/valentinyelchenko/Projects/ogxone/adjecent-boxes/node_modules/class-validator/types/validation/ValidationError.d.ts' with Package ID 'class-validator/types/validation/ValidationError.d.ts@0.13.2'. ========
======== Resolving module './validation/ValidatorOptions' from '/Users/valentinyelchenko/Projects/ogxone/adjecent-boxes/node_modules/class-validator/types/index.d.ts'. ========
Explicitly specified module resolution kind: 'NodeJs'.
Loading module as file / folder, candidate module location '/Users/valentinyelchenko/Projects/ogxone/adjecent-boxes/node_modules/class-validator/types/validation/ValidatorOptions', target file type 'TypeScript'.
File '/Users/valentinyelchenko/Projects/ogxone/adjecent-boxes/node_modules/class-validator/types/validation/ValidatorOptions.ts' does not exist.
File '/Users/valentinyelchenko/Projects/ogxone/adjecent-boxes/node_modules/class-validator/types/validation/ValidatorOptions.tsx' does not exist.
File '/Users/valentinyelchenko/Projects/ogxone/adjecent-boxes/node_modules/class-validator/types/validation/ValidatorOptions.d.ts' exist - use it as a name resolution result.
File '/Users/valentinyelchenko/Projects/ogxone/adjecent-boxes/node_modules/class-validator/package.json' exists according to earlier cached lookups.
======== Module name './validation/ValidatorOptions' was successfully resolved to '/Users/valentinyelchenko/Projects/ogxone/adjecent-boxes/node_modules/class-validator/types/validation/ValidatorOptions.d.ts' with Package ID 'class-validator/types/validation/ValidatorOptions.d.ts@0.13.2'. ========
======== Resolving module './validation-schema/ValidationSchema' from '/Users/valentinyelchenko/Projects/ogxone/adjecent-boxes/node_modules/class-validator/types/index.d.ts'. ========
Explicitly specified module resolution kind: 'NodeJs'.
Loading module as file / folder, candidate module location '/Users/valentinyelchenko/Projects/ogxone/adjecent-boxes/node_modules/class-validator/types/validation-schema/ValidationSchema', target file type 'TypeScript'.
File '/Users/valentinyelchenko/Projects/ogxone/adjecent-boxes/node_modules/class-validator/types/validation-schema/ValidationSchema.ts' does not exist.
File '/Users/valentinyelchenko/Projects/ogxone/adjecent-boxes/node_modules/class-validator/types/validation-schema/ValidationSchema.tsx' does not exist.
File '/Users/valentinyelchenko/Projects/ogxone/adjecent-boxes/node_modules/class-validator/types/validation-schema/ValidationSchema.d.ts' exist - use it as a name resolution result.
File '/Users/valentinyelchenko/Projects/ogxone/adjecent-boxes/node_modules/class-validator/package.json' exists according to earlier cached lookups.
======== Module name './validation-schema/ValidationSchema' was successfully resolved to '/Users/valentinyelchenko/Projects/ogxone/adjecent-boxes/node_modules/class-validator/types/validation-schema/ValidationSchema.d.ts' with Package ID 'class-validator/types/validation-schema/ValidationSchema.d.ts@0.13.2'. ========
======== Resolving module './container' from '/Users/valentinyelchenko/Projects/ogxone/adjecent-boxes/node_modules/class-validator/types/index.d.ts'. ========
Explicitly specified module resolution kind: 'NodeJs'.
Loading module as file / folder, candidate module location '/Users/valentinyelchenko/Projects/ogxone/adjecent-boxes/node_modules/class-validator/types/container', target file type 'TypeScript'.
File '/Users/valentinyelchenko/Projects/ogxone/adjecent-boxes/node_modules/class-validator/types/container.ts' does not exist.
File '/Users/valentinyelchenko/Projects/ogxone/adjecent-boxes/node_modules/class-validator/types/container.tsx' does not exist.
File '/Users/valentinyelchenko/Projects/ogxone/adjecent-boxes/node_modules/class-validator/types/container.d.ts' exist - use it as a name resolution result.
File '/Users/valentinyelchenko/Projects/ogxone/adjecent-boxes/node_modules/class-validator/package.json' exists according to earlier cached lookups.
======== Module name './container' was successfully resolved to '/Users/valentinyelchenko/Projects/ogxone/adjecent-boxes/node_modules/class-validator/types/container.d.ts' with Package ID 'class-validator/types/container.d.ts@0.13.2'. ========
======== Resolving module './decorator/decorators' from '/Users/valentinyelchenko/Projects/ogxone/adjecent-boxes/node_modules/class-validator/types/index.d.ts'. ========
Explicitly specified module resolution kind: 'NodeJs'.
Loading module as file / folder, candidate module location '/Users/valentinyelchenko/Projects/ogxone/adjecent-boxes/node_modules/class-validator/types/decorator/decorators', target file type 'TypeScript'.
File '/Users/valentinyelchenko/Projects/ogxone/adjecent-boxes/node_modules/class-validator/types/decorator/decorators.ts' does not exist.
File '/Users/valentinyelchenko/Projects/ogxone/adjecent-boxes/node_modules/class-validator/types/decorator/decorators.tsx' does not exist.
File '/Users/valentinyelchenko/Projects/ogxone/adjecent-boxes/node_modules/class-validator/types/decorator/decorators.d.ts' exist - use it as a name resolution result.
File '/Users/valentinyelchenko/Projects/ogxone/adjecent-boxes/node_modules/class-validator/package.json' exists according to earlier cached lookups.
======== Module name './decorator/decorators' was successfully resolved to '/Users/valentinyelchenko/Projects/ogxone/adjecent-boxes/node_modules/class-validator/types/decorator/decorators.d.ts' with Package ID 'class-validator/types/decorator/decorators.d.ts@0.13.2'. ========
======== Resolving module './decorator/ValidationOptions' from '/Users/valentinyelchenko/Projects/ogxone/adjecent-boxes/node_modules/class-validator/types/index.d.ts'. ========
Explicitly specified module resolution kind: 'NodeJs'.
Loading module as file / folder, candidate module location '/Users/valentinyelchenko/Projects/ogxone/adjecent-boxes/node_modules/class-validator/types/decorator/ValidationOptions', target file type 'TypeScript'.
File '/Users/valentinyelchenko/Projects/ogxone/adjecent-boxes/node_modules/class-validator/types/decorator/ValidationOptions.ts' does not exist.
File '/Users/valentinyelchenko/Projects/ogxone/adjecent-boxes/node_modules/class-validator/types/decorator/ValidationOptions.tsx' does not exist.
File '/Users/valentinyelchenko/Projects/ogxone/adjecent-boxes/node_modules/class-validator/types/decorator/ValidationOptions.d.ts' exist - use it as a name resolution result.
File '/Users/valentinyelchenko/Projects/ogxone/adjecent-boxes/node_modules/class-validator/package.json' exists according to earlier cached lookups.
======== Module name './decorator/ValidationOptions' was successfully resolved to '/Users/valentinyelchenko/Projects/ogxone/adjecent-boxes/node_modules/class-validator/types/decorator/ValidationOptions.d.ts' with Package ID 'class-validator/types/decorator/ValidationOptions.d.ts@0.13.2'. ========
======== Resolving module './validation/ValidatorConstraintInterface' from '/Users/valentinyelchenko/Projects/ogxone/adjecent-boxes/node_modules/class-validator/types/index.d.ts'. ========
Explicitly specified module resolution kind: 'NodeJs'.
Loading module as file / folder, candidate module location '/Users/valentinyelchenko/Projects/ogxone/adjecent-boxes/node_modules/class-validator/types/validation/ValidatorConstraintInterface', target file type 'TypeScript'.
File '/Users/valentinyelchenko/Projects/ogxone/adjecent-boxes/node_modules/class-validator/types/validation/ValidatorConstraintInterface.ts' does not exist.
File '/Users/valentinyelchenko/Projects/ogxone/adjecent-boxes/node_modules/class-validator/types/validation/ValidatorConstraintInterface.tsx' does not exist.
File '/Users/valentinyelchenko/Projects/ogxone/adjecent-boxes/node_modules/class-validator/types/validation/ValidatorConstraintInterface.d.ts' exist - use it as a name resolution result.
File '/Users/valentinyelchenko/Projects/ogxone/adjecent-boxes/node_modules/class-validator/package.json' exists according to earlier cached lookups.
======== Module name './validation/ValidatorConstraintInterface' was successfully resolved to '/Users/valentinyelchenko/Projects/ogxone/adjecent-boxes/node_modules/class-validator/types/validation/ValidatorConstraintInterface.d.ts' with Package ID 'class-validator/types/validation/ValidatorConstraintInterface.d.ts@0.13.2'. ========
======== Resolving module './validation/ValidationArguments' from '/Users/valentinyelchenko/Projects/ogxone/adjecent-boxes/node_modules/class-validator/types/index.d.ts'. ========
Explicitly specified module resolution kind: 'NodeJs'.
Loading module as file / folder, candidate module location '/Users/valentinyelchenko/Projects/ogxone/adjecent-boxes/node_modules/class-validator/types/validation/ValidationArguments', target file type 'TypeScript'.
File '/Users/valentinyelchenko/Projects/ogxone/adjecent-boxes/node_modules/class-validator/types/validation/ValidationArguments.ts' does not exist.
File '/Users/valentinyelchenko/Projects/ogxone/adjecent-boxes/node_modules/class-validator/types/validation/ValidationArguments.tsx' does not exist.
File '/Users/valentinyelchenko/Projects/ogxone/adjecent-boxes/node_modules/class-validator/types/validation/ValidationArguments.d.ts' exist - use it as a name resolution result.
File '/Users/valentinyelchenko/Projects/ogxone/adjecent-boxes/node_modules/class-validator/package.json' exists according to earlier cached lookups.
======== Module name './validation/ValidationArguments' was successfully resolved to '/Users/valentinyelchenko/Projects/ogxone/adjecent-boxes/node_modules/class-validator/types/validation/ValidationArguments.d.ts' with Package ID 'class-validator/types/validation/ValidationArguments.d.ts@0.13.2'. ========
======== Resolving module './validation/ValidationTypes' from '/Users/valentinyelchenko/Projects/ogxone/adjecent-boxes/node_modules/class-validator/types/index.d.ts'. ========
Explicitly specified module resolution kind: 'NodeJs'.
Loading module as file / folder, candidate module location '/Users/valentinyelchenko/Projects/ogxone/adjecent-boxes/node_modules/class-validator/types/validation/ValidationTypes', target file type 'TypeScript'.
File '/Users/valentinyelchenko/Projects/ogxone/adjecent-boxes/node_modules/class-validator/types/validation/ValidationTypes.ts' does not exist.
File '/Users/valentinyelchenko/Projects/ogxone/adjecent-boxes/node_modules/class-validator/types/validation/ValidationTypes.tsx' does not exist.
File '/Users/valentinyelchenko/Projects/ogxone/adjecent-boxes/node_modules/class-validator/types/validation/ValidationTypes.d.ts' exist - use it as a name resolution result.
File '/Users/valentinyelchenko/Projects/ogxone/adjecent-boxes/node_modules/class-validator/package.json' exists according to earlier cached lookups.
======== Module name './validation/ValidationTypes' was successfully resolved to '/Users/valentinyelchenko/Projects/ogxone/adjecent-boxes/node_modules/class-validator/types/validation/ValidationTypes.d.ts' with Package ID 'class-validator/types/validation/ValidationTypes.d.ts@0.13.2'. ========
======== Resolving module './validation/Validator' from '/Users/valentinyelchenko/Projects/ogxone/adjecent-boxes/node_modules/class-validator/types/index.d.ts'. ========
Explicitly specified module resolution kind: 'NodeJs'.
Loading module as file / folder, candidate module location '/Users/valentinyelchenko/Projects/ogxone/adjecent-boxes/node_modules/class-validator/types/validation/Validator', target file type 'TypeScript'.
File '/Users/valentinyelchenko/Projects/ogxone/adjecent-boxes/node_modules/class-validator/types/validation/Validator.ts' does not exist.
File '/Users/valentinyelchenko/Projects/ogxone/adjecent-boxes/node_modules/class-validator/types/validation/Validator.tsx' does not exist.
File '/Users/valentinyelchenko/Projects/ogxone/adjecent-boxes/node_modules/class-validator/types/validation/Validator.d.ts' exist - use it as a name resolution result.
File '/Users/valentinyelchenko/Projects/ogxone/adjecent-boxes/node_modules/class-validator/package.json' exists according to earlier cached lookups.
======== Module name './validation/Validator' was successfully resolved to '/Users/valentinyelchenko/Projects/ogxone/adjecent-boxes/node_modules/class-validator/types/validation/Validator.d.ts' with Package ID 'class-validator/types/validation/Validator.d.ts@0.13.2'. ========
======== Resolving module './register-decorator' from '/Users/valentinyelchenko/Projects/ogxone/adjecent-boxes/node_modules/class-validator/types/index.d.ts'. ========
Explicitly specified module resolution kind: 'NodeJs'.
Loading module as file / folder, candidate module location '/Users/valentinyelchenko/Projects/ogxone/adjecent-boxes/node_modules/class-validator/types/register-decorator', target file type 'TypeScript'.
File '/Users/valentinyelchenko/Projects/ogxone/adjecent-boxes/node_modules/class-validator/types/register-decorator.ts' does not exist.
File '/Users/valentinyelchenko/Projects/ogxone/adjecent-boxes/node_modules/class-validator/types/register-decorator.tsx' does not exist.
File '/Users/valentinyelchenko/Projects/ogxone/adjecent-boxes/node_modules/class-validator/types/register-decorator.d.ts' exist - use it as a name resolution result.
File '/Users/valentinyelchenko/Projects/ogxone/adjecent-boxes/node_modules/class-validator/package.json' exists according to earlier cached lookups.
======== Module name './register-decorator' was successfully resolved to '/Users/valentinyelchenko/Projects/ogxone/adjecent-boxes/node_modules/class-validator/types/register-decorator.d.ts' with Package ID 'class-validator/types/register-decorator.d.ts@0.13.2'. ========
======== Resolving module './metadata/MetadataStorage' from '/Users/valentinyelchenko/Projects/ogxone/adjecent-boxes/node_modules/class-validator/types/index.d.ts'. ========
Explicitly specified module resolution kind: 'NodeJs'.
Loading module as file / folder, candidate module location '/Users/valentinyelchenko/Projects/ogxone/adjecent-boxes/node_modules/class-validator/types/metadata/MetadataStorage', target file type 'TypeScript'.
File '/Users/valentinyelchenko/Projects/ogxone/adjecent-boxes/node_modules/class-validator/types/metadata/MetadataStorage.ts' does not exist.
File '/Users/valentinyelchenko/Projects/ogxone/adjecent-boxes/node_modules/class-validator/types/metadata/MetadataStorage.tsx' does not exist.
File '/Users/valentinyelchenko/Projects/ogxone/adjecent-boxes/node_modules/class-validator/types/metadata/MetadataStorage.d.ts' exist - use it as a name resolution result.
File '/Users/valentinyelchenko/Projects/ogxone/adjecent-boxes/node_modules/class-validator/package.json' exists according to earlier cached lookups.
======== Module name './metadata/MetadataStorage' was successfully resolved to '/Users/valentinyelchenko/Projects/ogxone/adjecent-boxes/node_modules/class-validator/types/metadata/MetadataStorage.d.ts' with Package ID 'class-validator/types/metadata/MetadataStorage.d.ts@0.13.2'. ========
======== Resolving module './common/Allow' from '/Users/valentinyelchenko/Projects/ogxone/adjecent-boxes/node_modules/class-validator/types/decorator/decorators.d.ts'. ========
Explicitly specified module resolution kind: 'NodeJs'.
Loading module as file / folder, candidate module location '/Users/valentinyelchenko/Projects/ogxone/adjecent-boxes/node_modules/class-validator/types/decorator/common/Allow', target file type 'TypeScript'.
File '/Users/valentinyelchenko/Projects/ogxone/adjecent-boxes/node_modules/class-validator/types/decorator/common/Allow.ts' does not exist.
File '/Users/valentinyelchenko/Projects/ogxone/adjecent-boxes/node_modules/class-validator/types/decorator/common/Allow.tsx' does not exist.
File '/Users/valentinyelchenko/Projects/ogxone/adjecent-boxes/node_modules/class-validator/types/decorator/common/Allow.d.ts' exist - use it as a name resolution result.
File '/Users/valentinyelchenko/Projects/ogxone/adjecent-boxes/node_modules/class-validator/package.json' exists according to earlier cached lookups.
======== Module name './common/Allow' was successfully resolved to '/Users/valentinyelchenko/Projects/ogxone/adjecent-boxes/node_modules/class-validator/types/decorator/common/Allow.d.ts' with Package ID 'class-validator/types/decorator/common/Allow.d.ts@0.13.2'. ========
======== Resolving module './common/IsDefined' from '/Users/valentinyelchenko/Projects/ogxone/adjecent-boxes/node_modules/class-validator/types/decorator/decorators.d.ts'. ========
Explicitly specified module resolution kind: 'NodeJs'.
Loading module as file / folder, candidate module location '/Users/valentinyelchenko/Projects/ogxone/adjecent-boxes/node_modules/class-validator/types/decorator/common/IsDefined', target file type 'TypeScript'.
File '/Users/valentinyelchenko/Projects/ogxone/adjecent-boxes/node_modules/class-validator/types/decorator/common/IsDefined.ts' does not exist.
File '/Users/valentinyelchenko/Projects/ogxone/adjecent-boxes/node_modules/class-validator/types/decorator/common/IsDefined.tsx' does not exist.
File '/Users/valentinyelchenko/Projects/ogxone/adjecent-boxes/node_modules/class-validator/types/decorator/common/IsDefined.d.ts' exist - use it as a name resolution result.
File '/Users/valentinyelchenko/Projects/ogxone/adjecent-boxes/node_modules/class-validator/package.json' exists according to earlier cached lookups.
======== Module name './common/IsDefined' was successfully resolved to '/Users/valentinyelchenko/Projects/ogxone/adjecent-boxes/node_modules/class-validator/types/decorator/common/IsDefined.d.ts' with Package ID 'class-validator/types/decorator/common/IsDefined.d.ts@0.13.2'. ========
======== Resolving module './common/IsOptional' from '/Users/valentinyelchenko/Projects/ogxone/adjecent-boxes/node_modules/class-validator/types/decorator/decorators.d.ts'. ========
Explicitly specified module resolution kind: 'NodeJs'.
Loading module as file / folder, candidate module location '/Users/valentinyelchenko/Projects/ogxone/adjecent-boxes/node_modules/class-validator/types/decorator/common/IsOptional', target file type 'TypeScript'.
File '/Users/valentinyelchenko/Projects/ogxone/adjecent-boxes/node_modules/class-validator/types/decorator/common/IsOptional.ts' does not exist.
File '/Users/valentinyelchenko/Projects/ogxone/adjecent-boxes/node_modules/class-validator/types/decorator/common/IsOptional.tsx' does not exist.
File '/Users/valentinyelchenko/Projects/ogxone/adjecent-boxes/node_modules/class-validator/types/decorator/common/IsOptional.d.ts' exist - use it as a name resolution result.
File '/Users/valentinyelchenko/Projects/ogxone/adjecent-boxes/node_modules/class-validator/package.json' exists according to earlier cached lookups.
======== Module name './common/IsOptional' was successfully resolved to '/Users/valentinyelchenko/Projects/ogxone/adjecent-boxes/node_modules/class-validator/types/decorator/common/IsOptional.d.ts' with Package ID 'class-validator/types/decorator/common/IsOptional.d.ts@0.13.2'. ========
======== Resolving module './common/Validate' from '/Users/valentinyelchenko/Projects/ogxone/adjecent-boxes/node_modules/class-validator/types/decorator/decorators.d.ts'. ========
Explicitly specified module resolution kind: 'NodeJs'.
Loading module as file / folder, candidate module location '/Users/valentinyelchenko/Projects/ogxone/adjecent-boxes/node_modules/class-validator/types/decorator/common/Validate', target file type 'TypeScript'.
File '/Users/valentinyelchenko/Projects/ogxone/adjecent-boxes/node_modules/class-validator/types/decorator/common/Validate.ts' does not exist.
File '/Users/valentinyelchenko/Projects/ogxone/adjecent-boxes/node_modules/class-validator/types/decorator/common/Validate.tsx' does not exist.
File '/Users/valentinyelchenko/Projects/ogxone/adjecent-boxes/node_modules/class-validator/types/decorator/common/Validate.d.ts' exist - use it as a name resolution result.
File '/Users/valentinyelchenko/Projects/ogxone/adjecent-boxes/node_modules/class-validator/package.json' exists according to earlier cached lookups.
======== Module name './common/Validate' was successfully resolved to '/Users/valentinyelchenko/Projects/ogxone/adjecent-boxes/node_modules/class-validator/types/decorator/common/Validate.d.ts' with Package ID 'class-validator/types/decorator/common/Validate.d.ts@0.13.2'. ========
======== Resolving module './common/ValidateBy' from '/Users/valentinyelchenko/Projects/ogxone/adjecent-boxes/node_modules/class-validator/types/decorator/decorators.d.ts'. ========
Explicitly specified module resolution kind: 'NodeJs'.
Loading module as file / folder, candidate module location '/Users/valentinyelchenko/Projects/ogxone/adjecent-boxes/node_modules/class-validator/types/decorator/common/ValidateBy', target file type 'TypeScript'.
File '/Users/valentinyelchenko/Projects/ogxone/adjecent-boxes/node_modules/class-validator/types/decorator/common/ValidateBy.ts' does not exist.
File '/Users/valentinyelchenko/Projects/ogxone/adjecent-boxes/node_modules/class-validator/types/decorator/common/ValidateBy.tsx' does not exist.
File '/Users/valentinyelchenko/Projects/ogxone/adjecent-boxes/node_modules/class-validator/types/decorator/common/ValidateBy.d.ts' exist - use it as a name resolution result.
File '/Users/valentinyelchenko/Projects/ogxone/adjecent-boxes/node_modules/class-validator/package.json' exists according to earlier cached lookups.
======== Module name './common/ValidateBy' was successfully resolved to '/Users/valentinyelchenko/Projects/ogxone/adjecent-boxes/node_modules/class-validator/types/decorator/common/ValidateBy.d.ts' with Package ID 'class-validator/types/decorator/common/ValidateBy.d.ts@0.13.2'. ========
======== Resolving module './common/ValidateIf' from '/Users/valentinyelchenko/Projects/ogxone/adjecent-boxes/node_modules/class-validator/types/decorator/decorators.d.ts'. ========
Explicitly specified module resolution kind: 'NodeJs'.
Loading module as file / folder, candidate module location '/Users/valentinyelchenko/Projects/ogxone/adjecent-boxes/node_modules/class-validator/types/decorator/common/ValidateIf', target file type 'TypeScript'.
File '/Users/valentinyelchenko/Projects/ogxone/adjecent-boxes/node_modules/class-validator/types/decorator/common/ValidateIf.ts' does not exist.
File '/Users/valentinyelchenko/Projects/ogxone/adjecent-boxes/node_modules/class-validator/types/decorator/common/ValidateIf.tsx' does not exist.
File '/Users/valentinyelchenko/Projects/ogxone/adjecent-boxes/node_modules/class-validator/types/decorator/common/ValidateIf.d.ts' exist - use it as a name resolution result.
File '/Users/valentinyelchenko/Projects/ogxone/adjecent-boxes/node_modules/class-validator/package.json' exists according to earlier cached lookups.
======== Module name './common/ValidateIf' was successfully resolved to '/Users/valentinyelchenko/Projects/ogxone/adjecent-boxes/node_modules/class-validator/types/decorator/common/ValidateIf.d.ts' with Package ID 'class-validator/types/decorator/common/ValidateIf.d.ts@0.13.2'. ========
======== Resolving module './common/ValidateNested' from '/Users/valentinyelchenko/Projects/ogxone/adjecent-boxes/node_modules/class-validator/types/decorator/decorators.d.ts'. ========
Explicitly specified module resolution kind: 'NodeJs'.
Loading module as file / folder, candidate module location '/Users/valentinyelchenko/Projects/ogxone/adjecent-boxes/node_modules/class-validator/types/decorator/common/ValidateNested', target file type 'TypeScript'.
File '/Users/valentinyelchenko/Projects/ogxone/adjecent-boxes/node_modules/class-validator/types/decorator/common/ValidateNested.ts' does not exist.
File '/Users/valentinyelchenko/Projects/ogxone/adjecent-boxes/node_modules/class-validator/types/decorator/common/ValidateNested.tsx' does not exist.
File '/Users/valentinyelchenko/Projects/ogxone/adjecent-boxes/node_modules/class-validator/types/decorator/common/ValidateNested.d.ts' exist - use it as a name resolution result.
File '/Users/valentinyelchenko/Projects/ogxone/adjecent-boxes/node_modules/class-validator/package.json' exists according to earlier cached lookups.
======== Module name './common/ValidateNested' was successfully resolved to '/Users/valentinyelchenko/Projects/ogxone/adjecent-boxes/node_modules/class-validator/types/decorator/common/ValidateNested.d.ts' with Package ID 'class-validator/types/decorator/common/ValidateNested.d.ts@0.13.2'. ========
======== Resolving module './common/ValidatePromise' from '/Users/valentinyelchenko/Projects/ogxone/adjecent-boxes/node_modules/class-validator/types/decorator/decorators.d.ts'. ========
Explicitly specified module resolution kind: 'NodeJs'.
Loading module as file / folder, candidate module location '/Users/valentinyelchenko/Projects/ogxone/adjecent-boxes/node_modules/class-validator/types/decorator/common/ValidatePromise', target file type 'TypeScript'.
File '/Users/valentinyelchenko/Projects/ogxone/adjecent-boxes/node_modules/class-validator/types/decorator/common/ValidatePromise.ts' does not exist.
File '/Users/valentinyelchenko/Projects/ogxone/adjecent-boxes/node_modules/class-validator/types/decorator/common/ValidatePromise.tsx' does not exist.
File '/Users/valentinyelchenko/Projects/ogxone/adjecent-boxes/node_modules/class-validator/types/decorator/common/ValidatePromise.d.ts' exist - use it as a name resolution result.
File '/Users/valentinyelchenko/Projects/ogxone/adjecent-boxes/node_modules/class-validator/package.json' exists according to earlier cached lookups.
======== Module name './common/ValidatePromise' was successfully resolved to '/Users/valentinyelchenko/Projects/ogxone/adjecent-boxes/node_modules/class-validator/types/decorator/common/ValidatePromise.d.ts' with Package ID 'class-validator/types/decorator/common/ValidatePromise.d.ts@0.13.2'. ========
======== Resolving module './common/IsLatLong' from '/Users/valentinyelchenko/Projects/ogxone/adjecent-boxes/node_modules/class-validator/types/decorator/decorators.d.ts'. ========
Explicitly specified module resolution kind: 'NodeJs'.
Loading module as file / folder, candidate module location '/Users/valentinyelchenko/Projects/ogxone/adjecent-boxes/node_modules/class-validator/types/decorator/common/IsLatLong', target file type 'TypeScript'.
File '/Users/valentinyelchenko/Projects/ogxone/adjecent-boxes/node_modules/class-validator/types/decorator/common/IsLatLong.ts' does not exist.
File '/Users/valentinyelchenko/Projects/ogxone/adjecent-boxes/node_modules/class-validator/types/decorator/common/IsLatLong.tsx' does not exist.
File '/Users/valentinyelchenko/Projects/ogxone/adjecent-boxes/node_modules/class-validator/types/decorator/common/IsLatLong.d.ts' exist - use it as a name resolution result.
File '/Users/valentinyelchenko/Projects/ogxone/adjecent-boxes/node_modules/class-validator/package.json' exists according to earlier cached lookups.
======== Module name './common/IsLatLong' was successfully resolved to '/Users/valentinyelchenko/Projects/ogxone/adjecent-boxes/node_modules/class-validator/types/decorator/common/IsLatLong.d.ts' with Package ID 'class-validator/types/decorator/common/IsLatLong.d.ts@0.13.2'. ========
======== Resolving module './common/IsLatitude' from '/Users/valentinyelchenko/Projects/ogxone/adjecent-boxes/node_modules/class-validator/types/decorator/decorators.d.ts'. ========
Explicitly specified module resolution kind: 'NodeJs'.
Loading module as file / folder, candidate module location '/Users/valentinyelchenko/Projects/ogxone/adjecent-boxes/node_modules/class-validator/types/decorator/common/IsLatitude', target file type 'TypeScript'.
File '/Users/valentinyelchenko/Projects/ogxone/adjecent-boxes/node_modules/class-validator/types/decorator/common/IsLatitude.ts' does not exist.
File '/Users/valentinyelchenko/Projects/ogxone/adjecent-boxes/node_modules/class-validator/types/decorator/common/IsLatitude.tsx' does not exist.
File '/Users/valentinyelchenko/Projects/ogxone/adjecent-boxes/node_modules/class-validator/types/decorator/common/IsLatitude.d.ts' exist - use it as a name resolution result.
File '/Users/valentinyelchenko/Projects/ogxone/adjecent-boxes/node_modules/class-validator/package.json' exists according to earlier cached lookups.
======== Module name './common/IsLatitude' was successfully resolved to '/Users/valentinyelchenko/Projects/ogxone/adjecent-boxes/node_modules/class-validator/types/decorator/common/IsLatitude.d.ts' with Package ID 'class-validator/types/decorator/common/IsLatitude.d.ts@0.13.2'. ========
======== Resolving module './common/IsLongitude' from '/Users/valentinyelchenko/Projects/ogxone/adjecent-boxes/node_modules/class-validator/types/decorator/decorators.d.ts'. ========
Explicitly specified module resolution kind: 'NodeJs'.
Loading module as file / folder, candidate module location '/Users/valentinyelchenko/Projects/ogxone/adjecent-boxes/node_modules/class-validator/types/decorator/common/IsLongitude', target file type 'TypeScript'.
File '/Users/valentinyelchenko/Projects/ogxone/adjecent-boxes/node_modules/class-validator/types/decorator/common/IsLongitude.ts' does not exist.
File '/Users/valentinyelchenko/Projects/ogxone/adjecent-boxes/node_modules/class-validator/types/decorator/common/IsLongitude.tsx' does not exist.
File '/Users/valentinyelchenko/Projects/ogxone/adjecent-boxes/node_modules/class-validator/types/decorator/common/IsLongitude.d.ts' exist - use it as a name resolution result.
File '/Users/valentinyelchenko/Projects/ogxone/adjecent-boxes/node_modules/class-validator/package.json' exists according to earlier cached lookups.
======== Module name './common/IsLongitude' was successfully resolved to '/Users/valentinyelchenko/Projects/ogxone/adjecent-boxes/node_modules/class-validator/types/decorator/common/IsLongitude.d.ts' with Package ID 'class-validator/types/decorator/common/IsLongitude.d.ts@0.13.2'. ========
======== Resolving module './common/Equals' from '/Users/valentinyelchenko/Projects/ogxone/adjecent-boxes/node_modules/class-validator/types/decorator/decorators.d.ts'. ========
Explicitly specified module resolution kind: 'NodeJs'.
Loading module as file / folder, candidate module location '/Users/valentinyelchenko/Projects/ogxone/adjecent-boxes/node_modules/class-validator/types/decorator/common/Equals', target file type 'TypeScript'.
File '/Users/valentinyelchenko/Projects/ogxone/adjecent-boxes/node_modules/class-validator/types/decorator/common/Equals.ts' does not exist.
File '/Users/valentinyelchenko/Projects/ogxone/adjecent-boxes/node_modules/class-validator/types/decorator/common/Equals.tsx' does not exist.
File '/Users/valentinyelchenko/Projects/ogxone/adjecent-boxes/node_modules/class-validator/types/decorator/common/Equals.d.ts' exist - use it as a name resolution result.
File '/Users/valentinyelchenko/Projects/ogxone/adjecent-boxes/node_modules/class-validator/package.json' exists according to earlier cached lookups.
======== Module name './common/Equals' was successfully resolved to '/Users/valentinyelchenko/Projects/ogxone/adjecent-boxes/node_modules/class-validator/types/decorator/common/Equals.d.ts' with Package ID 'class-validator/types/decorator/common/Equals.d.ts@0.13.2'. ========
======== Resolving module './common/NotEquals' from '/Users/valentinyelchenko/Projects/ogxone/adjecent-boxes/node_modules/class-validator/types/decorator/decorators.d.ts'. ========
Explicitly specified module resolution kind: 'NodeJs'.
Loading module as file / folder, candidate module location '/Users/valentinyelchenko/Projects/ogxone/adjecent-boxes/node_modules/class-validator/types/decorator/common/NotEquals', target file type 'TypeScript'.
File '/Users/valentinyelchenko/Projects/ogxone/adjecent-boxes/node_modules/class-validator/types/decorator/common/NotEquals.ts' does not exist.
File '/Users/valentinyelchenko/Projects/ogxone/adjecent-boxes/node_modules/class-validator/types/decorator/common/NotEquals.tsx' does not exist.
File '/Users/valentinyelchenko/Projects/ogxone/adjecent-boxes/node_modules/class-validator/types/decorator/common/NotEquals.d.ts' exist - use it as a name resolution result.
File '/Users/valentinyelchenko/Projects/ogxone/adjecent-boxes/node_modules/class-validator/package.json' exists according to earlier cached lookups.
======== Module name './common/NotEquals' was successfully resolved to '/Users/valentinyelchenko/Projects/ogxone/adjecent-boxes/node_modules/class-validator/types/decorator/common/NotEquals.d.ts' with Package ID 'class-validator/types/decorator/common/NotEquals.d.ts@0.13.2'. ========
======== Resolving module './common/IsEmpty' from '/Users/valentinyelchenko/Projects/ogxone/adjecent-boxes/node_modules/class-validator/types/decorator/decorators.d.ts'. ========
Explicitly specified module resolution kind: 'NodeJs'.
Loading module as file / folder, candidate module location '/Users/valentinyelchenko/Projects/ogxone/adjecent-boxes/node_modules/class-validator/types/decorator/common/IsEmpty', target file type 'TypeScript'.
File '/Users/valentinyelchenko/Projects/ogxone/adjecent-boxes/node_modules/class-validator/types/decorator/common/IsEmpty.ts' does not exist.
File '/Users/valentinyelchenko/Projects/ogxone/adjecent-boxes/node_modules/class-validator/types/decorator/common/IsEmpty.tsx' does not exist.
File '/Users/valentinyelchenko/Projects/ogxone/adjecent-boxes/node_modules/class-validator/types/decorator/common/IsEmpty.d.ts' exist - use it as a name resolution result.
File '/Users/valentinyelchenko/Projects/ogxone/adjecent-boxes/node_modules/class-validator/package.json' exists according to earlier cached lookups.
======== Module name './common/IsEmpty' was successfully resolved to '/Users/valentinyelchenko/Projects/ogxone/adjecent-boxes/node_modules/class-validator/types/decorator/common/IsEmpty.d.ts' with Package ID 'class-validator/types/decorator/common/IsEmpty.d.ts@0.13.2'. ========
======== Resolving module './common/IsNotEmpty' from '/Users/valentinyelchenko/Projects/ogxone/adjecent-boxes/node_modules/class-validator/types/decorator/decorators.d.ts'. ========
Explicitly specified module resolution kind: 'NodeJs'.
Loading module as file / folder, candidate module location '/Users/valentinyelchenko/Projects/ogxone/adjecent-boxes/node_modules/class-validator/types/decorator/common/IsNotEmpty', target file type 'TypeScript'.
File '/Users/valentinyelchenko/Projects/ogxone/adjecent-boxes/node_modules/class-validator/types/decorator/common/IsNotEmpty.ts' does not exist.
File '/Users/valentinyelchenko/Projects/ogxone/adjecent-boxes/node_modules/class-validator/types/decorator/common/IsNotEmpty.tsx' does not exist.
File '/Users/valentinyelchenko/Projects/ogxone/adjecent-boxes/node_modules/class-validator/types/decorator/common/IsNotEmpty.d.ts' exist - use it as a name resolution result.
File '/Users/valentinyelchenko/Projects/ogxone/adjecent-boxes/node_modules/class-validator/package.json' exists according to earlier cached lookups.
======== Module name './common/IsNotEmpty' was successfully resolved to '/Users/valentinyelchenko/Projects/ogxone/adjecent-boxes/node_modules/class-validator/types/decorator/common/IsNotEmpty.d.ts' with Package ID 'class-validator/types/decorator/common/IsNotEmpty.d.ts@0.13.2'. ========
======== Resolving module './common/IsIn' from '/Users/valentinyelchenko/Projects/ogxone/adjecent-boxes/node_modules/class-validator/types/decorator/decorators.d.ts'. ========
Explicitly specified module resolution kind: 'NodeJs'.
Loading module as file / folder, candidate module location '/Users/valentinyelchenko/Projects/ogxone/adjecent-boxes/node_modules/class-validator/types/decorator/common/IsIn', target file type 'TypeScript'.
File '/Users/valentinyelchenko/Projects/ogxone/adjecent-boxes/node_modules/class-validator/types/decorator/common/IsIn.ts' does not exist.
File '/Users/valentinyelchenko/Projects/ogxone/adjecent-boxes/node_modules/class-validator/types/decorator/common/IsIn.tsx' does not exist.
File '/Users/valentinyelchenko/Projects/ogxone/adjecent-boxes/node_modules/class-validator/types/decorator/common/IsIn.d.ts' exist - use it as a name resolution result.
File '/Users/valentinyelchenko/Projects/ogxone/adjecent-boxes/node_modules/class-validator/package.json' exists according to earlier cached lookups.
======== Module name './common/IsIn' was successfully resolved to '/Users/valentinyelchenko/Projects/ogxone/adjecent-boxes/node_modules/class-validator/types/decorator/common/IsIn.d.ts' with Package ID 'class-validator/types/decorator/common/IsIn.d.ts@0.13.2'. ========
======== Resolving module './common/IsNotIn' from '/Users/valentinyelchenko/Projects/ogxone/adjecent-boxes/node_modules/class-validator/types/decorator/decorators.d.ts'. ========
Explicitly specified module resolution kind: 'NodeJs'.
Loading module as file / folder, candidate module location '/Users/valentinyelchenko/Projects/ogxone/adjecent-boxes/node_modules/class-validator/types/decorator/common/IsNotIn', target file type 'TypeScript'.
File '/Users/valentinyelchenko/Projects/ogxone/adjecent-boxes/node_modules/class-validator/types/decorator/common/IsNotIn.ts' does not exist.
File '/Users/valentinyelchenko/Projects/ogxone/adjecent-boxes/node_modules/class-validator/types/decorator/common/IsNotIn.tsx' does not exist.
File '/Users/valentinyelchenko/Projects/ogxone/adjecent-boxes/node_modules/class-validator/types/decorator/common/IsNotIn.d.ts' exist - use it as a name resolution result.
File '/Users/valentinyelchenko/Projects/ogxone/adjecent-boxes/node_modules/class-validator/package.json' exists according to earlier cached lookups.
======== Module name './common/IsNotIn' was successfully resolved to '/Users/valentinyelchenko/Projects/ogxone/adjecent-boxes/node_modules/class-validator/types/decorator/common/IsNotIn.d.ts' with Package ID 'class-validator/types/decorator/common/IsNotIn.d.ts@0.13.2'. ========
======== Resolving module './number/IsDivisibleBy' from '/Users/valentinyelchenko/Projects/ogxone/adjecent-boxes/node_modules/class-validator/types/decorator/decorators.d.ts'. ========
Explicitly specified module resolution kind: 'NodeJs'.
Loading module as file / folder, candidate module location '/Users/valentinyelchenko/Projects/ogxone/adjecent-boxes/node_modules/class-validator/types/decorator/number/IsDivisibleBy', target file type 'TypeScript'.
File '/Users/valentinyelchenko/Projects/ogxone/adjecent-boxes/node_modules/class-validator/types/decorator/number/IsDivisibleBy.ts' does not exist.
File '/Users/valentinyelchenko/Projects/ogxone/adjecent-boxes/node_modules/class-validator/types/decorator/number/IsDivisibleBy.tsx' does not exist.
File '/Users/valentinyelchenko/Projects/ogxone/adjecent-boxes/node_modules/class-validator/types/decorator/number/IsDivisibleBy.d.ts' exist - use it as a name resolution result.
File '/Users/valentinyelchenko/Projects/ogxone/adjecent-boxes/node_modules/class-validator/package.json' exists according to earlier cached lookups.
======== Module name './number/IsDivisibleBy' was successfully resolved to '/Users/valentinyelchenko/Projects/ogxone/adjecent-boxes/node_modules/class-validator/types/decorator/number/IsDivisibleBy.d.ts' with Package ID 'class-validator/types/decorator/number/IsDivisibleBy.d.ts@0.13.2'. ========
======== Resolving module './number/IsPositive' from '/Users/valentinyelchenko/Projects/ogxone/adjecent-boxes/node_modules/class-validator/types/decorator/decorators.d.ts'. ========
Explicitly specified module resolution kind: 'NodeJs'.
Loading module as file / folder, candidate module location '/Users/valentinyelchenko/Projects/ogxone/adjecent-boxes/node_modules/class-validator/types/decorator/number/IsPositive', target file type 'TypeScript'.
File '/Users/valentinyelchenko/Projects/ogxone/adjecent-boxes/node_modules/class-validator/types/decorator/number/IsPositive.ts' does not exist.
File '/Users/valentinyelchenko/Projects/ogxone/adjecent-boxes/node_modules/class-validator/types/decorator/number/IsPositive.tsx' does not exist.
File '/Users/valentinyelchenko/Projects/ogxone/adjecent-boxes/node_modules/class-validator/types/decorator/number/IsPositive.d.ts' exist - use it as a name resolution result.
File '/Users/valentinyelchenko/Projects/ogxone/adjecent-boxes/node_modules/class-validator/package.json' exists according to earlier cached lookups.
======== Module name './number/IsPositive' was successfully resolved to '/Users/valentinyelchenko/Projects/ogxone/adjecent-boxes/node_modules/class-validator/types/decorator/number/IsPositive.d.ts' with Package ID 'class-validator/types/decorator/number/IsPositive.d.ts@0.13.2'. ========
======== Resolving module './number/IsNegative' from '/Users/valentinyelchenko/Projects/ogxone/adjecent-boxes/node_modules/class-validator/types/decorator/decorators.d.ts'. ========
Explicitly specified module resolution kind: 'NodeJs'.
Loading module as file / folder, candidate module location '/Users/valentinyelchenko/Projects/ogxone/adjecent-boxes/node_modules/class-validator/types/decorator/number/IsNegative', target file type 'TypeScript'.
File '/Users/valentinyelchenko/Projects/ogxone/adjecent-boxes/node_modules/class-validator/types/decorator/number/IsNegative.ts' does not exist.
File '/Users/valentinyelchenko/Projects/ogxone/adjecent-boxes/node_modules/class-validator/types/decorator/number/IsNegative.tsx' does not exist.
File '/Users/valentinyelchenko/Projects/ogxone/adjecent-boxes/node_modules/class-validator/types/decorator/number/IsNegative.d.ts' exist - use it as a name resolution result.
File '/Users/valentinyelchenko/Projects/ogxone/adjecent-boxes/node_modules/class-validator/package.json' exists according to earlier cached lookups.
======== Module name './number/IsNegative' was successfully resolved to '/Users/valentinyelchenko/Projects/ogxone/adjecent-boxes/node_modules/class-validator/types/decorator/number/IsNegative.d.ts' with Package ID 'class-validator/types/decorator/number/IsNegative.d.ts@0.13.2'. ========
======== Resolving module './number/Max' from '/Users/valentinyelchenko/Projects/ogxone/adjecent-boxes/node_modules/class-validator/types/decorator/decorators.d.ts'. ========
Explicitly specified module resolution kind: 'NodeJs'.
Loading module as file / folder, candidate module location '/Users/valentinyelchenko/Projects/ogxone/adjecent-boxes/node_modules/class-validator/types/decorator/number/Max', target file type 'TypeScript'.
File '/Users/valentinyelchenko/Projects/ogxone/adjecent-boxes/node_modules/class-validator/types/decorator/number/Max.ts' does not exist.
File '/Users/valentinyelchenko/Projects/ogxone/adjecent-boxes/node_modules/class-validator/types/decorator/number/Max.tsx' does not exist.
File '/Users/valentinyelchenko/Projects/ogxone/adjecent-boxes/node_modules/class-validator/types/decorator/number/Max.d.ts' exist - use it as a name resolution result.
File '/Users/valentinyelchenko/Projects/ogxone/adjecent-boxes/node_modules/class-validator/package.json' exists according to earlier cached lookups.
======== Module name './number/Max' was successfully resolved to '/Users/valentinyelchenko/Projects/ogxone/adjecent-boxes/node_modules/class-validator/types/decorator/number/Max.d.ts' with Package ID 'class-validator/types/decorator/number/Max.d.ts@0.13.2'. ========
======== Resolving module './number/Min' from '/Users/valentinyelchenko/Projects/ogxone/adjecent-boxes/node_modules/class-validator/types/decorator/decorators.d.ts'. ========
Explicitly specified module resolution kind: 'NodeJs'.
Loading module as file / folder, candidate module location '/Users/valentinyelchenko/Projects/ogxone/adjecent-boxes/node_modules/class-validator/types/decorator/number/Min', target file type 'TypeScript'.
File '/Users/valentinyelchenko/Projects/ogxone/adjecent-boxes/node_modules/class-validator/types/decorator/number/Min.ts' does not exist.
File '/Users/valentinyelchenko/Projects/ogxone/adjecent-boxes/node_modules/class-validator/types/decorator/number/Min.tsx' does not exist.
File '/Users/valentinyelchenko/Projects/ogxone/adjecent-boxes/node_modules/class-validator/types/decorator/number/Min.d.ts' exist - use it as a name resolution result.
File '/Users/valentinyelchenko/Projects/ogxone/adjecent-boxes/node_modules/class-validator/package.json' exists according to earlier cached lookups.
======== Module name './number/Min' was successfully resolved to '/Users/valentinyelchenko/Projects/ogxone/adjecent-boxes/node_modules/class-validator/types/decorator/number/Min.d.ts' with Package ID 'class-validator/types/decorator/number/Min.d.ts@0.13.2'. ========
======== Resolving module './date/MinDate' from '/Users/valentinyelchenko/Projects/ogxone/adjecent-boxes/node_modules/class-validator/types/decorator/decorators.d.ts'. ========
Explicitly specified module resolution kind: 'NodeJs'.
Loading module as file / folder, candidate module location '/Users/valentinyelchenko/Projects/ogxone/adjecent-boxes/node_modules/class-validator/types/decorator/date/MinDate', target file type 'TypeScript'.
File '/Users/valentinyelchenko/Projects/ogxone/adjecent-boxes/node_modules/class-validator/types/decorator/date/MinDate.ts' does not exist.
File '/Users/valentinyelchenko/Projects/ogxone/adjecent-boxes/node_modules/class-validator/types/decorator/date/MinDate.tsx' does not exist.
File '/Users/valentinyelchenko/Projects/ogxone/adjecent-boxes/node_modules/class-validator/types/decorator/date/MinDate.d.ts' exist - use it as a name resolution result.
File '/Users/valentinyelchenko/Projects/ogxone/adjecent-boxes/node_modules/class-validator/package.json' exists according to earlier cached lookups.
======== Module name './date/MinDate' was successfully resolved to '/Users/valentinyelchenko/Projects/ogxone/adjecent-boxes/node_modules/class-validator/types/decorator/date/MinDate.d.ts' with Package ID 'class-validator/types/decorator/date/MinDate.d.ts@0.13.2'. ========
======== Resolving module './date/MaxDate' from '/Users/valentinyelchenko/Projects/ogxone/adjecent-boxes/node_modules/class-validator/types/decorator/decorators.d.ts'. ========
Explicitly specified module resolution kind: 'NodeJs'.
Loading module as file / folder, candidate module location '/Users/valentinyelchenko/Projects/ogxone/adjecent-boxes/node_modules/class-validator/types/decorator/date/MaxDate', target file type 'TypeScript'.
File '/Users/valentinyelchenko/Projects/ogxone/adjecent-boxes/node_modules/class-validator/types/decorator/date/MaxDate.ts' does not exist.
File '/Users/valentinyelchenko/Projects/ogxone/adjecent-boxes/node_modules/class-validator/types/decorator/date/MaxDate.tsx' does not exist.
File '/Users/valentinyelchenko/Projects/ogxone/adjecent-boxes/node_modules/class-validator/types/decorator/date/MaxDate.d.ts' exist - use it as a name resolution result.
File '/Users/valentinyelchenko/Projects/ogxone/adjecent-boxes/node_modules/class-validator/package.json' exists according to earlier cached lookups.
======== Module name './date/MaxDate' was successfully resolved to '/Users/valentinyelchenko/Projects/ogxone/adjecent-boxes/node_modules/class-validator/types/decorator/date/MaxDate.d.ts' with Package ID 'class-validator/types/decorator/date/MaxDate.d.ts@0.13.2'. ========
======== Resolving module './string/Contains' from '/Users/valentinyelchenko/Projects/ogxone/adjecent-boxes/node_modules/class-validator/types/decorator/decorators.d.ts'. ========
Explicitly specified module resolution kind: 'NodeJs'.
Loading module as file / folder, candidate module location '/Users/valentinyelchenko/Projects/ogxone/adjecent-boxes/node_modules/class-validator/types/decorator/string/Contains', target file type 'TypeScript'.
File '/Users/valentinyelchenko/Projects/ogxone/adjecent-boxes/node_modules/class-validator/types/decorator/string/Contains.ts' does not exist.
File '/Users/valentinyelchenko/Projects/ogxone/adjecent-boxes/node_modules/class-validator/types/decorator/string/Contains.tsx' does not exist.
File '/Users/valentinyelchenko/Projects/ogxone/adjecent-boxes/node_modules/class-validator/types/decorator/string/Contains.d.ts' exist - use it as a name resolution result.
File '/Users/valentinyelchenko/Projects/ogxone/adjecent-boxes/node_modules/class-validator/package.json' exists according to earlier cached lookups.
======== Module name './string/Contains' was successfully resolved to '/Users/valentinyelchenko/Projects/ogxone/adjecent-boxes/node_modules/class-validator/types/decorator/string/Contains.d.ts' with Package ID 'class-validator/types/decorator/string/Contains.d.ts@0.13.2'. ========
======== Resolving module './string/NotContains' from '/Users/valentinyelchenko/Projects/ogxone/adjecent-boxes/node_modules/class-validator/types/decorator/decorators.d.ts'. ========
Explicitly specified module resolution kind: 'NodeJs'.
Loading module as file / folder, candidate module location '/Users/valentinyelchenko/Projects/ogxone/adjecent-boxes/node_modules/class-validator/types/decorator/string/NotContains', target file type 'TypeScript'.
File '/Users/valentinyelchenko/Projects/ogxone/adjecent-boxes/node_modules/class-validator/types/decorator/string/NotContains.ts' does not exist.
File '/Users/valentinyelchenko/Projects/ogxone/adjecent-boxes/node_modules/class-validator/types/decorator/string/NotContains.tsx' does not exist.
File '/Users/valentinyelchenko/Projects/ogxone/adjecent-boxes/node_modules/class-validator/types/decorator/string/NotContains.d.ts' exist - use it as a name resolution result.
File '/Users/valentinyelchenko/Projects/ogxone/adjecent-boxes/node_modules/class-validator/package.json' exists according to earlier cached lookups.
======== Module name './string/NotContains' was successfully resolved to '/Users/valentinyelchenko/Projects/ogxone/adjecent-boxes/node_modules/class-validator/types/decorator/string/NotContains.d.ts' with Package ID 'class-validator/types/decorator/string/NotContains.d.ts@0.13.2'. ========
======== Resolving module './string/IsAlpha' from '/Users/valentinyelchenko/Projects/ogxone/adjecent-boxes/node_modules/class-validator/types/decorator/decorators.d.ts'. ========
Explicitly specified module resolution kind: 'NodeJs'.
Loading module as file / folder, candidate module location '/Users/valentinyelchenko/Projects/ogxone/adjecent-boxes/node_modules/class-validator/types/decorator/string/IsAlpha', target file type 'TypeScript'.
File '/Users/valentinyelchenko/Projects/ogxone/adjecent-boxes/node_modules/class-validator/types/decorator/string/IsAlpha.ts' does not exist.
File '/Users/valentinyelchenko/Projects/ogxone/adjecent-boxes/node_modules/class-validator/types/decorator/string/IsAlpha.tsx' does not exist.
File '/Users/valentinyelchenko/Projects/ogxone/adjecent-boxes/node_modules/class-validator/types/decorator/string/IsAlpha.d.ts' exist - use it as a name resolution result.
File '/Users/valentinyelchenko/Projects/ogxone/adjecent-boxes/node_modules/class-validator/package.json' exists according to earlier cached lookups.
======== Module name './string/IsAlpha' was successfully resolved to '/Users/valentinyelchenko/Projects/ogxone/adjecent-boxes/node_modules/class-validator/types/decorator/string/IsAlpha.d.ts' with Package ID 'class-validator/types/decorator/string/IsAlpha.d.ts@0.13.2'. ========
======== Resolving module './string/IsAlphanumeric' from '/Users/valentinyelchenko/Projects/ogxone/adjecent-boxes/node_modules/class-validator/types/decorator/decorators.d.ts'. ========
Explicitly specified module resolution kind: 'NodeJs'.
Loading module as file / folder, candidate module location '/Users/valentinyelchenko/Projects/ogxone/adjecent-boxes/node_modules/class-validator/types/decorator/string/IsAlphanumeric', target file type 'TypeScript'.
File '/Users/valentinyelchenko/Projects/ogxone/adjecent-boxes/node_modules/class-validator/types/decorator/string/IsAlphanumeric.ts' does not exist.
File '/Users/valentinyelchenko/Projects/ogxone/adjecent-boxes/node_modules/class-validator/types/decorator/string/IsAlphanumeric.tsx' does not exist.
File '/Users/valentinyelchenko/Projects/ogxone/adjecent-boxes/node_modules/class-validator/types/decorator/string/IsAlphanumeric.d.ts' exist - use it as a name resolution result.
File '/Users/valentinyelchenko/Projects/ogxone/adjecent-boxes/node_modules/class-validator/package.json' exists according to earlier cached lookups.
======== Module name './string/IsAlphanumeric' was successfully resolved to '/Users/valentinyelchenko/Projects/ogxone/adjecent-boxes/node_modules/class-validator/types/decorator/string/IsAlphanumeric.d.ts' with Package ID 'class-validator/types/decorator/string/IsAlphanumeric.d.ts@0.13.2'. ========
======== Resolving module './string/IsDecimal' from '/Users/valentinyelchenko/Projects/ogxone/adjecent-boxes/node_modules/class-validator/types/decorator/decorators.d.ts'. ========
Explicitly specified module resolution kind: 'NodeJs'.
Loading module as file / folder, candidate module location '/Users/valentinyelchenko/Projects/ogxone/adjecent-boxes/node_modules/class-validator/types/decorator/string/IsDecimal', target file type 'TypeScript'.
File '/Users/valentinyelchenko/Projects/ogxone/adjecent-boxes/node_modules/class-validator/types/decorator/string/IsDecimal.ts' does not exist.
File '/Users/valentinyelchenko/Projects/ogxone/adjecent-boxes/node_modules/class-validator/types/decorator/string/IsDecimal.tsx' does not exist.
File '/Users/valentinyelchenko/Projects/ogxone/adjecent-boxes/node_modules/class-validator/types/decorator/string/IsDecimal.d.ts' exist - use it as a name resolution result.
File '/Users/valentinyelchenko/Projects/ogxone/adjecent-boxes/node_modules/class-validator/package.json' exists according to earlier cached lookups.
======== Module name './string/IsDecimal' was successfully resolved to '/Users/valentinyelchenko/Projects/ogxone/adjecent-boxes/node_modules/class-validator/types/decorator/string/IsDecimal.d.ts' with Package ID 'class-validator/types/decorator/string/IsDecimal.d.ts@0.13.2'. ========
======== Resolving module './string/IsAscii' from '/Users/valentinyelchenko/Projects/ogxone/adjecent-boxes/node_modules/class-validator/types/decorator/decorators.d.ts'. ========
Explicitly specified module resolution kind: 'NodeJs'.
Loading module as file / folder, candidate module location '/Users/valentinyelchenko/Projects/ogxone/adjecent-boxes/node_modules/class-validator/types/decorator/string/IsAscii', target file type 'TypeScript'.
File '/Users/valentinyelchenko/Projects/ogxone/adjecent-boxes/node_modules/class-validator/types/decorator/string/IsAscii.ts' does not exist.
File '/Users/valentinyelchenko/Projects/ogxone/adjecent-boxes/node_modules/class-validator/types/decorator/string/IsAscii.tsx' does not exist.
File '/Users/valentinyelchenko/Projects/ogxone/adjecent-boxes/node_modules/class-validator/types/decorator/string/IsAscii.d.ts' exist - use it as a name resolution result.
File '/Users/valentinyelchenko/Projects/ogxone/adjecent-boxes/node_modules/class-validator/package.json' exists according to earlier cached lookups.
======== Module name './string/IsAscii' was successfully resolved to '/Users/valentinyelchenko/Projects/ogxone/adjecent-boxes/node_modules/class-validator/types/decorator/string/IsAscii.d.ts' with Package ID 'class-validator/types/decorator/string/IsAscii.d.ts@0.13.2'. ========
======== Resolving module './string/IsBase64' from '/Users/valentinyelchenko/Projects/ogxone/adjecent-boxes/node_modules/class-validator/types/decorator/decorators.d.ts'. ========
Explicitly specified module resolution kind: 'NodeJs'.
Loading module as file / folder, candidate module location '/Users/valentinyelchenko/Projects/ogxone/adjecent-boxes/node_modules/class-validator/types/decorator/string/IsBase64', target file type 'TypeScript'.
File '/Users/valentinyelchenko/Projects/ogxone/adjecent-boxes/node_modules/class-validator/types/decorator/string/IsBase64.ts' does not exist.
File '/Users/valentinyelchenko/Projects/ogxone/adjecent-boxes/node_modules/class-validator/types/decorator/string/IsBase64.tsx' does not exist.
File '/Users/valentinyelchenko/Projects/ogxone/adjecent-boxes/node_modules/class-validator/types/decorator/string/IsBase64.d.ts' exist - use it as a name resolution result.
File '/Users/valentinyelchenko/Projects/ogxone/adjecent-boxes/node_modules/class-validator/package.json' exists according to earlier cached lookups.
======== Module name './string/IsBase64' was successfully resolved to '/Users/valentinyelchenko/Projects/ogxone/adjecent-boxes/node_modules/class-validator/types/decorator/string/IsBase64.d.ts' with Package ID 'class-validator/types/decorator/string/IsBase64.d.ts@0.13.2'. ========
======== Resolving module './string/IsByteLength' from '/Users/valentinyelchenko/Projects/ogxone/adjecent-boxes/node_modules/class-validator/types/decorator/decorators.d.ts'. ========
Explicitly specified module resolution kind: 'NodeJs'.
Loading module as file / folder, candidate module location '/Users/valentinyelchenko/Projects/ogxone/adjecent-boxes/node_modules/class-validator/types/decorator/string/IsByteLength', target file type 'TypeScript'.
File '/Users/valentinyelchenko/Projects/ogxone/adjecent-boxes/node_modules/class-validator/types/decorator/string/IsByteLength.ts' does not exist.
File '/Users/valentinyelchenko/Projects/ogxone/adjecent-boxes/node_modules/class-validator/types/decorator/string/IsByteLength.tsx' does not exist.
File '/Users/valentinyelchenko/Projects/ogxone/adjecent-boxes/node_modules/class-validator/types/decorator/string/IsByteLength.d.ts' exist - use it as a name resolution result.
File '/Users/valentinyelchenko/Projects/ogxone/adjecent-boxes/node_modules/class-validator/package.json' exists according to earlier cached lookups.
======== Module name './string/IsByteLength' was successfully resolved to '/Users/valentinyelchenko/Projects/ogxone/adjecent-boxes/node_modules/class-validator/types/decorator/string/IsByteLength.d.ts' with Package ID 'class-validator/types/decorator/string/IsByteLength.d.ts@0.13.2'. ========
======== Resolving module './string/IsCreditCard' from '/Users/valentinyelchenko/Projects/ogxone/adjecent-boxes/node_modules/class-validator/types/decorator/decorators.d.ts'. ========
Explicitly specified module resolution kind: 'NodeJs'.
Loading module as file / folder, candidate module location '/Users/valentinyelchenko/Projects/ogxone/adjecent-boxes/node_modules/class-validator/types/decorator/string/IsCreditCard', target file type 'TypeScript'.
File '/Users/valentinyelchenko/Projects/ogxone/adjecent-boxes/node_modules/class-validator/types/decorator/string/IsCreditCard.ts' does not exist.
File '/Users/valentinyelchenko/Projects/ogxone/adjecent-boxes/node_modules/class-validator/types/decorator/string/IsCreditCard.tsx' does not exist.
File '/Users/valentinyelchenko/Projects/ogxone/adjecent-boxes/node_modules/class-validator/types/decorator/string/IsCreditCard.d.ts' exist - use it as a name resolution result.
File '/Users/valentinyelchenko/Projects/ogxone/adjecent-boxes/node_modules/class-validator/package.json' exists according to earlier cached lookups.
======== Module name './string/IsCreditCard' was successfully resolved to '/Users/valentinyelchenko/Projects/ogxone/adjecent-boxes/node_modules/class-validator/types/decorator/string/IsCreditCard.d.ts' with Package ID 'class-validator/types/decorator/string/IsCreditCard.d.ts@0.13.2'. ========
======== Resolving module './string/IsCurrency' from '/Users/valentinyelchenko/Projects/ogxone/adjecent-boxes/node_modules/class-validator/types/decorator/decorators.d.ts'. ========
Explicitly specified module resolution kind: 'NodeJs'.
Loading module as file / folder, candidate module location '/Users/valentinyelchenko/Projects/ogxone/adjecent-boxes/node_modules/class-validator/types/decorator/string/IsCurrency', target file type 'TypeScript'.
File '/Users/valentinyelchenko/Projects/ogxone/adjecent-boxes/node_modules/class-validator/types/decorator/string/IsCurrency.ts' does not exist.
File '/Users/valentinyelchenko/Projects/ogxone/adjecent-boxes/node_modules/class-validator/types/decorator/string/IsCurrency.tsx' does not exist.
File '/Users/valentinyelchenko/Projects/ogxone/adjecent-boxes/node_modules/class-validator/types/decorator/string/IsCurrency.d.ts' exist - use it as a name resolution result.
File '/Users/valentinyelchenko/Projects/ogxone/adjecent-boxes/node_modules/class-validator/package.json' exists according to earlier cached lookups.
======== Module name './string/IsCurrency' was successfully resolved to '/Users/valentinyelchenko/Projects/ogxone/adjecent-boxes/node_modules/class-validator/types/decorator/string/IsCurrency.d.ts' with Package ID 'class-validator/types/decorator/string/IsCurrency.d.ts@0.13.2'. ========
======== Resolving module './string/IsEmail' from '/Users/valentinyelchenko/Projects/ogxone/adjecent-boxes/node_modules/class-validator/types/decorator/decorators.d.ts'. ========
Explicitly specified module resolution kind: 'NodeJs'.
Loading module as file / folder, candidate module location '/Users/valentinyelchenko/Projects/ogxone/adjecent-boxes/node_modules/class-validator/types/decorator/string/IsEmail', target file type 'TypeScript'.
File '/Users/valentinyelchenko/Projects/ogxone/adjecent-boxes/node_modules/class-validator/types/decorator/string/IsEmail.ts' does not exist.
File '/Users/valentinyelchenko/Projects/ogxone/adjecent-boxes/node_modules/class-validator/types/decorator/string/IsEmail.tsx' does not exist.
File '/Users/valentinyelchenko/Projects/ogxone/adjecent-boxes/node_modules/class-validator/types/decorator/string/IsEmail.d.ts' exist - use it as a name resolution result.
File '/Users/valentinyelchenko/Projects/ogxone/adjecent-boxes/node_modules/class-validator/package.json' exists according to earlier cached lookups.
======== Module name './string/IsEmail' was successfully resolved to '/Users/valentinyelchenko/Projects/ogxone/adjecent-boxes/node_modules/class-validator/types/decorator/string/IsEmail.d.ts' with Package ID 'class-validator/types/decorator/string/IsEmail.d.ts@0.13.2'. ========
======== Resolving module './string/IsFQDN' from '/Users/valentinyelchenko/Projects/ogxone/adjecent-boxes/node_modules/class-validator/types/decorator/decorators.d.ts'. ========
Explicitly specified module resolution kind: 'NodeJs'.
Loading module as file / folder, candidate module location '/Users/valentinyelchenko/Projects/ogxone/adjecent-boxes/node_modules/class-validator/types/decorator/string/IsFQDN', target file type 'TypeScript'.
File '/Users/valentinyelchenko/Projects/ogxone/adjecent-boxes/node_modules/class-validator/types/decorator/string/IsFQDN.ts' does not exist.
File '/Users/valentinyelchenko/Projects/ogxone/adjecent-boxes/node_modules/class-validator/types/decorator/string/IsFQDN.tsx' does not exist.
File '/Users/valentinyelchenko/Projects/ogxone/adjecent-boxes/node_modules/class-validator/types/decorator/string/IsFQDN.d.ts' exist - use it as a name resolution result.
File '/Users/valentinyelchenko/Projects/ogxone/adjecent-boxes/node_modules/class-validator/package.json' exists according to earlier cached lookups.
======== Module name './string/IsFQDN' was successfully resolved to '/Users/valentinyelchenko/Projects/ogxone/adjecent-boxes/node_modules/class-validator/types/decorator/string/IsFQDN.d.ts' with Package ID 'class-validator/types/decorator/string/IsFQDN.d.ts@0.13.2'. ========
======== Resolving module './string/IsFullWidth' from '/Users/valentinyelchenko/Projects/ogxone/adjecent-boxes/node_modules/class-validator/types/decorator/decorators.d.ts'. ========
Explicitly specified module resolution kind: 'NodeJs'.
Loading module as file / folder, candidate module location '/Users/valentinyelchenko/Projects/ogxone/adjecent-boxes/node_modules/class-validator/types/decorator/string/IsFullWidth', target file type 'TypeScript'.
File '/Users/valentinyelchenko/Projects/ogxone/adjecent-boxes/node_modules/class-validator/types/decorator/string/IsFullWidth.ts' does not exist.
File '/Users/valentinyelchenko/Projects/ogxone/adjecent-boxes/node_modules/class-validator/types/decorator/string/IsFullWidth.tsx' does not exist.
File '/Users/valentinyelchenko/Projects/ogxone/adjecent-boxes/node_modules/class-validator/types/decorator/string/IsFullWidth.d.ts' exist - use it as a name resolution result.
File '/Users/valentinyelchenko/Projects/ogxone/adjecent-boxes/node_modules/class-validator/package.json' exists according to earlier cached lookups.
======== Module name './string/IsFullWidth' was successfully resolved to '/Users/valentinyelchenko/Projects/ogxone/adjecent-boxes/node_modules/class-validator/types/decorator/string/IsFullWidth.d.ts' with Package ID 'class-validator/types/decorator/string/IsFullWidth.d.ts@0.13.2'. ========
======== Resolving module './string/IsHalfWidth' from '/Users/valentinyelchenko/Projects/ogxone/adjecent-boxes/node_modules/class-validator/types/decorator/decorators.d.ts'. ========
Explicitly specified module resolution kind: 'NodeJs'.
Loading module as file / folder, candidate module location '/Users/valentinyelchenko/Projects/ogxone/adjecent-boxes/node_modules/class-validator/types/decorator/string/IsHalfWidth', target file type 'TypeScript'.
File '/Users/valentinyelchenko/Projects/ogxone/adjecent-boxes/node_modules/class-validator/types/decorator/string/IsHalfWidth.ts' does not exist.
File '/Users/valentinyelchenko/Projects/ogxone/adjecent-boxes/node_modules/class-validator/types/decorator/string/IsHalfWidth.tsx' does not exist.
File '/Users/valentinyelchenko/Projects/ogxone/adjecent-boxes/node_modules/class-validator/types/decorator/string/IsHalfWidth.d.ts' exist - use it as a name resolution result.
File '/Users/valentinyelchenko/Projects/ogxone/adjecent-boxes/node_modules/class-validator/package.json' exists according to earlier cached lookups.
======== Module name './string/IsHalfWidth' was successfully resolved to '/Users/valentinyelchenko/Projects/ogxone/adjecent-boxes/node_modules/class-validator/types/decorator/string/IsHalfWidth.d.ts' with Package ID 'class-validator/types/decorator/string/IsHalfWidth.d.ts@0.13.2'. ========
======== Resolving module './string/IsVariableWidth' from '/Users/valentinyelchenko/Projects/ogxone/adjecent-boxes/node_modules/class-validator/types/decorator/decorators.d.ts'. ========
Explicitly specified module resolution kind: 'NodeJs'.
Loading module as file / folder, candidate module location '/Users/valentinyelchenko/Projects/ogxone/adjecent-boxes/node_modules/class-validator/types/decorator/string/IsVariableWidth', target file type 'TypeScript'.
File '/Users/valentinyelchenko/Projects/ogxone/adjecent-boxes/node_modules/class-validator/types/decorator/string/IsVariableWidth.ts' does not exist.
File '/Users/valentinyelchenko/Projects/ogxone/adjecent-boxes/node_modules/class-validator/types/decorator/string/IsVariableWidth.tsx' does not exist.
File '/Users/valentinyelchenko/Projects/ogxone/adjecent-boxes/node_modules/class-validator/types/decorator/string/IsVariableWidth.d.ts' exist - use it as a name resolution result.
File '/Users/valentinyelchenko/Projects/ogxone/adjecent-boxes/node_modules/class-validator/package.json' exists according to earlier cached lookups.
======== Module name './string/IsVariableWidth' was successfully resolved to '/Users/valentinyelchenko/Projects/ogxone/adjecent-boxes/node_modules/class-validator/types/decorator/string/IsVariableWidth.d.ts' with Package ID 'class-validator/types/decorator/string/IsVariableWidth.d.ts@0.13.2'. ========
======== Resolving module './string/IsHexColor' from '/Users/valentinyelchenko/Projects/ogxone/adjecent-boxes/node_modules/class-validator/types/decorator/decorators.d.ts'. ========
Explicitly specified module resolution kind: 'NodeJs'.
Loading module as file / folder, candidate module location '/Users/valentinyelchenko/Projects/ogxone/adjecent-boxes/node_modules/class-validator/types/decorator/string/IsHexColor', target file type 'TypeScript'.
File '/Users/valentinyelchenko/Projects/ogxone/adjecent-boxes/node_modules/class-validator/types/decorator/string/IsHexColor.ts' does not exist.
File '/Users/valentinyelchenko/Projects/ogxone/adjecent-boxes/node_modules/class-validator/types/decorator/string/IsHexColor.tsx' does not exist.
File '/Users/valentinyelchenko/Projects/ogxone/adjecent-boxes/node_modules/class-validator/types/decorator/string/IsHexColor.d.ts' exist - use it as a name resolution result.
File '/Users/valentinyelchenko/Projects/ogxone/adjecent-boxes/node_modules/class-validator/package.json' exists according to earlier cached lookups.
======== Module name './string/IsHexColor' was successfully resolved to '/Users/valentinyelchenko/Projects/ogxone/adjecent-boxes/node_modules/class-validator/types/decorator/string/IsHexColor.d.ts' with Package ID 'class-validator/types/decorator/string/IsHexColor.d.ts@0.13.2'. ========
======== Resolving module './string/IsHexadecimal' from '/Users/valentinyelchenko/Projects/ogxone/adjecent-boxes/node_modules/class-validator/types/decorator/decorators.d.ts'. ========
Explicitly specified module resolution kind: 'NodeJs'.
Loading module as file / folder, candidate module location '/Users/valentinyelchenko/Projects/ogxone/adjecent-boxes/node_modules/class-validator/types/decorator/string/IsHexadecimal', target file type 'TypeScript'.
File '/Users/valentinyelchenko/Projects/ogxone/adjecent-boxes/node_modules/class-validator/types/decorator/string/IsHexadecimal.ts' does not exist.
File '/Users/valentinyelchenko/Projects/ogxone/adjecent-boxes/node_modules/class-validator/types/decorator/string/IsHexadecimal.tsx' does not exist.
File '/Users/valentinyelchenko/Projects/ogxone/adjecent-boxes/node_modules/class-validator/types/decorator/string/IsHexadecimal.d.ts' exist - use it as a name resolution result.
File '/Users/valentinyelchenko/Projects/ogxone/adjecent-boxes/node_modules/class-validator/package.json' exists according to earlier cached lookups.
======== Module name './string/IsHexadecimal' was successfully resolved to '/Users/valentinyelchenko/Projects/ogxone/adjecent-boxes/node_modules/class-validator/types/decorator/string/IsHexadecimal.d.ts' with Package ID 'class-validator/types/decorator/string/IsHexadecimal.d.ts@0.13.2'. ========
======== Resolving module './string/IsMacAddress' from '/Users/valentinyelchenko/Projects/ogxone/adjecent-boxes/node_modules/class-validator/types/decorator/decorators.d.ts'. ========
Explicitly specified module resolution kind: 'NodeJs'.
Loading module as file / folder, candidate module location '/Users/valentinyelchenko/Projects/ogxone/adjecent-boxes/node_modules/class-validator/types/decorator/string/IsMacAddress', target file type 'TypeScript'.
File '/Users/valentinyelchenko/Projects/ogxone/adjecent-boxes/node_modules/class-validator/types/decorator/string/IsMacAddress.ts' does not exist.
File '/Users/valentinyelchenko/Projects/ogxone/adjecent-boxes/node_modules/class-validator/types/decorator/string/IsMacAddress.tsx' does not exist.
File '/Users/valentinyelchenko/Projects/ogxone/adjecent-boxes/node_modules/class-validator/types/decorator/string/IsMacAddress.d.ts' exist - use it as a name resolution result.
File '/Users/valentinyelchenko/Projects/ogxone/adjecent-boxes/node_modules/class-validator/package.json' exists according to earlier cached lookups.
======== Module name './string/IsMacAddress' was successfully resolved to '/Users/valentinyelchenko/Projects/ogxone/adjecent-boxes/node_modules/class-validator/types/decorator/string/IsMacAddress.d.ts' with Package ID 'class-validator/types/decorator/string/IsMacAddress.d.ts@0.13.2'. ========
======== Resolving module './string/IsIP' from '/Users/valentinyelchenko/Projects/ogxone/adjecent-boxes/node_modules/class-validator/types/decorator/decorators.d.ts'. ========
Explicitly specified module resolution kind: 'NodeJs'.
Loading module as file / folder, candidate module location '/Users/valentinyelchenko/Projects/ogxone/adjecent-boxes/node_modules/class-validator/types/decorator/string/IsIP', target file type 'TypeScript'.
File '/Users/valentinyelchenko/Projects/ogxone/adjecent-boxes/node_modules/class-validator/types/decorator/string/IsIP.ts' does not exist.
File '/Users/valentinyelchenko/Projects/ogxone/adjecent-boxes/node_modules/class-validator/types/decorator/string/IsIP.tsx' does not exist.
File '/Users/valentinyelchenko/Projects/ogxone/adjecent-boxes/node_modules/class-validator/types/decorator/string/IsIP.d.ts' exist - use it as a name resolution result.
File '/Users/valentinyelchenko/Projects/ogxone/adjecent-boxes/node_modules/class-validator/package.json' exists according to earlier cached lookups.
======== Module name './string/IsIP' was successfully resolved to '/Users/valentinyelchenko/Projects/ogxone/adjecent-boxes/node_modules/class-validator/types/decorator/string/IsIP.d.ts' with Package ID 'class-validator/types/decorator/string/IsIP.d.ts@0.13.2'. ========
======== Resolving module './string/IsPort' from '/Users/valentinyelchenko/Projects/ogxone/adjecent-boxes/node_modules/class-validator/types/decorator/decorators.d.ts'. ========
Explicitly specified module resolution kind: 'NodeJs'.
Loading module as file / folder, candidate module location '/Users/valentinyelchenko/Projects/ogxone/adjecent-boxes/node_modules/class-validator/types/decorator/string/IsPort', target file type 'TypeScript'.
File '/Users/valentinyelchenko/Projects/ogxone/adjecent-boxes/node_modules/class-validator/types/decorator/string/IsPort.ts' does not exist.
File '/Users/valentinyelchenko/Projects/ogxone/adjecent-boxes/node_modules/class-validator/types/decorator/string/IsPort.tsx' does not exist.
File '/Users/valentinyelchenko/Projects/ogxone/adjecent-boxes/node_modules/class-validator/types/decorator/string/IsPort.d.ts' exist - use it as a name resolution result.
File '/Users/valentinyelchenko/Projects/ogxone/adjecent-boxes/node_modules/class-validator/package.json' exists according to earlier cached lookups.
======== Module name './string/IsPort' was successfully resolved to '/Users/valentinyelchenko/Projects/ogxone/adjecent-boxes/node_modules/class-validator/types/decorator/string/IsPort.d.ts' with Package ID 'class-validator/types/decorator/string/IsPort.d.ts@0.13.2'. ========
======== Resolving module './string/IsISBN' from '/Users/valentinyelchenko/Projects/ogxone/adjecent-boxes/node_modules/class-validator/types/decorator/decorators.d.ts'. ========
Explicitly specified module resolution kind: 'NodeJs'.
Loading module as file / folder, candidate module location '/Users/valentinyelchenko/Projects/ogxone/adjecent-boxes/node_modules/class-validator/types/decorator/string/IsISBN', target file type 'TypeScript'.
File '/Users/valentinyelchenko/Projects/ogxone/adjecent-boxes/node_modules/class-validator/types/decorator/string/IsISBN.ts' does not exist.
File '/Users/valentinyelchenko/Projects/ogxone/adjecent-boxes/node_modules/class-validator/types/decorator/string/IsISBN.tsx' does not exist.
File '/Users/valentinyelchenko/Projects/ogxone/adjecent-boxes/node_modules/class-validator/types/decorator/string/IsISBN.d.ts' exist - use it as a name resolution result.
File '/Users/valentinyelchenko/Projects/ogxone/adjecent-boxes/node_modules/class-validator/package.json' exists according to earlier cached lookups.
======== Module name './string/IsISBN' was successfully resolved to '/Users/valentinyelchenko/Projects/ogxone/adjecent-boxes/node_modules/class-validator/types/decorator/string/IsISBN.d.ts' with Package ID 'class-validator/types/decorator/string/IsISBN.d.ts@0.13.2'. ========
======== Resolving module './string/IsISIN' from '/Users/valentinyelchenko/Projects/ogxone/adjecent-boxes/node_modules/class-validator/types/decorator/decorators.d.ts'. ========
Explicitly specified module resolution kind: 'NodeJs'.
Loading module as file / folder, candidate module location '/Users/valentinyelchenko/Projects/ogxone/adjecent-boxes/node_modules/class-validator/types/decorator/string/IsISIN', target file type 'TypeScript'.
File '/Users/valentinyelchenko/Projects/ogxone/adjecent-boxes/node_modules/class-validator/types/decorator/string/IsISIN.ts' does not exist.
File '/Users/valentinyelchenko/Projects/ogxone/adjecent-boxes/node_modules/class-validator/types/decorator/string/IsISIN.tsx' does not exist.
File '/Users/valentinyelchenko/Projects/ogxone/adjecent-boxes/node_modules/class-validator/types/decorator/string/IsISIN.d.ts' exist - use it as a name resolution result.
File '/Users/valentinyelchenko/Projects/ogxone/adjecent-boxes/node_modules/class-validator/package.json' exists according to earlier cached lookups.
======== Module name './string/IsISIN' was successfully resolved to '/Users/valentinyelchenko/Projects/ogxone/adjecent-boxes/node_modules/class-validator/types/decorator/string/IsISIN.d.ts' with Package ID 'class-validator/types/decorator/string/IsISIN.d.ts@0.13.2'. ========
======== Resolving module './string/IsISO8601' from '/Users/valentinyelchenko/Projects/ogxone/adjecent-boxes/node_modules/class-validator/types/decorator/decorators.d.ts'. ========
Explicitly specified module resolution kind: 'NodeJs'.
Loading module as file / folder, candidate module location '/Users/valentinyelchenko/Projects/ogxone/adjecent-boxes/node_modules/class-validator/types/decorator/string/IsISO8601', target file type 'TypeScript'.
File '/Users/valentinyelchenko/Projects/ogxone/adjecent-boxes/node_modules/class-validator/types/decorator/string/IsISO8601.ts' does not exist.
File '/Users/valentinyelchenko/Projects/ogxone/adjecent-boxes/node_modules/class-validator/types/decorator/string/IsISO8601.tsx' does not exist.
File '/Users/valentinyelchenko/Projects/ogxone/adjecent-boxes/node_modules/class-validator/types/decorator/string/IsISO8601.d.ts' exist - use it as a name resolution result.
File '/Users/valentinyelchenko/Projects/ogxone/adjecent-boxes/node_modules/class-validator/package.json' exists according to earlier cached lookups.
======== Module name './string/IsISO8601' was successfully resolved to '/Users/valentinyelchenko/Projects/ogxone/adjecent-boxes/node_modules/class-validator/types/decorator/string/IsISO8601.d.ts' with Package ID 'class-validator/types/decorator/string/IsISO8601.d.ts@0.13.2'. ========
======== Resolving module './string/IsJSON' from '/Users/valentinyelchenko/Projects/ogxone/adjecent-boxes/node_modules/class-validator/types/decorator/decorators.d.ts'. ========
Explicitly specified module resolution kind: 'NodeJs'.
Loading module as file / folder, candidate module location '/Users/valentinyelchenko/Projects/ogxone/adjecent-boxes/node_modules/class-validator/types/decorator/string/IsJSON', target file type 'TypeScript'.
File '/Users/valentinyelchenko/Projects/ogxone/adjecent-boxes/node_modules/class-validator/types/decorator/string/IsJSON.ts' does not exist.
File '/Users/valentinyelchenko/Projects/ogxone/adjecent-boxes/node_modules/class-validator/types/decorator/string/IsJSON.tsx' does not exist.
File '/Users/valentinyelchenko/Projects/ogxone/adjecent-boxes/node_modules/class-validator/types/decorator/string/IsJSON.d.ts' exist - use it as a name resolution result.
File '/Users/valentinyelchenko/Projects/ogxone/adjecent-boxes/node_modules/class-validator/package.json' exists according to earlier cached lookups.
======== Module name './string/IsJSON' was successfully resolved to '/Users/valentinyelchenko/Projects/ogxone/adjecent-boxes/node_modules/class-validator/types/decorator/string/IsJSON.d.ts' with Package ID 'class-validator/types/decorator/string/IsJSON.d.ts@0.13.2'. ========
======== Resolving module './string/IsJWT' from '/Users/valentinyelchenko/Projects/ogxone/adjecent-boxes/node_modules/class-validator/types/decorator/decorators.d.ts'. ========
Explicitly specified module resolution kind: 'NodeJs'.
Loading module as file / folder, candidate module location '/Users/valentinyelchenko/Projects/ogxone/adjecent-boxes/node_modules/class-validator/types/decorator/string/IsJWT', target file type 'TypeScript'.
File '/Users/valentinyelchenko/Projects/ogxone/adjecent-boxes/node_modules/class-validator/types/decorator/string/IsJWT.ts' does not exist.
File '/Users/valentinyelchenko/Projects/ogxone/adjecent-boxes/node_modules/class-validator/types/decorator/string/IsJWT.tsx' does not exist.
File '/Users/valentinyelchenko/Projects/ogxone/adjecent-boxes/node_modules/class-validator/types/decorator/string/IsJWT.d.ts' exist - use it as a name resolution result.
File '/Users/valentinyelchenko/Projects/ogxone/adjecent-boxes/node_modules/class-validator/package.json' exists according to earlier cached lookups.
======== Module name './string/IsJWT' was successfully resolved to '/Users/valentinyelchenko/Projects/ogxone/adjecent-boxes/node_modules/class-validator/types/decorator/string/IsJWT.d.ts' with Package ID 'class-validator/types/decorator/string/IsJWT.d.ts@0.13.2'. ========
======== Resolving module './string/IsLowercase' from '/Users/valentinyelchenko/Projects/ogxone/adjecent-boxes/node_modules/class-validator/types/decorator/decorators.d.ts'. ========
Explicitly specified module resolution kind: 'NodeJs'.
Loading module as file / folder, candidate module location '/Users/valentinyelchenko/Projects/ogxone/adjecent-boxes/node_modules/class-validator/types/decorator/string/IsLowercase', target file type 'TypeScript'.
File '/Users/valentinyelchenko/Projects/ogxone/adjecent-boxes/node_modules/class-validator/types/decorator/string/IsLowercase.ts' does not exist.
File '/Users/valentinyelchenko/Projects/ogxone/adjecent-boxes/node_modules/class-validator/types/decorator/string/IsLowercase.tsx' does not exist.
File '/Users/valentinyelchenko/Projects/ogxone/adjecent-boxes/node_modules/class-validator/types/decorator/string/IsLowercase.d.ts' exist - use it as a name resolution result.
File '/Users/valentinyelchenko/Projects/ogxone/adjecent-boxes/node_modules/class-validator/package.json' exists according to earlier cached lookups.
======== Module name './string/IsLowercase' was successfully resolved to '/Users/valentinyelchenko/Projects/ogxone/adjecent-boxes/node_modules/class-validator/types/decorator/string/IsLowercase.d.ts' with Package ID 'class-validator/types/decorator/string/IsLowercase.d.ts@0.13.2'. ========
======== Resolving module './string/IsMobilePhone' from '/Users/valentinyelchenko/Projects/ogxone/adjecent-boxes/node_modules/class-validator/types/decorator/decorators.d.ts'. ========
Explicitly specified module resolution kind: 'NodeJs'.
Loading module as file / folder, candidate module location '/Users/valentinyelchenko/Projects/ogxone/adjecent-boxes/node_modules/class-validator/types/decorator/string/IsMobilePhone', target file type 'TypeScript'.
File '/Users/valentinyelchenko/Projects/ogxone/adjecent-boxes/node_modules/class-validator/types/decorator/string/IsMobilePhone.ts' does not exist.
File '/Users/valentinyelchenko/Projects/ogxone/adjecent-boxes/node_modules/class-validator/types/decorator/string/IsMobilePhone.tsx' does not exist.
File '/Users/valentinyelchenko/Projects/ogxone/adjecent-boxes/node_modules/class-validator/types/decorator/string/IsMobilePhone.d.ts' exist - use it as a name resolution result.
File '/Users/valentinyelchenko/Projects/ogxone/adjecent-boxes/node_modules/class-validator/package.json' exists according to earlier cached lookups.
======== Module name './string/IsMobilePhone' was successfully resolved to '/Users/valentinyelchenko/Projects/ogxone/adjecent-boxes/node_modules/class-validator/types/decorator/string/IsMobilePhone.d.ts' with Package ID 'class-validator/types/decorator/string/IsMobilePhone.d.ts@0.13.2'. ========
======== Resolving module './string/IsISO31661Alpha2' from '/Users/valentinyelchenko/Projects/ogxone/adjecent-boxes/node_modules/class-validator/types/decorator/decorators.d.ts'. ========
Explicitly specified module resolution kind: 'NodeJs'.
Loading module as file / folder, candidate module location '/Users/valentinyelchenko/Projects/ogxone/adjecent-boxes/node_modules/class-validator/types/decorator/string/IsISO31661Alpha2', target file type 'TypeScript'.
File '/Users/valentinyelchenko/Projects/ogxone/adjecent-boxes/node_modules/class-validator/types/decorator/string/IsISO31661Alpha2.ts' does not exist.
File '/Users/valentinyelchenko/Projects/ogxone/adjecent-boxes/node_modules/class-validator/types/decorator/string/IsISO31661Alpha2.tsx' does not exist.
File '/Users/valentinyelchenko/Projects/ogxone/adjecent-boxes/node_modules/class-validator/types/decorator/string/IsISO31661Alpha2.d.ts' exist - use it as a name resolution result.
File '/Users/valentinyelchenko/Projects/ogxone/adjecent-boxes/node_modules/class-validator/package.json' exists according to earlier cached lookups.
======== Module name './string/IsISO31661Alpha2' was successfully resolved to '/Users/valentinyelchenko/Projects/ogxone/adjecent-boxes/node_modules/class-validator/types/decorator/string/IsISO31661Alpha2.d.ts' with Package ID 'class-validator/types/decorator/string/IsISO31661Alpha2.d.ts@0.13.2'. ========
======== Resolving module './string/IsISO31661Alpha3' from '/Users/valentinyelchenko/Projects/ogxone/adjecent-boxes/node_modules/class-validator/types/decorator/decorators.d.ts'. ========
Explicitly specified module resolution kind: 'NodeJs'.
Loading module as file / folder, candidate module location '/Users/valentinyelchenko/Projects/ogxone/adjecent-boxes/node_modules/class-validator/types/decorator/string/IsISO31661Alpha3', target file type 'TypeScript'.
File '/Users/valentinyelchenko/Projects/ogxone/adjecent-boxes/node_modules/class-validator/types/decorator/string/IsISO31661Alpha3.ts' does not exist.
File '/Users/valentinyelchenko/Projects/ogxone/adjecent-boxes/node_modules/class-validator/types/decorator/string/IsISO31661Alpha3.tsx' does not exist.
File '/Users/valentinyelchenko/Projects/ogxone/adjecent-boxes/node_modules/class-validator/types/decorator/string/IsISO31661Alpha3.d.ts' exist - use it as a name resolution result.
File '/Users/valentinyelchenko/Projects/ogxone/adjecent-boxes/node_modules/class-validator/package.json' exists according to earlier cached lookups.
======== Module name './string/IsISO31661Alpha3' was successfully resolved to '/Users/valentinyelchenko/Projects/ogxone/adjecent-boxes/node_modules/class-validator/types/decorator/string/IsISO31661Alpha3.d.ts' with Package ID 'class-validator/types/decorator/string/IsISO31661Alpha3.d.ts@0.13.2'. ========
======== Resolving module './string/IsMongoId' from '/Users/valentinyelchenko/Projects/ogxone/adjecent-boxes/node_modules/class-validator/types/decorator/decorators.d.ts'. ========
Explicitly specified module resolution kind: 'NodeJs'.
Loading module as file / folder, candidate module location '/Users/valentinyelchenko/Projects/ogxone/adjecent-boxes/node_modules/class-validator/types/decorator/string/IsMongoId', target file type 'TypeScript'.
File '/Users/valentinyelchenko/Projects/ogxone/adjecent-boxes/node_modules/class-validator/types/decorator/string/IsMongoId.ts' does not exist.
File '/Users/valentinyelchenko/Projects/ogxone/adjecent-boxes/node_modules/class-validator/types/decorator/string/IsMongoId.tsx' does not exist.
File '/Users/valentinyelchenko/Projects/ogxone/adjecent-boxes/node_modules/class-validator/types/decorator/string/IsMongoId.d.ts' exist - use it as a name resolution result.
File '/Users/valentinyelchenko/Projects/ogxone/adjecent-boxes/node_modules/class-validator/package.json' exists according to earlier cached lookups.
======== Module name './string/IsMongoId' was successfully resolved to '/Users/valentinyelchenko/Projects/ogxone/adjecent-boxes/node_modules/class-validator/types/decorator/string/IsMongoId.d.ts' with Package ID 'class-validator/types/decorator/string/IsMongoId.d.ts@0.13.2'. ========
======== Resolving module './string/IsMultibyte' from '/Users/valentinyelchenko/Projects/ogxone/adjecent-boxes/node_modules/class-validator/types/decorator/decorators.d.ts'. ========
Explicitly specified module resolution kind: 'NodeJs'.
Loading module as file / folder, candidate module location '/Users/valentinyelchenko/Projects/ogxone/adjecent-boxes/node_modules/class-validator/types/decorator/string/IsMultibyte', target file type 'TypeScript'.
File '/Users/valentinyelchenko/Projects/ogxone/adjecent-boxes/node_modules/class-validator/types/decorator/string/IsMultibyte.ts' does not exist.
File '/Users/valentinyelchenko/Projects/ogxone/adjecent-boxes/node_modules/class-validator/types/decorator/string/IsMultibyte.tsx' does not exist.
File '/Users/valentinyelchenko/Projects/ogxone/adjecent-boxes/node_modules/class-validator/types/decorator/string/IsMultibyte.d.ts' exist - use it as a name resolution result.
File '/Users/valentinyelchenko/Projects/ogxone/adjecent-boxes/node_modules/class-validator/package.json' exists according to earlier cached lookups.
======== Module name './string/IsMultibyte' was successfully resolved to '/Users/valentinyelchenko/Projects/ogxone/adjecent-boxes/node_modules/class-validator/types/decorator/string/IsMultibyte.d.ts' with Package ID 'class-validator/types/decorator/string/IsMultibyte.d.ts@0.13.2'. ========
======== Resolving module './string/IsSurrogatePair' from '/Users/valentinyelchenko/Projects/ogxone/adjecent-boxes/node_modules/class-validator/types/decorator/decorators.d.ts'. ========
Explicitly specified module resolution kind: 'NodeJs'.
Loading module as file / folder, candidate module location '/Users/valentinyelchenko/Projects/ogxone/adjecent-boxes/node_modules/class-validator/types/decorator/string/IsSurrogatePair', target file type 'TypeScript'.
File '/Users/valentinyelchenko/Projects/ogxone/adjecent-boxes/node_modules/class-validator/types/decorator/string/IsSurrogatePair.ts' does not exist.
File '/Users/valentinyelchenko/Projects/ogxone/adjecent-boxes/node_modules/class-validator/types/decorator/string/IsSurrogatePair.tsx' does not exist.
File '/Users/valentinyelchenko/Projects/ogxone/adjecent-boxes/node_modules/class-validator/types/decorator/string/IsSurrogatePair.d.ts' exist - use it as a name resolution result.
File '/Users/valentinyelchenko/Projects/ogxone/adjecent-boxes/node_modules/class-validator/package.json' exists according to earlier cached lookups.
======== Module name './string/IsSurrogatePair' was successfully resolved to '/Users/valentinyelchenko/Projects/ogxone/adjecent-boxes/node_modules/class-validator/types/decorator/string/IsSurrogatePair.d.ts' with Package ID 'class-validator/types/decorator/string/IsSurrogatePair.d.ts@0.13.2'. ========
======== Resolving module './string/IsUrl' from '/Users/valentinyelchenko/Projects/ogxone/adjecent-boxes/node_modules/class-validator/types/decorator/decorators.d.ts'. ========
Explicitly specified module resolution kind: 'NodeJs'.
Loading module as file / folder, candidate module location '/Users/valentinyelchenko/Projects/ogxone/adjecent-boxes/node_modules/class-validator/types/decorator/string/IsUrl', target file type 'TypeScript'.
File '/Users/valentinyelchenko/Projects/ogxone/adjecent-boxes/node_modules/class-validator/types/decorator/string/IsUrl.ts' does not exist.
File '/Users/valentinyelchenko/Projects/ogxone/adjecent-boxes/node_modules/class-validator/types/decorator/string/IsUrl.tsx' does not exist.
File '/Users/valentinyelchenko/Projects/ogxone/adjecent-boxes/node_modules/class-validator/types/decorator/string/IsUrl.d.ts' exist - use it as a name resolution result.
File '/Users/valentinyelchenko/Projects/ogxone/adjecent-boxes/node_modules/class-validator/package.json' exists according to earlier cached lookups.
======== Module name './string/IsUrl' was successfully resolved to '/Users/valentinyelchenko/Projects/ogxone/adjecent-boxes/node_modules/class-validator/types/decorator/string/IsUrl.d.ts' with Package ID 'class-validator/types/decorator/string/IsUrl.d.ts@0.13.2'. ========
======== Resolving module './string/IsUUID' from '/Users/valentinyelchenko/Projects/ogxone/adjecent-boxes/node_modules/class-validator/types/decorator/decorators.d.ts'. ========
Explicitly specified module resolution kind: 'NodeJs'.
Loading module as file / folder, candidate module location '/Users/valentinyelchenko/Projects/ogxone/adjecent-boxes/node_modules/class-validator/types/decorator/string/IsUUID', target file type 'TypeScript'.
File '/Users/valentinyelchenko/Projects/ogxone/adjecent-boxes/node_modules/class-validator/types/decorator/string/IsUUID.ts' does not exist.
File '/Users/valentinyelchenko/Projects/ogxone/adjecent-boxes/node_modules/class-validator/types/decorator/string/IsUUID.tsx' does not exist.
File '/Users/valentinyelchenko/Projects/ogxone/adjecent-boxes/node_modules/class-validator/types/decorator/string/IsUUID.d.ts' exist - use it as a name resolution result.
File '/Users/valentinyelchenko/Projects/ogxone/adjecent-boxes/node_modules/class-validator/package.json' exists according to earlier cached lookups.
======== Module name './string/IsUUID' was successfully resolved to '/Users/valentinyelchenko/Projects/ogxone/adjecent-boxes/node_modules/class-validator/types/decorator/string/IsUUID.d.ts' with Package ID 'class-validator/types/decorator/string/IsUUID.d.ts@0.13.2'. ========
======== Resolving module './string/IsFirebasePushId' from '/Users/valentinyelchenko/Projects/ogxone/adjecent-boxes/node_modules/class-validator/types/decorator/decorators.d.ts'. ========
Explicitly specified module resolution kind: 'NodeJs'.
Loading module as file / folder, candidate module location '/Users/valentinyelchenko/Projects/ogxone/adjecent-boxes/node_modules/class-validator/types/decorator/string/IsFirebasePushId', target file type 'TypeScript'.
File '/Users/valentinyelchenko/Projects/ogxone/adjecent-boxes/node_modules/class-validator/types/decorator/string/IsFirebasePushId.ts' does not exist.
File '/Users/valentinyelchenko/Projects/ogxone/adjecent-boxes/node_modules/class-validator/types/decorator/string/IsFirebasePushId.tsx' does not exist.
File '/Users/valentinyelchenko/Projects/ogxone/adjecent-boxes/node_modules/class-validator/types/decorator/string/IsFirebasePushId.d.ts' exist - use it as a name resolution result.
File '/Users/valentinyelchenko/Projects/ogxone/adjecent-boxes/node_modules/class-validator/package.json' exists according to earlier cached lookups.
======== Module name './string/IsFirebasePushId' was successfully resolved to '/Users/valentinyelchenko/Projects/ogxone/adjecent-boxes/node_modules/class-validator/types/decorator/string/IsFirebasePushId.d.ts' with Package ID 'class-validator/types/decorator/string/IsFirebasePushId.d.ts@0.13.2'. ========
======== Resolving module './string/IsUppercase' from '/Users/valentinyelchenko/Projects/ogxone/adjecent-boxes/node_modules/class-validator/types/decorator/decorators.d.ts'. ========
Explicitly specified module resolution kind: 'NodeJs'.
Loading module as file / folder, candidate module location '/Users/valentinyelchenko/Projects/ogxone/adjecent-boxes/node_modules/class-validator/types/decorator/string/IsUppercase', target file type 'TypeScript'.
File '/Users/valentinyelchenko/Projects/ogxone/adjecent-boxes/node_modules/class-validator/types/decorator/string/IsUppercase.ts' does not exist.
File '/Users/valentinyelchenko/Projects/ogxone/adjecent-boxes/node_modules/class-validator/types/decorator/string/IsUppercase.tsx' does not exist.
File '/Users/valentinyelchenko/Projects/ogxone/adjecent-boxes/node_modules/class-validator/types/decorator/string/IsUppercase.d.ts' exist - use it as a name resolution result.
File '/Users/valentinyelchenko/Projects/ogxone/adjecent-boxes/node_modules/class-validator/package.json' exists according to earlier cached lookups.
======== Module name './string/IsUppercase' was successfully resolved to '/Users/valentinyelchenko/Projects/ogxone/adjecent-boxes/node_modules/class-validator/types/decorator/string/IsUppercase.d.ts' with Package ID 'class-validator/types/decorator/string/IsUppercase.d.ts@0.13.2'. ========
======== Resolving module './string/Length' from '/Users/valentinyelchenko/Projects/ogxone/adjecent-boxes/node_modules/class-validator/types/decorator/decorators.d.ts'. ========
Explicitly specified module resolution kind: 'NodeJs'.
Loading module as file / folder, candidate module location '/Users/valentinyelchenko/Projects/ogxone/adjecent-boxes/node_modules/class-validator/types/decorator/string/Length', target file type 'TypeScript'.
File '/Users/valentinyelchenko/Projects/ogxone/adjecent-boxes/node_modules/class-validator/types/decorator/string/Length.ts' does not exist.
File '/Users/valentinyelchenko/Projects/ogxone/adjecent-boxes/node_modules/class-validator/types/decorator/string/Length.tsx' does not exist.
File '/Users/valentinyelchenko/Projects/ogxone/adjecent-boxes/node_modules/class-validator/types/decorator/string/Length.d.ts' exist - use it as a name resolution result.
File '/Users/valentinyelchenko/Projects/ogxone/adjecent-boxes/node_modules/class-validator/package.json' exists according to earlier cached lookups.
======== Module name './string/Length' was successfully resolved to '/Users/valentinyelchenko/Projects/ogxone/adjecent-boxes/node_modules/class-validator/types/decorator/string/Length.d.ts' with Package ID 'class-validator/types/decorator/string/Length.d.ts@0.13.2'. ========
======== Resolving module './string/MaxLength' from '/Users/valentinyelchenko/Projects/ogxone/adjecent-boxes/node_modules/class-validator/types/decorator/decorators.d.ts'. ========
Explicitly specified module resolution kind: 'NodeJs'.
Loading module as file / folder, candidate module location '/Users/valentinyelchenko/Projects/ogxone/adjecent-boxes/node_modules/class-validator/types/decorator/string/MaxLength', target file type 'TypeScript'.
File '/Users/valentinyelchenko/Projects/ogxone/adjecent-boxes/node_modules/class-validator/types/decorator/string/MaxLength.ts' does not exist.
File '/Users/valentinyelchenko/Projects/ogxone/adjecent-boxes/node_modules/class-validator/types/decorator/string/MaxLength.tsx' does not exist.
File '/Users/valentinyelchenko/Projects/ogxone/adjecent-boxes/node_modules/class-validator/types/decorator/string/MaxLength.d.ts' exist - use it as a name resolution result.
File '/Users/valentinyelchenko/Projects/ogxone/adjecent-boxes/node_modules/class-validator/package.json' exists according to earlier cached lookups.
======== Module name './string/MaxLength' was successfully resolved to '/Users/valentinyelchenko/Projects/ogxone/adjecent-boxes/node_modules/class-validator/types/decorator/string/MaxLength.d.ts' with Package ID 'class-validator/types/decorator/string/MaxLength.d.ts@0.13.2'. ========
======== Resolving module './string/MinLength' from '/Users/valentinyelchenko/Projects/ogxone/adjecent-boxes/node_modules/class-validator/types/decorator/decorators.d.ts'. ========
Explicitly specified module resolution kind: 'NodeJs'.
Loading module as file / folder, candidate module location '/Users/valentinyelchenko/Projects/ogxone/adjecent-boxes/node_modules/class-validator/types/decorator/string/MinLength', target file type 'TypeScript'.
File '/Users/valentinyelchenko/Projects/ogxone/adjecent-boxes/node_modules/class-validator/types/decorator/string/MinLength.ts' does not exist.
File '/Users/valentinyelchenko/Projects/ogxone/adjecent-boxes/node_modules/class-validator/types/decorator/string/MinLength.tsx' does not exist.
File '/Users/valentinyelchenko/Projects/ogxone/adjecent-boxes/node_modules/class-validator/types/decorator/string/MinLength.d.ts' exist - use it as a name resolution result.
File '/Users/valentinyelchenko/Projects/ogxone/adjecent-boxes/node_modules/class-validator/package.json' exists according to earlier cached lookups.
======== Module name './string/MinLength' was successfully resolved to '/Users/valentinyelchenko/Projects/ogxone/adjecent-boxes/node_modules/class-validator/types/decorator/string/MinLength.d.ts' with Package ID 'class-validator/types/decorator/string/MinLength.d.ts@0.13.2'. ========
======== Resolving module './string/Matches' from '/Users/valentinyelchenko/Projects/ogxone/adjecent-boxes/node_modules/class-validator/types/decorator/decorators.d.ts'. ========
Explicitly specified module resolution kind: 'NodeJs'.
Loading module as file / folder, candidate module location '/Users/valentinyelchenko/Projects/ogxone/adjecent-boxes/node_modules/class-validator/types/decorator/string/Matches', target file type 'TypeScript'.
File '/Users/valentinyelchenko/Projects/ogxone/adjecent-boxes/node_modules/class-validator/types/decorator/string/Matches.ts' does not exist.
File '/Users/valentinyelchenko/Projects/ogxone/adjecent-boxes/node_modules/class-validator/types/decorator/string/Matches.tsx' does not exist.
File '/Users/valentinyelchenko/Projects/ogxone/adjecent-boxes/node_modules/class-validator/types/decorator/string/Matches.d.ts' exist - use it as a name resolution result.
File '/Users/valentinyelchenko/Projects/ogxone/adjecent-boxes/node_modules/class-validator/package.json' exists according to earlier cached lookups.
======== Module name './string/Matches' was successfully resolved to '/Users/valentinyelchenko/Projects/ogxone/adjecent-boxes/node_modules/class-validator/types/decorator/string/Matches.d.ts' with Package ID 'class-validator/types/decorator/string/Matches.d.ts@0.13.2'. ========
======== Resolving module './string/IsPhoneNumber' from '/Users/valentinyelchenko/Projects/ogxone/adjecent-boxes/node_modules/class-validator/types/decorator/decorators.d.ts'. ========
Explicitly specified module resolution kind: 'NodeJs'.
Loading module as file / folder, candidate module location '/Users/valentinyelchenko/Projects/ogxone/adjecent-boxes/node_modules/class-validator/types/decorator/string/IsPhoneNumber', target file type 'TypeScript'.
File '/Users/valentinyelchenko/Projects/ogxone/adjecent-boxes/node_modules/class-validator/types/decorator/string/IsPhoneNumber.ts' does not exist.
File '/Users/valentinyelchenko/Projects/ogxone/adjecent-boxes/node_modules/class-validator/types/decorator/string/IsPhoneNumber.tsx' does not exist.
File '/Users/valentinyelchenko/Projects/ogxone/adjecent-boxes/node_modules/class-validator/types/decorator/string/IsPhoneNumber.d.ts' exist - use it as a name resolution result.
File '/Users/valentinyelchenko/Projects/ogxone/adjecent-boxes/node_modules/class-validator/package.json' exists according to earlier cached lookups.
======== Module name './string/IsPhoneNumber' was successfully resolved to '/Users/valentinyelchenko/Projects/ogxone/adjecent-boxes/node_modules/class-validator/types/decorator/string/IsPhoneNumber.d.ts' with Package ID 'class-validator/types/decorator/string/IsPhoneNumber.d.ts@0.13.2'. ========
======== Resolving module './string/IsMilitaryTime' from '/Users/valentinyelchenko/Projects/ogxone/adjecent-boxes/node_modules/class-validator/types/decorator/decorators.d.ts'. ========
Explicitly specified module resolution kind: 'NodeJs'.
Loading module as file / folder, candidate module location '/Users/valentinyelchenko/Projects/ogxone/adjecent-boxes/node_modules/class-validator/types/decorator/string/IsMilitaryTime', target file type 'TypeScript'.
File '/Users/valentinyelchenko/Projects/ogxone/adjecent-boxes/node_modules/class-validator/types/decorator/string/IsMilitaryTime.ts' does not exist.
File '/Users/valentinyelchenko/Projects/ogxone/adjecent-boxes/node_modules/class-validator/types/decorator/string/IsMilitaryTime.tsx' does not exist.
File '/Users/valentinyelchenko/Projects/ogxone/adjecent-boxes/node_modules/class-validator/types/decorator/string/IsMilitaryTime.d.ts' exist - use it as a name resolution result.
File '/Users/valentinyelchenko/Projects/ogxone/adjecent-boxes/node_modules/class-validator/package.json' exists according to earlier cached lookups.
======== Module name './string/IsMilitaryTime' was successfully resolved to '/Users/valentinyelchenko/Projects/ogxone/adjecent-boxes/node_modules/class-validator/types/decorator/string/IsMilitaryTime.d.ts' with Package ID 'class-validator/types/decorator/string/IsMilitaryTime.d.ts@0.13.2'. ========
======== Resolving module './string/IsHash' from '/Users/valentinyelchenko/Projects/ogxone/adjecent-boxes/node_modules/class-validator/types/decorator/decorators.d.ts'. ========
Explicitly specified module resolution kind: 'NodeJs'.
Loading module as file / folder, candidate module location '/Users/valentinyelchenko/Projects/ogxone/adjecent-boxes/node_modules/class-validator/types/decorator/string/IsHash', target file type 'TypeScript'.
File '/Users/valentinyelchenko/Projects/ogxone/adjecent-boxes/node_modules/class-validator/types/decorator/string/IsHash.ts' does not exist.
File '/Users/valentinyelchenko/Projects/ogxone/adjecent-boxes/node_modules/class-validator/types/decorator/string/IsHash.tsx' does not exist.
File '/Users/valentinyelchenko/Projects/ogxone/adjecent-boxes/node_modules/class-validator/types/decorator/string/IsHash.d.ts' exist - use it as a name resolution result.
File '/Users/valentinyelchenko/Projects/ogxone/adjecent-boxes/node_modules/class-validator/package.json' exists according to earlier cached lookups.
======== Module name './string/IsHash' was successfully resolved to '/Users/valentinyelchenko/Projects/ogxone/adjecent-boxes/node_modules/class-validator/types/decorator/string/IsHash.d.ts' with Package ID 'class-validator/types/decorator/string/IsHash.d.ts@0.13.2'. ========
======== Resolving module './string/IsISSN' from '/Users/valentinyelchenko/Projects/ogxone/adjecent-boxes/node_modules/class-validator/types/decorator/decorators.d.ts'. ========
Explicitly specified module resolution kind: 'NodeJs'.
Loading module as file / folder, candidate module location '/Users/valentinyelchenko/Projects/ogxone/adjecent-boxes/node_modules/class-validator/types/decorator/string/IsISSN', target file type 'TypeScript'.
File '/Users/valentinyelchenko/Projects/ogxone/adjecent-boxes/node_modules/class-validator/types/decorator/string/IsISSN.ts' does not exist.
File '/Users/valentinyelchenko/Projects/ogxone/adjecent-boxes/node_modules/class-validator/types/decorator/string/IsISSN.tsx' does not exist.
File '/Users/valentinyelchenko/Projects/ogxone/adjecent-boxes/node_modules/class-validator/types/decorator/string/IsISSN.d.ts' exist - use it as a name resolution result.
File '/Users/valentinyelchenko/Projects/ogxone/adjecent-boxes/node_modules/class-validator/package.json' exists according to earlier cached lookups.
======== Module name './string/IsISSN' was successfully resolved to '/Users/valentinyelchenko/Projects/ogxone/adjecent-boxes/node_modules/class-validator/types/decorator/string/IsISSN.d.ts' with Package ID 'class-validator/types/decorator/string/IsISSN.d.ts@0.13.2'. ========
======== Resolving module './string/IsDateString' from '/Users/valentinyelchenko/Projects/ogxone/adjecent-boxes/node_modules/class-validator/types/decorator/decorators.d.ts'. ========
Explicitly specified module resolution kind: 'NodeJs'.
Loading module as file / folder, candidate module location '/Users/valentinyelchenko/Projects/ogxone/adjecent-boxes/node_modules/class-validator/types/decorator/string/IsDateString', target file type 'TypeScript'.
File '/Users/valentinyelchenko/Projects/ogxone/adjecent-boxes/node_modules/class-validator/types/decorator/string/IsDateString.ts' does not exist.
File '/Users/valentinyelchenko/Projects/ogxone/adjecent-boxes/node_modules/class-validator/types/decorator/string/IsDateString.tsx' does not exist.
File '/Users/valentinyelchenko/Projects/ogxone/adjecent-boxes/node_modules/class-validator/types/decorator/string/IsDateString.d.ts' exist - use it as a name resolution result.
File '/Users/valentinyelchenko/Projects/ogxone/adjecent-boxes/node_modules/class-validator/package.json' exists according to earlier cached lookups.
======== Module name './string/IsDateString' was successfully resolved to '/Users/valentinyelchenko/Projects/ogxone/adjecent-boxes/node_modules/class-validator/types/decorator/string/IsDateString.d.ts' with Package ID 'class-validator/types/decorator/string/IsDateString.d.ts@0.13.2'. ========
======== Resolving module './string/IsBooleanString' from '/Users/valentinyelchenko/Projects/ogxone/adjecent-boxes/node_modules/class-validator/types/decorator/decorators.d.ts'. ========
Explicitly specified module resolution kind: 'NodeJs'.
Loading module as file / folder, candidate module location '/Users/valentinyelchenko/Projects/ogxone/adjecent-boxes/node_modules/class-validator/types/decorator/string/IsBooleanString', target file type 'TypeScript'.
File '/Users/valentinyelchenko/Projects/ogxone/adjecent-boxes/node_modules/class-validator/types/decorator/string/IsBooleanString.ts' does not exist.
File '/Users/valentinyelchenko/Projects/ogxone/adjecent-boxes/node_modules/class-validator/types/decorator/string/IsBooleanString.tsx' does not exist.
File '/Users/valentinyelchenko/Projects/ogxone/adjecent-boxes/node_modules/class-validator/types/decorator/string/IsBooleanString.d.ts' exist - use it as a name resolution result.
File '/Users/valentinyelchenko/Projects/ogxone/adjecent-boxes/node_modules/class-validator/package.json' exists according to earlier cached lookups.
======== Module name './string/IsBooleanString' was successfully resolved to '/Users/valentinyelchenko/Projects/ogxone/adjecent-boxes/node_modules/class-validator/types/decorator/string/IsBooleanString.d.ts' with Package ID 'class-validator/types/decorator/string/IsBooleanString.d.ts@0.13.2'. ========
======== Resolving module './string/IsNumberString' from '/Users/valentinyelchenko/Projects/ogxone/adjecent-boxes/node_modules/class-validator/types/decorator/decorators.d.ts'. ========
Explicitly specified module resolution kind: 'NodeJs'.
Loading module as file / folder, candidate module location '/Users/valentinyelchenko/Projects/ogxone/adjecent-boxes/node_modules/class-validator/types/decorator/string/IsNumberString', target file type 'TypeScript'.
File '/Users/valentinyelchenko/Projects/ogxone/adjecent-boxes/node_modules/class-validator/types/decorator/string/IsNumberString.ts' does not exist.
File '/Users/valentinyelchenko/Projects/ogxone/adjecent-boxes/node_modules/class-validator/types/decorator/string/IsNumberString.tsx' does not exist.
File '/Users/valentinyelchenko/Projects/ogxone/adjecent-boxes/node_modules/class-validator/types/decorator/string/IsNumberString.d.ts' exist - use it as a name resolution result.
File '/Users/valentinyelchenko/Projects/ogxone/adjecent-boxes/node_modules/class-validator/package.json' exists according to earlier cached lookups.
======== Module name './string/IsNumberString' was successfully resolved to '/Users/valentinyelchenko/Projects/ogxone/adjecent-boxes/node_modules/class-validator/types/decorator/string/IsNumberString.d.ts' with Package ID 'class-validator/types/decorator/string/IsNumberString.d.ts@0.13.2'. ========
======== Resolving module './string/IsBase32' from '/Users/valentinyelchenko/Projects/ogxone/adjecent-boxes/node_modules/class-validator/types/decorator/decorators.d.ts'. ========
Explicitly specified module resolution kind: 'NodeJs'.
Loading module as file / folder, candidate module location '/Users/valentinyelchenko/Projects/ogxone/adjecent-boxes/node_modules/class-validator/types/decorator/string/IsBase32', target file type 'TypeScript'.
File '/Users/valentinyelchenko/Projects/ogxone/adjecent-boxes/node_modules/class-validator/types/decorator/string/IsBase32.ts' does not exist.
File '/Users/valentinyelchenko/Projects/ogxone/adjecent-boxes/node_modules/class-validator/types/decorator/string/IsBase32.tsx' does not exist.
File '/Users/valentinyelchenko/Projects/ogxone/adjecent-boxes/node_modules/class-validator/types/decorator/string/IsBase32.d.ts' exist - use it as a name resolution result.
File '/Users/valentinyelchenko/Projects/ogxone/adjecent-boxes/node_modules/class-validator/package.json' exists according to earlier cached lookups.
======== Module name './string/IsBase32' was successfully resolved to '/Users/valentinyelchenko/Projects/ogxone/adjecent-boxes/node_modules/class-validator/types/decorator/string/IsBase32.d.ts' with Package ID 'class-validator/types/decorator/string/IsBase32.d.ts@0.13.2'. ========
======== Resolving module './string/IsBIC' from '/Users/valentinyelchenko/Projects/ogxone/adjecent-boxes/node_modules/class-validator/types/decorator/decorators.d.ts'. ========
Explicitly specified module resolution kind: 'NodeJs'.
Loading module as file / folder, candidate module location '/Users/valentinyelchenko/Projects/ogxone/adjecent-boxes/node_modules/class-validator/types/decorator/string/IsBIC', target file type 'TypeScript'.
File '/Users/valentinyelchenko/Projects/ogxone/adjecent-boxes/node_modules/class-validator/types/decorator/string/IsBIC.ts' does not exist.
File '/Users/valentinyelchenko/Projects/ogxone/adjecent-boxes/node_modules/class-validator/types/decorator/string/IsBIC.tsx' does not exist.
File '/Users/valentinyelchenko/Projects/ogxone/adjecent-boxes/node_modules/class-validator/types/decorator/string/IsBIC.d.ts' exist - use it as a name resolution result.
File '/Users/valentinyelchenko/Projects/ogxone/adjecent-boxes/node_modules/class-validator/package.json' exists according to earlier cached lookups.
======== Module name './string/IsBIC' was successfully resolved to '/Users/valentinyelchenko/Projects/ogxone/adjecent-boxes/node_modules/class-validator/types/decorator/string/IsBIC.d.ts' with Package ID 'class-validator/types/decorator/string/IsBIC.d.ts@0.13.2'. ========
======== Resolving module './string/IsBtcAddress' from '/Users/valentinyelchenko/Projects/ogxone/adjecent-boxes/node_modules/class-validator/types/decorator/decorators.d.ts'. ========
Explicitly specified module resolution kind: 'NodeJs'.
Loading module as file / folder, candidate module location '/Users/valentinyelchenko/Projects/ogxone/adjecent-boxes/node_modules/class-validator/types/decorator/string/IsBtcAddress', target file type 'TypeScript'.
File '/Users/valentinyelchenko/Projects/ogxone/adjecent-boxes/node_modules/class-validator/types/decorator/string/IsBtcAddress.ts' does not exist.
File '/Users/valentinyelchenko/Projects/ogxone/adjecent-boxes/node_modules/class-validator/types/decorator/string/IsBtcAddress.tsx' does not exist.
File '/Users/valentinyelchenko/Projects/ogxone/adjecent-boxes/node_modules/class-validator/types/decorator/string/IsBtcAddress.d.ts' exist - use it as a name resolution result.
File '/Users/valentinyelchenko/Projects/ogxone/adjecent-boxes/node_modules/class-validator/package.json' exists according to earlier cached lookups.
======== Module name './string/IsBtcAddress' was successfully resolved to '/Users/valentinyelchenko/Projects/ogxone/adjecent-boxes/node_modules/class-validator/types/decorator/string/IsBtcAddress.d.ts' with Package ID 'class-validator/types/decorator/string/IsBtcAddress.d.ts@0.13.2'. ========
======== Resolving module './string/IsDataURI' from '/Users/valentinyelchenko/Projects/ogxone/adjecent-boxes/node_modules/class-validator/types/decorator/decorators.d.ts'. ========
Explicitly specified module resolution kind: 'NodeJs'.
Loading module as file / folder, candidate module location '/Users/valentinyelchenko/Projects/ogxone/adjecent-boxes/node_modules/class-validator/types/decorator/string/IsDataURI', target file type 'TypeScript'.
File '/Users/valentinyelchenko/Projects/ogxone/adjecent-boxes/node_modules/class-validator/types/decorator/string/IsDataURI.ts' does not exist.
File '/Users/valentinyelchenko/Projects/ogxone/adjecent-boxes/node_modules/class-validator/types/decorator/string/IsDataURI.tsx' does not exist.
File '/Users/valentinyelchenko/Projects/ogxone/adjecent-boxes/node_modules/class-validator/types/decorator/string/IsDataURI.d.ts' exist - use it as a name resolution result.
File '/Users/valentinyelchenko/Projects/ogxone/adjecent-boxes/node_modules/class-validator/package.json' exists according to earlier cached lookups.
======== Module name './string/IsDataURI' was successfully resolved to '/Users/valentinyelchenko/Projects/ogxone/adjecent-boxes/node_modules/class-validator/types/decorator/string/IsDataURI.d.ts' with Package ID 'class-validator/types/decorator/string/IsDataURI.d.ts@0.13.2'. ========
======== Resolving module './string/IsEAN' from '/Users/valentinyelchenko/Projects/ogxone/adjecent-boxes/node_modules/class-validator/types/decorator/decorators.d.ts'. ========
Explicitly specified module resolution kind: 'NodeJs'.
Loading module as file / folder, candidate module location '/Users/valentinyelchenko/Projects/ogxone/adjecent-boxes/node_modules/class-validator/types/decorator/string/IsEAN', target file type 'TypeScript'.
File '/Users/valentinyelchenko/Projects/ogxone/adjecent-boxes/node_modules/class-validator/types/decorator/string/IsEAN.ts' does not exist.
File '/Users/valentinyelchenko/Projects/ogxone/adjecent-boxes/node_modules/class-validator/types/decorator/string/IsEAN.tsx' does not exist.
File '/Users/valentinyelchenko/Projects/ogxone/adjecent-boxes/node_modules/class-validator/types/decorator/string/IsEAN.d.ts' exist - use it as a name resolution result.
File '/Users/valentinyelchenko/Projects/ogxone/adjecent-boxes/node_modules/class-validator/package.json' exists according to earlier cached lookups.
======== Module name './string/IsEAN' was successfully resolved to '/Users/valentinyelchenko/Projects/ogxone/adjecent-boxes/node_modules/class-validator/types/decorator/string/IsEAN.d.ts' with Package ID 'class-validator/types/decorator/string/IsEAN.d.ts@0.13.2'. ========
======== Resolving module './string/IsEthereumAddress' from '/Users/valentinyelchenko/Projects/ogxone/adjecent-boxes/node_modules/class-validator/types/decorator/decorators.d.ts'. ========
Explicitly specified module resolution kind: 'NodeJs'.
Loading module as file / folder, candidate module location '/Users/valentinyelchenko/Projects/ogxone/adjecent-boxes/node_modules/class-validator/types/decorator/string/IsEthereumAddress', target file type 'TypeScript'.
File '/Users/valentinyelchenko/Projects/ogxone/adjecent-boxes/node_modules/class-validator/types/decorator/string/IsEthereumAddress.ts' does not exist.
File '/Users/valentinyelchenko/Projects/ogxone/adjecent-boxes/node_modules/class-validator/types/decorator/string/IsEthereumAddress.tsx' does not exist.
File '/Users/valentinyelchenko/Projects/ogxone/adjecent-boxes/node_modules/class-validator/types/decorator/string/IsEthereumAddress.d.ts' exist - use it as a name resolution result.
File '/Users/valentinyelchenko/Projects/ogxone/adjecent-boxes/node_modules/class-validator/package.json' exists according to earlier cached lookups.
======== Module name './string/IsEthereumAddress' was successfully resolved to '/Users/valentinyelchenko/Projects/ogxone/adjecent-boxes/node_modules/class-validator/types/decorator/string/IsEthereumAddress.d.ts' with Package ID 'class-validator/types/decorator/string/IsEthereumAddress.d.ts@0.13.2'. ========
======== Resolving module './string/IsHSL' from '/Users/valentinyelchenko/Projects/ogxone/adjecent-boxes/node_modules/class-validator/types/decorator/decorators.d.ts'. ========
Explicitly specified module resolution kind: 'NodeJs'.
Loading module as file / folder, candidate module location '/Users/valentinyelchenko/Projects/ogxone/adjecent-boxes/node_modules/class-validator/types/decorator/string/IsHSL', target file type 'TypeScript'.
File '/Users/valentinyelchenko/Projects/ogxone/adjecent-boxes/node_modules/class-validator/types/decorator/string/IsHSL.ts' does not exist.
File '/Users/valentinyelchenko/Projects/ogxone/adjecent-boxes/node_modules/class-validator/types/decorator/string/IsHSL.tsx' does not exist.
File '/Users/valentinyelchenko/Projects/ogxone/adjecent-boxes/node_modules/class-validator/types/decorator/string/IsHSL.d.ts' exist - use it as a name resolution result.
File '/Users/valentinyelchenko/Projects/ogxone/adjecent-boxes/node_modules/class-validator/package.json' exists according to earlier cached lookups.
======== Module name './string/IsHSL' was successfully resolved to '/Users/valentinyelchenko/Projects/ogxone/adjecent-boxes/node_modules/class-validator/types/decorator/string/IsHSL.d.ts' with Package ID 'class-validator/types/decorator/string/IsHSL.d.ts@0.13.2'. ========
======== Resolving module './string/IsIBAN' from '/Users/valentinyelchenko/Projects/ogxone/adjecent-boxes/node_modules/class-validator/types/decorator/decorators.d.ts'. ========
Explicitly specified module resolution kind: 'NodeJs'.
Loading module as file / folder, candidate module location '/Users/valentinyelchenko/Projects/ogxone/adjecent-boxes/node_modules/class-validator/types/decorator/string/IsIBAN', target file type 'TypeScript'.
File '/Users/valentinyelchenko/Projects/ogxone/adjecent-boxes/node_modules/class-validator/types/decorator/string/IsIBAN.ts' does not exist.
File '/Users/valentinyelchenko/Projects/ogxone/adjecent-boxes/node_modules/class-validator/types/decorator/string/IsIBAN.tsx' does not exist.
File '/Users/valentinyelchenko/Projects/ogxone/adjecent-boxes/node_modules/class-validator/types/decorator/string/IsIBAN.d.ts' exist - use it as a name resolution result.
File '/Users/valentinyelchenko/Projects/ogxone/adjecent-boxes/node_modules/class-validator/package.json' exists according to earlier cached lookups.
======== Module name './string/IsIBAN' was successfully resolved to '/Users/valentinyelchenko/Projects/ogxone/adjecent-boxes/node_modules/class-validator/types/decorator/string/IsIBAN.d.ts' with Package ID 'class-validator/types/decorator/string/IsIBAN.d.ts@0.13.2'. ========
======== Resolving module './string/IsIdentityCard' from '/Users/valentinyelchenko/Projects/ogxone/adjecent-boxes/node_modules/class-validator/types/decorator/decorators.d.ts'. ========
Explicitly specified module resolution kind: 'NodeJs'.
Loading module as file / folder, candidate module location '/Users/valentinyelchenko/Projects/ogxone/adjecent-boxes/node_modules/class-validator/types/decorator/string/IsIdentityCard', target file type 'TypeScript'.
File '/Users/valentinyelchenko/Projects/ogxone/adjecent-boxes/node_modules/class-validator/types/decorator/string/IsIdentityCard.ts' does not exist.
File '/Users/valentinyelchenko/Projects/ogxone/adjecent-boxes/node_modules/class-validator/types/decorator/string/IsIdentityCard.tsx' does not exist.
File '/Users/valentinyelchenko/Projects/ogxone/adjecent-boxes/node_modules/class-validator/types/decorator/string/IsIdentityCard.d.ts' exist - use it as a name resolution result.
File '/Users/valentinyelchenko/Projects/ogxone/adjecent-boxes/node_modules/class-validator/package.json' exists according to earlier cached lookups.
======== Module name './string/IsIdentityCard' was successfully resolved to '/Users/valentinyelchenko/Projects/ogxone/adjecent-boxes/node_modules/class-validator/types/decorator/string/IsIdentityCard.d.ts' with Package ID 'class-validator/types/decorator/string/IsIdentityCard.d.ts@0.13.2'. ========
======== Resolving module './string/IsISRC' from '/Users/valentinyelchenko/Projects/ogxone/adjecent-boxes/node_modules/class-validator/types/decorator/decorators.d.ts'. ========
Explicitly specified module resolution kind: 'NodeJs'.
Loading module as file / folder, candidate module location '/Users/valentinyelchenko/Projects/ogxone/adjecent-boxes/node_modules/class-validator/types/decorator/string/IsISRC', target file type 'TypeScript'.
File '/Users/valentinyelchenko/Projects/ogxone/adjecent-boxes/node_modules/class-validator/types/decorator/string/IsISRC.ts' does not exist.
File '/Users/valentinyelchenko/Projects/ogxone/adjecent-boxes/node_modules/class-validator/types/decorator/string/IsISRC.tsx' does not exist.
File '/Users/valentinyelchenko/Projects/ogxone/adjecent-boxes/node_modules/class-validator/types/decorator/string/IsISRC.d.ts' exist - use it as a name resolution result.
File '/Users/valentinyelchenko/Projects/ogxone/adjecent-boxes/node_modules/class-validator/package.json' exists according to earlier cached lookups.
======== Module name './string/IsISRC' was successfully resolved to '/Users/valentinyelchenko/Projects/ogxone/adjecent-boxes/node_modules/class-validator/types/decorator/string/IsISRC.d.ts' with Package ID 'class-validator/types/decorator/string/IsISRC.d.ts@0.13.2'. ========
======== Resolving module './string/IsLocale' from '/Users/valentinyelchenko/Projects/ogxone/adjecent-boxes/node_modules/class-validator/types/decorator/decorators.d.ts'. ========
Explicitly specified module resolution kind: 'NodeJs'.
Loading module as file / folder, candidate module location '/Users/valentinyelchenko/Projects/ogxone/adjecent-boxes/node_modules/class-validator/types/decorator/string/IsLocale', target file type 'TypeScript'.
File '/Users/valentinyelchenko/Projects/ogxone/adjecent-boxes/node_modules/class-validator/types/decorator/string/IsLocale.ts' does not exist.
File '/Users/valentinyelchenko/Projects/ogxone/adjecent-boxes/node_modules/class-validator/types/decorator/string/IsLocale.tsx' does not exist.
File '/Users/valentinyelchenko/Projects/ogxone/adjecent-boxes/node_modules/class-validator/types/decorator/string/IsLocale.d.ts' exist - use it as a name resolution result.
File '/Users/valentinyelchenko/Projects/ogxone/adjecent-boxes/node_modules/class-validator/package.json' exists according to earlier cached lookups.
======== Module name './string/IsLocale' was successfully resolved to '/Users/valentinyelchenko/Projects/ogxone/adjecent-boxes/node_modules/class-validator/types/decorator/string/IsLocale.d.ts' with Package ID 'class-validator/types/decorator/string/IsLocale.d.ts@0.13.2'. ========
======== Resolving module './string/IsMagnetURI' from '/Users/valentinyelchenko/Projects/ogxone/adjecent-boxes/node_modules/class-validator/types/decorator/decorators.d.ts'. ========
Explicitly specified module resolution kind: 'NodeJs'.
Loading module as file / folder, candidate module location '/Users/valentinyelchenko/Projects/ogxone/adjecent-boxes/node_modules/class-validator/types/decorator/string/IsMagnetURI', target file type 'TypeScript'.
File '/Users/valentinyelchenko/Projects/ogxone/adjecent-boxes/node_modules/class-validator/types/decorator/string/IsMagnetURI.ts' does not exist.
File '/Users/valentinyelchenko/Projects/ogxone/adjecent-boxes/node_modules/class-validator/types/decorator/string/IsMagnetURI.tsx' does not exist.
File '/Users/valentinyelchenko/Projects/ogxone/adjecent-boxes/node_modules/class-validator/types/decorator/string/IsMagnetURI.d.ts' exist - use it as a name resolution result.
File '/Users/valentinyelchenko/Projects/ogxone/adjecent-boxes/node_modules/class-validator/package.json' exists according to earlier cached lookups.
======== Module name './string/IsMagnetURI' was successfully resolved to '/Users/valentinyelchenko/Projects/ogxone/adjecent-boxes/node_modules/class-validator/types/decorator/string/IsMagnetURI.d.ts' with Package ID 'class-validator/types/decorator/string/IsMagnetURI.d.ts@0.13.2'. ========
======== Resolving module './string/IsMimeType' from '/Users/valentinyelchenko/Projects/ogxone/adjecent-boxes/node_modules/class-validator/types/decorator/decorators.d.ts'. ========
Explicitly specified module resolution kind: 'NodeJs'.
Loading module as file / folder, candidate module location '/Users/valentinyelchenko/Projects/ogxone/adjecent-boxes/node_modules/class-validator/types/decorator/string/IsMimeType', target file type 'TypeScript'.
File '/Users/valentinyelchenko/Projects/ogxone/adjecent-boxes/node_modules/class-validator/types/decorator/string/IsMimeType.ts' does not exist.
File '/Users/valentinyelchenko/Projects/ogxone/adjecent-boxes/node_modules/class-validator/types/decorator/string/IsMimeType.tsx' does not exist.
File '/Users/valentinyelchenko/Projects/ogxone/adjecent-boxes/node_modules/class-validator/types/decorator/string/IsMimeType.d.ts' exist - use it as a name resolution result.
File '/Users/valentinyelchenko/Projects/ogxone/adjecent-boxes/node_modules/class-validator/package.json' exists according to earlier cached lookups.
======== Module name './string/IsMimeType' was successfully resolved to '/Users/valentinyelchenko/Projects/ogxone/adjecent-boxes/node_modules/class-validator/types/decorator/string/IsMimeType.d.ts' with Package ID 'class-validator/types/decorator/string/IsMimeType.d.ts@0.13.2'. ========
======== Resolving module './string/IsOctal' from '/Users/valentinyelchenko/Projects/ogxone/adjecent-boxes/node_modules/class-validator/types/decorator/decorators.d.ts'. ========
Explicitly specified module resolution kind: 'NodeJs'.
Loading module as file / folder, candidate module location '/Users/valentinyelchenko/Projects/ogxone/adjecent-boxes/node_modules/class-validator/types/decorator/string/IsOctal', target file type 'TypeScript'.
File '/Users/valentinyelchenko/Projects/ogxone/adjecent-boxes/node_modules/class-validator/types/decorator/string/IsOctal.ts' does not exist.
File '/Users/valentinyelchenko/Projects/ogxone/adjecent-boxes/node_modules/class-validator/types/decorator/string/IsOctal.tsx' does not exist.
File '/Users/valentinyelchenko/Projects/ogxone/adjecent-boxes/node_modules/class-validator/types/decorator/string/IsOctal.d.ts' exist - use it as a name resolution result.
File '/Users/valentinyelchenko/Projects/ogxone/adjecent-boxes/node_modules/class-validator/package.json' exists according to earlier cached lookups.
======== Module name './string/IsOctal' was successfully resolved to '/Users/valentinyelchenko/Projects/ogxone/adjecent-boxes/node_modules/class-validator/types/decorator/string/IsOctal.d.ts' with Package ID 'class-validator/types/decorator/string/IsOctal.d.ts@0.13.2'. ========
======== Resolving module './string/IsPassportNumber' from '/Users/valentinyelchenko/Projects/ogxone/adjecent-boxes/node_modules/class-validator/types/decorator/decorators.d.ts'. ========
Explicitly specified module resolution kind: 'NodeJs'.
Loading module as file / folder, candidate module location '/Users/valentinyelchenko/Projects/ogxone/adjecent-boxes/node_modules/class-validator/types/decorator/string/IsPassportNumber', target file type 'TypeScript'.
File '/Users/valentinyelchenko/Projects/ogxone/adjecent-boxes/node_modules/class-validator/types/decorator/string/IsPassportNumber.ts' does not exist.
File '/Users/valentinyelchenko/Projects/ogxone/adjecent-boxes/node_modules/class-validator/types/decorator/string/IsPassportNumber.tsx' does not exist.
File '/Users/valentinyelchenko/Projects/ogxone/adjecent-boxes/node_modules/class-validator/types/decorator/string/IsPassportNumber.d.ts' exist - use it as a name resolution result.
File '/Users/valentinyelchenko/Projects/ogxone/adjecent-boxes/node_modules/class-validator/package.json' exists according to earlier cached lookups.
======== Module name './string/IsPassportNumber' was successfully resolved to '/Users/valentinyelchenko/Projects/ogxone/adjecent-boxes/node_modules/class-validator/types/decorator/string/IsPassportNumber.d.ts' with Package ID 'class-validator/types/decorator/string/IsPassportNumber.d.ts@0.13.2'. ========
======== Resolving module './string/IsPostalCode' from '/Users/valentinyelchenko/Projects/ogxone/adjecent-boxes/node_modules/class-validator/types/decorator/decorators.d.ts'. ========
Explicitly specified module resolution kind: 'NodeJs'.
Loading module as file / folder, candidate module location '/Users/valentinyelchenko/Projects/ogxone/adjecent-boxes/node_modules/class-validator/types/decorator/string/IsPostalCode', target file type 'TypeScript'.
File '/Users/valentinyelchenko/Projects/ogxone/adjecent-boxes/node_modules/class-validator/types/decorator/string/IsPostalCode.ts' does not exist.
File '/Users/valentinyelchenko/Projects/ogxone/adjecent-boxes/node_modules/class-validator/types/decorator/string/IsPostalCode.tsx' does not exist.
File '/Users/valentinyelchenko/Projects/ogxone/adjecent-boxes/node_modules/class-validator/types/decorator/string/IsPostalCode.d.ts' exist - use it as a name resolution result.
File '/Users/valentinyelchenko/Projects/ogxone/adjecent-boxes/node_modules/class-validator/package.json' exists according to earlier cached lookups.
======== Module name './string/IsPostalCode' was successfully resolved to '/Users/valentinyelchenko/Projects/ogxone/adjecent-boxes/node_modules/class-validator/types/decorator/string/IsPostalCode.d.ts' with Package ID 'class-validator/types/decorator/string/IsPostalCode.d.ts@0.13.2'. ========
======== Resolving module './string/IsRFC3339' from '/Users/valentinyelchenko/Projects/ogxone/adjecent-boxes/node_modules/class-validator/types/decorator/decorators.d.ts'. ========
Explicitly specified module resolution kind: 'NodeJs'.
Loading module as file / folder, candidate module location '/Users/valentinyelchenko/Projects/ogxone/adjecent-boxes/node_modules/class-validator/types/decorator/string/IsRFC3339', target file type 'TypeScript'.
File '/Users/valentinyelchenko/Projects/ogxone/adjecent-boxes/node_modules/class-validator/types/decorator/string/IsRFC3339.ts' does not exist.
File '/Users/valentinyelchenko/Projects/ogxone/adjecent-boxes/node_modules/class-validator/types/decorator/string/IsRFC3339.tsx' does not exist.
File '/Users/valentinyelchenko/Projects/ogxone/adjecent-boxes/node_modules/class-validator/types/decorator/string/IsRFC3339.d.ts' exist - use it as a name resolution result.
File '/Users/valentinyelchenko/Projects/ogxone/adjecent-boxes/node_modules/class-validator/package.json' exists according to earlier cached lookups.
======== Module name './string/IsRFC3339' was successfully resolved to '/Users/valentinyelchenko/Projects/ogxone/adjecent-boxes/node_modules/class-validator/types/decorator/string/IsRFC3339.d.ts' with Package ID 'class-validator/types/decorator/string/IsRFC3339.d.ts@0.13.2'. ========
======== Resolving module './string/IsRgbColor' from '/Users/valentinyelchenko/Projects/ogxone/adjecent-boxes/node_modules/class-validator/types/decorator/decorators.d.ts'. ========
Explicitly specified module resolution kind: 'NodeJs'.
Loading module as file / folder, candidate module location '/Users/valentinyelchenko/Projects/ogxone/adjecent-boxes/node_modules/class-validator/types/decorator/string/IsRgbColor', target file type 'TypeScript'.
File '/Users/valentinyelchenko/Projects/ogxone/adjecent-boxes/node_modules/class-validator/types/decorator/string/IsRgbColor.ts' does not exist.
File '/Users/valentinyelchenko/Projects/ogxone/adjecent-boxes/node_modules/class-validator/types/decorator/string/IsRgbColor.tsx' does not exist.
File '/Users/valentinyelchenko/Projects/ogxone/adjecent-boxes/node_modules/class-validator/types/decorator/string/IsRgbColor.d.ts' exist - use it as a name resolution result.
File '/Users/valentinyelchenko/Projects/ogxone/adjecent-boxes/node_modules/class-validator/package.json' exists according to earlier cached lookups.
======== Module name './string/IsRgbColor' was successfully resolved to '/Users/valentinyelchenko/Projects/ogxone/adjecent-boxes/node_modules/class-validator/types/decorator/string/IsRgbColor.d.ts' with Package ID 'class-validator/types/decorator/string/IsRgbColor.d.ts@0.13.2'. ========
======== Resolving module './string/IsSemVer' from '/Users/valentinyelchenko/Projects/ogxone/adjecent-boxes/node_modules/class-validator/types/decorator/decorators.d.ts'. ========
Explicitly specified module resolution kind: 'NodeJs'.
Loading module as file / folder, candidate module location '/Users/valentinyelchenko/Projects/ogxone/adjecent-boxes/node_modules/class-validator/types/decorator/string/IsSemVer', target file type 'TypeScript'.
File '/Users/valentinyelchenko/Projects/ogxone/adjecent-boxes/node_modules/class-validator/types/decorator/string/IsSemVer.ts' does not exist.
File '/Users/valentinyelchenko/Projects/ogxone/adjecent-boxes/node_modules/class-validator/types/decorator/string/IsSemVer.tsx' does not exist.
File '/Users/valentinyelchenko/Projects/ogxone/adjecent-boxes/node_modules/class-validator/types/decorator/string/IsSemVer.d.ts' exist - use it as a name resolution result.
File '/Users/valentinyelchenko/Projects/ogxone/adjecent-boxes/node_modules/class-validator/package.json' exists according to earlier cached lookups.
======== Module name './string/IsSemVer' was successfully resolved to '/Users/valentinyelchenko/Projects/ogxone/adjecent-boxes/node_modules/class-validator/types/decorator/string/IsSemVer.d.ts' with Package ID 'class-validator/types/decorator/string/IsSemVer.d.ts@0.13.2'. ========
======== Resolving module './typechecker/IsBoolean' from '/Users/valentinyelchenko/Projects/ogxone/adjecent-boxes/node_modules/class-validator/types/decorator/decorators.d.ts'. ========
Explicitly specified module resolution kind: 'NodeJs'.
Loading module as file / folder, candidate module location '/Users/valentinyelchenko/Projects/ogxone/adjecent-boxes/node_modules/class-validator/types/decorator/typechecker/IsBoolean', target file type 'TypeScript'.
File '/Users/valentinyelchenko/Projects/ogxone/adjecent-boxes/node_modules/class-validator/types/decorator/typechecker/IsBoolean.ts' does not exist.
File '/Users/valentinyelchenko/Projects/ogxone/adjecent-boxes/node_modules/class-validator/types/decorator/typechecker/IsBoolean.tsx' does not exist.
File '/Users/valentinyelchenko/Projects/ogxone/adjecent-boxes/node_modules/class-validator/types/decorator/typechecker/IsBoolean.d.ts' exist - use it as a name resolution result.
File '/Users/valentinyelchenko/Projects/ogxone/adjecent-boxes/node_modules/class-validator/package.json' exists according to earlier cached lookups.
======== Module name './typechecker/IsBoolean' was successfully resolved to '/Users/valentinyelchenko/Projects/ogxone/adjecent-boxes/node_modules/class-validator/types/decorator/typechecker/IsBoolean.d.ts' with Package ID 'class-validator/types/decorator/typechecker/IsBoolean.d.ts@0.13.2'. ========
======== Resolving module './typechecker/IsDate' from '/Users/valentinyelchenko/Projects/ogxone/adjecent-boxes/node_modules/class-validator/types/decorator/decorators.d.ts'. ========
Explicitly specified module resolution kind: 'NodeJs'.
Loading module as file / folder, candidate module location '/Users/valentinyelchenko/Projects/ogxone/adjecent-boxes/node_modules/class-validator/types/decorator/typechecker/IsDate', target file type 'TypeScript'.
File '/Users/valentinyelchenko/Projects/ogxone/adjecent-boxes/node_modules/class-validator/types/decorator/typechecker/IsDate.ts' does not exist.
File '/Users/valentinyelchenko/Projects/ogxone/adjecent-boxes/node_modules/class-validator/types/decorator/typechecker/IsDate.tsx' does not exist.
File '/Users/valentinyelchenko/Projects/ogxone/adjecent-boxes/node_modules/class-validator/types/decorator/typechecker/IsDate.d.ts' exist - use it as a name resolution result.
File '/Users/valentinyelchenko/Projects/ogxone/adjecent-boxes/node_modules/class-validator/package.json' exists according to earlier cached lookups.
======== Module name './typechecker/IsDate' was successfully resolved to '/Users/valentinyelchenko/Projects/ogxone/adjecent-boxes/node_modules/class-validator/types/decorator/typechecker/IsDate.d.ts' with Package ID 'class-validator/types/decorator/typechecker/IsDate.d.ts@0.13.2'. ========
======== Resolving module './typechecker/IsNumber' from '/Users/valentinyelchenko/Projects/ogxone/adjecent-boxes/node_modules/class-validator/types/decorator/decorators.d.ts'. ========
Explicitly specified module resolution kind: 'NodeJs'.
Loading module as file / folder, candidate module location '/Users/valentinyelchenko/Projects/ogxone/adjecent-boxes/node_modules/class-validator/types/decorator/typechecker/IsNumber', target file type 'TypeScript'.
File '/Users/valentinyelchenko/Projects/ogxone/adjecent-boxes/node_modules/class-validator/types/decorator/typechecker/IsNumber.ts' does not exist.
File '/Users/valentinyelchenko/Projects/ogxone/adjecent-boxes/node_modules/class-validator/types/decorator/typechecker/IsNumber.tsx' does not exist.
File '/Users/valentinyelchenko/Projects/ogxone/adjecent-boxes/node_modules/class-validator/types/decorator/typechecker/IsNumber.d.ts' exist - use it as a name resolution result.
File '/Users/valentinyelchenko/Projects/ogxone/adjecent-boxes/node_modules/class-validator/package.json' exists according to earlier cached lookups.
======== Module name './typechecker/IsNumber' was successfully resolved to '/Users/valentinyelchenko/Projects/ogxone/adjecent-boxes/node_modules/class-validator/types/decorator/typechecker/IsNumber.d.ts' with Package ID 'class-validator/types/decorator/typechecker/IsNumber.d.ts@0.13.2'. ========
======== Resolving module './typechecker/IsEnum' from '/Users/valentinyelchenko/Projects/ogxone/adjecent-boxes/node_modules/class-validator/types/decorator/decorators.d.ts'. ========
Explicitly specified module resolution kind: 'NodeJs'.
Loading module as file / folder, candidate module location '/Users/valentinyelchenko/Projects/ogxone/adjecent-boxes/node_modules/class-validator/types/decorator/typechecker/IsEnum', target file type 'TypeScript'.
File '/Users/valentinyelchenko/Projects/ogxone/adjecent-boxes/node_modules/class-validator/types/decorator/typechecker/IsEnum.ts' does not exist.
File '/Users/valentinyelchenko/Projects/ogxone/adjecent-boxes/node_modules/class-validator/types/decorator/typechecker/IsEnum.tsx' does not exist.
File '/Users/valentinyelchenko/Projects/ogxone/adjecent-boxes/node_modules/class-validator/types/decorator/typechecker/IsEnum.d.ts' exist - use it as a name resolution result.
File '/Users/valentinyelchenko/Projects/ogxone/adjecent-boxes/node_modules/class-validator/package.json' exists according to earlier cached lookups.
======== Module name './typechecker/IsEnum' was successfully resolved to '/Users/valentinyelchenko/Projects/ogxone/adjecent-boxes/node_modules/class-validator/types/decorator/typechecker/IsEnum.d.ts' with Package ID 'class-validator/types/decorator/typechecker/IsEnum.d.ts@0.13.2'. ========
======== Resolving module './typechecker/IsInt' from '/Users/valentinyelchenko/Projects/ogxone/adjecent-boxes/node_modules/class-validator/types/decorator/decorators.d.ts'. ========
Explicitly specified module resolution kind: 'NodeJs'.
Loading module as file / folder, candidate module location '/Users/valentinyelchenko/Projects/ogxone/adjecent-boxes/node_modules/class-validator/types/decorator/typechecker/IsInt', target file type 'TypeScript'.
File '/Users/valentinyelchenko/Projects/ogxone/adjecent-boxes/node_modules/class-validator/types/decorator/typechecker/IsInt.ts' does not exist.
File '/Users/valentinyelchenko/Projects/ogxone/adjecent-boxes/node_modules/class-validator/types/decorator/typechecker/IsInt.tsx' does not exist.
File '/Users/valentinyelchenko/Projects/ogxone/adjecent-boxes/node_modules/class-validator/types/decorator/typechecker/IsInt.d.ts' exist - use it as a name resolution result.
File '/Users/valentinyelchenko/Projects/ogxone/adjecent-boxes/node_modules/class-validator/package.json' exists according to earlier cached lookups.
======== Module name './typechecker/IsInt' was successfully resolved to '/Users/valentinyelchenko/Projects/ogxone/adjecent-boxes/node_modules/class-validator/types/decorator/typechecker/IsInt.d.ts' with Package ID 'class-validator/types/decorator/typechecker/IsInt.d.ts@0.13.2'. ========
======== Resolving module './typechecker/IsString' from '/Users/valentinyelchenko/Projects/ogxone/adjecent-boxes/node_modules/class-validator/types/decorator/decorators.d.ts'. ========
Explicitly specified module resolution kind: 'NodeJs'.
Loading module as file / folder, candidate module location '/Users/valentinyelchenko/Projects/ogxone/adjecent-boxes/node_modules/class-validator/types/decorator/typechecker/IsString', target file type 'TypeScript'.
File '/Users/valentinyelchenko/Projects/ogxone/adjecent-boxes/node_modules/class-validator/types/decorator/typechecker/IsString.ts' does not exist.
File '/Users/valentinyelchenko/Projects/ogxone/adjecent-boxes/node_modules/class-validator/types/decorator/typechecker/IsString.tsx' does not exist.
File '/Users/valentinyelchenko/Projects/ogxone/adjecent-boxes/node_modules/class-validator/types/decorator/typechecker/IsString.d.ts' exist - use it as a name resolution result.
File '/Users/valentinyelchenko/Projects/ogxone/adjecent-boxes/node_modules/class-validator/package.json' exists according to earlier cached lookups.
======== Module name './typechecker/IsString' was successfully resolved to '/Users/valentinyelchenko/Projects/ogxone/adjecent-boxes/node_modules/class-validator/types/decorator/typechecker/IsString.d.ts' with Package ID 'class-validator/types/decorator/typechecker/IsString.d.ts@0.13.2'. ========
======== Resolving module './typechecker/IsArray' from '/Users/valentinyelchenko/Projects/ogxone/adjecent-boxes/node_modules/class-validator/types/decorator/decorators.d.ts'. ========
Explicitly specified module resolution kind: 'NodeJs'.
Loading module as file / folder, candidate module location '/Users/valentinyelchenko/Projects/ogxone/adjecent-boxes/node_modules/class-validator/types/decorator/typechecker/IsArray', target file type 'TypeScript'.
File '/Users/valentinyelchenko/Projects/ogxone/adjecent-boxes/node_modules/class-validator/types/decorator/typechecker/IsArray.ts' does not exist.
File '/Users/valentinyelchenko/Projects/ogxone/adjecent-boxes/node_modules/class-validator/types/decorator/typechecker/IsArray.tsx' does not exist.
File '/Users/valentinyelchenko/Projects/ogxone/adjecent-boxes/node_modules/class-validator/types/decorator/typechecker/IsArray.d.ts' exist - use it as a name resolution result.
File '/Users/valentinyelchenko/Projects/ogxone/adjecent-boxes/node_modules/class-validator/package.json' exists according to earlier cached lookups.
======== Module name './typechecker/IsArray' was successfully resolved to '/Users/valentinyelchenko/Projects/ogxone/adjecent-boxes/node_modules/class-validator/types/decorator/typechecker/IsArray.d.ts' with Package ID 'class-validator/types/decorator/typechecker/IsArray.d.ts@0.13.2'. ========
======== Resolving module './typechecker/IsObject' from '/Users/valentinyelchenko/Projects/ogxone/adjecent-boxes/node_modules/class-validator/types/decorator/decorators.d.ts'. ========
Explicitly specified module resolution kind: 'NodeJs'.
Loading module as file / folder, candidate module location '/Users/valentinyelchenko/Projects/ogxone/adjecent-boxes/node_modules/class-validator/types/decorator/typechecker/IsObject', target file type 'TypeScript'.
File '/Users/valentinyelchenko/Projects/ogxone/adjecent-boxes/node_modules/class-validator/types/decorator/typechecker/IsObject.ts' does not exist.
File '/Users/valentinyelchenko/Projects/ogxone/adjecent-boxes/node_modules/class-validator/types/decorator/typechecker/IsObject.tsx' does not exist.
File '/Users/valentinyelchenko/Projects/ogxone/adjecent-boxes/node_modules/class-validator/types/decorator/typechecker/IsObject.d.ts' exist - use it as a name resolution result.
File '/Users/valentinyelchenko/Projects/ogxone/adjecent-boxes/node_modules/class-validator/package.json' exists according to earlier cached lookups.
======== Module name './typechecker/IsObject' was successfully resolved to '/Users/valentinyelchenko/Projects/ogxone/adjecent-boxes/node_modules/class-validator/types/decorator/typechecker/IsObject.d.ts' with Package ID 'class-validator/types/decorator/typechecker/IsObject.d.ts@0.13.2'. ========
======== Resolving module './array/ArrayContains' from '/Users/valentinyelchenko/Projects/ogxone/adjecent-boxes/node_modules/class-validator/types/decorator/decorators.d.ts'. ========
Explicitly specified module resolution kind: 'NodeJs'.
Loading module as file / folder, candidate module location '/Users/valentinyelchenko/Projects/ogxone/adjecent-boxes/node_modules/class-validator/types/decorator/array/ArrayContains', target file type 'TypeScript'.
File '/Users/valentinyelchenko/Projects/ogxone/adjecent-boxes/node_modules/class-validator/types/decorator/array/ArrayContains.ts' does not exist.
File '/Users/valentinyelchenko/Projects/ogxone/adjecent-boxes/node_modules/class-validator/types/decorator/array/ArrayContains.tsx' does not exist.
File '/Users/valentinyelchenko/Projects/ogxone/adjecent-boxes/node_modules/class-validator/types/decorator/array/ArrayContains.d.ts' exist - use it as a name resolution result.
File '/Users/valentinyelchenko/Projects/ogxone/adjecent-boxes/node_modules/class-validator/package.json' exists according to earlier cached lookups.
======== Module name './array/ArrayContains' was successfully resolved to '/Users/valentinyelchenko/Projects/ogxone/adjecent-boxes/node_modules/class-validator/types/decorator/array/ArrayContains.d.ts' with Package ID 'class-validator/types/decorator/array/ArrayContains.d.ts@0.13.2'. ========
======== Resolving module './array/ArrayNotContains' from '/Users/valentinyelchenko/Projects/ogxone/adjecent-boxes/node_modules/class-validator/types/decorator/decorators.d.ts'. ========
Explicitly specified module resolution kind: 'NodeJs'.
Loading module as file / folder, candidate module location '/Users/valentinyelchenko/Projects/ogxone/adjecent-boxes/node_modules/class-validator/types/decorator/array/ArrayNotContains', target file type 'TypeScript'.
File '/Users/valentinyelchenko/Projects/ogxone/adjecent-boxes/node_modules/class-validator/types/decorator/array/ArrayNotContains.ts' does not exist.
File '/Users/valentinyelchenko/Projects/ogxone/adjecent-boxes/node_modules/class-validator/types/decorator/array/ArrayNotContains.tsx' does not exist.
File '/Users/valentinyelchenko/Projects/ogxone/adjecent-boxes/node_modules/class-validator/types/decorator/array/ArrayNotContains.d.ts' exist - use it as a name resolution result.
File '/Users/valentinyelchenko/Projects/ogxone/adjecent-boxes/node_modules/class-validator/package.json' exists according to earlier cached lookups.
======== Module name './array/ArrayNotContains' was successfully resolved to '/Users/valentinyelchenko/Projects/ogxone/adjecent-boxes/node_modules/class-validator/types/decorator/array/ArrayNotContains.d.ts' with Package ID 'class-validator/types/decorator/array/ArrayNotContains.d.ts@0.13.2'. ========
======== Resolving module './array/ArrayNotEmpty' from '/Users/valentinyelchenko/Projects/ogxone/adjecent-boxes/node_modules/class-validator/types/decorator/decorators.d.ts'. ========
Explicitly specified module resolution kind: 'NodeJs'.
Loading module as file / folder, candidate module location '/Users/valentinyelchenko/Projects/ogxone/adjecent-boxes/node_modules/class-validator/types/decorator/array/ArrayNotEmpty', target file type 'TypeScript'.
File '/Users/valentinyelchenko/Projects/ogxone/adjecent-boxes/node_modules/class-validator/types/decorator/array/ArrayNotEmpty.ts' does not exist.
File '/Users/valentinyelchenko/Projects/ogxone/adjecent-boxes/node_modules/class-validator/types/decorator/array/ArrayNotEmpty.tsx' does not exist.
File '/Users/valentinyelchenko/Projects/ogxone/adjecent-boxes/node_modules/class-validator/types/decorator/array/ArrayNotEmpty.d.ts' exist - use it as a name resolution result.
File '/Users/valentinyelchenko/Projects/ogxone/adjecent-boxes/node_modules/class-validator/package.json' exists according to earlier cached lookups.
======== Module name './array/ArrayNotEmpty' was successfully resolved to '/Users/valentinyelchenko/Projects/ogxone/adjecent-boxes/node_modules/class-validator/types/decorator/array/ArrayNotEmpty.d.ts' with Package ID 'class-validator/types/decorator/array/ArrayNotEmpty.d.ts@0.13.2'. ========
======== Resolving module './array/ArrayMinSize' from '/Users/valentinyelchenko/Projects/ogxone/adjecent-boxes/node_modules/class-validator/types/decorator/decorators.d.ts'. ========
Explicitly specified module resolution kind: 'NodeJs'.
Loading module as file / folder, candidate module location '/Users/valentinyelchenko/Projects/ogxone/adjecent-boxes/node_modules/class-validator/types/decorator/array/ArrayMinSize', target file type 'TypeScript'.
File '/Users/valentinyelchenko/Projects/ogxone/adjecent-boxes/node_modules/class-validator/types/decorator/array/ArrayMinSize.ts' does not exist.
File '/Users/valentinyelchenko/Projects/ogxone/adjecent-boxes/node_modules/class-validator/types/decorator/array/ArrayMinSize.tsx' does not exist.
File '/Users/valentinyelchenko/Projects/ogxone/adjecent-boxes/node_modules/class-validator/types/decorator/array/ArrayMinSize.d.ts' exist - use it as a name resolution result.
File '/Users/valentinyelchenko/Projects/ogxone/adjecent-boxes/node_modules/class-validator/package.json' exists according to earlier cached lookups.
======== Module name './array/ArrayMinSize' was successfully resolved to '/Users/valentinyelchenko/Projects/ogxone/adjecent-boxes/node_modules/class-validator/types/decorator/array/ArrayMinSize.d.ts' with Package ID 'class-validator/types/decorator/array/ArrayMinSize.d.ts@0.13.2'. ========
======== Resolving module './array/ArrayMaxSize' from '/Users/valentinyelchenko/Projects/ogxone/adjecent-boxes/node_modules/class-validator/types/decorator/decorators.d.ts'. ========
Explicitly specified module resolution kind: 'NodeJs'.
Loading module as file / folder, candidate module location '/Users/valentinyelchenko/Projects/ogxone/adjecent-boxes/node_modules/class-validator/types/decorator/array/ArrayMaxSize', target file type 'TypeScript'.
File '/Users/valentinyelchenko/Projects/ogxone/adjecent-boxes/node_modules/class-validator/types/decorator/array/ArrayMaxSize.ts' does not exist.
File '/Users/valentinyelchenko/Projects/ogxone/adjecent-boxes/node_modules/class-validator/types/decorator/array/ArrayMaxSize.tsx' does not exist.
File '/Users/valentinyelchenko/Projects/ogxone/adjecent-boxes/node_modules/class-validator/types/decorator/array/ArrayMaxSize.d.ts' exist - use it as a name resolution result.
File '/Users/valentinyelchenko/Projects/ogxone/adjecent-boxes/node_modules/class-validator/package.json' exists according to earlier cached lookups.
======== Module name './array/ArrayMaxSize' was successfully resolved to '/Users/valentinyelchenko/Projects/ogxone/adjecent-boxes/node_modules/class-validator/types/decorator/array/ArrayMaxSize.d.ts' with Package ID 'class-validator/types/decorator/array/ArrayMaxSize.d.ts@0.13.2'. ========
======== Resolving module './array/ArrayUnique' from '/Users/valentinyelchenko/Projects/ogxone/adjecent-boxes/node_modules/class-validator/types/decorator/decorators.d.ts'. ========
Explicitly specified module resolution kind: 'NodeJs'.
Loading module as file / folder, candidate module location '/Users/valentinyelchenko/Projects/ogxone/adjecent-boxes/node_modules/class-validator/types/decorator/array/ArrayUnique', target file type 'TypeScript'.
File '/Users/valentinyelchenko/Projects/ogxone/adjecent-boxes/node_modules/class-validator/types/decorator/array/ArrayUnique.ts' does not exist.
File '/Users/valentinyelchenko/Projects/ogxone/adjecent-boxes/node_modules/class-validator/types/decorator/array/ArrayUnique.tsx' does not exist.
File '/Users/valentinyelchenko/Projects/ogxone/adjecent-boxes/node_modules/class-validator/types/decorator/array/ArrayUnique.d.ts' exist - use it as a name resolution result.
File '/Users/valentinyelchenko/Projects/ogxone/adjecent-boxes/node_modules/class-validator/package.json' exists according to earlier cached lookups.
======== Module name './array/ArrayUnique' was successfully resolved to '/Users/valentinyelchenko/Projects/ogxone/adjecent-boxes/node_modules/class-validator/types/decorator/array/ArrayUnique.d.ts' with Package ID 'class-validator/types/decorator/array/ArrayUnique.d.ts@0.13.2'. ========
======== Resolving module './object/IsNotEmptyObject' from '/Users/valentinyelchenko/Projects/ogxone/adjecent-boxes/node_modules/class-validator/types/decorator/decorators.d.ts'. ========
Explicitly specified module resolution kind: 'NodeJs'.
Loading module as file / folder, candidate module location '/Users/valentinyelchenko/Projects/ogxone/adjecent-boxes/node_modules/class-validator/types/decorator/object/IsNotEmptyObject', target file type 'TypeScript'.
File '/Users/valentinyelchenko/Projects/ogxone/adjecent-boxes/node_modules/class-validator/types/decorator/object/IsNotEmptyObject.ts' does not exist.
File '/Users/valentinyelchenko/Projects/ogxone/adjecent-boxes/node_modules/class-validator/types/decorator/object/IsNotEmptyObject.tsx' does not exist.
File '/Users/valentinyelchenko/Projects/ogxone/adjecent-boxes/node_modules/class-validator/types/decorator/object/IsNotEmptyObject.d.ts' exist - use it as a name resolution result.
File '/Users/valentinyelchenko/Projects/ogxone/adjecent-boxes/node_modules/class-validator/package.json' exists according to earlier cached lookups.
======== Module name './object/IsNotEmptyObject' was successfully resolved to '/Users/valentinyelchenko/Projects/ogxone/adjecent-boxes/node_modules/class-validator/types/decorator/object/IsNotEmptyObject.d.ts' with Package ID 'class-validator/types/decorator/object/IsNotEmptyObject.d.ts@0.13.2'. ========
======== Resolving module './object/IsInstance' from '/Users/valentinyelchenko/Projects/ogxone/adjecent-boxes/node_modules/class-validator/types/decorator/decorators.d.ts'. ========
Explicitly specified module resolution kind: 'NodeJs'.
Loading module as file / folder, candidate module location '/Users/valentinyelchenko/Projects/ogxone/adjecent-boxes/node_modules/class-validator/types/decorator/object/IsInstance', target file type 'TypeScript'.
File '/Users/valentinyelchenko/Projects/ogxone/adjecent-boxes/node_modules/class-validator/types/decorator/object/IsInstance.ts' does not exist.
File '/Users/valentinyelchenko/Projects/ogxone/adjecent-boxes/node_modules/class-validator/types/decorator/object/IsInstance.tsx' does not exist.
File '/Users/valentinyelchenko/Projects/ogxone/adjecent-boxes/node_modules/class-validator/types/decorator/object/IsInstance.d.ts' exist - use it as a name resolution result.
File '/Users/valentinyelchenko/Projects/ogxone/adjecent-boxes/node_modules/class-validator/package.json' exists according to earlier cached lookups.
======== Module name './object/IsInstance' was successfully resolved to '/Users/valentinyelchenko/Projects/ogxone/adjecent-boxes/node_modules/class-validator/types/decorator/object/IsInstance.d.ts' with Package ID 'class-validator/types/decorator/object/IsInstance.d.ts@0.13.2'. ========
======== Resolving module '../ValidationOptions' from '/Users/valentinyelchenko/Projects/ogxone/adjecent-boxes/node_modules/class-validator/types/decorator/common/Allow.d.ts'. ========
Explicitly specified module resolution kind: 'NodeJs'.
Loading module as file / folder, candidate module location '/Users/valentinyelchenko/Projects/ogxone/adjecent-boxes/node_modules/class-validator/types/decorator/ValidationOptions', target file type 'TypeScript'.
File '/Users/valentinyelchenko/Projects/ogxone/adjecent-boxes/node_modules/class-validator/types/decorator/ValidationOptions.ts' does not exist.
File '/Users/valentinyelchenko/Projects/ogxone/adjecent-boxes/node_modules/class-validator/types/decorator/ValidationOptions.tsx' does not exist.
File '/Users/valentinyelchenko/Projects/ogxone/adjecent-boxes/node_modules/class-validator/types/decorator/ValidationOptions.d.ts' exist - use it as a name resolution result.
File '/Users/valentinyelchenko/Projects/ogxone/adjecent-boxes/node_modules/class-validator/package.json' exists according to earlier cached lookups.
======== Module name '../ValidationOptions' was successfully resolved to '/Users/valentinyelchenko/Projects/ogxone/adjecent-boxes/node_modules/class-validator/types/decorator/ValidationOptions.d.ts' with Package ID 'class-validator/types/decorator/ValidationOptions.d.ts@0.13.2'. ========
======== Resolving module '../validation/ValidationArguments' from '/Users/valentinyelchenko/Projects/ogxone/adjecent-boxes/node_modules/class-validator/types/decorator/ValidationOptions.d.ts'. ========
Explicitly specified module resolution kind: 'NodeJs'.
Loading module as file / folder, candidate module location '/Users/valentinyelchenko/Projects/ogxone/adjecent-boxes/node_modules/class-validator/types/validation/ValidationArguments', target file type 'TypeScript'.
File '/Users/valentinyelchenko/Projects/ogxone/adjecent-boxes/node_modules/class-validator/types/validation/ValidationArguments.ts' does not exist.
File '/Users/valentinyelchenko/Projects/ogxone/adjecent-boxes/node_modules/class-validator/types/validation/ValidationArguments.tsx' does not exist.
File '/Users/valentinyelchenko/Projects/ogxone/adjecent-boxes/node_modules/class-validator/types/validation/ValidationArguments.d.ts' exist - use it as a name resolution result.
File '/Users/valentinyelchenko/Projects/ogxone/adjecent-boxes/node_modules/class-validator/package.json' exists according to earlier cached lookups.
======== Module name '../validation/ValidationArguments' was successfully resolved to '/Users/valentinyelchenko/Projects/ogxone/adjecent-boxes/node_modules/class-validator/types/validation/ValidationArguments.d.ts' with Package ID 'class-validator/types/validation/ValidationArguments.d.ts@0.13.2'. ========
======== Resolving module '../ValidationOptions' from '/Users/valentinyelchenko/Projects/ogxone/adjecent-boxes/node_modules/class-validator/types/decorator/common/IsDefined.d.ts'. ========
Resolution for module '../ValidationOptions' was found in cache from location '/Users/valentinyelchenko/Projects/ogxone/adjecent-boxes/node_modules/class-validator/types/decorator/common'.
======== Module name '../ValidationOptions' was successfully resolved to '/Users/valentinyelchenko/Projects/ogxone/adjecent-boxes/node_modules/class-validator/types/decorator/ValidationOptions.d.ts' with Package ID 'class-validator/types/decorator/ValidationOptions.d.ts@0.13.2'. ========
======== Resolving module '../ValidationOptions' from '/Users/valentinyelchenko/Projects/ogxone/adjecent-boxes/node_modules/class-validator/types/decorator/common/IsOptional.d.ts'. ========
Resolution for module '../ValidationOptions' was found in cache from location '/Users/valentinyelchenko/Projects/ogxone/adjecent-boxes/node_modules/class-validator/types/decorator/common'.
======== Module name '../ValidationOptions' was successfully resolved to '/Users/valentinyelchenko/Projects/ogxone/adjecent-boxes/node_modules/class-validator/types/decorator/ValidationOptions.d.ts' with Package ID 'class-validator/types/decorator/ValidationOptions.d.ts@0.13.2'. ========
======== Resolving module '../ValidationOptions' from '/Users/valentinyelchenko/Projects/ogxone/adjecent-boxes/node_modules/class-validator/types/decorator/common/Validate.d.ts'. ========
Resolution for module '../ValidationOptions' was found in cache from location '/Users/valentinyelchenko/Projects/ogxone/adjecent-boxes/node_modules/class-validator/types/decorator/common'.
======== Module name '../ValidationOptions' was successfully resolved to '/Users/valentinyelchenko/Projects/ogxone/adjecent-boxes/node_modules/class-validator/types/decorator/ValidationOptions.d.ts' with Package ID 'class-validator/types/decorator/ValidationOptions.d.ts@0.13.2'. ========
======== Resolving module '../ValidationOptions' from '/Users/valentinyelchenko/Projects/ogxone/adjecent-boxes/node_modules/class-validator/types/decorator/common/ValidateBy.d.ts'. ========
Resolution for module '../ValidationOptions' was found in cache from location '/Users/valentinyelchenko/Projects/ogxone/adjecent-boxes/node_modules/class-validator/types/decorator/common'.
======== Module name '../ValidationOptions' was successfully resolved to '/Users/valentinyelchenko/Projects/ogxone/adjecent-boxes/node_modules/class-validator/types/decorator/ValidationOptions.d.ts' with Package ID 'class-validator/types/decorator/ValidationOptions.d.ts@0.13.2'. ========
======== Resolving module '../../validation/ValidationArguments' from '/Users/valentinyelchenko/Projects/ogxone/adjecent-boxes/node_modules/class-validator/types/decorator/common/ValidateBy.d.ts'. ========
Explicitly specified module resolution kind: 'NodeJs'.
Loading module as file / folder, candidate module location '/Users/valentinyelchenko/Projects/ogxone/adjecent-boxes/node_modules/class-validator/types/validation/ValidationArguments', target file type 'TypeScript'.
File '/Users/valentinyelchenko/Projects/ogxone/adjecent-boxes/node_modules/class-validator/types/validation/ValidationArguments.ts' does not exist.
File '/Users/valentinyelchenko/Projects/ogxone/adjecent-boxes/node_modules/class-validator/types/validation/ValidationArguments.tsx' does not exist.
File '/Users/valentinyelchenko/Projects/ogxone/adjecent-boxes/node_modules/class-validator/types/validation/ValidationArguments.d.ts' exist - use it as a name resolution result.
File '/Users/valentinyelchenko/Projects/ogxone/adjecent-boxes/node_modules/class-validator/package.json' exists according to earlier cached lookups.
======== Module name '../../validation/ValidationArguments' was successfully resolved to '/Users/valentinyelchenko/Projects/ogxone/adjecent-boxes/node_modules/class-validator/types/validation/ValidationArguments.d.ts' with Package ID 'class-validator/types/validation/ValidationArguments.d.ts@0.13.2'. ========
======== Resolving module '../../validation/ValidatorConstraintInterface' from '/Users/valentinyelchenko/Projects/ogxone/adjecent-boxes/node_modules/class-validator/types/decorator/common/ValidateBy.d.ts'. ========
Explicitly specified module resolution kind: 'NodeJs'.
Loading module as file / folder, candidate module location '/Users/valentinyelchenko/Projects/ogxone/adjecent-boxes/node_modules/class-validator/types/validation/ValidatorConstraintInterface', target file type 'TypeScript'.
File '/Users/valentinyelchenko/Projects/ogxone/adjecent-boxes/node_modules/class-validator/types/validation/ValidatorConstraintInterface.ts' does not exist.
File '/Users/valentinyelchenko/Projects/ogxone/adjecent-boxes/node_modules/class-validator/types/validation/ValidatorConstraintInterface.tsx' does not exist.
File '/Users/valentinyelchenko/Projects/ogxone/adjecent-boxes/node_modules/class-validator/types/validation/ValidatorConstraintInterface.d.ts' exist - use it as a name resolution result.
File '/Users/valentinyelchenko/Projects/ogxone/adjecent-boxes/node_modules/class-validator/package.json' exists according to earlier cached lookups.
======== Module name '../../validation/ValidatorConstraintInterface' was successfully resolved to '/Users/valentinyelchenko/Projects/ogxone/adjecent-boxes/node_modules/class-validator/types/validation/ValidatorConstraintInterface.d.ts' with Package ID 'class-validator/types/validation/ValidatorConstraintInterface.d.ts@0.13.2'. ========
======== Resolving module './ValidationArguments' from '/Users/valentinyelchenko/Projects/ogxone/adjecent-boxes/node_modules/class-validator/types/validation/ValidatorConstraintInterface.d.ts'. ========
Explicitly specified module resolution kind: 'NodeJs'.
Loading module as file / folder, candidate module location '/Users/valentinyelchenko/Projects/ogxone/adjecent-boxes/node_modules/class-validator/types/validation/ValidationArguments', target file type 'TypeScript'.
File '/Users/valentinyelchenko/Projects/ogxone/adjecent-boxes/node_modules/class-validator/types/validation/ValidationArguments.ts' does not exist.
File '/Users/valentinyelchenko/Projects/ogxone/adjecent-boxes/node_modules/class-validator/types/validation/ValidationArguments.tsx' does not exist.
File '/Users/valentinyelchenko/Projects/ogxone/adjecent-boxes/node_modules/class-validator/types/validation/ValidationArguments.d.ts' exist - use it as a name resolution result.
File '/Users/valentinyelchenko/Projects/ogxone/adjecent-boxes/node_modules/class-validator/package.json' exists according to earlier cached lookups.
======== Module name './ValidationArguments' was successfully resolved to '/Users/valentinyelchenko/Projects/ogxone/adjecent-boxes/node_modules/class-validator/types/validation/ValidationArguments.d.ts' with Package ID 'class-validator/types/validation/ValidationArguments.d.ts@0.13.2'. ========
======== Resolving module '../ValidationOptions' from '/Users/valentinyelchenko/Projects/ogxone/adjecent-boxes/node_modules/class-validator/types/decorator/common/ValidateIf.d.ts'. ========
Resolution for module '../ValidationOptions' was found in cache from location '/Users/valentinyelchenko/Projects/ogxone/adjecent-boxes/node_modules/class-validator/types/decorator/common'.
======== Module name '../ValidationOptions' was successfully resolved to '/Users/valentinyelchenko/Projects/ogxone/adjecent-boxes/node_modules/class-validator/types/decorator/ValidationOptions.d.ts' with Package ID 'class-validator/types/decorator/ValidationOptions.d.ts@0.13.2'. ========
======== Resolving module '../ValidationOptions' from '/Users/valentinyelchenko/Projects/ogxone/adjecent-boxes/node_modules/class-validator/types/decorator/common/ValidateNested.d.ts'. ========
Resolution for module '../ValidationOptions' was found in cache from location '/Users/valentinyelchenko/Projects/ogxone/adjecent-boxes/node_modules/class-validator/types/decorator/common'.
======== Module name '../ValidationOptions' was successfully resolved to '/Users/valentinyelchenko/Projects/ogxone/adjecent-boxes/node_modules/class-validator/types/decorator/ValidationOptions.d.ts' with Package ID 'class-validator/types/decorator/ValidationOptions.d.ts@0.13.2'. ========
======== Resolving module '../ValidationOptions' from '/Users/valentinyelchenko/Projects/ogxone/adjecent-boxes/node_modules/class-validator/types/decorator/common/ValidatePromise.d.ts'. ========
Resolution for module '../ValidationOptions' was found in cache from location '/Users/valentinyelchenko/Projects/ogxone/adjecent-boxes/node_modules/class-validator/types/decorator/common'.
======== Module name '../ValidationOptions' was successfully resolved to '/Users/valentinyelchenko/Projects/ogxone/adjecent-boxes/node_modules/class-validator/types/decorator/ValidationOptions.d.ts' with Package ID 'class-validator/types/decorator/ValidationOptions.d.ts@0.13.2'. ========
======== Resolving module '../ValidationOptions' from '/Users/valentinyelchenko/Projects/ogxone/adjecent-boxes/node_modules/class-validator/types/decorator/common/IsLatLong.d.ts'. ========
Resolution for module '../ValidationOptions' was found in cache from location '/Users/valentinyelchenko/Projects/ogxone/adjecent-boxes/node_modules/class-validator/types/decorator/common'.
======== Module name '../ValidationOptions' was successfully resolved to '/Users/valentinyelchenko/Projects/ogxone/adjecent-boxes/node_modules/class-validator/types/decorator/ValidationOptions.d.ts' with Package ID 'class-validator/types/decorator/ValidationOptions.d.ts@0.13.2'. ========
======== Resolving module '../ValidationOptions' from '/Users/valentinyelchenko/Projects/ogxone/adjecent-boxes/node_modules/class-validator/types/decorator/common/IsLatitude.d.ts'. ========
Resolution for module '../ValidationOptions' was found in cache from location '/Users/valentinyelchenko/Projects/ogxone/adjecent-boxes/node_modules/class-validator/types/decorator/common'.
======== Module name '../ValidationOptions' was successfully resolved to '/Users/valentinyelchenko/Projects/ogxone/adjecent-boxes/node_modules/class-validator/types/decorator/ValidationOptions.d.ts' with Package ID 'class-validator/types/decorator/ValidationOptions.d.ts@0.13.2'. ========
======== Resolving module '../ValidationOptions' from '/Users/valentinyelchenko/Projects/ogxone/adjecent-boxes/node_modules/class-validator/types/decorator/common/IsLongitude.d.ts'. ========
Resolution for module '../ValidationOptions' was found in cache from location '/Users/valentinyelchenko/Projects/ogxone/adjecent-boxes/node_modules/class-validator/types/decorator/common'.
======== Module name '../ValidationOptions' was successfully resolved to '/Users/valentinyelchenko/Projects/ogxone/adjecent-boxes/node_modules/class-validator/types/decorator/ValidationOptions.d.ts' with Package ID 'class-validator/types/decorator/ValidationOptions.d.ts@0.13.2'. ========
======== Resolving module '../ValidationOptions' from '/Users/valentinyelchenko/Projects/ogxone/adjecent-boxes/node_modules/class-validator/types/decorator/common/Equals.d.ts'. ========
Resolution for module '../ValidationOptions' was found in cache from location '/Users/valentinyelchenko/Projects/ogxone/adjecent-boxes/node_modules/class-validator/types/decorator/common'.
======== Module name '../ValidationOptions' was successfully resolved to '/Users/valentinyelchenko/Projects/ogxone/adjecent-boxes/node_modules/class-validator/types/decorator/ValidationOptions.d.ts' with Package ID 'class-validator/types/decorator/ValidationOptions.d.ts@0.13.2'. ========
======== Resolving module '../ValidationOptions' from '/Users/valentinyelchenko/Projects/ogxone/adjecent-boxes/node_modules/class-validator/types/decorator/common/NotEquals.d.ts'. ========
Resolution for module '../ValidationOptions' was found in cache from location '/Users/valentinyelchenko/Projects/ogxone/adjecent-boxes/node_modules/class-validator/types/decorator/common'.
======== Module name '../ValidationOptions' was successfully resolved to '/Users/valentinyelchenko/Projects/ogxone/adjecent-boxes/node_modules/class-validator/types/decorator/ValidationOptions.d.ts' with Package ID 'class-validator/types/decorator/ValidationOptions.d.ts@0.13.2'. ========
======== Resolving module '../ValidationOptions' from '/Users/valentinyelchenko/Projects/ogxone/adjecent-boxes/node_modules/class-validator/types/decorator/common/IsEmpty.d.ts'. ========
Resolution for module '../ValidationOptions' was found in cache from location '/Users/valentinyelchenko/Projects/ogxone/adjecent-boxes/node_modules/class-validator/types/decorator/common'.
======== Module name '../ValidationOptions' was successfully resolved to '/Users/valentinyelchenko/Projects/ogxone/adjecent-boxes/node_modules/class-validator/types/decorator/ValidationOptions.d.ts' with Package ID 'class-validator/types/decorator/ValidationOptions.d.ts@0.13.2'. ========
======== Resolving module '../ValidationOptions' from '/Users/valentinyelchenko/Projects/ogxone/adjecent-boxes/node_modules/class-validator/types/decorator/common/IsNotEmpty.d.ts'. ========
Resolution for module '../ValidationOptions' was found in cache from location '/Users/valentinyelchenko/Projects/ogxone/adjecent-boxes/node_modules/class-validator/types/decorator/common'.
======== Module name '../ValidationOptions' was successfully resolved to '/Users/valentinyelchenko/Projects/ogxone/adjecent-boxes/node_modules/class-validator/types/decorator/ValidationOptions.d.ts' with Package ID 'class-validator/types/decorator/ValidationOptions.d.ts@0.13.2'. ========
======== Resolving module '../ValidationOptions' from '/Users/valentinyelchenko/Projects/ogxone/adjecent-boxes/node_modules/class-validator/types/decorator/common/IsIn.d.ts'. ========
Resolution for module '../ValidationOptions' was found in cache from location '/Users/valentinyelchenko/Projects/ogxone/adjecent-boxes/node_modules/class-validator/types/decorator/common'.
======== Module name '../ValidationOptions' was successfully resolved to '/Users/valentinyelchenko/Projects/ogxone/adjecent-boxes/node_modules/class-validator/types/decorator/ValidationOptions.d.ts' with Package ID 'class-validator/types/decorator/ValidationOptions.d.ts@0.13.2'. ========
======== Resolving module '../ValidationOptions' from '/Users/valentinyelchenko/Projects/ogxone/adjecent-boxes/node_modules/class-validator/types/decorator/common/IsNotIn.d.ts'. ========
Resolution for module '../ValidationOptions' was found in cache from location '/Users/valentinyelchenko/Projects/ogxone/adjecent-boxes/node_modules/class-validator/types/decorator/common'.
======== Module name '../ValidationOptions' was successfully resolved to '/Users/valentinyelchenko/Projects/ogxone/adjecent-boxes/node_modules/class-validator/types/decorator/ValidationOptions.d.ts' with Package ID 'class-validator/types/decorator/ValidationOptions.d.ts@0.13.2'. ========
======== Resolving module '../ValidationOptions' from '/Users/valentinyelchenko/Projects/ogxone/adjecent-boxes/node_modules/class-validator/types/decorator/number/IsDivisibleBy.d.ts'. ========
Explicitly specified module resolution kind: 'NodeJs'.
Loading module as file / folder, candidate module location '/Users/valentinyelchenko/Projects/ogxone/adjecent-boxes/node_modules/class-validator/types/decorator/ValidationOptions', target file type 'TypeScript'.
File '/Users/valentinyelchenko/Projects/ogxone/adjecent-boxes/node_modules/class-validator/types/decorator/ValidationOptions.ts' does not exist.
File '/Users/valentinyelchenko/Projects/ogxone/adjecent-boxes/node_modules/class-validator/types/decorator/ValidationOptions.tsx' does not exist.
File '/Users/valentinyelchenko/Projects/ogxone/adjecent-boxes/node_modules/class-validator/types/decorator/ValidationOptions.d.ts' exist - use it as a name resolution result.
File '/Users/valentinyelchenko/Projects/ogxone/adjecent-boxes/node_modules/class-validator/package.json' exists according to earlier cached lookups.
======== Module name '../ValidationOptions' was successfully resolved to '/Users/valentinyelchenko/Projects/ogxone/adjecent-boxes/node_modules/class-validator/types/decorator/ValidationOptions.d.ts' with Package ID 'class-validator/types/decorator/ValidationOptions.d.ts@0.13.2'. ========
======== Resolving module '../ValidationOptions' from '/Users/valentinyelchenko/Projects/ogxone/adjecent-boxes/node_modules/class-validator/types/decorator/number/IsPositive.d.ts'. ========
Resolution for module '../ValidationOptions' was found in cache from location '/Users/valentinyelchenko/Projects/ogxone/adjecent-boxes/node_modules/class-validator/types/decorator/number'.
======== Module name '../ValidationOptions' was successfully resolved to '/Users/valentinyelchenko/Projects/ogxone/adjecent-boxes/node_modules/class-validator/types/decorator/ValidationOptions.d.ts' with Package ID 'class-validator/types/decorator/ValidationOptions.d.ts@0.13.2'. ========
======== Resolving module '../ValidationOptions' from '/Users/valentinyelchenko/Projects/ogxone/adjecent-boxes/node_modules/class-validator/types/decorator/number/IsNegative.d.ts'. ========
Resolution for module '../ValidationOptions' was found in cache from location '/Users/valentinyelchenko/Projects/ogxone/adjecent-boxes/node_modules/class-validator/types/decorator/number'.
======== Module name '../ValidationOptions' was successfully resolved to '/Users/valentinyelchenko/Projects/ogxone/adjecent-boxes/node_modules/class-validator/types/decorator/ValidationOptions.d.ts' with Package ID 'class-validator/types/decorator/ValidationOptions.d.ts@0.13.2'. ========
======== Resolving module '../ValidationOptions' from '/Users/valentinyelchenko/Projects/ogxone/adjecent-boxes/node_modules/class-validator/types/decorator/number/Max.d.ts'. ========
Resolution for module '../ValidationOptions' was found in cache from location '/Users/valentinyelchenko/Projects/ogxone/adjecent-boxes/node_modules/class-validator/types/decorator/number'.
======== Module name '../ValidationOptions' was successfully resolved to '/Users/valentinyelchenko/Projects/ogxone/adjecent-boxes/node_modules/class-validator/types/decorator/ValidationOptions.d.ts' with Package ID 'class-validator/types/decorator/ValidationOptions.d.ts@0.13.2'. ========
======== Resolving module '../ValidationOptions' from '/Users/valentinyelchenko/Projects/ogxone/adjecent-boxes/node_modules/class-validator/types/decorator/number/Min.d.ts'. ========
Resolution for module '../ValidationOptions' was found in cache from location '/Users/valentinyelchenko/Projects/ogxone/adjecent-boxes/node_modules/class-validator/types/decorator/number'.
======== Module name '../ValidationOptions' was successfully resolved to '/Users/valentinyelchenko/Projects/ogxone/adjecent-boxes/node_modules/class-validator/types/decorator/ValidationOptions.d.ts' with Package ID 'class-validator/types/decorator/ValidationOptions.d.ts@0.13.2'. ========
======== Resolving module '../ValidationOptions' from '/Users/valentinyelchenko/Projects/ogxone/adjecent-boxes/node_modules/class-validator/types/decorator/date/MinDate.d.ts'. ========
Explicitly specified module resolution kind: 'NodeJs'.
Loading module as file / folder, candidate module location '/Users/valentinyelchenko/Projects/ogxone/adjecent-boxes/node_modules/class-validator/types/decorator/ValidationOptions', target file type 'TypeScript'.
File '/Users/valentinyelchenko/Projects/ogxone/adjecent-boxes/node_modules/class-validator/types/decorator/ValidationOptions.ts' does not exist.
File '/Users/valentinyelchenko/Projects/ogxone/adjecent-boxes/node_modules/class-validator/types/decorator/ValidationOptions.tsx' does not exist.
File '/Users/valentinyelchenko/Projects/ogxone/adjecent-boxes/node_modules/class-validator/types/decorator/ValidationOptions.d.ts' exist - use it as a name resolution result.
File '/Users/valentinyelchenko/Projects/ogxone/adjecent-boxes/node_modules/class-validator/package.json' exists according to earlier cached lookups.
======== Module name '../ValidationOptions' was successfully resolved to '/Users/valentinyelchenko/Projects/ogxone/adjecent-boxes/node_modules/class-validator/types/decorator/ValidationOptions.d.ts' with Package ID 'class-validator/types/decorator/ValidationOptions.d.ts@0.13.2'. ========
======== Resolving module '../ValidationOptions' from '/Users/valentinyelchenko/Projects/ogxone/adjecent-boxes/node_modules/class-validator/types/decorator/date/MaxDate.d.ts'. ========
Resolution for module '../ValidationOptions' was found in cache from location '/Users/valentinyelchenko/Projects/ogxone/adjecent-boxes/node_modules/class-validator/types/decorator/date'.
======== Module name '../ValidationOptions' was successfully resolved to '/Users/valentinyelchenko/Projects/ogxone/adjecent-boxes/node_modules/class-validator/types/decorator/ValidationOptions.d.ts' with Package ID 'class-validator/types/decorator/ValidationOptions.d.ts@0.13.2'. ========
======== Resolving module '../ValidationOptions' from '/Users/valentinyelchenko/Projects/ogxone/adjecent-boxes/node_modules/class-validator/types/decorator/string/Contains.d.ts'. ========
Explicitly specified module resolution kind: 'NodeJs'.
Loading module as file / folder, candidate module location '/Users/valentinyelchenko/Projects/ogxone/adjecent-boxes/node_modules/class-validator/types/decorator/ValidationOptions', target file type 'TypeScript'.
File '/Users/valentinyelchenko/Projects/ogxone/adjecent-boxes/node_modules/class-validator/types/decorator/ValidationOptions.ts' does not exist.
File '/Users/valentinyelchenko/Projects/ogxone/adjecent-boxes/node_modules/class-validator/types/decorator/ValidationOptions.tsx' does not exist.
File '/Users/valentinyelchenko/Projects/ogxone/adjecent-boxes/node_modules/class-validator/types/decorator/ValidationOptions.d.ts' exist - use it as a name resolution result.
File '/Users/valentinyelchenko/Projects/ogxone/adjecent-boxes/node_modules/class-validator/package.json' exists according to earlier cached lookups.
======== Module name '../ValidationOptions' was successfully resolved to '/Users/valentinyelchenko/Projects/ogxone/adjecent-boxes/node_modules/class-validator/types/decorator/ValidationOptions.d.ts' with Package ID 'class-validator/types/decorator/ValidationOptions.d.ts@0.13.2'. ========
======== Resolving module '../ValidationOptions' from '/Users/valentinyelchenko/Projects/ogxone/adjecent-boxes/node_modules/class-validator/types/decorator/string/NotContains.d.ts'. ========
Resolution for module '../ValidationOptions' was found in cache from location '/Users/valentinyelchenko/Projects/ogxone/adjecent-boxes/node_modules/class-validator/types/decorator/string'.
======== Module name '../ValidationOptions' was successfully resolved to '/Users/valentinyelchenko/Projects/ogxone/adjecent-boxes/node_modules/class-validator/types/decorator/ValidationOptions.d.ts' with Package ID 'class-validator/types/decorator/ValidationOptions.d.ts@0.13.2'. ========
======== Resolving module '../ValidationOptions' from '/Users/valentinyelchenko/Projects/ogxone/adjecent-boxes/node_modules/class-validator/types/decorator/string/IsAlpha.d.ts'. ========
Resolution for module '../ValidationOptions' was found in cache from location '/Users/valentinyelchenko/Projects/ogxone/adjecent-boxes/node_modules/class-validator/types/decorator/string'.
======== Module name '../ValidationOptions' was successfully resolved to '/Users/valentinyelchenko/Projects/ogxone/adjecent-boxes/node_modules/class-validator/types/decorator/ValidationOptions.d.ts' with Package ID 'class-validator/types/decorator/ValidationOptions.d.ts@0.13.2'. ========
======== Resolving module 'validator' from '/Users/valentinyelchenko/Projects/ogxone/adjecent-boxes/node_modules/class-validator/types/decorator/string/IsAlpha.d.ts'. ========
Explicitly specified module resolution kind: 'NodeJs'.
'baseUrl' option is set to '/Users/valentinyelchenko/Projects/ogxone/adjecent-boxes', using this value to resolve non-relative module name 'validator'.
'paths' option is specified, looking for a pattern to match module name 'validator'.
'baseUrl' option is set to '/Users/valentinyelchenko/Projects/ogxone/adjecent-boxes', using this value to resolve non-relative module name 'validator'.
Resolving module name 'validator' relative to base url '/Users/valentinyelchenko/Projects/ogxone/adjecent-boxes' - '/Users/valentinyelchenko/Projects/ogxone/adjecent-boxes/validator'.
Loading module as file / folder, candidate module location '/Users/valentinyelchenko/Projects/ogxone/adjecent-boxes/validator', target file type 'TypeScript'.
File '/Users/valentinyelchenko/Projects/ogxone/adjecent-boxes/validator.ts' does not exist.
File '/Users/valentinyelchenko/Projects/ogxone/adjecent-boxes/validator.tsx' does not exist.
File '/Users/valentinyelchenko/Projects/ogxone/adjecent-boxes/validator.d.ts' does not exist.
Directory '/Users/valentinyelchenko/Projects/ogxone/adjecent-boxes/validator' does not exist, skipping all lookups in it.
Loading module 'validator' from 'node_modules' folder, target file type 'TypeScript'.
Directory '/Users/valentinyelchenko/Projects/ogxone/adjecent-boxes/node_modules/class-validator/types/decorator/string/node_modules' does not exist, skipping all lookups in it.
Directory '/Users/valentinyelchenko/Projects/ogxone/adjecent-boxes/node_modules/class-validator/types/decorator/node_modules' does not exist, skipping all lookups in it.
Directory '/Users/valentinyelchenko/Projects/ogxone/adjecent-boxes/node_modules/class-validator/types/node_modules' does not exist, skipping all lookups in it.
Directory '/Users/valentinyelchenko/Projects/ogxone/adjecent-boxes/node_modules/class-validator/node_modules' does not exist, skipping all lookups in it.
Found 'package.json' at '/Users/valentinyelchenko/Projects/ogxone/adjecent-boxes/node_modules/validator/package.json'.
'package.json' does not have a 'typesVersions' field.
File '/Users/valentinyelchenko/Projects/ogxone/adjecent-boxes/node_modules/validator.ts' does not exist.
File '/Users/valentinyelchenko/Projects/ogxone/adjecent-boxes/node_modules/validator.tsx' does not exist.
File '/Users/valentinyelchenko/Projects/ogxone/adjecent-boxes/node_modules/validator.d.ts' does not exist.
'package.json' does not have a 'typings' field.
'package.json' does not have a 'types' field.
'package.json' has 'main' field 'index.js' that references '/Users/valentinyelchenko/Projects/ogxone/adjecent-boxes/node_modules/validator/index.js'.
File '/Users/valentinyelchenko/Projects/ogxone/adjecent-boxes/node_modules/validator/index.js' exist - use it as a name resolution result.
File '/Users/valentinyelchenko/Projects/ogxone/adjecent-boxes/node_modules/validator/index.js' has an unsupported extension, so skipping it.
Loading module as file / folder, candidate module location '/Users/valentinyelchenko/Projects/ogxone/adjecent-boxes/node_modules/validator/index.js', target file type 'TypeScript'.
File '/Users/valentinyelchenko/Projects/ogxone/adjecent-boxes/node_modules/validator/index.js.ts' does not exist.
File '/Users/valentinyelchenko/Projects/ogxone/adjecent-boxes/node_modules/validator/index.js.tsx' does not exist.
File '/Users/valentinyelchenko/Projects/ogxone/adjecent-boxes/node_modules/validator/index.js.d.ts' does not exist.
File name '/Users/valentinyelchenko/Projects/ogxone/adjecent-boxes/node_modules/validator/index.js' has a '.js' extension - stripping it.
File '/Users/valentinyelchenko/Projects/ogxone/adjecent-boxes/node_modules/validator/index.ts' does not exist.
File '/Users/valentinyelchenko/Projects/ogxone/adjecent-boxes/node_modules/validator/index.tsx' does not exist.
File '/Users/valentinyelchenko/Projects/ogxone/adjecent-boxes/node_modules/validator/index.d.ts' does not exist.
Directory '/Users/valentinyelchenko/Projects/ogxone/adjecent-boxes/node_modules/validator/index.js' does not exist, skipping all lookups in it.
File '/Users/valentinyelchenko/Projects/ogxone/adjecent-boxes/node_modules/validator/index.ts' does not exist.
File '/Users/valentinyelchenko/Projects/ogxone/adjecent-boxes/node_modules/validator/index.tsx' does not exist.
File '/Users/valentinyelchenko/Projects/ogxone/adjecent-boxes/node_modules/validator/index.d.ts' does not exist.
File '/Users/valentinyelchenko/Projects/ogxone/adjecent-boxes/node_modules/@types/validator.d.ts' does not exist.
Directory '/Users/valentinyelchenko/Projects/ogxone/node_modules' does not exist, skipping all lookups in it.
Directory '/Users/valentinyelchenko/Projects/node_modules' does not exist, skipping all lookups in it.
File '/Users/valentinyelchenko/node_modules/validator.ts' does not exist.
File '/Users/valentinyelchenko/node_modules/validator.tsx' does not exist.
File '/Users/valentinyelchenko/node_modules/validator.d.ts' does not exist.
File '/Users/valentinyelchenko/node_modules/@types/validator.d.ts' does not exist.
Directory '/Users/node_modules' does not exist, skipping all lookups in it.
Directory '/node_modules' does not exist, skipping all lookups in it.
'baseUrl' option is set to '/Users/valentinyelchenko/Projects/ogxone/adjecent-boxes', using this value to resolve non-relative module name 'validator'.
'paths' option is specified, looking for a pattern to match module name 'validator'.
'baseUrl' option is set to '/Users/valentinyelchenko/Projects/ogxone/adjecent-boxes', using this value to resolve non-relative module name 'validator'.
Resolving module name 'validator' relative to base url '/Users/valentinyelchenko/Projects/ogxone/adjecent-boxes' - '/Users/valentinyelchenko/Projects/ogxone/adjecent-boxes/validator'.
Loading module as file / folder, candidate module location '/Users/valentinyelchenko/Projects/ogxone/adjecent-boxes/validator', target file type 'JavaScript'.
File '/Users/valentinyelchenko/Projects/ogxone/adjecent-boxes/validator.js' does not exist.
File '/Users/valentinyelchenko/Projects/ogxone/adjecent-boxes/validator.jsx' does not exist.
Directory '/Users/valentinyelchenko/Projects/ogxone/adjecent-boxes/validator' does not exist, skipping all lookups in it.
Loading module 'validator' from 'node_modules' folder, target file type 'JavaScript'.
Directory '/Users/valentinyelchenko/Projects/ogxone/adjecent-boxes/node_modules/class-validator/types/decorator/string/node_modules' does not exist, skipping all lookups in it.
Directory '/Users/valentinyelchenko/Projects/ogxone/adjecent-boxes/node_modules/class-validator/types/decorator/node_modules' does not exist, skipping all lookups in it.
Directory '/Users/valentinyelchenko/Projects/ogxone/adjecent-boxes/node_modules/class-validator/types/node_modules' does not exist, skipping all lookups in it.
Directory '/Users/valentinyelchenko/Projects/ogxone/adjecent-boxes/node_modules/class-validator/node_modules' does not exist, skipping all lookups in it.
File '/Users/valentinyelchenko/Projects/ogxone/adjecent-boxes/node_modules/validator/package.json' exists according to earlier cached lookups.
File '/Users/valentinyelchenko/Projects/ogxone/adjecent-boxes/node_modules/validator.js' does not exist.
File '/Users/valentinyelchenko/Projects/ogxone/adjecent-boxes/node_modules/validator.jsx' does not exist.
'package.json' has 'main' field 'index.js' that references '/Users/valentinyelchenko/Projects/ogxone/adjecent-boxes/node_modules/validator/index.js'.
File '/Users/valentinyelchenko/Projects/ogxone/adjecent-boxes/node_modules/validator/index.js' exist - use it as a name resolution result.
Resolving real path for '/Users/valentinyelchenko/Projects/ogxone/adjecent-boxes/node_modules/validator/index.js', result '/Users/valentinyelchenko/Projects/ogxone/adjecent-boxes/node_modules/validator/index.js'.
======== Module name 'validator' was successfully resolved to '/Users/valentinyelchenko/Projects/ogxone/adjecent-boxes/node_modules/validator/index.js' with Package ID 'validator/index.js@13.7.0'. ========
======== Resolving module '../ValidationOptions' from '/Users/valentinyelchenko/Projects/ogxone/adjecent-boxes/node_modules/class-validator/types/decorator/string/IsAlphanumeric.d.ts'. ========
Resolution for module '../ValidationOptions' was found in cache from location '/Users/valentinyelchenko/Projects/ogxone/adjecent-boxes/node_modules/class-validator/types/decorator/string'.
======== Module name '../ValidationOptions' was successfully resolved to '/Users/valentinyelchenko/Projects/ogxone/adjecent-boxes/node_modules/class-validator/types/decorator/ValidationOptions.d.ts' with Package ID 'class-validator/types/decorator/ValidationOptions.d.ts@0.13.2'. ========
======== Resolving module 'validator' from '/Users/valentinyelchenko/Projects/ogxone/adjecent-boxes/node_modules/class-validator/types/decorator/string/IsAlphanumeric.d.ts'. ========
Resolution for module 'validator' was found in cache from location '/Users/valentinyelchenko/Projects/ogxone/adjecent-boxes/node_modules/class-validator/types/decorator/string'.
======== Module name 'validator' was successfully resolved to '/Users/valentinyelchenko/Projects/ogxone/adjecent-boxes/node_modules/validator/index.js' with Package ID 'validator/index.js@13.7.0'. ========
======== Resolving module '../ValidationOptions' from '/Users/valentinyelchenko/Projects/ogxone/adjecent-boxes/node_modules/class-validator/types/decorator/string/IsDecimal.d.ts'. ========
Resolution for module '../ValidationOptions' was found in cache from location '/Users/valentinyelchenko/Projects/ogxone/adjecent-boxes/node_modules/class-validator/types/decorator/string'.
======== Module name '../ValidationOptions' was successfully resolved to '/Users/valentinyelchenko/Projects/ogxone/adjecent-boxes/node_modules/class-validator/types/decorator/ValidationOptions.d.ts' with Package ID 'class-validator/types/decorator/ValidationOptions.d.ts@0.13.2'. ========
======== Resolving module 'validator' from '/Users/valentinyelchenko/Projects/ogxone/adjecent-boxes/node_modules/class-validator/types/decorator/string/IsDecimal.d.ts'. ========
Resolution for module 'validator' was found in cache from location '/Users/valentinyelchenko/Projects/ogxone/adjecent-boxes/node_modules/class-validator/types/decorator/string'.
======== Module name 'validator' was successfully resolved to '/Users/valentinyelchenko/Projects/ogxone/adjecent-boxes/node_modules/validator/index.js' with Package ID 'validator/index.js@13.7.0'. ========
======== Resolving module '../ValidationOptions' from '/Users/valentinyelchenko/Projects/ogxone/adjecent-boxes/node_modules/class-validator/types/decorator/string/IsAscii.d.ts'. ========
Resolution for module '../ValidationOptions' was found in cache from location '/Users/valentinyelchenko/Projects/ogxone/adjecent-boxes/node_modules/class-validator/types/decorator/string'.
======== Module name '../ValidationOptions' was successfully resolved to '/Users/valentinyelchenko/Projects/ogxone/adjecent-boxes/node_modules/class-validator/types/decorator/ValidationOptions.d.ts' with Package ID 'class-validator/types/decorator/ValidationOptions.d.ts@0.13.2'. ========
======== Resolving module '../ValidationOptions' from '/Users/valentinyelchenko/Projects/ogxone/adjecent-boxes/node_modules/class-validator/types/decorator/string/IsBase64.d.ts'. ========
Resolution for module '../ValidationOptions' was found in cache from location '/Users/valentinyelchenko/Projects/ogxone/adjecent-boxes/node_modules/class-validator/types/decorator/string'.
======== Module name '../ValidationOptions' was successfully resolved to '/Users/valentinyelchenko/Projects/ogxone/adjecent-boxes/node_modules/class-validator/types/decorator/ValidationOptions.d.ts' with Package ID 'class-validator/types/decorator/ValidationOptions.d.ts@0.13.2'. ========
======== Resolving module '../ValidationOptions' from '/Users/valentinyelchenko/Projects/ogxone/adjecent-boxes/node_modules/class-validator/types/decorator/string/IsByteLength.d.ts'. ========
Resolution for module '../ValidationOptions' was found in cache from location '/Users/valentinyelchenko/Projects/ogxone/adjecent-boxes/node_modules/class-validator/types/decorator/string'.
======== Module name '../ValidationOptions' was successfully resolved to '/Users/valentinyelchenko/Projects/ogxone/adjecent-boxes/node_modules/class-validator/types/decorator/ValidationOptions.d.ts' with Package ID 'class-validator/types/decorator/ValidationOptions.d.ts@0.13.2'. ========
======== Resolving module '../ValidationOptions' from '/Users/valentinyelchenko/Projects/ogxone/adjecent-boxes/node_modules/class-validator/types/decorator/string/IsCreditCard.d.ts'. ========
Resolution for module '../ValidationOptions' was found in cache from location '/Users/valentinyelchenko/Projects/ogxone/adjecent-boxes/node_modules/class-validator/types/decorator/string'.
======== Module name '../ValidationOptions' was successfully resolved to '/Users/valentinyelchenko/Projects/ogxone/adjecent-boxes/node_modules/class-validator/types/decorator/ValidationOptions.d.ts' with Package ID 'class-validator/types/decorator/ValidationOptions.d.ts@0.13.2'. ========
======== Resolving module '../ValidationOptions' from '/Users/valentinyelchenko/Projects/ogxone/adjecent-boxes/node_modules/class-validator/types/decorator/string/IsCurrency.d.ts'. ========
Resolution for module '../ValidationOptions' was found in cache from location '/Users/valentinyelchenko/Projects/ogxone/adjecent-boxes/node_modules/class-validator/types/decorator/string'.
======== Module name '../ValidationOptions' was successfully resolved to '/Users/valentinyelchenko/Projects/ogxone/adjecent-boxes/node_modules/class-validator/types/decorator/ValidationOptions.d.ts' with Package ID 'class-validator/types/decorator/ValidationOptions.d.ts@0.13.2'. ========
======== Resolving module 'validator' from '/Users/valentinyelchenko/Projects/ogxone/adjecent-boxes/node_modules/class-validator/types/decorator/string/IsCurrency.d.ts'. ========
Resolution for module 'validator' was found in cache from location '/Users/valentinyelchenko/Projects/ogxone/adjecent-boxes/node_modules/class-validator/types/decorator/string'.
======== Module name 'validator' was successfully resolved to '/Users/valentinyelchenko/Projects/ogxone/adjecent-boxes/node_modules/validator/index.js' with Package ID 'validator/index.js@13.7.0'. ========
======== Resolving module '../ValidationOptions' from '/Users/valentinyelchenko/Projects/ogxone/adjecent-boxes/node_modules/class-validator/types/decorator/string/IsEmail.d.ts'. ========
Resolution for module '../ValidationOptions' was found in cache from location '/Users/valentinyelchenko/Projects/ogxone/adjecent-boxes/node_modules/class-validator/types/decorator/string'.
======== Module name '../ValidationOptions' was successfully resolved to '/Users/valentinyelchenko/Projects/ogxone/adjecent-boxes/node_modules/class-validator/types/decorator/ValidationOptions.d.ts' with Package ID 'class-validator/types/decorator/ValidationOptions.d.ts@0.13.2'. ========
======== Resolving module 'validator' from '/Users/valentinyelchenko/Projects/ogxone/adjecent-boxes/node_modules/class-validator/types/decorator/string/IsEmail.d.ts'. ========
Resolution for module 'validator' was found in cache from location '/Users/valentinyelchenko/Projects/ogxone/adjecent-boxes/node_modules/class-validator/types/decorator/string'.
======== Module name 'validator' was successfully resolved to '/Users/valentinyelchenko/Projects/ogxone/adjecent-boxes/node_modules/validator/index.js' with Package ID 'validator/index.js@13.7.0'. ========
======== Resolving module '../ValidationOptions' from '/Users/valentinyelchenko/Projects/ogxone/adjecent-boxes/node_modules/class-validator/types/decorator/string/IsFQDN.d.ts'. ========
Resolution for module '../ValidationOptions' was found in cache from location '/Users/valentinyelchenko/Projects/ogxone/adjecent-boxes/node_modules/class-validator/types/decorator/string'.
======== Module name '../ValidationOptions' was successfully resolved to '/Users/valentinyelchenko/Projects/ogxone/adjecent-boxes/node_modules/class-validator/types/decorator/ValidationOptions.d.ts' with Package ID 'class-validator/types/decorator/ValidationOptions.d.ts@0.13.2'. ========
======== Resolving module 'validator' from '/Users/valentinyelchenko/Projects/ogxone/adjecent-boxes/node_modules/class-validator/types/decorator/string/IsFQDN.d.ts'. ========
Resolution for module 'validator' was found in cache from location '/Users/valentinyelchenko/Projects/ogxone/adjecent-boxes/node_modules/class-validator/types/decorator/string'.
======== Module name 'validator' was successfully resolved to '/Users/valentinyelchenko/Projects/ogxone/adjecent-boxes/node_modules/validator/index.js' with Package ID 'validator/index.js@13.7.0'. ========
======== Resolving module '../ValidationOptions' from '/Users/valentinyelchenko/Projects/ogxone/adjecent-boxes/node_modules/class-validator/types/decorator/string/IsFullWidth.d.ts'. ========
Resolution for module '../ValidationOptions' was found in cache from location '/Users/valentinyelchenko/Projects/ogxone/adjecent-boxes/node_modules/class-validator/types/decorator/string'.
======== Module name '../ValidationOptions' was successfully resolved to '/Users/valentinyelchenko/Projects/ogxone/adjecent-boxes/node_modules/class-validator/types/decorator/ValidationOptions.d.ts' with Package ID 'class-validator/types/decorator/ValidationOptions.d.ts@0.13.2'. ========
======== Resolving module '../ValidationOptions' from '/Users/valentinyelchenko/Projects/ogxone/adjecent-boxes/node_modules/class-validator/types/decorator/string/IsHalfWidth.d.ts'. ========
Resolution for module '../ValidationOptions' was found in cache from location '/Users/valentinyelchenko/Projects/ogxone/adjecent-boxes/node_modules/class-validator/types/decorator/string'.
======== Module name '../ValidationOptions' was successfully resolved to '/Users/valentinyelchenko/Projects/ogxone/adjecent-boxes/node_modules/class-validator/types/decorator/ValidationOptions.d.ts' with Package ID 'class-validator/types/decorator/ValidationOptions.d.ts@0.13.2'. ========
======== Resolving module '../ValidationOptions' from '/Users/valentinyelchenko/Projects/ogxone/adjecent-boxes/node_modules/class-validator/types/decorator/string/IsVariableWidth.d.ts'. ========
Resolution for module '../ValidationOptions' was found in cache from location '/Users/valentinyelchenko/Projects/ogxone/adjecent-boxes/node_modules/class-validator/types/decorator/string'.
======== Module name '../ValidationOptions' was successfully resolved to '/Users/valentinyelchenko/Projects/ogxone/adjecent-boxes/node_modules/class-validator/types/decorator/ValidationOptions.d.ts' with Package ID 'class-validator/types/decorator/ValidationOptions.d.ts@0.13.2'. ========
======== Resolving module '../ValidationOptions' from '/Users/valentinyelchenko/Projects/ogxone/adjecent-boxes/node_modules/class-validator/types/decorator/string/IsHexColor.d.ts'. ========
Resolution for module '../ValidationOptions' was found in cache from location '/Users/valentinyelchenko/Projects/ogxone/adjecent-boxes/node_modules/class-validator/types/decorator/string'.
======== Module name '../ValidationOptions' was successfully resolved to '/Users/valentinyelchenko/Projects/ogxone/adjecent-boxes/node_modules/class-validator/types/decorator/ValidationOptions.d.ts' with Package ID 'class-validator/types/decorator/ValidationOptions.d.ts@0.13.2'. ========
======== Resolving module '../ValidationOptions' from '/Users/valentinyelchenko/Projects/ogxone/adjecent-boxes/node_modules/class-validator/types/decorator/string/IsHexadecimal.d.ts'. ========
Resolution for module '../ValidationOptions' was found in cache from location '/Users/valentinyelchenko/Projects/ogxone/adjecent-boxes/node_modules/class-validator/types/decorator/string'.
======== Module name '../ValidationOptions' was successfully resolved to '/Users/valentinyelchenko/Projects/ogxone/adjecent-boxes/node_modules/class-validator/types/decorator/ValidationOptions.d.ts' with Package ID 'class-validator/types/decorator/ValidationOptions.d.ts@0.13.2'. ========
======== Resolving module '../ValidationOptions' from '/Users/valentinyelchenko/Projects/ogxone/adjecent-boxes/node_modules/class-validator/types/decorator/string/IsMacAddress.d.ts'. ========
Resolution for module '../ValidationOptions' was found in cache from location '/Users/valentinyelchenko/Projects/ogxone/adjecent-boxes/node_modules/class-validator/types/decorator/string'.
======== Module name '../ValidationOptions' was successfully resolved to '/Users/valentinyelchenko/Projects/ogxone/adjecent-boxes/node_modules/class-validator/types/decorator/ValidationOptions.d.ts' with Package ID 'class-validator/types/decorator/ValidationOptions.d.ts@0.13.2'. ========
======== Resolving module 'validator' from '/Users/valentinyelchenko/Projects/ogxone/adjecent-boxes/node_modules/class-validator/types/decorator/string/IsMacAddress.d.ts'. ========
Resolution for module 'validator' was found in cache from location '/Users/valentinyelchenko/Projects/ogxone/adjecent-boxes/node_modules/class-validator/types/decorator/string'.
======== Module name 'validator' was successfully resolved to '/Users/valentinyelchenko/Projects/ogxone/adjecent-boxes/node_modules/validator/index.js' with Package ID 'validator/index.js@13.7.0'. ========
======== Resolving module '../ValidationOptions' from '/Users/valentinyelchenko/Projects/ogxone/adjecent-boxes/node_modules/class-validator/types/decorator/string/IsIP.d.ts'. ========
Resolution for module '../ValidationOptions' was found in cache from location '/Users/valentinyelchenko/Projects/ogxone/adjecent-boxes/node_modules/class-validator/types/decorator/string'.
======== Module name '../ValidationOptions' was successfully resolved to '/Users/valentinyelchenko/Projects/ogxone/adjecent-boxes/node_modules/class-validator/types/decorator/ValidationOptions.d.ts' with Package ID 'class-validator/types/decorator/ValidationOptions.d.ts@0.13.2'. ========
======== Resolving module '../ValidationOptions' from '/Users/valentinyelchenko/Projects/ogxone/adjecent-boxes/node_modules/class-validator/types/decorator/string/IsPort.d.ts'. ========
Resolution for module '../ValidationOptions' was found in cache from location '/Users/valentinyelchenko/Projects/ogxone/adjecent-boxes/node_modules/class-validator/types/decorator/string'.
======== Module name '../ValidationOptions' was successfully resolved to '/Users/valentinyelchenko/Projects/ogxone/adjecent-boxes/node_modules/class-validator/types/decorator/ValidationOptions.d.ts' with Package ID 'class-validator/types/decorator/ValidationOptions.d.ts@0.13.2'. ========
======== Resolving module '../ValidationOptions' from '/Users/valentinyelchenko/Projects/ogxone/adjecent-boxes/node_modules/class-validator/types/decorator/string/IsISBN.d.ts'. ========
Resolution for module '../ValidationOptions' was found in cache from location '/Users/valentinyelchenko/Projects/ogxone/adjecent-boxes/node_modules/class-validator/types/decorator/string'.
======== Module name '../ValidationOptions' was successfully resolved to '/Users/valentinyelchenko/Projects/ogxone/adjecent-boxes/node_modules/class-validator/types/decorator/ValidationOptions.d.ts' with Package ID 'class-validator/types/decorator/ValidationOptions.d.ts@0.13.2'. ========
======== Resolving module '../ValidationOptions' from '/Users/valentinyelchenko/Projects/ogxone/adjecent-boxes/node_modules/class-validator/types/decorator/string/IsISIN.d.ts'. ========
Resolution for module '../ValidationOptions' was found in cache from location '/Users/valentinyelchenko/Projects/ogxone/adjecent-boxes/node_modules/class-validator/types/decorator/string'.
======== Module name '../ValidationOptions' was successfully resolved to '/Users/valentinyelchenko/Projects/ogxone/adjecent-boxes/node_modules/class-validator/types/decorator/ValidationOptions.d.ts' with Package ID 'class-validator/types/decorator/ValidationOptions.d.ts@0.13.2'. ========
======== Resolving module '../ValidationOptions' from '/Users/valentinyelchenko/Projects/ogxone/adjecent-boxes/node_modules/class-validator/types/decorator/string/IsISO8601.d.ts'. ========
Resolution for module '../ValidationOptions' was found in cache from location '/Users/valentinyelchenko/Projects/ogxone/adjecent-boxes/node_modules/class-validator/types/decorator/string'.
======== Module name '../ValidationOptions' was successfully resolved to '/Users/valentinyelchenko/Projects/ogxone/adjecent-boxes/node_modules/class-validator/types/decorator/ValidationOptions.d.ts' with Package ID 'class-validator/types/decorator/ValidationOptions.d.ts@0.13.2'. ========
======== Resolving module 'validator' from '/Users/valentinyelchenko/Projects/ogxone/adjecent-boxes/node_modules/class-validator/types/decorator/string/IsISO8601.d.ts'. ========
Resolution for module 'validator' was found in cache from location '/Users/valentinyelchenko/Projects/ogxone/adjecent-boxes/node_modules/class-validator/types/decorator/string'.
======== Module name 'validator' was successfully resolved to '/Users/valentinyelchenko/Projects/ogxone/adjecent-boxes/node_modules/validator/index.js' with Package ID 'validator/index.js@13.7.0'. ========
======== Resolving module '../ValidationOptions' from '/Users/valentinyelchenko/Projects/ogxone/adjecent-boxes/node_modules/class-validator/types/decorator/string/IsJSON.d.ts'. ========
Resolution for module '../ValidationOptions' was found in cache from location '/Users/valentinyelchenko/Projects/ogxone/adjecent-boxes/node_modules/class-validator/types/decorator/string'.
======== Module name '../ValidationOptions' was successfully resolved to '/Users/valentinyelchenko/Projects/ogxone/adjecent-boxes/node_modules/class-validator/types/decorator/ValidationOptions.d.ts' with Package ID 'class-validator/types/decorator/ValidationOptions.d.ts@0.13.2'. ========
======== Resolving module '../ValidationOptions' from '/Users/valentinyelchenko/Projects/ogxone/adjecent-boxes/node_modules/class-validator/types/decorator/string/IsJWT.d.ts'. ========
Resolution for module '../ValidationOptions' was found in cache from location '/Users/valentinyelchenko/Projects/ogxone/adjecent-boxes/node_modules/class-validator/types/decorator/string'.
======== Module name '../ValidationOptions' was successfully resolved to '/Users/valentinyelchenko/Projects/ogxone/adjecent-boxes/node_modules/class-validator/types/decorator/ValidationOptions.d.ts' with Package ID 'class-validator/types/decorator/ValidationOptions.d.ts@0.13.2'. ========
======== Resolving module '../ValidationOptions' from '/Users/valentinyelchenko/Projects/ogxone/adjecent-boxes/node_modules/class-validator/types/decorator/string/IsLowercase.d.ts'. ========
Resolution for module '../ValidationOptions' was found in cache from location '/Users/valentinyelchenko/Projects/ogxone/adjecent-boxes/node_modules/class-validator/types/decorator/string'.
======== Module name '../ValidationOptions' was successfully resolved to '/Users/valentinyelchenko/Projects/ogxone/adjecent-boxes/node_modules/class-validator/types/decorator/ValidationOptions.d.ts' with Package ID 'class-validator/types/decorator/ValidationOptions.d.ts@0.13.2'. ========
======== Resolving module '../ValidationOptions' from '/Users/valentinyelchenko/Projects/ogxone/adjecent-boxes/node_modules/class-validator/types/decorator/string/IsMobilePhone.d.ts'. ========
Resolution for module '../ValidationOptions' was found in cache from location '/Users/valentinyelchenko/Projects/ogxone/adjecent-boxes/node_modules/class-validator/types/decorator/string'.
======== Module name '../ValidationOptions' was successfully resolved to '/Users/valentinyelchenko/Projects/ogxone/adjecent-boxes/node_modules/class-validator/types/decorator/ValidationOptions.d.ts' with Package ID 'class-validator/types/decorator/ValidationOptions.d.ts@0.13.2'. ========
======== Resolving module 'validator' from '/Users/valentinyelchenko/Projects/ogxone/adjecent-boxes/node_modules/class-validator/types/decorator/string/IsMobilePhone.d.ts'. ========
Resolution for module 'validator' was found in cache from location '/Users/valentinyelchenko/Projects/ogxone/adjecent-boxes/node_modules/class-validator/types/decorator/string'.
======== Module name 'validator' was successfully resolved to '/Users/valentinyelchenko/Projects/ogxone/adjecent-boxes/node_modules/validator/index.js' with Package ID 'validator/index.js@13.7.0'. ========
======== Resolving module '../ValidationOptions' from '/Users/valentinyelchenko/Projects/ogxone/adjecent-boxes/node_modules/class-validator/types/decorator/string/IsISO31661Alpha2.d.ts'. ========
Resolution for module '../ValidationOptions' was found in cache from location '/Users/valentinyelchenko/Projects/ogxone/adjecent-boxes/node_modules/class-validator/types/decorator/string'.
======== Module name '../ValidationOptions' was successfully resolved to '/Users/valentinyelchenko/Projects/ogxone/adjecent-boxes/node_modules/class-validator/types/decorator/ValidationOptions.d.ts' with Package ID 'class-validator/types/decorator/ValidationOptions.d.ts@0.13.2'. ========
======== Resolving module '../ValidationOptions' from '/Users/valentinyelchenko/Projects/ogxone/adjecent-boxes/node_modules/class-validator/types/decorator/string/IsISO31661Alpha3.d.ts'. ========
Resolution for module '../ValidationOptions' was found in cache from location '/Users/valentinyelchenko/Projects/ogxone/adjecent-boxes/node_modules/class-validator/types/decorator/string'.
======== Module name '../ValidationOptions' was successfully resolved to '/Users/valentinyelchenko/Projects/ogxone/adjecent-boxes/node_modules/class-validator/types/decorator/ValidationOptions.d.ts' with Package ID 'class-validator/types/decorator/ValidationOptions.d.ts@0.13.2'. ========
======== Resolving module '../ValidationOptions' from '/Users/valentinyelchenko/Projects/ogxone/adjecent-boxes/node_modules/class-validator/types/decorator/string/IsMongoId.d.ts'. ========
Resolution for module '../ValidationOptions' was found in cache from location '/Users/valentinyelchenko/Projects/ogxone/adjecent-boxes/node_modules/class-validator/types/decorator/string'.
======== Module name '../ValidationOptions' was successfully resolved to '/Users/valentinyelchenko/Projects/ogxone/adjecent-boxes/node_modules/class-validator/types/decorator/ValidationOptions.d.ts' with Package ID 'class-validator/types/decorator/ValidationOptions.d.ts@0.13.2'. ========
======== Resolving module '../ValidationOptions' from '/Users/valentinyelchenko/Projects/ogxone/adjecent-boxes/node_modules/class-validator/types/decorator/string/IsMultibyte.d.ts'. ========
Resolution for module '../ValidationOptions' was found in cache from location '/Users/valentinyelchenko/Projects/ogxone/adjecent-boxes/node_modules/class-validator/types/decorator/string'.
======== Module name '../ValidationOptions' was successfully resolved to '/Users/valentinyelchenko/Projects/ogxone/adjecent-boxes/node_modules/class-validator/types/decorator/ValidationOptions.d.ts' with Package ID 'class-validator/types/decorator/ValidationOptions.d.ts@0.13.2'. ========
======== Resolving module '../ValidationOptions' from '/Users/valentinyelchenko/Projects/ogxone/adjecent-boxes/node_modules/class-validator/types/decorator/string/IsSurrogatePair.d.ts'. ========
Resolution for module '../ValidationOptions' was found in cache from location '/Users/valentinyelchenko/Projects/ogxone/adjecent-boxes/node_modules/class-validator/types/decorator/string'.
======== Module name '../ValidationOptions' was successfully resolved to '/Users/valentinyelchenko/Projects/ogxone/adjecent-boxes/node_modules/class-validator/types/decorator/ValidationOptions.d.ts' with Package ID 'class-validator/types/decorator/ValidationOptions.d.ts@0.13.2'. ========
======== Resolving module '../ValidationOptions' from '/Users/valentinyelchenko/Projects/ogxone/adjecent-boxes/node_modules/class-validator/types/decorator/string/IsUrl.d.ts'. ========
Resolution for module '../ValidationOptions' was found in cache from location '/Users/valentinyelchenko/Projects/ogxone/adjecent-boxes/node_modules/class-validator/types/decorator/string'.
======== Module name '../ValidationOptions' was successfully resolved to '/Users/valentinyelchenko/Projects/ogxone/adjecent-boxes/node_modules/class-validator/types/decorator/ValidationOptions.d.ts' with Package ID 'class-validator/types/decorator/ValidationOptions.d.ts@0.13.2'. ========
======== Resolving module 'validator' from '/Users/valentinyelchenko/Projects/ogxone/adjecent-boxes/node_modules/class-validator/types/decorator/string/IsUrl.d.ts'. ========
Resolution for module 'validator' was found in cache from location '/Users/valentinyelchenko/Projects/ogxone/adjecent-boxes/node_modules/class-validator/types/decorator/string'.
======== Module name 'validator' was successfully resolved to '/Users/valentinyelchenko/Projects/ogxone/adjecent-boxes/node_modules/validator/index.js' with Package ID 'validator/index.js@13.7.0'. ========
======== Resolving module '../ValidationOptions' from '/Users/valentinyelchenko/Projects/ogxone/adjecent-boxes/node_modules/class-validator/types/decorator/string/IsUUID.d.ts'. ========
Resolution for module '../ValidationOptions' was found in cache from location '/Users/valentinyelchenko/Projects/ogxone/adjecent-boxes/node_modules/class-validator/types/decorator/string'.
======== Module name '../ValidationOptions' was successfully resolved to '/Users/valentinyelchenko/Projects/ogxone/adjecent-boxes/node_modules/class-validator/types/decorator/ValidationOptions.d.ts' with Package ID 'class-validator/types/decorator/ValidationOptions.d.ts@0.13.2'. ========
======== Resolving module '../ValidationOptions' from '/Users/valentinyelchenko/Projects/ogxone/adjecent-boxes/node_modules/class-validator/types/decorator/string/IsFirebasePushId.d.ts'. ========
Resolution for module '../ValidationOptions' was found in cache from location '/Users/valentinyelchenko/Projects/ogxone/adjecent-boxes/node_modules/class-validator/types/decorator/string'.
======== Module name '../ValidationOptions' was successfully resolved to '/Users/valentinyelchenko/Projects/ogxone/adjecent-boxes/node_modules/class-validator/types/decorator/ValidationOptions.d.ts' with Package ID 'class-validator/types/decorator/ValidationOptions.d.ts@0.13.2'. ========
======== Resolving module '../ValidationOptions' from '/Users/valentinyelchenko/Projects/ogxone/adjecent-boxes/node_modules/class-validator/types/decorator/string/IsUppercase.d.ts'. ========
Resolution for module '../ValidationOptions' was found in cache from location '/Users/valentinyelchenko/Projects/ogxone/adjecent-boxes/node_modules/class-validator/types/decorator/string'.
======== Module name '../ValidationOptions' was successfully resolved to '/Users/valentinyelchenko/Projects/ogxone/adjecent-boxes/node_modules/class-validator/types/decorator/ValidationOptions.d.ts' with Package ID 'class-validator/types/decorator/ValidationOptions.d.ts@0.13.2'. ========
======== Resolving module '../ValidationOptions' from '/Users/valentinyelchenko/Projects/ogxone/adjecent-boxes/node_modules/class-validator/types/decorator/string/Length.d.ts'. ========
Resolution for module '../ValidationOptions' was found in cache from location '/Users/valentinyelchenko/Projects/ogxone/adjecent-boxes/node_modules/class-validator/types/decorator/string'.
======== Module name '../ValidationOptions' was successfully resolved to '/Users/valentinyelchenko/Projects/ogxone/adjecent-boxes/node_modules/class-validator/types/decorator/ValidationOptions.d.ts' with Package ID 'class-validator/types/decorator/ValidationOptions.d.ts@0.13.2'. ========
======== Resolving module '../ValidationOptions' from '/Users/valentinyelchenko/Projects/ogxone/adjecent-boxes/node_modules/class-validator/types/decorator/string/MaxLength.d.ts'. ========
Resolution for module '../ValidationOptions' was found in cache from location '/Users/valentinyelchenko/Projects/ogxone/adjecent-boxes/node_modules/class-validator/types/decorator/string'.
======== Module name '../ValidationOptions' was successfully resolved to '/Users/valentinyelchenko/Projects/ogxone/adjecent-boxes/node_modules/class-validator/types/decorator/ValidationOptions.d.ts' with Package ID 'class-validator/types/decorator/ValidationOptions.d.ts@0.13.2'. ========
======== Resolving module '../ValidationOptions' from '/Users/valentinyelchenko/Projects/ogxone/adjecent-boxes/node_modules/class-validator/types/decorator/string/MinLength.d.ts'. ========
Resolution for module '../ValidationOptions' was found in cache from location '/Users/valentinyelchenko/Projects/ogxone/adjecent-boxes/node_modules/class-validator/types/decorator/string'.
======== Module name '../ValidationOptions' was successfully resolved to '/Users/valentinyelchenko/Projects/ogxone/adjecent-boxes/node_modules/class-validator/types/decorator/ValidationOptions.d.ts' with Package ID 'class-validator/types/decorator/ValidationOptions.d.ts@0.13.2'. ========
======== Resolving module '../ValidationOptions' from '/Users/valentinyelchenko/Projects/ogxone/adjecent-boxes/node_modules/class-validator/types/decorator/string/Matches.d.ts'. ========
Resolution for module '../ValidationOptions' was found in cache from location '/Users/valentinyelchenko/Projects/ogxone/adjecent-boxes/node_modules/class-validator/types/decorator/string'.
======== Module name '../ValidationOptions' was successfully resolved to '/Users/valentinyelchenko/Projects/ogxone/adjecent-boxes/node_modules/class-validator/types/decorator/ValidationOptions.d.ts' with Package ID 'class-validator/types/decorator/ValidationOptions.d.ts@0.13.2'. ========
======== Resolving module '../ValidationOptions' from '/Users/valentinyelchenko/Projects/ogxone/adjecent-boxes/node_modules/class-validator/types/decorator/string/IsPhoneNumber.d.ts'. ========
Resolution for module '../ValidationOptions' was found in cache from location '/Users/valentinyelchenko/Projects/ogxone/adjecent-boxes/node_modules/class-validator/types/decorator/string'.
======== Module name '../ValidationOptions' was successfully resolved to '/Users/valentinyelchenko/Projects/ogxone/adjecent-boxes/node_modules/class-validator/types/decorator/ValidationOptions.d.ts' with Package ID 'class-validator/types/decorator/ValidationOptions.d.ts@0.13.2'. ========
======== Resolving module 'libphonenumber-js' from '/Users/valentinyelchenko/Projects/ogxone/adjecent-boxes/node_modules/class-validator/types/decorator/string/IsPhoneNumber.d.ts'. ========
Explicitly specified module resolution kind: 'NodeJs'.
'baseUrl' option is set to '/Users/valentinyelchenko/Projects/ogxone/adjecent-boxes', using this value to resolve non-relative module name 'libphonenumber-js'.
'paths' option is specified, looking for a pattern to match module name 'libphonenumber-js'.
'baseUrl' option is set to '/Users/valentinyelchenko/Projects/ogxone/adjecent-boxes', using this value to resolve non-relative module name 'libphonenumber-js'.
Resolving module name 'libphonenumber-js' relative to base url '/Users/valentinyelchenko/Projects/ogxone/adjecent-boxes' - '/Users/valentinyelchenko/Projects/ogxone/adjecent-boxes/libphonenumber-js'.
Loading module as file / folder, candidate module location '/Users/valentinyelchenko/Projects/ogxone/adjecent-boxes/libphonenumber-js', target file type 'TypeScript'.
File '/Users/valentinyelchenko/Projects/ogxone/adjecent-boxes/libphonenumber-js.ts' does not exist.
File '/Users/valentinyelchenko/Projects/ogxone/adjecent-boxes/libphonenumber-js.tsx' does not exist.
File '/Users/valentinyelchenko/Projects/ogxone/adjecent-boxes/libphonenumber-js.d.ts' does not exist.
Directory '/Users/valentinyelchenko/Projects/ogxone/adjecent-boxes/libphonenumber-js' does not exist, skipping all lookups in it.
Loading module 'libphonenumber-js' from 'node_modules' folder, target file type 'TypeScript'.
Directory '/Users/valentinyelchenko/Projects/ogxone/adjecent-boxes/node_modules/class-validator/types/decorator/string/node_modules' does not exist, skipping all lookups in it.
Directory '/Users/valentinyelchenko/Projects/ogxone/adjecent-boxes/node_modules/class-validator/types/decorator/node_modules' does not exist, skipping all lookups in it.
Directory '/Users/valentinyelchenko/Projects/ogxone/adjecent-boxes/node_modules/class-validator/types/node_modules' does not exist, skipping all lookups in it.
Directory '/Users/valentinyelchenko/Projects/ogxone/adjecent-boxes/node_modules/class-validator/node_modules' does not exist, skipping all lookups in it.
Found 'package.json' at '/Users/valentinyelchenko/Projects/ogxone/adjecent-boxes/node_modules/libphonenumber-js/package.json'.
'package.json' does not have a 'typesVersions' field.
File '/Users/valentinyelchenko/Projects/ogxone/adjecent-boxes/node_modules/libphonenumber-js.ts' does not exist.
File '/Users/valentinyelchenko/Projects/ogxone/adjecent-boxes/node_modules/libphonenumber-js.tsx' does not exist.
File '/Users/valentinyelchenko/Projects/ogxone/adjecent-boxes/node_modules/libphonenumber-js.d.ts' does not exist.
'package.json' does not have a 'typings' field.
'package.json' does not have a 'types' field.
'package.json' has 'main' field 'index.common.js' that references '/Users/valentinyelchenko/Projects/ogxone/adjecent-boxes/node_modules/libphonenumber-js/index.common.js'.
File '/Users/valentinyelchenko/Projects/ogxone/adjecent-boxes/node_modules/libphonenumber-js/index.common.js' exist - use it as a name resolution result.
File '/Users/valentinyelchenko/Projects/ogxone/adjecent-boxes/node_modules/libphonenumber-js/index.common.js' has an unsupported extension, so skipping it.
Loading module as file / folder, candidate module location '/Users/valentinyelchenko/Projects/ogxone/adjecent-boxes/node_modules/libphonenumber-js/index.common.js', target file type 'TypeScript'.
File '/Users/valentinyelchenko/Projects/ogxone/adjecent-boxes/node_modules/libphonenumber-js/index.common.js.ts' does not exist.
File '/Users/valentinyelchenko/Projects/ogxone/adjecent-boxes/node_modules/libphonenumber-js/index.common.js.tsx' does not exist.
File '/Users/valentinyelchenko/Projects/ogxone/adjecent-boxes/node_modules/libphonenumber-js/index.common.js.d.ts' does not exist.
File name '/Users/valentinyelchenko/Projects/ogxone/adjecent-boxes/node_modules/libphonenumber-js/index.common.js' has a '.js' extension - stripping it.
File '/Users/valentinyelchenko/Projects/ogxone/adjecent-boxes/node_modules/libphonenumber-js/index.common.ts' does not exist.
File '/Users/valentinyelchenko/Projects/ogxone/adjecent-boxes/node_modules/libphonenumber-js/index.common.tsx' does not exist.
File '/Users/valentinyelchenko/Projects/ogxone/adjecent-boxes/node_modules/libphonenumber-js/index.common.d.ts' does not exist.
Directory '/Users/valentinyelchenko/Projects/ogxone/adjecent-boxes/node_modules/libphonenumber-js/index.common.js' does not exist, skipping all lookups in it.
File '/Users/valentinyelchenko/Projects/ogxone/adjecent-boxes/node_modules/libphonenumber-js/index.ts' does not exist.
File '/Users/valentinyelchenko/Projects/ogxone/adjecent-boxes/node_modules/libphonenumber-js/index.tsx' does not exist.
File '/Users/valentinyelchenko/Projects/ogxone/adjecent-boxes/node_modules/libphonenumber-js/index.d.ts' exist - use it as a name resolution result.
Resolving real path for '/Users/valentinyelchenko/Projects/ogxone/adjecent-boxes/node_modules/libphonenumber-js/index.d.ts', result '/Users/valentinyelchenko/Projects/ogxone/adjecent-boxes/node_modules/libphonenumber-js/index.d.ts'.
======== Module name 'libphonenumber-js' was successfully resolved to '/Users/valentinyelchenko/Projects/ogxone/adjecent-boxes/node_modules/libphonenumber-js/index.d.ts' with Package ID 'libphonenumber-js/index.d.ts@1.9.44'. ========
======== Resolving module './types' from '/Users/valentinyelchenko/Projects/ogxone/adjecent-boxes/node_modules/libphonenumber-js/index.d.ts'. ========
Explicitly specified module resolution kind: 'NodeJs'.
Loading module as file / folder, candidate module location '/Users/valentinyelchenko/Projects/ogxone/adjecent-boxes/node_modules/libphonenumber-js/types', target file type 'TypeScript'.
File '/Users/valentinyelchenko/Projects/ogxone/adjecent-boxes/node_modules/libphonenumber-js/types.ts' does not exist.
File '/Users/valentinyelchenko/Projects/ogxone/adjecent-boxes/node_modules/libphonenumber-js/types.tsx' does not exist.
File '/Users/valentinyelchenko/Projects/ogxone/adjecent-boxes/node_modules/libphonenumber-js/types.d.ts' exist - use it as a name resolution result.
File '/Users/valentinyelchenko/Projects/ogxone/adjecent-boxes/node_modules/libphonenumber-js/package.json' exists according to earlier cached lookups.
======== Module name './types' was successfully resolved to '/Users/valentinyelchenko/Projects/ogxone/adjecent-boxes/node_modules/libphonenumber-js/types.d.ts' with Package ID 'libphonenumber-js/types.d.ts@1.9.44'. ========
======== Resolving module '../ValidationOptions' from '/Users/valentinyelchenko/Projects/ogxone/adjecent-boxes/node_modules/class-validator/types/decorator/string/IsMilitaryTime.d.ts'. ========
Resolution for module '../ValidationOptions' was found in cache from location '/Users/valentinyelchenko/Projects/ogxone/adjecent-boxes/node_modules/class-validator/types/decorator/string'.
======== Module name '../ValidationOptions' was successfully resolved to '/Users/valentinyelchenko/Projects/ogxone/adjecent-boxes/node_modules/class-validator/types/decorator/ValidationOptions.d.ts' with Package ID 'class-validator/types/decorator/ValidationOptions.d.ts@0.13.2'. ========
======== Resolving module '../ValidationOptions' from '/Users/valentinyelchenko/Projects/ogxone/adjecent-boxes/node_modules/class-validator/types/decorator/string/IsHash.d.ts'. ========
Resolution for module '../ValidationOptions' was found in cache from location '/Users/valentinyelchenko/Projects/ogxone/adjecent-boxes/node_modules/class-validator/types/decorator/string'.
======== Module name '../ValidationOptions' was successfully resolved to '/Users/valentinyelchenko/Projects/ogxone/adjecent-boxes/node_modules/class-validator/types/decorator/ValidationOptions.d.ts' with Package ID 'class-validator/types/decorator/ValidationOptions.d.ts@0.13.2'. ========
======== Resolving module 'validator' from '/Users/valentinyelchenko/Projects/ogxone/adjecent-boxes/node_modules/class-validator/types/decorator/string/IsHash.d.ts'. ========
Resolution for module 'validator' was found in cache from location '/Users/valentinyelchenko/Projects/ogxone/adjecent-boxes/node_modules/class-validator/types/decorator/string'.
======== Module name 'validator' was successfully resolved to '/Users/valentinyelchenko/Projects/ogxone/adjecent-boxes/node_modules/validator/index.js' with Package ID 'validator/index.js@13.7.0'. ========
======== Resolving module '../ValidationOptions' from '/Users/valentinyelchenko/Projects/ogxone/adjecent-boxes/node_modules/class-validator/types/decorator/string/IsISSN.d.ts'. ========
Resolution for module '../ValidationOptions' was found in cache from location '/Users/valentinyelchenko/Projects/ogxone/adjecent-boxes/node_modules/class-validator/types/decorator/string'.
======== Module name '../ValidationOptions' was successfully resolved to '/Users/valentinyelchenko/Projects/ogxone/adjecent-boxes/node_modules/class-validator/types/decorator/ValidationOptions.d.ts' with Package ID 'class-validator/types/decorator/ValidationOptions.d.ts@0.13.2'. ========
======== Resolving module 'validator' from '/Users/valentinyelchenko/Projects/ogxone/adjecent-boxes/node_modules/class-validator/types/decorator/string/IsISSN.d.ts'. ========
Resolution for module 'validator' was found in cache from location '/Users/valentinyelchenko/Projects/ogxone/adjecent-boxes/node_modules/class-validator/types/decorator/string'.
======== Module name 'validator' was successfully resolved to '/Users/valentinyelchenko/Projects/ogxone/adjecent-boxes/node_modules/validator/index.js' with Package ID 'validator/index.js@13.7.0'. ========
======== Resolving module '../ValidationOptions' from '/Users/valentinyelchenko/Projects/ogxone/adjecent-boxes/node_modules/class-validator/types/decorator/string/IsDateString.d.ts'. ========
Resolution for module '../ValidationOptions' was found in cache from location '/Users/valentinyelchenko/Projects/ogxone/adjecent-boxes/node_modules/class-validator/types/decorator/string'.
======== Module name '../ValidationOptions' was successfully resolved to '/Users/valentinyelchenko/Projects/ogxone/adjecent-boxes/node_modules/class-validator/types/decorator/ValidationOptions.d.ts' with Package ID 'class-validator/types/decorator/ValidationOptions.d.ts@0.13.2'. ========
======== Resolving module 'validator' from '/Users/valentinyelchenko/Projects/ogxone/adjecent-boxes/node_modules/class-validator/types/decorator/string/IsDateString.d.ts'. ========
Resolution for module 'validator' was found in cache from location '/Users/valentinyelchenko/Projects/ogxone/adjecent-boxes/node_modules/class-validator/types/decorator/string'.
======== Module name 'validator' was successfully resolved to '/Users/valentinyelchenko/Projects/ogxone/adjecent-boxes/node_modules/validator/index.js' with Package ID 'validator/index.js@13.7.0'. ========
======== Resolving module '../ValidationOptions' from '/Users/valentinyelchenko/Projects/ogxone/adjecent-boxes/node_modules/class-validator/types/decorator/string/IsBooleanString.d.ts'. ========
Resolution for module '../ValidationOptions' was found in cache from location '/Users/valentinyelchenko/Projects/ogxone/adjecent-boxes/node_modules/class-validator/types/decorator/string'.
======== Module name '../ValidationOptions' was successfully resolved to '/Users/valentinyelchenko/Projects/ogxone/adjecent-boxes/node_modules/class-validator/types/decorator/ValidationOptions.d.ts' with Package ID 'class-validator/types/decorator/ValidationOptions.d.ts@0.13.2'. ========
======== Resolving module '../ValidationOptions' from '/Users/valentinyelchenko/Projects/ogxone/adjecent-boxes/node_modules/class-validator/types/decorator/string/IsNumberString.d.ts'. ========
Resolution for module '../ValidationOptions' was found in cache from location '/Users/valentinyelchenko/Projects/ogxone/adjecent-boxes/node_modules/class-validator/types/decorator/string'.
======== Module name '../ValidationOptions' was successfully resolved to '/Users/valentinyelchenko/Projects/ogxone/adjecent-boxes/node_modules/class-validator/types/decorator/ValidationOptions.d.ts' with Package ID 'class-validator/types/decorator/ValidationOptions.d.ts@0.13.2'. ========
======== Resolving module 'validator' from '/Users/valentinyelchenko/Projects/ogxone/adjecent-boxes/node_modules/class-validator/types/decorator/string/IsNumberString.d.ts'. ========
Resolution for module 'validator' was found in cache from location '/Users/valentinyelchenko/Projects/ogxone/adjecent-boxes/node_modules/class-validator/types/decorator/string'.
======== Module name 'validator' was successfully resolved to '/Users/valentinyelchenko/Projects/ogxone/adjecent-boxes/node_modules/validator/index.js' with Package ID 'validator/index.js@13.7.0'. ========
======== Resolving module '../ValidationOptions' from '/Users/valentinyelchenko/Projects/ogxone/adjecent-boxes/node_modules/class-validator/types/decorator/string/IsBase32.d.ts'. ========
Resolution for module '../ValidationOptions' was found in cache from location '/Users/valentinyelchenko/Projects/ogxone/adjecent-boxes/node_modules/class-validator/types/decorator/string'.
======== Module name '../ValidationOptions' was successfully resolved to '/Users/valentinyelchenko/Projects/ogxone/adjecent-boxes/node_modules/class-validator/types/decorator/ValidationOptions.d.ts' with Package ID 'class-validator/types/decorator/ValidationOptions.d.ts@0.13.2'. ========
======== Resolving module '../ValidationOptions' from '/Users/valentinyelchenko/Projects/ogxone/adjecent-boxes/node_modules/class-validator/types/decorator/string/IsBIC.d.ts'. ========
Resolution for module '../ValidationOptions' was found in cache from location '/Users/valentinyelchenko/Projects/ogxone/adjecent-boxes/node_modules/class-validator/types/decorator/string'.
======== Module name '../ValidationOptions' was successfully resolved to '/Users/valentinyelchenko/Projects/ogxone/adjecent-boxes/node_modules/class-validator/types/decorator/ValidationOptions.d.ts' with Package ID 'class-validator/types/decorator/ValidationOptions.d.ts@0.13.2'. ========
======== Resolving module '../ValidationOptions' from '/Users/valentinyelchenko/Projects/ogxone/adjecent-boxes/node_modules/class-validator/types/decorator/string/IsBtcAddress.d.ts'. ========
Resolution for module '../ValidationOptions' was found in cache from location '/Users/valentinyelchenko/Projects/ogxone/adjecent-boxes/node_modules/class-validator/types/decorator/string'.
======== Module name '../ValidationOptions' was successfully resolved to '/Users/valentinyelchenko/Projects/ogxone/adjecent-boxes/node_modules/class-validator/types/decorator/ValidationOptions.d.ts' with Package ID 'class-validator/types/decorator/ValidationOptions.d.ts@0.13.2'. ========
======== Resolving module '../ValidationOptions' from '/Users/valentinyelchenko/Projects/ogxone/adjecent-boxes/node_modules/class-validator/types/decorator/string/IsDataURI.d.ts'. ========
Resolution for module '../ValidationOptions' was found in cache from location '/Users/valentinyelchenko/Projects/ogxone/adjecent-boxes/node_modules/class-validator/types/decorator/string'.
======== Module name '../ValidationOptions' was successfully resolved to '/Users/valentinyelchenko/Projects/ogxone/adjecent-boxes/node_modules/class-validator/types/decorator/ValidationOptions.d.ts' with Package ID 'class-validator/types/decorator/ValidationOptions.d.ts@0.13.2'. ========
======== Resolving module '../ValidationOptions' from '/Users/valentinyelchenko/Projects/ogxone/adjecent-boxes/node_modules/class-validator/types/decorator/string/IsEAN.d.ts'. ========
Resolution for module '../ValidationOptions' was found in cache from location '/Users/valentinyelchenko/Projects/ogxone/adjecent-boxes/node_modules/class-validator/types/decorator/string'.
======== Module name '../ValidationOptions' was successfully resolved to '/Users/valentinyelchenko/Projects/ogxone/adjecent-boxes/node_modules/class-validator/types/decorator/ValidationOptions.d.ts' with Package ID 'class-validator/types/decorator/ValidationOptions.d.ts@0.13.2'. ========
======== Resolving module '../ValidationOptions' from '/Users/valentinyelchenko/Projects/ogxone/adjecent-boxes/node_modules/class-validator/types/decorator/string/IsEthereumAddress.d.ts'. ========
Resolution for module '../ValidationOptions' was found in cache from location '/Users/valentinyelchenko/Projects/ogxone/adjecent-boxes/node_modules/class-validator/types/decorator/string'.
======== Module name '../ValidationOptions' was successfully resolved to '/Users/valentinyelchenko/Projects/ogxone/adjecent-boxes/node_modules/class-validator/types/decorator/ValidationOptions.d.ts' with Package ID 'class-validator/types/decorator/ValidationOptions.d.ts@0.13.2'. ========
======== Resolving module '../ValidationOptions' from '/Users/valentinyelchenko/Projects/ogxone/adjecent-boxes/node_modules/class-validator/types/decorator/string/IsHSL.d.ts'. ========
Resolution for module '../ValidationOptions' was found in cache from location '/Users/valentinyelchenko/Projects/ogxone/adjecent-boxes/node_modules/class-validator/types/decorator/string'.
======== Module name '../ValidationOptions' was successfully resolved to '/Users/valentinyelchenko/Projects/ogxone/adjecent-boxes/node_modules/class-validator/types/decorator/ValidationOptions.d.ts' with Package ID 'class-validator/types/decorator/ValidationOptions.d.ts@0.13.2'. ========
======== Resolving module '../ValidationOptions' from '/Users/valentinyelchenko/Projects/ogxone/adjecent-boxes/node_modules/class-validator/types/decorator/string/IsIBAN.d.ts'. ========
Resolution for module '../ValidationOptions' was found in cache from location '/Users/valentinyelchenko/Projects/ogxone/adjecent-boxes/node_modules/class-validator/types/decorator/string'.
======== Module name '../ValidationOptions' was successfully resolved to '/Users/valentinyelchenko/Projects/ogxone/adjecent-boxes/node_modules/class-validator/types/decorator/ValidationOptions.d.ts' with Package ID 'class-validator/types/decorator/ValidationOptions.d.ts@0.13.2'. ========
======== Resolving module '../ValidationOptions' from '/Users/valentinyelchenko/Projects/ogxone/adjecent-boxes/node_modules/class-validator/types/decorator/string/IsIdentityCard.d.ts'. ========
Resolution for module '../ValidationOptions' was found in cache from location '/Users/valentinyelchenko/Projects/ogxone/adjecent-boxes/node_modules/class-validator/types/decorator/string'.
======== Module name '../ValidationOptions' was successfully resolved to '/Users/valentinyelchenko/Projects/ogxone/adjecent-boxes/node_modules/class-validator/types/decorator/ValidationOptions.d.ts' with Package ID 'class-validator/types/decorator/ValidationOptions.d.ts@0.13.2'. ========
======== Resolving module 'validator' from '/Users/valentinyelchenko/Projects/ogxone/adjecent-boxes/node_modules/class-validator/types/decorator/string/IsIdentityCard.d.ts'. ========
Resolution for module 'validator' was found in cache from location '/Users/valentinyelchenko/Projects/ogxone/adjecent-boxes/node_modules/class-validator/types/decorator/string'.
======== Module name 'validator' was successfully resolved to '/Users/valentinyelchenko/Projects/ogxone/adjecent-boxes/node_modules/validator/index.js' with Package ID 'validator/index.js@13.7.0'. ========
======== Resolving module '../ValidationOptions' from '/Users/valentinyelchenko/Projects/ogxone/adjecent-boxes/node_modules/class-validator/types/decorator/string/IsISRC.d.ts'. ========
Resolution for module '../ValidationOptions' was found in cache from location '/Users/valentinyelchenko/Projects/ogxone/adjecent-boxes/node_modules/class-validator/types/decorator/string'.
======== Module name '../ValidationOptions' was successfully resolved to '/Users/valentinyelchenko/Projects/ogxone/adjecent-boxes/node_modules/class-validator/types/decorator/ValidationOptions.d.ts' with Package ID 'class-validator/types/decorator/ValidationOptions.d.ts@0.13.2'. ========
======== Resolving module '../ValidationOptions' from '/Users/valentinyelchenko/Projects/ogxone/adjecent-boxes/node_modules/class-validator/types/decorator/string/IsLocale.d.ts'. ========
Resolution for module '../ValidationOptions' was found in cache from location '/Users/valentinyelchenko/Projects/ogxone/adjecent-boxes/node_modules/class-validator/types/decorator/string'.
======== Module name '../ValidationOptions' was successfully resolved to '/Users/valentinyelchenko/Projects/ogxone/adjecent-boxes/node_modules/class-validator/types/decorator/ValidationOptions.d.ts' with Package ID 'class-validator/types/decorator/ValidationOptions.d.ts@0.13.2'. ========
======== Resolving module '../ValidationOptions' from '/Users/valentinyelchenko/Projects/ogxone/adjecent-boxes/node_modules/class-validator/types/decorator/string/IsMagnetURI.d.ts'. ========
Resolution for module '../ValidationOptions' was found in cache from location '/Users/valentinyelchenko/Projects/ogxone/adjecent-boxes/node_modules/class-validator/types/decorator/string'.
======== Module name '../ValidationOptions' was successfully resolved to '/Users/valentinyelchenko/Projects/ogxone/adjecent-boxes/node_modules/class-validator/types/decorator/ValidationOptions.d.ts' with Package ID 'class-validator/types/decorator/ValidationOptions.d.ts@0.13.2'. ========
======== Resolving module '../ValidationOptions' from '/Users/valentinyelchenko/Projects/ogxone/adjecent-boxes/node_modules/class-validator/types/decorator/string/IsMimeType.d.ts'. ========
Resolution for module '../ValidationOptions' was found in cache from location '/Users/valentinyelchenko/Projects/ogxone/adjecent-boxes/node_modules/class-validator/types/decorator/string'.
======== Module name '../ValidationOptions' was successfully resolved to '/Users/valentinyelchenko/Projects/ogxone/adjecent-boxes/node_modules/class-validator/types/decorator/ValidationOptions.d.ts' with Package ID 'class-validator/types/decorator/ValidationOptions.d.ts@0.13.2'. ========
======== Resolving module '../ValidationOptions' from '/Users/valentinyelchenko/Projects/ogxone/adjecent-boxes/node_modules/class-validator/types/decorator/string/IsOctal.d.ts'. ========
Resolution for module '../ValidationOptions' was found in cache from location '/Users/valentinyelchenko/Projects/ogxone/adjecent-boxes/node_modules/class-validator/types/decorator/string'.
======== Module name '../ValidationOptions' was successfully resolved to '/Users/valentinyelchenko/Projects/ogxone/adjecent-boxes/node_modules/class-validator/types/decorator/ValidationOptions.d.ts' with Package ID 'class-validator/types/decorator/ValidationOptions.d.ts@0.13.2'. ========
======== Resolving module '../ValidationOptions' from '/Users/valentinyelchenko/Projects/ogxone/adjecent-boxes/node_modules/class-validator/types/decorator/string/IsPassportNumber.d.ts'. ========
Resolution for module '../ValidationOptions' was found in cache from location '/Users/valentinyelchenko/Projects/ogxone/adjecent-boxes/node_modules/class-validator/types/decorator/string'.
======== Module name '../ValidationOptions' was successfully resolved to '/Users/valentinyelchenko/Projects/ogxone/adjecent-boxes/node_modules/class-validator/types/decorator/ValidationOptions.d.ts' with Package ID 'class-validator/types/decorator/ValidationOptions.d.ts@0.13.2'. ========
======== Resolving module '../ValidationOptions' from '/Users/valentinyelchenko/Projects/ogxone/adjecent-boxes/node_modules/class-validator/types/decorator/string/IsPostalCode.d.ts'. ========
Resolution for module '../ValidationOptions' was found in cache from location '/Users/valentinyelchenko/Projects/ogxone/adjecent-boxes/node_modules/class-validator/types/decorator/string'.
======== Module name '../ValidationOptions' was successfully resolved to '/Users/valentinyelchenko/Projects/ogxone/adjecent-boxes/node_modules/class-validator/types/decorator/ValidationOptions.d.ts' with Package ID 'class-validator/types/decorator/ValidationOptions.d.ts@0.13.2'. ========
======== Resolving module 'validator' from '/Users/valentinyelchenko/Projects/ogxone/adjecent-boxes/node_modules/class-validator/types/decorator/string/IsPostalCode.d.ts'. ========
Resolution for module 'validator' was found in cache from location '/Users/valentinyelchenko/Projects/ogxone/adjecent-boxes/node_modules/class-validator/types/decorator/string'.
======== Module name 'validator' was successfully resolved to '/Users/valentinyelchenko/Projects/ogxone/adjecent-boxes/node_modules/validator/index.js' with Package ID 'validator/index.js@13.7.0'. ========
======== Resolving module '../ValidationOptions' from '/Users/valentinyelchenko/Projects/ogxone/adjecent-boxes/node_modules/class-validator/types/decorator/string/IsRFC3339.d.ts'. ========
Resolution for module '../ValidationOptions' was found in cache from location '/Users/valentinyelchenko/Projects/ogxone/adjecent-boxes/node_modules/class-validator/types/decorator/string'.
======== Module name '../ValidationOptions' was successfully resolved to '/Users/valentinyelchenko/Projects/ogxone/adjecent-boxes/node_modules/class-validator/types/decorator/ValidationOptions.d.ts' with Package ID 'class-validator/types/decorator/ValidationOptions.d.ts@0.13.2'. ========
======== Resolving module '../ValidationOptions' from '/Users/valentinyelchenko/Projects/ogxone/adjecent-boxes/node_modules/class-validator/types/decorator/string/IsRgbColor.d.ts'. ========
Resolution for module '../ValidationOptions' was found in cache from location '/Users/valentinyelchenko/Projects/ogxone/adjecent-boxes/node_modules/class-validator/types/decorator/string'.
======== Module name '../ValidationOptions' was successfully resolved to '/Users/valentinyelchenko/Projects/ogxone/adjecent-boxes/node_modules/class-validator/types/decorator/ValidationOptions.d.ts' with Package ID 'class-validator/types/decorator/ValidationOptions.d.ts@0.13.2'. ========
======== Resolving module '../ValidationOptions' from '/Users/valentinyelchenko/Projects/ogxone/adjecent-boxes/node_modules/class-validator/types/decorator/string/IsSemVer.d.ts'. ========
Resolution for module '../ValidationOptions' was found in cache from location '/Users/valentinyelchenko/Projects/ogxone/adjecent-boxes/node_modules/class-validator/types/decorator/string'.
======== Module name '../ValidationOptions' was successfully resolved to '/Users/valentinyelchenko/Projects/ogxone/adjecent-boxes/node_modules/class-validator/types/decorator/ValidationOptions.d.ts' with Package ID 'class-validator/types/decorator/ValidationOptions.d.ts@0.13.2'. ========
======== Resolving module '../ValidationOptions' from '/Users/valentinyelchenko/Projects/ogxone/adjecent-boxes/node_modules/class-validator/types/decorator/typechecker/IsBoolean.d.ts'. ========
Explicitly specified module resolution kind: 'NodeJs'.
Loading module as file / folder, candidate module location '/Users/valentinyelchenko/Projects/ogxone/adjecent-boxes/node_modules/class-validator/types/decorator/ValidationOptions', target file type 'TypeScript'.
File '/Users/valentinyelchenko/Projects/ogxone/adjecent-boxes/node_modules/class-validator/types/decorator/ValidationOptions.ts' does not exist.
File '/Users/valentinyelchenko/Projects/ogxone/adjecent-boxes/node_modules/class-validator/types/decorator/ValidationOptions.tsx' does not exist.
File '/Users/valentinyelchenko/Projects/ogxone/adjecent-boxes/node_modules/class-validator/types/decorator/ValidationOptions.d.ts' exist - use it as a name resolution result.
File '/Users/valentinyelchenko/Projects/ogxone/adjecent-boxes/node_modules/class-validator/package.json' exists according to earlier cached lookups.
======== Module name '../ValidationOptions' was successfully resolved to '/Users/valentinyelchenko/Projects/ogxone/adjecent-boxes/node_modules/class-validator/types/decorator/ValidationOptions.d.ts' with Package ID 'class-validator/types/decorator/ValidationOptions.d.ts@0.13.2'. ========
======== Resolving module '../ValidationOptions' from '/Users/valentinyelchenko/Projects/ogxone/adjecent-boxes/node_modules/class-validator/types/decorator/typechecker/IsDate.d.ts'. ========
Resolution for module '../ValidationOptions' was found in cache from location '/Users/valentinyelchenko/Projects/ogxone/adjecent-boxes/node_modules/class-validator/types/decorator/typechecker'.
======== Module name '../ValidationOptions' was successfully resolved to '/Users/valentinyelchenko/Projects/ogxone/adjecent-boxes/node_modules/class-validator/types/decorator/ValidationOptions.d.ts' with Package ID 'class-validator/types/decorator/ValidationOptions.d.ts@0.13.2'. ========
======== Resolving module '../ValidationOptions' from '/Users/valentinyelchenko/Projects/ogxone/adjecent-boxes/node_modules/class-validator/types/decorator/typechecker/IsNumber.d.ts'. ========
Resolution for module '../ValidationOptions' was found in cache from location '/Users/valentinyelchenko/Projects/ogxone/adjecent-boxes/node_modules/class-validator/types/decorator/typechecker'.
======== Module name '../ValidationOptions' was successfully resolved to '/Users/valentinyelchenko/Projects/ogxone/adjecent-boxes/node_modules/class-validator/types/decorator/ValidationOptions.d.ts' with Package ID 'class-validator/types/decorator/ValidationOptions.d.ts@0.13.2'. ========
======== Resolving module '../ValidationOptions' from '/Users/valentinyelchenko/Projects/ogxone/adjecent-boxes/node_modules/class-validator/types/decorator/typechecker/IsEnum.d.ts'. ========
Resolution for module '../ValidationOptions' was found in cache from location '/Users/valentinyelchenko/Projects/ogxone/adjecent-boxes/node_modules/class-validator/types/decorator/typechecker'.
======== Module name '../ValidationOptions' was successfully resolved to '/Users/valentinyelchenko/Projects/ogxone/adjecent-boxes/node_modules/class-validator/types/decorator/ValidationOptions.d.ts' with Package ID 'class-validator/types/decorator/ValidationOptions.d.ts@0.13.2'. ========
======== Resolving module '../ValidationOptions' from '/Users/valentinyelchenko/Projects/ogxone/adjecent-boxes/node_modules/class-validator/types/decorator/typechecker/IsInt.d.ts'. ========
Resolution for module '../ValidationOptions' was found in cache from location '/Users/valentinyelchenko/Projects/ogxone/adjecent-boxes/node_modules/class-validator/types/decorator/typechecker'.
======== Module name '../ValidationOptions' was successfully resolved to '/Users/valentinyelchenko/Projects/ogxone/adjecent-boxes/node_modules/class-validator/types/decorator/ValidationOptions.d.ts' with Package ID 'class-validator/types/decorator/ValidationOptions.d.ts@0.13.2'. ========
======== Resolving module '../ValidationOptions' from '/Users/valentinyelchenko/Projects/ogxone/adjecent-boxes/node_modules/class-validator/types/decorator/typechecker/IsString.d.ts'. ========
Resolution for module '../ValidationOptions' was found in cache from location '/Users/valentinyelchenko/Projects/ogxone/adjecent-boxes/node_modules/class-validator/types/decorator/typechecker'.
======== Module name '../ValidationOptions' was successfully resolved to '/Users/valentinyelchenko/Projects/ogxone/adjecent-boxes/node_modules/class-validator/types/decorator/ValidationOptions.d.ts' with Package ID 'class-validator/types/decorator/ValidationOptions.d.ts@0.13.2'. ========
======== Resolving module '../ValidationOptions' from '/Users/valentinyelchenko/Projects/ogxone/adjecent-boxes/node_modules/class-validator/types/decorator/typechecker/IsArray.d.ts'. ========
Resolution for module '../ValidationOptions' was found in cache from location '/Users/valentinyelchenko/Projects/ogxone/adjecent-boxes/node_modules/class-validator/types/decorator/typechecker'.
======== Module name '../ValidationOptions' was successfully resolved to '/Users/valentinyelchenko/Projects/ogxone/adjecent-boxes/node_modules/class-validator/types/decorator/ValidationOptions.d.ts' with Package ID 'class-validator/types/decorator/ValidationOptions.d.ts@0.13.2'. ========
======== Resolving module '../ValidationOptions' from '/Users/valentinyelchenko/Projects/ogxone/adjecent-boxes/node_modules/class-validator/types/decorator/typechecker/IsObject.d.ts'. ========
Resolution for module '../ValidationOptions' was found in cache from location '/Users/valentinyelchenko/Projects/ogxone/adjecent-boxes/node_modules/class-validator/types/decorator/typechecker'.
======== Module name '../ValidationOptions' was successfully resolved to '/Users/valentinyelchenko/Projects/ogxone/adjecent-boxes/node_modules/class-validator/types/decorator/ValidationOptions.d.ts' with Package ID 'class-validator/types/decorator/ValidationOptions.d.ts@0.13.2'. ========
======== Resolving module '../ValidationOptions' from '/Users/valentinyelchenko/Projects/ogxone/adjecent-boxes/node_modules/class-validator/types/decorator/array/ArrayContains.d.ts'. ========
Explicitly specified module resolution kind: 'NodeJs'.
Loading module as file / folder, candidate module location '/Users/valentinyelchenko/Projects/ogxone/adjecent-boxes/node_modules/class-validator/types/decorator/ValidationOptions', target file type 'TypeScript'.
File '/Users/valentinyelchenko/Projects/ogxone/adjecent-boxes/node_modules/class-validator/types/decorator/ValidationOptions.ts' does not exist.
File '/Users/valentinyelchenko/Projects/ogxone/adjecent-boxes/node_modules/class-validator/types/decorator/ValidationOptions.tsx' does not exist.
File '/Users/valentinyelchenko/Projects/ogxone/adjecent-boxes/node_modules/class-validator/types/decorator/ValidationOptions.d.ts' exist - use it as a name resolution result.
File '/Users/valentinyelchenko/Projects/ogxone/adjecent-boxes/node_modules/class-validator/package.json' exists according to earlier cached lookups.
======== Module name '../ValidationOptions' was successfully resolved to '/Users/valentinyelchenko/Projects/ogxone/adjecent-boxes/node_modules/class-validator/types/decorator/ValidationOptions.d.ts' with Package ID 'class-validator/types/decorator/ValidationOptions.d.ts@0.13.2'. ========
======== Resolving module '../ValidationOptions' from '/Users/valentinyelchenko/Projects/ogxone/adjecent-boxes/node_modules/class-validator/types/decorator/array/ArrayNotContains.d.ts'. ========
Resolution for module '../ValidationOptions' was found in cache from location '/Users/valentinyelchenko/Projects/ogxone/adjecent-boxes/node_modules/class-validator/types/decorator/array'.
======== Module name '../ValidationOptions' was successfully resolved to '/Users/valentinyelchenko/Projects/ogxone/adjecent-boxes/node_modules/class-validator/types/decorator/ValidationOptions.d.ts' with Package ID 'class-validator/types/decorator/ValidationOptions.d.ts@0.13.2'. ========
======== Resolving module '../ValidationOptions' from '/Users/valentinyelchenko/Projects/ogxone/adjecent-boxes/node_modules/class-validator/types/decorator/array/ArrayNotEmpty.d.ts'. ========
Resolution for module '../ValidationOptions' was found in cache from location '/Users/valentinyelchenko/Projects/ogxone/adjecent-boxes/node_modules/class-validator/types/decorator/array'.
======== Module name '../ValidationOptions' was successfully resolved to '/Users/valentinyelchenko/Projects/ogxone/adjecent-boxes/node_modules/class-validator/types/decorator/ValidationOptions.d.ts' with Package ID 'class-validator/types/decorator/ValidationOptions.d.ts@0.13.2'. ========
======== Resolving module '../ValidationOptions' from '/Users/valentinyelchenko/Projects/ogxone/adjecent-boxes/node_modules/class-validator/types/decorator/array/ArrayMinSize.d.ts'. ========
Resolution for module '../ValidationOptions' was found in cache from location '/Users/valentinyelchenko/Projects/ogxone/adjecent-boxes/node_modules/class-validator/types/decorator/array'.
======== Module name '../ValidationOptions' was successfully resolved to '/Users/valentinyelchenko/Projects/ogxone/adjecent-boxes/node_modules/class-validator/types/decorator/ValidationOptions.d.ts' with Package ID 'class-validator/types/decorator/ValidationOptions.d.ts@0.13.2'. ========
======== Resolving module '../ValidationOptions' from '/Users/valentinyelchenko/Projects/ogxone/adjecent-boxes/node_modules/class-validator/types/decorator/array/ArrayMaxSize.d.ts'. ========
Resolution for module '../ValidationOptions' was found in cache from location '/Users/valentinyelchenko/Projects/ogxone/adjecent-boxes/node_modules/class-validator/types/decorator/array'.
======== Module name '../ValidationOptions' was successfully resolved to '/Users/valentinyelchenko/Projects/ogxone/adjecent-boxes/node_modules/class-validator/types/decorator/ValidationOptions.d.ts' with Package ID 'class-validator/types/decorator/ValidationOptions.d.ts@0.13.2'. ========
======== Resolving module '../ValidationOptions' from '/Users/valentinyelchenko/Projects/ogxone/adjecent-boxes/node_modules/class-validator/types/decorator/array/ArrayUnique.d.ts'. ========
Resolution for module '../ValidationOptions' was found in cache from location '/Users/valentinyelchenko/Projects/ogxone/adjecent-boxes/node_modules/class-validator/types/decorator/array'.
======== Module name '../ValidationOptions' was successfully resolved to '/Users/valentinyelchenko/Projects/ogxone/adjecent-boxes/node_modules/class-validator/types/decorator/ValidationOptions.d.ts' with Package ID 'class-validator/types/decorator/ValidationOptions.d.ts@0.13.2'. ========
======== Resolving module '../ValidationOptions' from '/Users/valentinyelchenko/Projects/ogxone/adjecent-boxes/node_modules/class-validator/types/decorator/object/IsNotEmptyObject.d.ts'. ========
Explicitly specified module resolution kind: 'NodeJs'.
Loading module as file / folder, candidate module location '/Users/valentinyelchenko/Projects/ogxone/adjecent-boxes/node_modules/class-validator/types/decorator/ValidationOptions', target file type 'TypeScript'.
File '/Users/valentinyelchenko/Projects/ogxone/adjecent-boxes/node_modules/class-validator/types/decorator/ValidationOptions.ts' does not exist.
File '/Users/valentinyelchenko/Projects/ogxone/adjecent-boxes/node_modules/class-validator/types/decorator/ValidationOptions.tsx' does not exist.
File '/Users/valentinyelchenko/Projects/ogxone/adjecent-boxes/node_modules/class-validator/types/decorator/ValidationOptions.d.ts' exist - use it as a name resolution result.
File '/Users/valentinyelchenko/Projects/ogxone/adjecent-boxes/node_modules/class-validator/package.json' exists according to earlier cached lookups.
======== Module name '../ValidationOptions' was successfully resolved to '/Users/valentinyelchenko/Projects/ogxone/adjecent-boxes/node_modules/class-validator/types/decorator/ValidationOptions.d.ts' with Package ID 'class-validator/types/decorator/ValidationOptions.d.ts@0.13.2'. ========
======== Resolving module '../ValidationOptions' from '/Users/valentinyelchenko/Projects/ogxone/adjecent-boxes/node_modules/class-validator/types/decorator/object/IsInstance.d.ts'. ========
Resolution for module '../ValidationOptions' was found in cache from location '/Users/valentinyelchenko/Projects/ogxone/adjecent-boxes/node_modules/class-validator/types/decorator/object'.
======== Module name '../ValidationOptions' was successfully resolved to '/Users/valentinyelchenko/Projects/ogxone/adjecent-boxes/node_modules/class-validator/types/decorator/ValidationOptions.d.ts' with Package ID 'class-validator/types/decorator/ValidationOptions.d.ts@0.13.2'. ========
======== Resolving module './ValidationError' from '/Users/valentinyelchenko/Projects/ogxone/adjecent-boxes/node_modules/class-validator/types/validation/Validator.d.ts'. ========
Explicitly specified module resolution kind: 'NodeJs'.
Loading module as file / folder, candidate module location '/Users/valentinyelchenko/Projects/ogxone/adjecent-boxes/node_modules/class-validator/types/validation/ValidationError', target file type 'TypeScript'.
File '/Users/valentinyelchenko/Projects/ogxone/adjecent-boxes/node_modules/class-validator/types/validation/ValidationError.ts' does not exist.
File '/Users/valentinyelchenko/Projects/ogxone/adjecent-boxes/node_modules/class-validator/types/validation/ValidationError.tsx' does not exist.
File '/Users/valentinyelchenko/Projects/ogxone/adjecent-boxes/node_modules/class-validator/types/validation/ValidationError.d.ts' exist - use it as a name resolution result.
File '/Users/valentinyelchenko/Projects/ogxone/adjecent-boxes/node_modules/class-validator/package.json' exists according to earlier cached lookups.
======== Module name './ValidationError' was successfully resolved to '/Users/valentinyelchenko/Projects/ogxone/adjecent-boxes/node_modules/class-validator/types/validation/ValidationError.d.ts' with Package ID 'class-validator/types/validation/ValidationError.d.ts@0.13.2'. ========
======== Resolving module './ValidatorOptions' from '/Users/valentinyelchenko/Projects/ogxone/adjecent-boxes/node_modules/class-validator/types/validation/Validator.d.ts'. ========
Explicitly specified module resolution kind: 'NodeJs'.
Loading module as file / folder, candidate module location '/Users/valentinyelchenko/Projects/ogxone/adjecent-boxes/node_modules/class-validator/types/validation/ValidatorOptions', target file type 'TypeScript'.
File '/Users/valentinyelchenko/Projects/ogxone/adjecent-boxes/node_modules/class-validator/types/validation/ValidatorOptions.ts' does not exist.
File '/Users/valentinyelchenko/Projects/ogxone/adjecent-boxes/node_modules/class-validator/types/validation/ValidatorOptions.tsx' does not exist.
File '/Users/valentinyelchenko/Projects/ogxone/adjecent-boxes/node_modules/class-validator/types/validation/ValidatorOptions.d.ts' exist - use it as a name resolution result.
File '/Users/valentinyelchenko/Projects/ogxone/adjecent-boxes/node_modules/class-validator/package.json' exists according to earlier cached lookups.
======== Module name './ValidatorOptions' was successfully resolved to '/Users/valentinyelchenko/Projects/ogxone/adjecent-boxes/node_modules/class-validator/types/validation/ValidatorOptions.d.ts' with Package ID 'class-validator/types/validation/ValidatorOptions.d.ts@0.13.2'. ========
======== Resolving module './validation/ValidatorConstraintInterface' from '/Users/valentinyelchenko/Projects/ogxone/adjecent-boxes/node_modules/class-validator/types/register-decorator.d.ts'. ========
Resolution for module './validation/ValidatorConstraintInterface' was found in cache from location '/Users/valentinyelchenko/Projects/ogxone/adjecent-boxes/node_modules/class-validator/types'.
======== Module name './validation/ValidatorConstraintInterface' was successfully resolved to '/Users/valentinyelchenko/Projects/ogxone/adjecent-boxes/node_modules/class-validator/types/validation/ValidatorConstraintInterface.d.ts' with Package ID 'class-validator/types/validation/ValidatorConstraintInterface.d.ts@0.13.2'. ========
======== Resolving module './decorator/ValidationOptions' from '/Users/valentinyelchenko/Projects/ogxone/adjecent-boxes/node_modules/class-validator/types/register-decorator.d.ts'. ========
Resolution for module './decorator/ValidationOptions' was found in cache from location '/Users/valentinyelchenko/Projects/ogxone/adjecent-boxes/node_modules/class-validator/types'.
======== Module name './decorator/ValidationOptions' was successfully resolved to '/Users/valentinyelchenko/Projects/ogxone/adjecent-boxes/node_modules/class-validator/types/decorator/ValidationOptions.d.ts' with Package ID 'class-validator/types/decorator/ValidationOptions.d.ts@0.13.2'. ========
======== Resolving module './ValidationMetadata' from '/Users/valentinyelchenko/Projects/ogxone/adjecent-boxes/node_modules/class-validator/types/metadata/MetadataStorage.d.ts'. ========
Explicitly specified module resolution kind: 'NodeJs'.
Loading module as file / folder, candidate module location '/Users/valentinyelchenko/Projects/ogxone/adjecent-boxes/node_modules/class-validator/types/metadata/ValidationMetadata', target file type 'TypeScript'.
File '/Users/valentinyelchenko/Projects/ogxone/adjecent-boxes/node_modules/class-validator/types/metadata/ValidationMetadata.ts' does not exist.
File '/Users/valentinyelchenko/Projects/ogxone/adjecent-boxes/node_modules/class-validator/types/metadata/ValidationMetadata.tsx' does not exist.
File '/Users/valentinyelchenko/Projects/ogxone/adjecent-boxes/node_modules/class-validator/types/metadata/ValidationMetadata.d.ts' exist - use it as a name resolution result.
File '/Users/valentinyelchenko/Projects/ogxone/adjecent-boxes/node_modules/class-validator/package.json' exists according to earlier cached lookups.
======== Module name './ValidationMetadata' was successfully resolved to '/Users/valentinyelchenko/Projects/ogxone/adjecent-boxes/node_modules/class-validator/types/metadata/ValidationMetadata.d.ts' with Package ID 'class-validator/types/metadata/ValidationMetadata.d.ts@0.13.2'. ========
======== Resolving module './ConstraintMetadata' from '/Users/valentinyelchenko/Projects/ogxone/adjecent-boxes/node_modules/class-validator/types/metadata/MetadataStorage.d.ts'. ========
Explicitly specified module resolution kind: 'NodeJs'.
Loading module as file / folder, candidate module location '/Users/valentinyelchenko/Projects/ogxone/adjecent-boxes/node_modules/class-validator/types/metadata/ConstraintMetadata', target file type 'TypeScript'.
File '/Users/valentinyelchenko/Projects/ogxone/adjecent-boxes/node_modules/class-validator/types/metadata/ConstraintMetadata.ts' does not exist.
File '/Users/valentinyelchenko/Projects/ogxone/adjecent-boxes/node_modules/class-validator/types/metadata/ConstraintMetadata.tsx' does not exist.
File '/Users/valentinyelchenko/Projects/ogxone/adjecent-boxes/node_modules/class-validator/types/metadata/ConstraintMetadata.d.ts' exist - use it as a name resolution result.
File '/Users/valentinyelchenko/Projects/ogxone/adjecent-boxes/node_modules/class-validator/package.json' exists according to earlier cached lookups.
======== Module name './ConstraintMetadata' was successfully resolved to '/Users/valentinyelchenko/Projects/ogxone/adjecent-boxes/node_modules/class-validator/types/metadata/ConstraintMetadata.d.ts' with Package ID 'class-validator/types/metadata/ConstraintMetadata.d.ts@0.13.2'. ========
======== Resolving module '../validation-schema/ValidationSchema' from '/Users/valentinyelchenko/Projects/ogxone/adjecent-boxes/node_modules/class-validator/types/metadata/MetadataStorage.d.ts'. ========
Explicitly specified module resolution kind: 'NodeJs'.
Loading module as file / folder, candidate module location '/Users/valentinyelchenko/Projects/ogxone/adjecent-boxes/node_modules/class-validator/types/validation-schema/ValidationSchema', target file type 'TypeScript'.
File '/Users/valentinyelchenko/Projects/ogxone/adjecent-boxes/node_modules/class-validator/types/validation-schema/ValidationSchema.ts' does not exist.
File '/Users/valentinyelchenko/Projects/ogxone/adjecent-boxes/node_modules/class-validator/types/validation-schema/ValidationSchema.tsx' does not exist.
File '/Users/valentinyelchenko/Projects/ogxone/adjecent-boxes/node_modules/class-validator/types/validation-schema/ValidationSchema.d.ts' exist - use it as a name resolution result.
File '/Users/valentinyelchenko/Projects/ogxone/adjecent-boxes/node_modules/class-validator/package.json' exists according to earlier cached lookups.
======== Module name '../validation-schema/ValidationSchema' was successfully resolved to '/Users/valentinyelchenko/Projects/ogxone/adjecent-boxes/node_modules/class-validator/types/validation-schema/ValidationSchema.d.ts' with Package ID 'class-validator/types/validation-schema/ValidationSchema.d.ts@0.13.2'. ========
======== Resolving module './ValidationMetadataArgs' from '/Users/valentinyelchenko/Projects/ogxone/adjecent-boxes/node_modules/class-validator/types/metadata/ValidationMetadata.d.ts'. ========
Explicitly specified module resolution kind: 'NodeJs'.
Loading module as file / folder, candidate module location '/Users/valentinyelchenko/Projects/ogxone/adjecent-boxes/node_modules/class-validator/types/metadata/ValidationMetadataArgs', target file type 'TypeScript'.
File '/Users/valentinyelchenko/Projects/ogxone/adjecent-boxes/node_modules/class-validator/types/metadata/ValidationMetadataArgs.ts' does not exist.
File '/Users/valentinyelchenko/Projects/ogxone/adjecent-boxes/node_modules/class-validator/types/metadata/ValidationMetadataArgs.tsx' does not exist.
File '/Users/valentinyelchenko/Projects/ogxone/adjecent-boxes/node_modules/class-validator/types/metadata/ValidationMetadataArgs.d.ts' exist - use it as a name resolution result.
File '/Users/valentinyelchenko/Projects/ogxone/adjecent-boxes/node_modules/class-validator/package.json' exists according to earlier cached lookups.
======== Module name './ValidationMetadataArgs' was successfully resolved to '/Users/valentinyelchenko/Projects/ogxone/adjecent-boxes/node_modules/class-validator/types/metadata/ValidationMetadataArgs.d.ts' with Package ID 'class-validator/types/metadata/ValidationMetadataArgs.d.ts@0.13.2'. ========
======== Resolving module '../validation/ValidationArguments' from '/Users/valentinyelchenko/Projects/ogxone/adjecent-boxes/node_modules/class-validator/types/metadata/ValidationMetadata.d.ts'. ========
Explicitly specified module resolution kind: 'NodeJs'.
Loading module as file / folder, candidate module location '/Users/valentinyelchenko/Projects/ogxone/adjecent-boxes/node_modules/class-validator/types/validation/ValidationArguments', target file type 'TypeScript'.
File '/Users/valentinyelchenko/Projects/ogxone/adjecent-boxes/node_modules/class-validator/types/validation/ValidationArguments.ts' does not exist.
File '/Users/valentinyelchenko/Projects/ogxone/adjecent-boxes/node_modules/class-validator/types/validation/ValidationArguments.tsx' does not exist.
File '/Users/valentinyelchenko/Projects/ogxone/adjecent-boxes/node_modules/class-validator/types/validation/ValidationArguments.d.ts' exist - use it as a name resolution result.
File '/Users/valentinyelchenko/Projects/ogxone/adjecent-boxes/node_modules/class-validator/package.json' exists according to earlier cached lookups.
======== Module name '../validation/ValidationArguments' was successfully resolved to '/Users/valentinyelchenko/Projects/ogxone/adjecent-boxes/node_modules/class-validator/types/validation/ValidationArguments.d.ts' with Package ID 'class-validator/types/validation/ValidationArguments.d.ts@0.13.2'. ========
======== Resolving module '../decorator/ValidationOptions' from '/Users/valentinyelchenko/Projects/ogxone/adjecent-boxes/node_modules/class-validator/types/metadata/ValidationMetadataArgs.d.ts'. ========
Explicitly specified module resolution kind: 'NodeJs'.
Loading module as file / folder, candidate module location '/Users/valentinyelchenko/Projects/ogxone/adjecent-boxes/node_modules/class-validator/types/decorator/ValidationOptions', target file type 'TypeScript'.
File '/Users/valentinyelchenko/Projects/ogxone/adjecent-boxes/node_modules/class-validator/types/decorator/ValidationOptions.ts' does not exist.
File '/Users/valentinyelchenko/Projects/ogxone/adjecent-boxes/node_modules/class-validator/types/decorator/ValidationOptions.tsx' does not exist.
File '/Users/valentinyelchenko/Projects/ogxone/adjecent-boxes/node_modules/class-validator/types/decorator/ValidationOptions.d.ts' exist - use it as a name resolution result.
File '/Users/valentinyelchenko/Projects/ogxone/adjecent-boxes/node_modules/class-validator/package.json' exists according to earlier cached lookups.
======== Module name '../decorator/ValidationOptions' was successfully resolved to '/Users/valentinyelchenko/Projects/ogxone/adjecent-boxes/node_modules/class-validator/types/decorator/ValidationOptions.d.ts' with Package ID 'class-validator/types/decorator/ValidationOptions.d.ts@0.13.2'. ========
======== Resolving module '../validation/ValidatorConstraintInterface' from '/Users/valentinyelchenko/Projects/ogxone/adjecent-boxes/node_modules/class-validator/types/metadata/ConstraintMetadata.d.ts'. ========
Explicitly specified module resolution kind: 'NodeJs'.
Loading module as file / folder, candidate module location '/Users/valentinyelchenko/Projects/ogxone/adjecent-boxes/node_modules/class-validator/types/validation/ValidatorConstraintInterface', target file type 'TypeScript'.
File '/Users/valentinyelchenko/Projects/ogxone/adjecent-boxes/node_modules/class-validator/types/validation/ValidatorConstraintInterface.ts' does not exist.
File '/Users/valentinyelchenko/Projects/ogxone/adjecent-boxes/node_modules/class-validator/types/validation/ValidatorConstraintInterface.tsx' does not exist.
File '/Users/valentinyelchenko/Projects/ogxone/adjecent-boxes/node_modules/class-validator/types/validation/ValidatorConstraintInterface.d.ts' exist - use it as a name resolution result.
File '/Users/valentinyelchenko/Projects/ogxone/adjecent-boxes/node_modules/class-validator/package.json' exists according to earlier cached lookups.
======== Module name '../validation/ValidatorConstraintInterface' was successfully resolved to '/Users/valentinyelchenko/Projects/ogxone/adjecent-boxes/node_modules/class-validator/types/validation/ValidatorConstraintInterface.d.ts' with Package ID 'class-validator/types/validation/ValidatorConstraintInterface.d.ts@0.13.2'. ========
======== Resolving module './interfaces' from '/Users/valentinyelchenko/Projects/ogxone/adjecent-boxes/node_modules/class-transformer/types/index.d.ts'. ========
Explicitly specified module resolution kind: 'NodeJs'.
Loading module as file / folder, candidate module location '/Users/valentinyelchenko/Projects/ogxone/adjecent-boxes/node_modules/class-transformer/types/interfaces', target file type 'TypeScript'.
File '/Users/valentinyelchenko/Projects/ogxone/adjecent-boxes/node_modules/class-transformer/types/interfaces.ts' does not exist.
File '/Users/valentinyelchenko/Projects/ogxone/adjecent-boxes/node_modules/class-transformer/types/interfaces.tsx' does not exist.
File '/Users/valentinyelchenko/Projects/ogxone/adjecent-boxes/node_modules/class-transformer/types/interfaces.d.ts' does not exist.
File '/Users/valentinyelchenko/Projects/ogxone/adjecent-boxes/node_modules/class-transformer/types/interfaces/package.json' does not exist.
File '/Users/valentinyelchenko/Projects/ogxone/adjecent-boxes/node_modules/class-transformer/types/interfaces/index.ts' does not exist.
File '/Users/valentinyelchenko/Projects/ogxone/adjecent-boxes/node_modules/class-transformer/types/interfaces/index.tsx' does not exist.
File '/Users/valentinyelchenko/Projects/ogxone/adjecent-boxes/node_modules/class-transformer/types/interfaces/index.d.ts' exist - use it as a name resolution result.
======== Module name './interfaces' was successfully resolved to '/Users/valentinyelchenko/Projects/ogxone/adjecent-boxes/node_modules/class-transformer/types/interfaces/index.d.ts'. ========
======== Resolving module './ClassTransformer' from '/Users/valentinyelchenko/Projects/ogxone/adjecent-boxes/node_modules/class-transformer/types/index.d.ts'. ========
Explicitly specified module resolution kind: 'NodeJs'.
Loading module as file / folder, candidate module location '/Users/valentinyelchenko/Projects/ogxone/adjecent-boxes/node_modules/class-transformer/types/ClassTransformer', target file type 'TypeScript'.
File '/Users/valentinyelchenko/Projects/ogxone/adjecent-boxes/node_modules/class-transformer/types/ClassTransformer.ts' does not exist.
File '/Users/valentinyelchenko/Projects/ogxone/adjecent-boxes/node_modules/class-transformer/types/ClassTransformer.tsx' does not exist.
File '/Users/valentinyelchenko/Projects/ogxone/adjecent-boxes/node_modules/class-transformer/types/ClassTransformer.d.ts' exist - use it as a name resolution result.
File '/Users/valentinyelchenko/Projects/ogxone/adjecent-boxes/node_modules/class-transformer/package.json' exists according to earlier cached lookups.
======== Module name './ClassTransformer' was successfully resolved to '/Users/valentinyelchenko/Projects/ogxone/adjecent-boxes/node_modules/class-transformer/types/ClassTransformer.d.ts' with Package ID 'class-transformer/types/ClassTransformer.d.ts@0.5.1'. ========
======== Resolving module './decorators' from '/Users/valentinyelchenko/Projects/ogxone/adjecent-boxes/node_modules/class-transformer/types/index.d.ts'. ========
Explicitly specified module resolution kind: 'NodeJs'.
Loading module as file / folder, candidate module location '/Users/valentinyelchenko/Projects/ogxone/adjecent-boxes/node_modules/class-transformer/types/decorators', target file type 'TypeScript'.
File '/Users/valentinyelchenko/Projects/ogxone/adjecent-boxes/node_modules/class-transformer/types/decorators.ts' does not exist.
File '/Users/valentinyelchenko/Projects/ogxone/adjecent-boxes/node_modules/class-transformer/types/decorators.tsx' does not exist.
File '/Users/valentinyelchenko/Projects/ogxone/adjecent-boxes/node_modules/class-transformer/types/decorators.d.ts' does not exist.
File '/Users/valentinyelchenko/Projects/ogxone/adjecent-boxes/node_modules/class-transformer/types/decorators/package.json' does not exist.
File '/Users/valentinyelchenko/Projects/ogxone/adjecent-boxes/node_modules/class-transformer/types/decorators/index.ts' does not exist.
File '/Users/valentinyelchenko/Projects/ogxone/adjecent-boxes/node_modules/class-transformer/types/decorators/index.tsx' does not exist.
File '/Users/valentinyelchenko/Projects/ogxone/adjecent-boxes/node_modules/class-transformer/types/decorators/index.d.ts' exist - use it as a name resolution result.
======== Module name './decorators' was successfully resolved to '/Users/valentinyelchenko/Projects/ogxone/adjecent-boxes/node_modules/class-transformer/types/decorators/index.d.ts'. ========
======== Resolving module './enums' from '/Users/valentinyelchenko/Projects/ogxone/adjecent-boxes/node_modules/class-transformer/types/index.d.ts'. ========
Explicitly specified module resolution kind: 'NodeJs'.
Loading module as file / folder, candidate module location '/Users/valentinyelchenko/Projects/ogxone/adjecent-boxes/node_modules/class-transformer/types/enums', target file type 'TypeScript'.
File '/Users/valentinyelchenko/Projects/ogxone/adjecent-boxes/node_modules/class-transformer/types/enums.ts' does not exist.
File '/Users/valentinyelchenko/Projects/ogxone/adjecent-boxes/node_modules/class-transformer/types/enums.tsx' does not exist.
File '/Users/valentinyelchenko/Projects/ogxone/adjecent-boxes/node_modules/class-transformer/types/enums.d.ts' does not exist.
File '/Users/valentinyelchenko/Projects/ogxone/adjecent-boxes/node_modules/class-transformer/types/enums/package.json' does not exist.
File '/Users/valentinyelchenko/Projects/ogxone/adjecent-boxes/node_modules/class-transformer/types/enums/index.ts' does not exist.
File '/Users/valentinyelchenko/Projects/ogxone/adjecent-boxes/node_modules/class-transformer/types/enums/index.tsx' does not exist.
File '/Users/valentinyelchenko/Projects/ogxone/adjecent-boxes/node_modules/class-transformer/types/enums/index.d.ts' exist - use it as a name resolution result.
======== Module name './enums' was successfully resolved to '/Users/valentinyelchenko/Projects/ogxone/adjecent-boxes/node_modules/class-transformer/types/enums/index.d.ts'. ========
======== Resolving module './decorator-options/expose-options.interface' from '/Users/valentinyelchenko/Projects/ogxone/adjecent-boxes/node_modules/class-transformer/types/interfaces/index.d.ts'. ========
Explicitly specified module resolution kind: 'NodeJs'.
Loading module as file / folder, candidate module location '/Users/valentinyelchenko/Projects/ogxone/adjecent-boxes/node_modules/class-transformer/types/interfaces/decorator-options/expose-options.interface', target file type 'TypeScript'.
File '/Users/valentinyelchenko/Projects/ogxone/adjecent-boxes/node_modules/class-transformer/types/interfaces/decorator-options/expose-options.interface.ts' does not exist.
File '/Users/valentinyelchenko/Projects/ogxone/adjecent-boxes/node_modules/class-transformer/types/interfaces/decorator-options/expose-options.interface.tsx' does not exist.
File '/Users/valentinyelchenko/Projects/ogxone/adjecent-boxes/node_modules/class-transformer/types/interfaces/decorator-options/expose-options.interface.d.ts' exist - use it as a name resolution result.
File '/Users/valentinyelchenko/Projects/ogxone/adjecent-boxes/node_modules/class-transformer/package.json' exists according to earlier cached lookups.
======== Module name './decorator-options/expose-options.interface' was successfully resolved to '/Users/valentinyelchenko/Projects/ogxone/adjecent-boxes/node_modules/class-transformer/types/interfaces/decorator-options/expose-options.interface.d.ts' with Package ID 'class-transformer/types/interfaces/decorator-options/expose-options.interface.d.ts@0.5.1'. ========
======== Resolving module './decorator-options/exclude-options.interface' from '/Users/valentinyelchenko/Projects/ogxone/adjecent-boxes/node_modules/class-transformer/types/interfaces/index.d.ts'. ========
Explicitly specified module resolution kind: 'NodeJs'.
Loading module as file / folder, candidate module location '/Users/valentinyelchenko/Projects/ogxone/adjecent-boxes/node_modules/class-transformer/types/interfaces/decorator-options/exclude-options.interface', target file type 'TypeScript'.
File '/Users/valentinyelchenko/Projects/ogxone/adjecent-boxes/node_modules/class-transformer/types/interfaces/decorator-options/exclude-options.interface.ts' does not exist.
File '/Users/valentinyelchenko/Projects/ogxone/adjecent-boxes/node_modules/class-transformer/types/interfaces/decorator-options/exclude-options.interface.tsx' does not exist.
File '/Users/valentinyelchenko/Projects/ogxone/adjecent-boxes/node_modules/class-transformer/types/interfaces/decorator-options/exclude-options.interface.d.ts' exist - use it as a name resolution result.
File '/Users/valentinyelchenko/Projects/ogxone/adjecent-boxes/node_modules/class-transformer/package.json' exists according to earlier cached lookups.
======== Module name './decorator-options/exclude-options.interface' was successfully resolved to '/Users/valentinyelchenko/Projects/ogxone/adjecent-boxes/node_modules/class-transformer/types/interfaces/decorator-options/exclude-options.interface.d.ts' with Package ID 'class-transformer/types/interfaces/decorator-options/exclude-options.interface.d.ts@0.5.1'. ========
======== Resolving module './decorator-options/transform-options.interface' from '/Users/valentinyelchenko/Projects/ogxone/adjecent-boxes/node_modules/class-transformer/types/interfaces/index.d.ts'. ========
Explicitly specified module resolution kind: 'NodeJs'.
Loading module as file / folder, candidate module location '/Users/valentinyelchenko/Projects/ogxone/adjecent-boxes/node_modules/class-transformer/types/interfaces/decorator-options/transform-options.interface', target file type 'TypeScript'.
File '/Users/valentinyelchenko/Projects/ogxone/adjecent-boxes/node_modules/class-transformer/types/interfaces/decorator-options/transform-options.interface.ts' does not exist.
File '/Users/valentinyelchenko/Projects/ogxone/adjecent-boxes/node_modules/class-transformer/types/interfaces/decorator-options/transform-options.interface.tsx' does not exist.
File '/Users/valentinyelchenko/Projects/ogxone/adjecent-boxes/node_modules/class-transformer/types/interfaces/decorator-options/transform-options.interface.d.ts' exist - use it as a name resolution result.
File '/Users/valentinyelchenko/Projects/ogxone/adjecent-boxes/node_modules/class-transformer/package.json' exists according to earlier cached lookups.
======== Module name './decorator-options/transform-options.interface' was successfully resolved to '/Users/valentinyelchenko/Projects/ogxone/adjecent-boxes/node_modules/class-transformer/types/interfaces/decorator-options/transform-options.interface.d.ts' with Package ID 'class-transformer/types/interfaces/decorator-options/transform-options.interface.d.ts@0.5.1'. ========
======== Resolving module './decorator-options/type-discriminator-descriptor.interface' from '/Users/valentinyelchenko/Projects/ogxone/adjecent-boxes/node_modules/class-transformer/types/interfaces/index.d.ts'. ========
Explicitly specified module resolution kind: 'NodeJs'.
Loading module as file / folder, candidate module location '/Users/valentinyelchenko/Projects/ogxone/adjecent-boxes/node_modules/class-transformer/types/interfaces/decorator-options/type-discriminator-descriptor.interface', target file type 'TypeScript'.
File '/Users/valentinyelchenko/Projects/ogxone/adjecent-boxes/node_modules/class-transformer/types/interfaces/decorator-options/type-discriminator-descriptor.interface.ts' does not exist.
File '/Users/valentinyelchenko/Projects/ogxone/adjecent-boxes/node_modules/class-transformer/types/interfaces/decorator-options/type-discriminator-descriptor.interface.tsx' does not exist.
File '/Users/valentinyelchenko/Projects/ogxone/adjecent-boxes/node_modules/class-transformer/types/interfaces/decorator-options/type-discriminator-descriptor.interface.d.ts' exist - use it as a name resolution result.
File '/Users/valentinyelchenko/Projects/ogxone/adjecent-boxes/node_modules/class-transformer/package.json' exists according to earlier cached lookups.
======== Module name './decorator-options/type-discriminator-descriptor.interface' was successfully resolved to '/Users/valentinyelchenko/Projects/ogxone/adjecent-boxes/node_modules/class-transformer/types/interfaces/decorator-options/type-discriminator-descriptor.interface.d.ts' with Package ID 'class-transformer/types/interfaces/decorator-options/type-discriminator-descriptor.interface.d.ts@0.5.1'. ========
======== Resolving module './decorator-options/type-options.interface' from '/Users/valentinyelchenko/Projects/ogxone/adjecent-boxes/node_modules/class-transformer/types/interfaces/index.d.ts'. ========
Explicitly specified module resolution kind: 'NodeJs'.
Loading module as file / folder, candidate module location '/Users/valentinyelchenko/Projects/ogxone/adjecent-boxes/node_modules/class-transformer/types/interfaces/decorator-options/type-options.interface', target file type 'TypeScript'.
File '/Users/valentinyelchenko/Projects/ogxone/adjecent-boxes/node_modules/class-transformer/types/interfaces/decorator-options/type-options.interface.ts' does not exist.
File '/Users/valentinyelchenko/Projects/ogxone/adjecent-boxes/node_modules/class-transformer/types/interfaces/decorator-options/type-options.interface.tsx' does not exist.
File '/Users/valentinyelchenko/Projects/ogxone/adjecent-boxes/node_modules/class-transformer/types/interfaces/decorator-options/type-options.interface.d.ts' exist - use it as a name resolution result.
File '/Users/valentinyelchenko/Projects/ogxone/adjecent-boxes/node_modules/class-transformer/package.json' exists according to earlier cached lookups.
======== Module name './decorator-options/type-options.interface' was successfully resolved to '/Users/valentinyelchenko/Projects/ogxone/adjecent-boxes/node_modules/class-transformer/types/interfaces/decorator-options/type-options.interface.d.ts' with Package ID 'class-transformer/types/interfaces/decorator-options/type-options.interface.d.ts@0.5.1'. ========
======== Resolving module './metadata/exclude-metadata.interface' from '/Users/valentinyelchenko/Projects/ogxone/adjecent-boxes/node_modules/class-transformer/types/interfaces/index.d.ts'. ========
Explicitly specified module resolution kind: 'NodeJs'.
Loading module as file / folder, candidate module location '/Users/valentinyelchenko/Projects/ogxone/adjecent-boxes/node_modules/class-transformer/types/interfaces/metadata/exclude-metadata.interface', target file type 'TypeScript'.
File '/Users/valentinyelchenko/Projects/ogxone/adjecent-boxes/node_modules/class-transformer/types/interfaces/metadata/exclude-metadata.interface.ts' does not exist.
File '/Users/valentinyelchenko/Projects/ogxone/adjecent-boxes/node_modules/class-transformer/types/interfaces/metadata/exclude-metadata.interface.tsx' does not exist.
File '/Users/valentinyelchenko/Projects/ogxone/adjecent-boxes/node_modules/class-transformer/types/interfaces/metadata/exclude-metadata.interface.d.ts' exist - use it as a name resolution result.
File '/Users/valentinyelchenko/Projects/ogxone/adjecent-boxes/node_modules/class-transformer/package.json' exists according to earlier cached lookups.
======== Module name './metadata/exclude-metadata.interface' was successfully resolved to '/Users/valentinyelchenko/Projects/ogxone/adjecent-boxes/node_modules/class-transformer/types/interfaces/metadata/exclude-metadata.interface.d.ts' with Package ID 'class-transformer/types/interfaces/metadata/exclude-metadata.interface.d.ts@0.5.1'. ========
======== Resolving module './metadata/expose-metadata.interface' from '/Users/valentinyelchenko/Projects/ogxone/adjecent-boxes/node_modules/class-transformer/types/interfaces/index.d.ts'. ========
Explicitly specified module resolution kind: 'NodeJs'.
Loading module as file / folder, candidate module location '/Users/valentinyelchenko/Projects/ogxone/adjecent-boxes/node_modules/class-transformer/types/interfaces/metadata/expose-metadata.interface', target file type 'TypeScript'.
File '/Users/valentinyelchenko/Projects/ogxone/adjecent-boxes/node_modules/class-transformer/types/interfaces/metadata/expose-metadata.interface.ts' does not exist.
File '/Users/valentinyelchenko/Projects/ogxone/adjecent-boxes/node_modules/class-transformer/types/interfaces/metadata/expose-metadata.interface.tsx' does not exist.
File '/Users/valentinyelchenko/Projects/ogxone/adjecent-boxes/node_modules/class-transformer/types/interfaces/metadata/expose-metadata.interface.d.ts' exist - use it as a name resolution result.
File '/Users/valentinyelchenko/Projects/ogxone/adjecent-boxes/node_modules/class-transformer/package.json' exists according to earlier cached lookups.
======== Module name './metadata/expose-metadata.interface' was successfully resolved to '/Users/valentinyelchenko/Projects/ogxone/adjecent-boxes/node_modules/class-transformer/types/interfaces/metadata/expose-metadata.interface.d.ts' with Package ID 'class-transformer/types/interfaces/metadata/expose-metadata.interface.d.ts@0.5.1'. ========
======== Resolving module './metadata/transform-metadata.interface' from '/Users/valentinyelchenko/Projects/ogxone/adjecent-boxes/node_modules/class-transformer/types/interfaces/index.d.ts'. ========
Explicitly specified module resolution kind: 'NodeJs'.
Loading module as file / folder, candidate module location '/Users/valentinyelchenko/Projects/ogxone/adjecent-boxes/node_modules/class-transformer/types/interfaces/metadata/transform-metadata.interface', target file type 'TypeScript'.
File '/Users/valentinyelchenko/Projects/ogxone/adjecent-boxes/node_modules/class-transformer/types/interfaces/metadata/transform-metadata.interface.ts' does not exist.
File '/Users/valentinyelchenko/Projects/ogxone/adjecent-boxes/node_modules/class-transformer/types/interfaces/metadata/transform-metadata.interface.tsx' does not exist.
File '/Users/valentinyelchenko/Projects/ogxone/adjecent-boxes/node_modules/class-transformer/types/interfaces/metadata/transform-metadata.interface.d.ts' exist - use it as a name resolution result.
File '/Users/valentinyelchenko/Projects/ogxone/adjecent-boxes/node_modules/class-transformer/package.json' exists according to earlier cached lookups.
======== Module name './metadata/transform-metadata.interface' was successfully resolved to '/Users/valentinyelchenko/Projects/ogxone/adjecent-boxes/node_modules/class-transformer/types/interfaces/metadata/transform-metadata.interface.d.ts' with Package ID 'class-transformer/types/interfaces/metadata/transform-metadata.interface.d.ts@0.5.1'. ========
======== Resolving module './metadata/transform-fn-params.interface' from '/Users/valentinyelchenko/Projects/ogxone/adjecent-boxes/node_modules/class-transformer/types/interfaces/index.d.ts'. ========
Explicitly specified module resolution kind: 'NodeJs'.
Loading module as file / folder, candidate module location '/Users/valentinyelchenko/Projects/ogxone/adjecent-boxes/node_modules/class-transformer/types/interfaces/metadata/transform-fn-params.interface', target file type 'TypeScript'.
File '/Users/valentinyelchenko/Projects/ogxone/adjecent-boxes/node_modules/class-transformer/types/interfaces/metadata/transform-fn-params.interface.ts' does not exist.
File '/Users/valentinyelchenko/Projects/ogxone/adjecent-boxes/node_modules/class-transformer/types/interfaces/metadata/transform-fn-params.interface.tsx' does not exist.
File '/Users/valentinyelchenko/Projects/ogxone/adjecent-boxes/node_modules/class-transformer/types/interfaces/metadata/transform-fn-params.interface.d.ts' exist - use it as a name resolution result.
File '/Users/valentinyelchenko/Projects/ogxone/adjecent-boxes/node_modules/class-transformer/package.json' exists according to earlier cached lookups.
======== Module name './metadata/transform-fn-params.interface' was successfully resolved to '/Users/valentinyelchenko/Projects/ogxone/adjecent-boxes/node_modules/class-transformer/types/interfaces/metadata/transform-fn-params.interface.d.ts' with Package ID 'class-transformer/types/interfaces/metadata/transform-fn-params.interface.d.ts@0.5.1'. ========
======== Resolving module './metadata/type-metadata.interface' from '/Users/valentinyelchenko/Projects/ogxone/adjecent-boxes/node_modules/class-transformer/types/interfaces/index.d.ts'. ========
Explicitly specified module resolution kind: 'NodeJs'.
Loading module as file / folder, candidate module location '/Users/valentinyelchenko/Projects/ogxone/adjecent-boxes/node_modules/class-transformer/types/interfaces/metadata/type-metadata.interface', target file type 'TypeScript'.
File '/Users/valentinyelchenko/Projects/ogxone/adjecent-boxes/node_modules/class-transformer/types/interfaces/metadata/type-metadata.interface.ts' does not exist.
File '/Users/valentinyelchenko/Projects/ogxone/adjecent-boxes/node_modules/class-transformer/types/interfaces/metadata/type-metadata.interface.tsx' does not exist.
File '/Users/valentinyelchenko/Projects/ogxone/adjecent-boxes/node_modules/class-transformer/types/interfaces/metadata/type-metadata.interface.d.ts' exist - use it as a name resolution result.
File '/Users/valentinyelchenko/Projects/ogxone/adjecent-boxes/node_modules/class-transformer/package.json' exists according to earlier cached lookups.
======== Module name './metadata/type-metadata.interface' was successfully resolved to '/Users/valentinyelchenko/Projects/ogxone/adjecent-boxes/node_modules/class-transformer/types/interfaces/metadata/type-metadata.interface.d.ts' with Package ID 'class-transformer/types/interfaces/metadata/type-metadata.interface.d.ts@0.5.1'. ========
======== Resolving module './class-constructor.type' from '/Users/valentinyelchenko/Projects/ogxone/adjecent-boxes/node_modules/class-transformer/types/interfaces/index.d.ts'. ========
Explicitly specified module resolution kind: 'NodeJs'.
Loading module as file / folder, candidate module location '/Users/valentinyelchenko/Projects/ogxone/adjecent-boxes/node_modules/class-transformer/types/interfaces/class-constructor.type', target file type 'TypeScript'.
File '/Users/valentinyelchenko/Projects/ogxone/adjecent-boxes/node_modules/class-transformer/types/interfaces/class-constructor.type.ts' does not exist.
File '/Users/valentinyelchenko/Projects/ogxone/adjecent-boxes/node_modules/class-transformer/types/interfaces/class-constructor.type.tsx' does not exist.
File '/Users/valentinyelchenko/Projects/ogxone/adjecent-boxes/node_modules/class-transformer/types/interfaces/class-constructor.type.d.ts' exist - use it as a name resolution result.
File '/Users/valentinyelchenko/Projects/ogxone/adjecent-boxes/node_modules/class-transformer/package.json' exists according to earlier cached lookups.
======== Module name './class-constructor.type' was successfully resolved to '/Users/valentinyelchenko/Projects/ogxone/adjecent-boxes/node_modules/class-transformer/types/interfaces/class-constructor.type.d.ts' with Package ID 'class-transformer/types/interfaces/class-constructor.type.d.ts@0.5.1'. ========
======== Resolving module './class-transformer-options.interface' from '/Users/valentinyelchenko/Projects/ogxone/adjecent-boxes/node_modules/class-transformer/types/interfaces/index.d.ts'. ========
Explicitly specified module resolution kind: 'NodeJs'.
Loading module as file / folder, candidate module location '/Users/valentinyelchenko/Projects/ogxone/adjecent-boxes/node_modules/class-transformer/types/interfaces/class-transformer-options.interface', target file type 'TypeScript'.
File '/Users/valentinyelchenko/Projects/ogxone/adjecent-boxes/node_modules/class-transformer/types/interfaces/class-transformer-options.interface.ts' does not exist.
File '/Users/valentinyelchenko/Projects/ogxone/adjecent-boxes/node_modules/class-transformer/types/interfaces/class-transformer-options.interface.tsx' does not exist.
File '/Users/valentinyelchenko/Projects/ogxone/adjecent-boxes/node_modules/class-transformer/types/interfaces/class-transformer-options.interface.d.ts' exist - use it as a name resolution result.
File '/Users/valentinyelchenko/Projects/ogxone/adjecent-boxes/node_modules/class-transformer/package.json' exists according to earlier cached lookups.
======== Module name './class-transformer-options.interface' was successfully resolved to '/Users/valentinyelchenko/Projects/ogxone/adjecent-boxes/node_modules/class-transformer/types/interfaces/class-transformer-options.interface.d.ts' with Package ID 'class-transformer/types/interfaces/class-transformer-options.interface.d.ts@0.5.1'. ========
======== Resolving module './target-map.interface' from '/Users/valentinyelchenko/Projects/ogxone/adjecent-boxes/node_modules/class-transformer/types/interfaces/index.d.ts'. ========
Explicitly specified module resolution kind: 'NodeJs'.
Loading module as file / folder, candidate module location '/Users/valentinyelchenko/Projects/ogxone/adjecent-boxes/node_modules/class-transformer/types/interfaces/target-map.interface', target file type 'TypeScript'.
File '/Users/valentinyelchenko/Projects/ogxone/adjecent-boxes/node_modules/class-transformer/types/interfaces/target-map.interface.ts' does not exist.
File '/Users/valentinyelchenko/Projects/ogxone/adjecent-boxes/node_modules/class-transformer/types/interfaces/target-map.interface.tsx' does not exist.
File '/Users/valentinyelchenko/Projects/ogxone/adjecent-boxes/node_modules/class-transformer/types/interfaces/target-map.interface.d.ts' exist - use it as a name resolution result.
File '/Users/valentinyelchenko/Projects/ogxone/adjecent-boxes/node_modules/class-transformer/package.json' exists according to earlier cached lookups.
======== Module name './target-map.interface' was successfully resolved to '/Users/valentinyelchenko/Projects/ogxone/adjecent-boxes/node_modules/class-transformer/types/interfaces/target-map.interface.d.ts' with Package ID 'class-transformer/types/interfaces/target-map.interface.d.ts@0.5.1'. ========
======== Resolving module './type-help-options.interface' from '/Users/valentinyelchenko/Projects/ogxone/adjecent-boxes/node_modules/class-transformer/types/interfaces/index.d.ts'. ========
Explicitly specified module resolution kind: 'NodeJs'.
Loading module as file / folder, candidate module location '/Users/valentinyelchenko/Projects/ogxone/adjecent-boxes/node_modules/class-transformer/types/interfaces/type-help-options.interface', target file type 'TypeScript'.
File '/Users/valentinyelchenko/Projects/ogxone/adjecent-boxes/node_modules/class-transformer/types/interfaces/type-help-options.interface.ts' does not exist.
File '/Users/valentinyelchenko/Projects/ogxone/adjecent-boxes/node_modules/class-transformer/types/interfaces/type-help-options.interface.tsx' does not exist.
File '/Users/valentinyelchenko/Projects/ogxone/adjecent-boxes/node_modules/class-transformer/types/interfaces/type-help-options.interface.d.ts' exist - use it as a name resolution result.
File '/Users/valentinyelchenko/Projects/ogxone/adjecent-boxes/node_modules/class-transformer/package.json' exists according to earlier cached lookups.
======== Module name './type-help-options.interface' was successfully resolved to '/Users/valentinyelchenko/Projects/ogxone/adjecent-boxes/node_modules/class-transformer/types/interfaces/type-help-options.interface.d.ts' with Package ID 'class-transformer/types/interfaces/type-help-options.interface.d.ts@0.5.1'. ========
======== Resolving module '..' from '/Users/valentinyelchenko/Projects/ogxone/adjecent-boxes/node_modules/class-transformer/types/interfaces/decorator-options/type-discriminator-descriptor.interface.d.ts'. ========
Explicitly specified module resolution kind: 'NodeJs'.
Loading module as file / folder, candidate module location '/Users/valentinyelchenko/Projects/ogxone/adjecent-boxes/node_modules/class-transformer/types/interfaces', target file type 'TypeScript'.
File '/Users/valentinyelchenko/Projects/ogxone/adjecent-boxes/node_modules/class-transformer/types/interfaces.ts' does not exist.
File '/Users/valentinyelchenko/Projects/ogxone/adjecent-boxes/node_modules/class-transformer/types/interfaces.tsx' does not exist.
File '/Users/valentinyelchenko/Projects/ogxone/adjecent-boxes/node_modules/class-transformer/types/interfaces.d.ts' does not exist.
File '/Users/valentinyelchenko/Projects/ogxone/adjecent-boxes/node_modules/class-transformer/types/interfaces/package.json' does not exist according to earlier cached lookups.
File '/Users/valentinyelchenko/Projects/ogxone/adjecent-boxes/node_modules/class-transformer/types/interfaces/index.ts' does not exist.
File '/Users/valentinyelchenko/Projects/ogxone/adjecent-boxes/node_modules/class-transformer/types/interfaces/index.tsx' does not exist.
File '/Users/valentinyelchenko/Projects/ogxone/adjecent-boxes/node_modules/class-transformer/types/interfaces/index.d.ts' exist - use it as a name resolution result.
======== Module name '..' was successfully resolved to '/Users/valentinyelchenko/Projects/ogxone/adjecent-boxes/node_modules/class-transformer/types/interfaces/index.d.ts'. ========
======== Resolving module './type-discriminator-descriptor.interface' from '/Users/valentinyelchenko/Projects/ogxone/adjecent-boxes/node_modules/class-transformer/types/interfaces/decorator-options/type-options.interface.d.ts'. ========
Explicitly specified module resolution kind: 'NodeJs'.
Loading module as file / folder, candidate module location '/Users/valentinyelchenko/Projects/ogxone/adjecent-boxes/node_modules/class-transformer/types/interfaces/decorator-options/type-discriminator-descriptor.interface', target file type 'TypeScript'.
File '/Users/valentinyelchenko/Projects/ogxone/adjecent-boxes/node_modules/class-transformer/types/interfaces/decorator-options/type-discriminator-descriptor.interface.ts' does not exist.
File '/Users/valentinyelchenko/Projects/ogxone/adjecent-boxes/node_modules/class-transformer/types/interfaces/decorator-options/type-discriminator-descriptor.interface.tsx' does not exist.
File '/Users/valentinyelchenko/Projects/ogxone/adjecent-boxes/node_modules/class-transformer/types/interfaces/decorator-options/type-discriminator-descriptor.interface.d.ts' exist - use it as a name resolution result.
File '/Users/valentinyelchenko/Projects/ogxone/adjecent-boxes/node_modules/class-transformer/package.json' exists according to earlier cached lookups.
======== Module name './type-discriminator-descriptor.interface' was successfully resolved to '/Users/valentinyelchenko/Projects/ogxone/adjecent-boxes/node_modules/class-transformer/types/interfaces/decorator-options/type-discriminator-descriptor.interface.d.ts' with Package ID 'class-transformer/types/interfaces/decorator-options/type-discriminator-descriptor.interface.d.ts@0.5.1'. ========
======== Resolving module '..' from '/Users/valentinyelchenko/Projects/ogxone/adjecent-boxes/node_modules/class-transformer/types/interfaces/metadata/exclude-metadata.interface.d.ts'. ========
Explicitly specified module resolution kind: 'NodeJs'.
Loading module as file / folder, candidate module location '/Users/valentinyelchenko/Projects/ogxone/adjecent-boxes/node_modules/class-transformer/types/interfaces', target file type 'TypeScript'.
File '/Users/valentinyelchenko/Projects/ogxone/adjecent-boxes/node_modules/class-transformer/types/interfaces.ts' does not exist.
File '/Users/valentinyelchenko/Projects/ogxone/adjecent-boxes/node_modules/class-transformer/types/interfaces.tsx' does not exist.
File '/Users/valentinyelchenko/Projects/ogxone/adjecent-boxes/node_modules/class-transformer/types/interfaces.d.ts' does not exist.
File '/Users/valentinyelchenko/Projects/ogxone/adjecent-boxes/node_modules/class-transformer/types/interfaces/package.json' does not exist according to earlier cached lookups.
File '/Users/valentinyelchenko/Projects/ogxone/adjecent-boxes/node_modules/class-transformer/types/interfaces/index.ts' does not exist.
File '/Users/valentinyelchenko/Projects/ogxone/adjecent-boxes/node_modules/class-transformer/types/interfaces/index.tsx' does not exist.
File '/Users/valentinyelchenko/Projects/ogxone/adjecent-boxes/node_modules/class-transformer/types/interfaces/index.d.ts' exist - use it as a name resolution result.
======== Module name '..' was successfully resolved to '/Users/valentinyelchenko/Projects/ogxone/adjecent-boxes/node_modules/class-transformer/types/interfaces/index.d.ts'. ========
======== Resolving module '..' from '/Users/valentinyelchenko/Projects/ogxone/adjecent-boxes/node_modules/class-transformer/types/interfaces/metadata/expose-metadata.interface.d.ts'. ========
Resolution for module '..' was found in cache from location '/Users/valentinyelchenko/Projects/ogxone/adjecent-boxes/node_modules/class-transformer/types/interfaces/metadata'.
======== Module name '..' was successfully resolved to '/Users/valentinyelchenko/Projects/ogxone/adjecent-boxes/node_modules/class-transformer/types/interfaces/index.d.ts'. ========
======== Resolving module '..' from '/Users/valentinyelchenko/Projects/ogxone/adjecent-boxes/node_modules/class-transformer/types/interfaces/metadata/transform-metadata.interface.d.ts'. ========
Resolution for module '..' was found in cache from location '/Users/valentinyelchenko/Projects/ogxone/adjecent-boxes/node_modules/class-transformer/types/interfaces/metadata'.
======== Module name '..' was successfully resolved to '/Users/valentinyelchenko/Projects/ogxone/adjecent-boxes/node_modules/class-transformer/types/interfaces/index.d.ts'. ========
======== Resolving module './transform-fn-params.interface' from '/Users/valentinyelchenko/Projects/ogxone/adjecent-boxes/node_modules/class-transformer/types/interfaces/metadata/transform-metadata.interface.d.ts'. ========
Explicitly specified module resolution kind: 'NodeJs'.
Loading module as file / folder, candidate module location '/Users/valentinyelchenko/Projects/ogxone/adjecent-boxes/node_modules/class-transformer/types/interfaces/metadata/transform-fn-params.interface', target file type 'TypeScript'.
File '/Users/valentinyelchenko/Projects/ogxone/adjecent-boxes/node_modules/class-transformer/types/interfaces/metadata/transform-fn-params.interface.ts' does not exist.
File '/Users/valentinyelchenko/Projects/ogxone/adjecent-boxes/node_modules/class-transformer/types/interfaces/metadata/transform-fn-params.interface.tsx' does not exist.
File '/Users/valentinyelchenko/Projects/ogxone/adjecent-boxes/node_modules/class-transformer/types/interfaces/metadata/transform-fn-params.interface.d.ts' exist - use it as a name resolution result.
File '/Users/valentinyelchenko/Projects/ogxone/adjecent-boxes/node_modules/class-transformer/package.json' exists according to earlier cached lookups.
======== Module name './transform-fn-params.interface' was successfully resolved to '/Users/valentinyelchenko/Projects/ogxone/adjecent-boxes/node_modules/class-transformer/types/interfaces/metadata/transform-fn-params.interface.d.ts' with Package ID 'class-transformer/types/interfaces/metadata/transform-fn-params.interface.d.ts@0.5.1'. ========
======== Resolving module '../../enums' from '/Users/valentinyelchenko/Projects/ogxone/adjecent-boxes/node_modules/class-transformer/types/interfaces/metadata/transform-fn-params.interface.d.ts'. ========
Explicitly specified module resolution kind: 'NodeJs'.
Loading module as file / folder, candidate module location '/Users/valentinyelchenko/Projects/ogxone/adjecent-boxes/node_modules/class-transformer/types/enums', target file type 'TypeScript'.
File '/Users/valentinyelchenko/Projects/ogxone/adjecent-boxes/node_modules/class-transformer/types/enums.ts' does not exist.
File '/Users/valentinyelchenko/Projects/ogxone/adjecent-boxes/node_modules/class-transformer/types/enums.tsx' does not exist.
File '/Users/valentinyelchenko/Projects/ogxone/adjecent-boxes/node_modules/class-transformer/types/enums.d.ts' does not exist.
File '/Users/valentinyelchenko/Projects/ogxone/adjecent-boxes/node_modules/class-transformer/types/enums/package.json' does not exist according to earlier cached lookups.
File '/Users/valentinyelchenko/Projects/ogxone/adjecent-boxes/node_modules/class-transformer/types/enums/index.ts' does not exist.
File '/Users/valentinyelchenko/Projects/ogxone/adjecent-boxes/node_modules/class-transformer/types/enums/index.tsx' does not exist.
File '/Users/valentinyelchenko/Projects/ogxone/adjecent-boxes/node_modules/class-transformer/types/enums/index.d.ts' exist - use it as a name resolution result.
======== Module name '../../enums' was successfully resolved to '/Users/valentinyelchenko/Projects/ogxone/adjecent-boxes/node_modules/class-transformer/types/enums/index.d.ts'. ========
======== Resolving module '../class-transformer-options.interface' from '/Users/valentinyelchenko/Projects/ogxone/adjecent-boxes/node_modules/class-transformer/types/interfaces/metadata/transform-fn-params.interface.d.ts'. ========
Explicitly specified module resolution kind: 'NodeJs'.
Loading module as file / folder, candidate module location '/Users/valentinyelchenko/Projects/ogxone/adjecent-boxes/node_modules/class-transformer/types/interfaces/class-transformer-options.interface', target file type 'TypeScript'.
File '/Users/valentinyelchenko/Projects/ogxone/adjecent-boxes/node_modules/class-transformer/types/interfaces/class-transformer-options.interface.ts' does not exist.
File '/Users/valentinyelchenko/Projects/ogxone/adjecent-boxes/node_modules/class-transformer/types/interfaces/class-transformer-options.interface.tsx' does not exist.
File '/Users/valentinyelchenko/Projects/ogxone/adjecent-boxes/node_modules/class-transformer/types/interfaces/class-transformer-options.interface.d.ts' exist - use it as a name resolution result.
File '/Users/valentinyelchenko/Projects/ogxone/adjecent-boxes/node_modules/class-transformer/package.json' exists according to earlier cached lookups.
======== Module name '../class-transformer-options.interface' was successfully resolved to '/Users/valentinyelchenko/Projects/ogxone/adjecent-boxes/node_modules/class-transformer/types/interfaces/class-transformer-options.interface.d.ts' with Package ID 'class-transformer/types/interfaces/class-transformer-options.interface.d.ts@0.5.1'. ========
======== Resolving module './transformation-type.enum' from '/Users/valentinyelchenko/Projects/ogxone/adjecent-boxes/node_modules/class-transformer/types/enums/index.d.ts'. ========
Explicitly specified module resolution kind: 'NodeJs'.
Loading module as file / folder, candidate module location '/Users/valentinyelchenko/Projects/ogxone/adjecent-boxes/node_modules/class-transformer/types/enums/transformation-type.enum', target file type 'TypeScript'.
File '/Users/valentinyelchenko/Projects/ogxone/adjecent-boxes/node_modules/class-transformer/types/enums/transformation-type.enum.ts' does not exist.
File '/Users/valentinyelchenko/Projects/ogxone/adjecent-boxes/node_modules/class-transformer/types/enums/transformation-type.enum.tsx' does not exist.
File '/Users/valentinyelchenko/Projects/ogxone/adjecent-boxes/node_modules/class-transformer/types/enums/transformation-type.enum.d.ts' exist - use it as a name resolution result.
File '/Users/valentinyelchenko/Projects/ogxone/adjecent-boxes/node_modules/class-transformer/package.json' exists according to earlier cached lookups.
======== Module name './transformation-type.enum' was successfully resolved to '/Users/valentinyelchenko/Projects/ogxone/adjecent-boxes/node_modules/class-transformer/types/enums/transformation-type.enum.d.ts' with Package ID 'class-transformer/types/enums/transformation-type.enum.d.ts@0.5.1'. ========
======== Resolving module './target-map.interface' from '/Users/valentinyelchenko/Projects/ogxone/adjecent-boxes/node_modules/class-transformer/types/interfaces/class-transformer-options.interface.d.ts'. ========
Resolution for module './target-map.interface' was found in cache from location '/Users/valentinyelchenko/Projects/ogxone/adjecent-boxes/node_modules/class-transformer/types/interfaces'.
======== Module name './target-map.interface' was successfully resolved to '/Users/valentinyelchenko/Projects/ogxone/adjecent-boxes/node_modules/class-transformer/types/interfaces/target-map.interface.d.ts' with Package ID 'class-transformer/types/interfaces/target-map.interface.d.ts@0.5.1'. ========
======== Resolving module '..' from '/Users/valentinyelchenko/Projects/ogxone/adjecent-boxes/node_modules/class-transformer/types/interfaces/metadata/type-metadata.interface.d.ts'. ========
Resolution for module '..' was found in cache from location '/Users/valentinyelchenko/Projects/ogxone/adjecent-boxes/node_modules/class-transformer/types/interfaces/metadata'.
======== Module name '..' was successfully resolved to '/Users/valentinyelchenko/Projects/ogxone/adjecent-boxes/node_modules/class-transformer/types/interfaces/index.d.ts'. ========
======== Resolving module './interfaces' from '/Users/valentinyelchenko/Projects/ogxone/adjecent-boxes/node_modules/class-transformer/types/ClassTransformer.d.ts'. ========
Resolution for module './interfaces' was found in cache from location '/Users/valentinyelchenko/Projects/ogxone/adjecent-boxes/node_modules/class-transformer/types'.
======== Module name './interfaces' was successfully resolved to '/Users/valentinyelchenko/Projects/ogxone/adjecent-boxes/node_modules/class-transformer/types/interfaces/index.d.ts'. ========
======== Resolving module './exclude.decorator' from '/Users/valentinyelchenko/Projects/ogxone/adjecent-boxes/node_modules/class-transformer/types/decorators/index.d.ts'. ========
Explicitly specified module resolution kind: 'NodeJs'.
Loading module as file / folder, candidate module location '/Users/valentinyelchenko/Projects/ogxone/adjecent-boxes/node_modules/class-transformer/types/decorators/exclude.decorator', target file type 'TypeScript'.
File '/Users/valentinyelchenko/Projects/ogxone/adjecent-boxes/node_modules/class-transformer/types/decorators/exclude.decorator.ts' does not exist.
File '/Users/valentinyelchenko/Projects/ogxone/adjecent-boxes/node_modules/class-transformer/types/decorators/exclude.decorator.tsx' does not exist.
File '/Users/valentinyelchenko/Projects/ogxone/adjecent-boxes/node_modules/class-transformer/types/decorators/exclude.decorator.d.ts' exist - use it as a name resolution result.
File '/Users/valentinyelchenko/Projects/ogxone/adjecent-boxes/node_modules/class-transformer/package.json' exists according to earlier cached lookups.
======== Module name './exclude.decorator' was successfully resolved to '/Users/valentinyelchenko/Projects/ogxone/adjecent-boxes/node_modules/class-transformer/types/decorators/exclude.decorator.d.ts' with Package ID 'class-transformer/types/decorators/exclude.decorator.d.ts@0.5.1'. ========
======== Resolving module './expose.decorator' from '/Users/valentinyelchenko/Projects/ogxone/adjecent-boxes/node_modules/class-transformer/types/decorators/index.d.ts'. ========
Explicitly specified module resolution kind: 'NodeJs'.
Loading module as file / folder, candidate module location '/Users/valentinyelchenko/Projects/ogxone/adjecent-boxes/node_modules/class-transformer/types/decorators/expose.decorator', target file type 'TypeScript'.
File '/Users/valentinyelchenko/Projects/ogxone/adjecent-boxes/node_modules/class-transformer/types/decorators/expose.decorator.ts' does not exist.
File '/Users/valentinyelchenko/Projects/ogxone/adjecent-boxes/node_modules/class-transformer/types/decorators/expose.decorator.tsx' does not exist.
File '/Users/valentinyelchenko/Projects/ogxone/adjecent-boxes/node_modules/class-transformer/types/decorators/expose.decorator.d.ts' exist - use it as a name resolution result.
File '/Users/valentinyelchenko/Projects/ogxone/adjecent-boxes/node_modules/class-transformer/package.json' exists according to earlier cached lookups.
======== Module name './expose.decorator' was successfully resolved to '/Users/valentinyelchenko/Projects/ogxone/adjecent-boxes/node_modules/class-transformer/types/decorators/expose.decorator.d.ts' with Package ID 'class-transformer/types/decorators/expose.decorator.d.ts@0.5.1'. ========
======== Resolving module './transform-instance-to-instance.decorator' from '/Users/valentinyelchenko/Projects/ogxone/adjecent-boxes/node_modules/class-transformer/types/decorators/index.d.ts'. ========
Explicitly specified module resolution kind: 'NodeJs'.
Loading module as file / folder, candidate module location '/Users/valentinyelchenko/Projects/ogxone/adjecent-boxes/node_modules/class-transformer/types/decorators/transform-instance-to-instance.decorator', target file type 'TypeScript'.
File '/Users/valentinyelchenko/Projects/ogxone/adjecent-boxes/node_modules/class-transformer/types/decorators/transform-instance-to-instance.decorator.ts' does not exist.
File '/Users/valentinyelchenko/Projects/ogxone/adjecent-boxes/node_modules/class-transformer/types/decorators/transform-instance-to-instance.decorator.tsx' does not exist.
File '/Users/valentinyelchenko/Projects/ogxone/adjecent-boxes/node_modules/class-transformer/types/decorators/transform-instance-to-instance.decorator.d.ts' exist - use it as a name resolution result.
File '/Users/valentinyelchenko/Projects/ogxone/adjecent-boxes/node_modules/class-transformer/package.json' exists according to earlier cached lookups.
======== Module name './transform-instance-to-instance.decorator' was successfully resolved to '/Users/valentinyelchenko/Projects/ogxone/adjecent-boxes/node_modules/class-transformer/types/decorators/transform-instance-to-instance.decorator.d.ts' with Package ID 'class-transformer/types/decorators/transform-instance-to-instance.decorator.d.ts@0.5.1'. ========
======== Resolving module './transform-instance-to-plain.decorator' from '/Users/valentinyelchenko/Projects/ogxone/adjecent-boxes/node_modules/class-transformer/types/decorators/index.d.ts'. ========
Explicitly specified module resolution kind: 'NodeJs'.
Loading module as file / folder, candidate module location '/Users/valentinyelchenko/Projects/ogxone/adjecent-boxes/node_modules/class-transformer/types/decorators/transform-instance-to-plain.decorator', target file type 'TypeScript'.
File '/Users/valentinyelchenko/Projects/ogxone/adjecent-boxes/node_modules/class-transformer/types/decorators/transform-instance-to-plain.decorator.ts' does not exist.
File '/Users/valentinyelchenko/Projects/ogxone/adjecent-boxes/node_modules/class-transformer/types/decorators/transform-instance-to-plain.decorator.tsx' does not exist.
File '/Users/valentinyelchenko/Projects/ogxone/adjecent-boxes/node_modules/class-transformer/types/decorators/transform-instance-to-plain.decorator.d.ts' exist - use it as a name resolution result.
File '/Users/valentinyelchenko/Projects/ogxone/adjecent-boxes/node_modules/class-transformer/package.json' exists according to earlier cached lookups.
======== Module name './transform-instance-to-plain.decorator' was successfully resolved to '/Users/valentinyelchenko/Projects/ogxone/adjecent-boxes/node_modules/class-transformer/types/decorators/transform-instance-to-plain.decorator.d.ts' with Package ID 'class-transformer/types/decorators/transform-instance-to-plain.decorator.d.ts@0.5.1'. ========
======== Resolving module './transform-plain-to-instance.decorator' from '/Users/valentinyelchenko/Projects/ogxone/adjecent-boxes/node_modules/class-transformer/types/decorators/index.d.ts'. ========
Explicitly specified module resolution kind: 'NodeJs'.
Loading module as file / folder, candidate module location '/Users/valentinyelchenko/Projects/ogxone/adjecent-boxes/node_modules/class-transformer/types/decorators/transform-plain-to-instance.decorator', target file type 'TypeScript'.
File '/Users/valentinyelchenko/Projects/ogxone/adjecent-boxes/node_modules/class-transformer/types/decorators/transform-plain-to-instance.decorator.ts' does not exist.
File '/Users/valentinyelchenko/Projects/ogxone/adjecent-boxes/node_modules/class-transformer/types/decorators/transform-plain-to-instance.decorator.tsx' does not exist.
File '/Users/valentinyelchenko/Projects/ogxone/adjecent-boxes/node_modules/class-transformer/types/decorators/transform-plain-to-instance.decorator.d.ts' exist - use it as a name resolution result.
File '/Users/valentinyelchenko/Projects/ogxone/adjecent-boxes/node_modules/class-transformer/package.json' exists according to earlier cached lookups.
======== Module name './transform-plain-to-instance.decorator' was successfully resolved to '/Users/valentinyelchenko/Projects/ogxone/adjecent-boxes/node_modules/class-transformer/types/decorators/transform-plain-to-instance.decorator.d.ts' with Package ID 'class-transformer/types/decorators/transform-plain-to-instance.decorator.d.ts@0.5.1'. ========
======== Resolving module './transform.decorator' from '/Users/valentinyelchenko/Projects/ogxone/adjecent-boxes/node_modules/class-transformer/types/decorators/index.d.ts'. ========
Explicitly specified module resolution kind: 'NodeJs'.
Loading module as file / folder, candidate module location '/Users/valentinyelchenko/Projects/ogxone/adjecent-boxes/node_modules/class-transformer/types/decorators/transform.decorator', target file type 'TypeScript'.
File '/Users/valentinyelchenko/Projects/ogxone/adjecent-boxes/node_modules/class-transformer/types/decorators/transform.decorator.ts' does not exist.
File '/Users/valentinyelchenko/Projects/ogxone/adjecent-boxes/node_modules/class-transformer/types/decorators/transform.decorator.tsx' does not exist.
File '/Users/valentinyelchenko/Projects/ogxone/adjecent-boxes/node_modules/class-transformer/types/decorators/transform.decorator.d.ts' exist - use it as a name resolution result.
File '/Users/valentinyelchenko/Projects/ogxone/adjecent-boxes/node_modules/class-transformer/package.json' exists according to earlier cached lookups.
======== Module name './transform.decorator' was successfully resolved to '/Users/valentinyelchenko/Projects/ogxone/adjecent-boxes/node_modules/class-transformer/types/decorators/transform.decorator.d.ts' with Package ID 'class-transformer/types/decorators/transform.decorator.d.ts@0.5.1'. ========
======== Resolving module './type.decorator' from '/Users/valentinyelchenko/Projects/ogxone/adjecent-boxes/node_modules/class-transformer/types/decorators/index.d.ts'. ========
Explicitly specified module resolution kind: 'NodeJs'.
Loading module as file / folder, candidate module location '/Users/valentinyelchenko/Projects/ogxone/adjecent-boxes/node_modules/class-transformer/types/decorators/type.decorator', target file type 'TypeScript'.
File '/Users/valentinyelchenko/Projects/ogxone/adjecent-boxes/node_modules/class-transformer/types/decorators/type.decorator.ts' does not exist.
File '/Users/valentinyelchenko/Projects/ogxone/adjecent-boxes/node_modules/class-transformer/types/decorators/type.decorator.tsx' does not exist.
File '/Users/valentinyelchenko/Projects/ogxone/adjecent-boxes/node_modules/class-transformer/types/decorators/type.decorator.d.ts' exist - use it as a name resolution result.
File '/Users/valentinyelchenko/Projects/ogxone/adjecent-boxes/node_modules/class-transformer/package.json' exists according to earlier cached lookups.
======== Module name './type.decorator' was successfully resolved to '/Users/valentinyelchenko/Projects/ogxone/adjecent-boxes/node_modules/class-transformer/types/decorators/type.decorator.d.ts' with Package ID 'class-transformer/types/decorators/type.decorator.d.ts@0.5.1'. ========
======== Resolving module '../interfaces' from '/Users/valentinyelchenko/Projects/ogxone/adjecent-boxes/node_modules/class-transformer/types/decorators/exclude.decorator.d.ts'. ========
Explicitly specified module resolution kind: 'NodeJs'.
Loading module as file / folder, candidate module location '/Users/valentinyelchenko/Projects/ogxone/adjecent-boxes/node_modules/class-transformer/types/interfaces', target file type 'TypeScript'.
File '/Users/valentinyelchenko/Projects/ogxone/adjecent-boxes/node_modules/class-transformer/types/interfaces.ts' does not exist.
File '/Users/valentinyelchenko/Projects/ogxone/adjecent-boxes/node_modules/class-transformer/types/interfaces.tsx' does not exist.
File '/Users/valentinyelchenko/Projects/ogxone/adjecent-boxes/node_modules/class-transformer/types/interfaces.d.ts' does not exist.
File '/Users/valentinyelchenko/Projects/ogxone/adjecent-boxes/node_modules/class-transformer/types/interfaces/package.json' does not exist according to earlier cached lookups.
File '/Users/valentinyelchenko/Projects/ogxone/adjecent-boxes/node_modules/class-transformer/types/interfaces/index.ts' does not exist.
File '/Users/valentinyelchenko/Projects/ogxone/adjecent-boxes/node_modules/class-transformer/types/interfaces/index.tsx' does not exist.
File '/Users/valentinyelchenko/Projects/ogxone/adjecent-boxes/node_modules/class-transformer/types/interfaces/index.d.ts' exist - use it as a name resolution result.
======== Module name '../interfaces' was successfully resolved to '/Users/valentinyelchenko/Projects/ogxone/adjecent-boxes/node_modules/class-transformer/types/interfaces/index.d.ts'. ========
======== Resolving module '../interfaces' from '/Users/valentinyelchenko/Projects/ogxone/adjecent-boxes/node_modules/class-transformer/types/decorators/expose.decorator.d.ts'. ========
Resolution for module '../interfaces' was found in cache from location '/Users/valentinyelchenko/Projects/ogxone/adjecent-boxes/node_modules/class-transformer/types/decorators'.
======== Module name '../interfaces' was successfully resolved to '/Users/valentinyelchenko/Projects/ogxone/adjecent-boxes/node_modules/class-transformer/types/interfaces/index.d.ts'. ========
======== Resolving module '../interfaces' from '/Users/valentinyelchenko/Projects/ogxone/adjecent-boxes/node_modules/class-transformer/types/decorators/transform-instance-to-instance.decorator.d.ts'. ========
Resolution for module '../interfaces' was found in cache from location '/Users/valentinyelchenko/Projects/ogxone/adjecent-boxes/node_modules/class-transformer/types/decorators'.
======== Module name '../interfaces' was successfully resolved to '/Users/valentinyelchenko/Projects/ogxone/adjecent-boxes/node_modules/class-transformer/types/interfaces/index.d.ts'. ========
======== Resolving module '../interfaces' from '/Users/valentinyelchenko/Projects/ogxone/adjecent-boxes/node_modules/class-transformer/types/decorators/transform-instance-to-plain.decorator.d.ts'. ========
Resolution for module '../interfaces' was found in cache from location '/Users/valentinyelchenko/Projects/ogxone/adjecent-boxes/node_modules/class-transformer/types/decorators'.
======== Module name '../interfaces' was successfully resolved to '/Users/valentinyelchenko/Projects/ogxone/adjecent-boxes/node_modules/class-transformer/types/interfaces/index.d.ts'. ========
======== Resolving module '../interfaces' from '/Users/valentinyelchenko/Projects/ogxone/adjecent-boxes/node_modules/class-transformer/types/decorators/transform-plain-to-instance.decorator.d.ts'. ========
Resolution for module '../interfaces' was found in cache from location '/Users/valentinyelchenko/Projects/ogxone/adjecent-boxes/node_modules/class-transformer/types/decorators'.
======== Module name '../interfaces' was successfully resolved to '/Users/valentinyelchenko/Projects/ogxone/adjecent-boxes/node_modules/class-transformer/types/interfaces/index.d.ts'. ========
======== Resolving module '../interfaces' from '/Users/valentinyelchenko/Projects/ogxone/adjecent-boxes/node_modules/class-transformer/types/decorators/transform.decorator.d.ts'. ========
Resolution for module '../interfaces' was found in cache from location '/Users/valentinyelchenko/Projects/ogxone/adjecent-boxes/node_modules/class-transformer/types/decorators'.
======== Module name '../interfaces' was successfully resolved to '/Users/valentinyelchenko/Projects/ogxone/adjecent-boxes/node_modules/class-transformer/types/interfaces/index.d.ts'. ========
======== Resolving module '../interfaces' from '/Users/valentinyelchenko/Projects/ogxone/adjecent-boxes/node_modules/class-transformer/types/decorators/type.decorator.d.ts'. ========
Resolution for module '../interfaces' was found in cache from location '/Users/valentinyelchenko/Projects/ogxone/adjecent-boxes/node_modules/class-transformer/types/decorators'.
======== Module name '../interfaces' was successfully resolved to '/Users/valentinyelchenko/Projects/ogxone/adjecent-boxes/node_modules/class-transformer/types/interfaces/index.d.ts'. ========
======== Resolving module './Action' from '/Users/valentinyelchenko/Projects/ogxone/adjecent-boxes/node_modules/routing-controllers/types/CurrentUserChecker.d.ts'. ========
Resolution for module './Action' was found in cache from location '/Users/valentinyelchenko/Projects/ogxone/adjecent-boxes/node_modules/routing-controllers/types'.
======== Module name './Action' was successfully resolved to '/Users/valentinyelchenko/Projects/ogxone/adjecent-boxes/node_modules/routing-controllers/types/Action.d.ts' with Package ID 'routing-controllers/types/Action.d.ts@0.9.0'. ========
======== Resolving module './Action' from '/Users/valentinyelchenko/Projects/ogxone/adjecent-boxes/node_modules/routing-controllers/types/AuthorizationChecker.d.ts'. ========
Resolution for module './Action' was found in cache from location '/Users/valentinyelchenko/Projects/ogxone/adjecent-boxes/node_modules/routing-controllers/types'.
======== Module name './Action' was successfully resolved to '/Users/valentinyelchenko/Projects/ogxone/adjecent-boxes/node_modules/routing-controllers/types/Action.d.ts' with Package ID 'routing-controllers/types/Action.d.ts@0.9.0'. ========
======== Resolving module '../Action' from '/Users/valentinyelchenko/Projects/ogxone/adjecent-boxes/node_modules/routing-controllers/types/metadata/ActionMetadata.d.ts'. ========
Explicitly specified module resolution kind: 'NodeJs'.
Loading module as file / folder, candidate module location '/Users/valentinyelchenko/Projects/ogxone/adjecent-boxes/node_modules/routing-controllers/types/Action', target file type 'TypeScript'.
File '/Users/valentinyelchenko/Projects/ogxone/adjecent-boxes/node_modules/routing-controllers/types/Action.ts' does not exist.
File '/Users/valentinyelchenko/Projects/ogxone/adjecent-boxes/node_modules/routing-controllers/types/Action.tsx' does not exist.
File '/Users/valentinyelchenko/Projects/ogxone/adjecent-boxes/node_modules/routing-controllers/types/Action.d.ts' exist - use it as a name resolution result.
File '/Users/valentinyelchenko/Projects/ogxone/adjecent-boxes/node_modules/routing-controllers/package.json' exists according to earlier cached lookups.
======== Module name '../Action' was successfully resolved to '/Users/valentinyelchenko/Projects/ogxone/adjecent-boxes/node_modules/routing-controllers/types/Action.d.ts' with Package ID 'routing-controllers/types/Action.d.ts@0.9.0'. ========
======== Resolving module './args/ActionMetadataArgs' from '/Users/valentinyelchenko/Projects/ogxone/adjecent-boxes/node_modules/routing-controllers/types/metadata/ActionMetadata.d.ts'. ========
Explicitly specified module resolution kind: 'NodeJs'.
Loading module as file / folder, candidate module location '/Users/valentinyelchenko/Projects/ogxone/adjecent-boxes/node_modules/routing-controllers/types/metadata/args/ActionMetadataArgs', target file type 'TypeScript'.
File '/Users/valentinyelchenko/Projects/ogxone/adjecent-boxes/node_modules/routing-controllers/types/metadata/args/ActionMetadataArgs.ts' does not exist.
File '/Users/valentinyelchenko/Projects/ogxone/adjecent-boxes/node_modules/routing-controllers/types/metadata/args/ActionMetadataArgs.tsx' does not exist.
File '/Users/valentinyelchenko/Projects/ogxone/adjecent-boxes/node_modules/routing-controllers/types/metadata/args/ActionMetadataArgs.d.ts' exist - use it as a name resolution result.
File '/Users/valentinyelchenko/Projects/ogxone/adjecent-boxes/node_modules/routing-controllers/package.json' exists according to earlier cached lookups.
======== Module name './args/ActionMetadataArgs' was successfully resolved to '/Users/valentinyelchenko/Projects/ogxone/adjecent-boxes/node_modules/routing-controllers/types/metadata/args/ActionMetadataArgs.d.ts' with Package ID 'routing-controllers/types/metadata/args/ActionMetadataArgs.d.ts@0.9.0'. ========
======== Resolving module './types/ActionType' from '/Users/valentinyelchenko/Projects/ogxone/adjecent-boxes/node_modules/routing-controllers/types/metadata/ActionMetadata.d.ts'. ========
Explicitly specified module resolution kind: 'NodeJs'.
Loading module as file / folder, candidate module location '/Users/valentinyelchenko/Projects/ogxone/adjecent-boxes/node_modules/routing-controllers/types/metadata/types/ActionType', target file type 'TypeScript'.
File '/Users/valentinyelchenko/Projects/ogxone/adjecent-boxes/node_modules/routing-controllers/types/metadata/types/ActionType.ts' does not exist.
File '/Users/valentinyelchenko/Projects/ogxone/adjecent-boxes/node_modules/routing-controllers/types/metadata/types/ActionType.tsx' does not exist.
File '/Users/valentinyelchenko/Projects/ogxone/adjecent-boxes/node_modules/routing-controllers/types/metadata/types/ActionType.d.ts' exist - use it as a name resolution result.
File '/Users/valentinyelchenko/Projects/ogxone/adjecent-boxes/node_modules/routing-controllers/package.json' exists according to earlier cached lookups.
======== Module name './types/ActionType' was successfully resolved to '/Users/valentinyelchenko/Projects/ogxone/adjecent-boxes/node_modules/routing-controllers/types/metadata/types/ActionType.d.ts' with Package ID 'routing-controllers/types/metadata/types/ActionType.d.ts@0.9.0'. ========
======== Resolving module 'class-transformer' from '/Users/valentinyelchenko/Projects/ogxone/adjecent-boxes/node_modules/routing-controllers/types/metadata/ActionMetadata.d.ts'. ========
Explicitly specified module resolution kind: 'NodeJs'.
'baseUrl' option is set to '/Users/valentinyelchenko/Projects/ogxone/adjecent-boxes', using this value to resolve non-relative module name 'class-transformer'.
'paths' option is specified, looking for a pattern to match module name 'class-transformer'.
'baseUrl' option is set to '/Users/valentinyelchenko/Projects/ogxone/adjecent-boxes', using this value to resolve non-relative module name 'class-transformer'.
Resolving module name 'class-transformer' relative to base url '/Users/valentinyelchenko/Projects/ogxone/adjecent-boxes' - '/Users/valentinyelchenko/Projects/ogxone/adjecent-boxes/class-transformer'.
Loading module as file / folder, candidate module location '/Users/valentinyelchenko/Projects/ogxone/adjecent-boxes/class-transformer', target file type 'TypeScript'.
File '/Users/valentinyelchenko/Projects/ogxone/adjecent-boxes/class-transformer.ts' does not exist.
File '/Users/valentinyelchenko/Projects/ogxone/adjecent-boxes/class-transformer.tsx' does not exist.
File '/Users/valentinyelchenko/Projects/ogxone/adjecent-boxes/class-transformer.d.ts' does not exist.
Directory '/Users/valentinyelchenko/Projects/ogxone/adjecent-boxes/class-transformer' does not exist, skipping all lookups in it.
Loading module 'class-transformer' from 'node_modules' folder, target file type 'TypeScript'.
Directory '/Users/valentinyelchenko/Projects/ogxone/adjecent-boxes/node_modules/routing-controllers/types/metadata/node_modules' does not exist, skipping all lookups in it.
Resolution for module 'class-transformer' was found in cache from location '/Users/valentinyelchenko/Projects/ogxone/adjecent-boxes/node_modules/routing-controllers/types'.
======== Module name 'class-transformer' was successfully resolved to '/Users/valentinyelchenko/Projects/ogxone/adjecent-boxes/node_modules/class-transformer/types/index.d.ts' with Package ID 'class-transformer/types/index.d.ts@0.5.1'. ========
======== Resolving module './ControllerMetadata' from '/Users/valentinyelchenko/Projects/ogxone/adjecent-boxes/node_modules/routing-controllers/types/metadata/ActionMetadata.d.ts'. ========
Explicitly specified module resolution kind: 'NodeJs'.
Loading module as file / folder, candidate module location '/Users/valentinyelchenko/Projects/ogxone/adjecent-boxes/node_modules/routing-controllers/types/metadata/ControllerMetadata', target file type 'TypeScript'.
File '/Users/valentinyelchenko/Projects/ogxone/adjecent-boxes/node_modules/routing-controllers/types/metadata/ControllerMetadata.ts' does not exist.
File '/Users/valentinyelchenko/Projects/ogxone/adjecent-boxes/node_modules/routing-controllers/types/metadata/ControllerMetadata.tsx' does not exist.
File '/Users/valentinyelchenko/Projects/ogxone/adjecent-boxes/node_modules/routing-controllers/types/metadata/ControllerMetadata.d.ts' exist - use it as a name resolution result.
File '/Users/valentinyelchenko/Projects/ogxone/adjecent-boxes/node_modules/routing-controllers/package.json' exists according to earlier cached lookups.
======== Module name './ControllerMetadata' was successfully resolved to '/Users/valentinyelchenko/Projects/ogxone/adjecent-boxes/node_modules/routing-controllers/types/metadata/ControllerMetadata.d.ts' with Package ID 'routing-controllers/types/metadata/ControllerMetadata.d.ts@0.9.0'. ========
======== Resolving module './InterceptorMetadata' from '/Users/valentinyelchenko/Projects/ogxone/adjecent-boxes/node_modules/routing-controllers/types/metadata/ActionMetadata.d.ts'. ========
Explicitly specified module resolution kind: 'NodeJs'.
Loading module as file / folder, candidate module location '/Users/valentinyelchenko/Projects/ogxone/adjecent-boxes/node_modules/routing-controllers/types/metadata/InterceptorMetadata', target file type 'TypeScript'.
File '/Users/valentinyelchenko/Projects/ogxone/adjecent-boxes/node_modules/routing-controllers/types/metadata/InterceptorMetadata.ts' does not exist.
File '/Users/valentinyelchenko/Projects/ogxone/adjecent-boxes/node_modules/routing-controllers/types/metadata/InterceptorMetadata.tsx' does not exist.
File '/Users/valentinyelchenko/Projects/ogxone/adjecent-boxes/node_modules/routing-controllers/types/metadata/InterceptorMetadata.d.ts' exist - use it as a name resolution result.
File '/Users/valentinyelchenko/Projects/ogxone/adjecent-boxes/node_modules/routing-controllers/package.json' exists according to earlier cached lookups.
======== Module name './InterceptorMetadata' was successfully resolved to '/Users/valentinyelchenko/Projects/ogxone/adjecent-boxes/node_modules/routing-controllers/types/metadata/InterceptorMetadata.d.ts' with Package ID 'routing-controllers/types/metadata/InterceptorMetadata.d.ts@0.9.0'. ========
======== Resolving module './ParamMetadata' from '/Users/valentinyelchenko/Projects/ogxone/adjecent-boxes/node_modules/routing-controllers/types/metadata/ActionMetadata.d.ts'. ========
Explicitly specified module resolution kind: 'NodeJs'.
Loading module as file / folder, candidate module location '/Users/valentinyelchenko/Projects/ogxone/adjecent-boxes/node_modules/routing-controllers/types/metadata/ParamMetadata', target file type 'TypeScript'.
File '/Users/valentinyelchenko/Projects/ogxone/adjecent-boxes/node_modules/routing-controllers/types/metadata/ParamMetadata.ts' does not exist.
File '/Users/valentinyelchenko/Projects/ogxone/adjecent-boxes/node_modules/routing-controllers/types/metadata/ParamMetadata.tsx' does not exist.
File '/Users/valentinyelchenko/Projects/ogxone/adjecent-boxes/node_modules/routing-controllers/types/metadata/ParamMetadata.d.ts' exist - use it as a name resolution result.
File '/Users/valentinyelchenko/Projects/ogxone/adjecent-boxes/node_modules/routing-controllers/package.json' exists according to earlier cached lookups.
======== Module name './ParamMetadata' was successfully resolved to '/Users/valentinyelchenko/Projects/ogxone/adjecent-boxes/node_modules/routing-controllers/types/metadata/ParamMetadata.d.ts' with Package ID 'routing-controllers/types/metadata/ParamMetadata.d.ts@0.9.0'. ========
======== Resolving module './ResponseHandleMetadata' from '/Users/valentinyelchenko/Projects/ogxone/adjecent-boxes/node_modules/routing-controllers/types/metadata/ActionMetadata.d.ts'. ========
Explicitly specified module resolution kind: 'NodeJs'.
Loading module as file / folder, candidate module location '/Users/valentinyelchenko/Projects/ogxone/adjecent-boxes/node_modules/routing-controllers/types/metadata/ResponseHandleMetadata', target file type 'TypeScript'.
File '/Users/valentinyelchenko/Projects/ogxone/adjecent-boxes/node_modules/routing-controllers/types/metadata/ResponseHandleMetadata.ts' does not exist.
File '/Users/valentinyelchenko/Projects/ogxone/adjecent-boxes/node_modules/routing-controllers/types/metadata/ResponseHandleMetadata.tsx' does not exist.
File '/Users/valentinyelchenko/Projects/ogxone/adjecent-boxes/node_modules/routing-controllers/types/metadata/ResponseHandleMetadata.d.ts' exist - use it as a name resolution result.
File '/Users/valentinyelchenko/Projects/ogxone/adjecent-boxes/node_modules/routing-controllers/package.json' exists according to earlier cached lookups.
======== Module name './ResponseHandleMetadata' was successfully resolved to '/Users/valentinyelchenko/Projects/ogxone/adjecent-boxes/node_modules/routing-controllers/types/metadata/ResponseHandleMetadata.d.ts' with Package ID 'routing-controllers/types/metadata/ResponseHandleMetadata.d.ts@0.9.0'. ========
======== Resolving module '../decorator-options/HandlerOptions' from '/Users/valentinyelchenko/Projects/ogxone/adjecent-boxes/node_modules/routing-controllers/types/metadata/ActionMetadata.d.ts'. ========
Explicitly specified module resolution kind: 'NodeJs'.
Loading module as file / folder, candidate module location '/Users/valentinyelchenko/Projects/ogxone/adjecent-boxes/node_modules/routing-controllers/types/decorator-options/HandlerOptions', target file type 'TypeScript'.
File '/Users/valentinyelchenko/Projects/ogxone/adjecent-boxes/node_modules/routing-controllers/types/decorator-options/HandlerOptions.ts' does not exist.
File '/Users/valentinyelchenko/Projects/ogxone/adjecent-boxes/node_modules/routing-controllers/types/decorator-options/HandlerOptions.tsx' does not exist.
File '/Users/valentinyelchenko/Projects/ogxone/adjecent-boxes/node_modules/routing-controllers/types/decorator-options/HandlerOptions.d.ts' exist - use it as a name resolution result.
File '/Users/valentinyelchenko/Projects/ogxone/adjecent-boxes/node_modules/routing-controllers/package.json' exists according to earlier cached lookups.
======== Module name '../decorator-options/HandlerOptions' was successfully resolved to '/Users/valentinyelchenko/Projects/ogxone/adjecent-boxes/node_modules/routing-controllers/types/decorator-options/HandlerOptions.d.ts' with Package ID 'routing-controllers/types/decorator-options/HandlerOptions.d.ts@0.9.0'. ========
======== Resolving module '../RoutingControllersOptions' from '/Users/valentinyelchenko/Projects/ogxone/adjecent-boxes/node_modules/routing-controllers/types/metadata/ActionMetadata.d.ts'. ========
Explicitly specified module resolution kind: 'NodeJs'.
Loading module as file / folder, candidate module location '/Users/valentinyelchenko/Projects/ogxone/adjecent-boxes/node_modules/routing-controllers/types/RoutingControllersOptions', target file type 'TypeScript'.
File '/Users/valentinyelchenko/Projects/ogxone/adjecent-boxes/node_modules/routing-controllers/types/RoutingControllersOptions.ts' does not exist.
File '/Users/valentinyelchenko/Projects/ogxone/adjecent-boxes/node_modules/routing-controllers/types/RoutingControllersOptions.tsx' does not exist.
File '/Users/valentinyelchenko/Projects/ogxone/adjecent-boxes/node_modules/routing-controllers/types/RoutingControllersOptions.d.ts' exist - use it as a name resolution result.
File '/Users/valentinyelchenko/Projects/ogxone/adjecent-boxes/node_modules/routing-controllers/package.json' exists according to earlier cached lookups.
======== Module name '../RoutingControllersOptions' was successfully resolved to '/Users/valentinyelchenko/Projects/ogxone/adjecent-boxes/node_modules/routing-controllers/types/RoutingControllersOptions.d.ts' with Package ID 'routing-controllers/types/RoutingControllersOptions.d.ts@0.9.0'. ========
======== Resolving module './UseMetadata' from '/Users/valentinyelchenko/Projects/ogxone/adjecent-boxes/node_modules/routing-controllers/types/metadata/ActionMetadata.d.ts'. ========
Explicitly specified module resolution kind: 'NodeJs'.
Loading module as file / folder, candidate module location '/Users/valentinyelchenko/Projects/ogxone/adjecent-boxes/node_modules/routing-controllers/types/metadata/UseMetadata', target file type 'TypeScript'.
File '/Users/valentinyelchenko/Projects/ogxone/adjecent-boxes/node_modules/routing-controllers/types/metadata/UseMetadata.ts' does not exist.
File '/Users/valentinyelchenko/Projects/ogxone/adjecent-boxes/node_modules/routing-controllers/types/metadata/UseMetadata.tsx' does not exist.
File '/Users/valentinyelchenko/Projects/ogxone/adjecent-boxes/node_modules/routing-controllers/types/metadata/UseMetadata.d.ts' exist - use it as a name resolution result.
File '/Users/valentinyelchenko/Projects/ogxone/adjecent-boxes/node_modules/routing-controllers/package.json' exists according to earlier cached lookups.
======== Module name './UseMetadata' was successfully resolved to '/Users/valentinyelchenko/Projects/ogxone/adjecent-boxes/node_modules/routing-controllers/types/metadata/UseMetadata.d.ts' with Package ID 'routing-controllers/types/metadata/UseMetadata.d.ts@0.9.0'. ========
======== Resolving module '../types/ActionType' from '/Users/valentinyelchenko/Projects/ogxone/adjecent-boxes/node_modules/routing-controllers/types/metadata/args/ActionMetadataArgs.d.ts'. ========
Explicitly specified module resolution kind: 'NodeJs'.
Loading module as file / folder, candidate module location '/Users/valentinyelchenko/Projects/ogxone/adjecent-boxes/node_modules/routing-controllers/types/metadata/types/ActionType', target file type 'TypeScript'.
File '/Users/valentinyelchenko/Projects/ogxone/adjecent-boxes/node_modules/routing-controllers/types/metadata/types/ActionType.ts' does not exist.
File '/Users/valentinyelchenko/Projects/ogxone/adjecent-boxes/node_modules/routing-controllers/types/metadata/types/ActionType.tsx' does not exist.
File '/Users/valentinyelchenko/Projects/ogxone/adjecent-boxes/node_modules/routing-controllers/types/metadata/types/ActionType.d.ts' exist - use it as a name resolution result.
File '/Users/valentinyelchenko/Projects/ogxone/adjecent-boxes/node_modules/routing-controllers/package.json' exists according to earlier cached lookups.
======== Module name '../types/ActionType' was successfully resolved to '/Users/valentinyelchenko/Projects/ogxone/adjecent-boxes/node_modules/routing-controllers/types/metadata/types/ActionType.d.ts' with Package ID 'routing-controllers/types/metadata/types/ActionType.d.ts@0.9.0'. ========
======== Resolving module '../../Action' from '/Users/valentinyelchenko/Projects/ogxone/adjecent-boxes/node_modules/routing-controllers/types/metadata/args/ActionMetadataArgs.d.ts'. ========
Explicitly specified module resolution kind: 'NodeJs'.
Loading module as file / folder, candidate module location '/Users/valentinyelchenko/Projects/ogxone/adjecent-boxes/node_modules/routing-controllers/types/Action', target file type 'TypeScript'.
File '/Users/valentinyelchenko/Projects/ogxone/adjecent-boxes/node_modules/routing-controllers/types/Action.ts' does not exist.
File '/Users/valentinyelchenko/Projects/ogxone/adjecent-boxes/node_modules/routing-controllers/types/Action.tsx' does not exist.
File '/Users/valentinyelchenko/Projects/ogxone/adjecent-boxes/node_modules/routing-controllers/types/Action.d.ts' exist - use it as a name resolution result.
File '/Users/valentinyelchenko/Projects/ogxone/adjecent-boxes/node_modules/routing-controllers/package.json' exists according to earlier cached lookups.
======== Module name '../../Action' was successfully resolved to '/Users/valentinyelchenko/Projects/ogxone/adjecent-boxes/node_modules/routing-controllers/types/Action.d.ts' with Package ID 'routing-controllers/types/Action.d.ts@0.9.0'. ========
======== Resolving module '../ActionMetadata' from '/Users/valentinyelchenko/Projects/ogxone/adjecent-boxes/node_modules/routing-controllers/types/metadata/args/ActionMetadataArgs.d.ts'. ========
Explicitly specified module resolution kind: 'NodeJs'.
Loading module as file / folder, candidate module location '/Users/valentinyelchenko/Projects/ogxone/adjecent-boxes/node_modules/routing-controllers/types/metadata/ActionMetadata', target file type 'TypeScript'.
File '/Users/valentinyelchenko/Projects/ogxone/adjecent-boxes/node_modules/routing-controllers/types/metadata/ActionMetadata.ts' does not exist.
File '/Users/valentinyelchenko/Projects/ogxone/adjecent-boxes/node_modules/routing-controllers/types/metadata/ActionMetadata.tsx' does not exist.
File '/Users/valentinyelchenko/Projects/ogxone/adjecent-boxes/node_modules/routing-controllers/types/metadata/ActionMetadata.d.ts' exist - use it as a name resolution result.
File '/Users/valentinyelchenko/Projects/ogxone/adjecent-boxes/node_modules/routing-controllers/package.json' exists according to earlier cached lookups.
======== Module name '../ActionMetadata' was successfully resolved to '/Users/valentinyelchenko/Projects/ogxone/adjecent-boxes/node_modules/routing-controllers/types/metadata/ActionMetadata.d.ts' with Package ID 'routing-controllers/types/metadata/ActionMetadata.d.ts@0.9.0'. ========
======== Resolving module '../../decorator-options/HandlerOptions' from '/Users/valentinyelchenko/Projects/ogxone/adjecent-boxes/node_modules/routing-controllers/types/metadata/args/ActionMetadataArgs.d.ts'. ========
Explicitly specified module resolution kind: 'NodeJs'.
Loading module as file / folder, candidate module location '/Users/valentinyelchenko/Projects/ogxone/adjecent-boxes/node_modules/routing-controllers/types/decorator-options/HandlerOptions', target file type 'TypeScript'.
File '/Users/valentinyelchenko/Projects/ogxone/adjecent-boxes/node_modules/routing-controllers/types/decorator-options/HandlerOptions.ts' does not exist.
File '/Users/valentinyelchenko/Projects/ogxone/adjecent-boxes/node_modules/routing-controllers/types/decorator-options/HandlerOptions.tsx' does not exist.
File '/Users/valentinyelchenko/Projects/ogxone/adjecent-boxes/node_modules/routing-controllers/types/decorator-options/HandlerOptions.d.ts' exist - use it as a name resolution result.
File '/Users/valentinyelchenko/Projects/ogxone/adjecent-boxes/node_modules/routing-controllers/package.json' exists according to earlier cached lookups.
======== Module name '../../decorator-options/HandlerOptions' was successfully resolved to '/Users/valentinyelchenko/Projects/ogxone/adjecent-boxes/node_modules/routing-controllers/types/decorator-options/HandlerOptions.d.ts' with Package ID 'routing-controllers/types/decorator-options/HandlerOptions.d.ts@0.9.0'. ========
======== Resolving module './ActionMetadata' from '/Users/valentinyelchenko/Projects/ogxone/adjecent-boxes/node_modules/routing-controllers/types/metadata/ControllerMetadata.d.ts'. ========
Explicitly specified module resolution kind: 'NodeJs'.
Loading module as file / folder, candidate module location '/Users/valentinyelchenko/Projects/ogxone/adjecent-boxes/node_modules/routing-controllers/types/metadata/ActionMetadata', target file type 'TypeScript'.
File '/Users/valentinyelchenko/Projects/ogxone/adjecent-boxes/node_modules/routing-controllers/types/metadata/ActionMetadata.ts' does not exist.
File '/Users/valentinyelchenko/Projects/ogxone/adjecent-boxes/node_modules/routing-controllers/types/metadata/ActionMetadata.tsx' does not exist.
File '/Users/valentinyelchenko/Projects/ogxone/adjecent-boxes/node_modules/routing-controllers/types/metadata/ActionMetadata.d.ts' exist - use it as a name resolution result.
File '/Users/valentinyelchenko/Projects/ogxone/adjecent-boxes/node_modules/routing-controllers/package.json' exists according to earlier cached lookups.
======== Module name './ActionMetadata' was successfully resolved to '/Users/valentinyelchenko/Projects/ogxone/adjecent-boxes/node_modules/routing-controllers/types/metadata/ActionMetadata.d.ts' with Package ID 'routing-controllers/types/metadata/ActionMetadata.d.ts@0.9.0'. ========
======== Resolving module './args/ControllerMetadataArgs' from '/Users/valentinyelchenko/Projects/ogxone/adjecent-boxes/node_modules/routing-controllers/types/metadata/ControllerMetadata.d.ts'. ========
Explicitly specified module resolution kind: 'NodeJs'.
Loading module as file / folder, candidate module location '/Users/valentinyelchenko/Projects/ogxone/adjecent-boxes/node_modules/routing-controllers/types/metadata/args/ControllerMetadataArgs', target file type 'TypeScript'.
File '/Users/valentinyelchenko/Projects/ogxone/adjecent-boxes/node_modules/routing-controllers/types/metadata/args/ControllerMetadataArgs.ts' does not exist.
File '/Users/valentinyelchenko/Projects/ogxone/adjecent-boxes/node_modules/routing-controllers/types/metadata/args/ControllerMetadataArgs.tsx' does not exist.
File '/Users/valentinyelchenko/Projects/ogxone/adjecent-boxes/node_modules/routing-controllers/types/metadata/args/ControllerMetadataArgs.d.ts' exist - use it as a name resolution result.
File '/Users/valentinyelchenko/Projects/ogxone/adjecent-boxes/node_modules/routing-controllers/package.json' exists according to earlier cached lookups.
======== Module name './args/ControllerMetadataArgs' was successfully resolved to '/Users/valentinyelchenko/Projects/ogxone/adjecent-boxes/node_modules/routing-controllers/types/metadata/args/ControllerMetadataArgs.d.ts' with Package ID 'routing-controllers/types/metadata/args/ControllerMetadataArgs.d.ts@0.9.0'. ========
======== Resolving module './UseMetadata' from '/Users/valentinyelchenko/Projects/ogxone/adjecent-boxes/node_modules/routing-controllers/types/metadata/ControllerMetadata.d.ts'. ========
Resolution for module './UseMetadata' was found in cache from location '/Users/valentinyelchenko/Projects/ogxone/adjecent-boxes/node_modules/routing-controllers/types/metadata'.
======== Module name './UseMetadata' was successfully resolved to '/Users/valentinyelchenko/Projects/ogxone/adjecent-boxes/node_modules/routing-controllers/types/metadata/UseMetadata.d.ts' with Package ID 'routing-controllers/types/metadata/UseMetadata.d.ts@0.9.0'. ========
======== Resolving module '../decorator-options/ControllerOptions' from '/Users/valentinyelchenko/Projects/ogxone/adjecent-boxes/node_modules/routing-controllers/types/metadata/ControllerMetadata.d.ts'. ========
Explicitly specified module resolution kind: 'NodeJs'.
Loading module as file / folder, candidate module location '/Users/valentinyelchenko/Projects/ogxone/adjecent-boxes/node_modules/routing-controllers/types/decorator-options/ControllerOptions', target file type 'TypeScript'.
File '/Users/valentinyelchenko/Projects/ogxone/adjecent-boxes/node_modules/routing-controllers/types/decorator-options/ControllerOptions.ts' does not exist.
File '/Users/valentinyelchenko/Projects/ogxone/adjecent-boxes/node_modules/routing-controllers/types/decorator-options/ControllerOptions.tsx' does not exist.
File '/Users/valentinyelchenko/Projects/ogxone/adjecent-boxes/node_modules/routing-controllers/types/decorator-options/ControllerOptions.d.ts' exist - use it as a name resolution result.
File '/Users/valentinyelchenko/Projects/ogxone/adjecent-boxes/node_modules/routing-controllers/package.json' exists according to earlier cached lookups.
======== Module name '../decorator-options/ControllerOptions' was successfully resolved to '/Users/valentinyelchenko/Projects/ogxone/adjecent-boxes/node_modules/routing-controllers/types/decorator-options/ControllerOptions.d.ts' with Package ID 'routing-controllers/types/decorator-options/ControllerOptions.d.ts@0.9.0'. ========
======== Resolving module './ResponseHandleMetadata' from '/Users/valentinyelchenko/Projects/ogxone/adjecent-boxes/node_modules/routing-controllers/types/metadata/ControllerMetadata.d.ts'. ========
Resolution for module './ResponseHandleMetadata' was found in cache from location '/Users/valentinyelchenko/Projects/ogxone/adjecent-boxes/node_modules/routing-controllers/types/metadata'.
======== Module name './ResponseHandleMetadata' was successfully resolved to '/Users/valentinyelchenko/Projects/ogxone/adjecent-boxes/node_modules/routing-controllers/types/metadata/ResponseHandleMetadata.d.ts' with Package ID 'routing-controllers/types/metadata/ResponseHandleMetadata.d.ts@0.9.0'. ========
======== Resolving module './InterceptorMetadata' from '/Users/valentinyelchenko/Projects/ogxone/adjecent-boxes/node_modules/routing-controllers/types/metadata/ControllerMetadata.d.ts'. ========
Resolution for module './InterceptorMetadata' was found in cache from location '/Users/valentinyelchenko/Projects/ogxone/adjecent-boxes/node_modules/routing-controllers/types/metadata'.
======== Module name './InterceptorMetadata' was successfully resolved to '/Users/valentinyelchenko/Projects/ogxone/adjecent-boxes/node_modules/routing-controllers/types/metadata/InterceptorMetadata.d.ts' with Package ID 'routing-controllers/types/metadata/InterceptorMetadata.d.ts@0.9.0'. ========
======== Resolving module '../Action' from '/Users/valentinyelchenko/Projects/ogxone/adjecent-boxes/node_modules/routing-controllers/types/metadata/ControllerMetadata.d.ts'. ========
Resolution for module '../Action' was found in cache from location '/Users/valentinyelchenko/Projects/ogxone/adjecent-boxes/node_modules/routing-controllers/types/metadata'.
======== Module name '../Action' was successfully resolved to '/Users/valentinyelchenko/Projects/ogxone/adjecent-boxes/node_modules/routing-controllers/types/Action.d.ts' with Package ID 'routing-controllers/types/Action.d.ts@0.9.0'. ========
======== Resolving module '../../decorator-options/ControllerOptions' from '/Users/valentinyelchenko/Projects/ogxone/adjecent-boxes/node_modules/routing-controllers/types/metadata/args/ControllerMetadataArgs.d.ts'. ========
Explicitly specified module resolution kind: 'NodeJs'.
Loading module as file / folder, candidate module location '/Users/valentinyelchenko/Projects/ogxone/adjecent-boxes/node_modules/routing-controllers/types/decorator-options/ControllerOptions', target file type 'TypeScript'.
File '/Users/valentinyelchenko/Projects/ogxone/adjecent-boxes/node_modules/routing-controllers/types/decorator-options/ControllerOptions.ts' does not exist.
File '/Users/valentinyelchenko/Projects/ogxone/adjecent-boxes/node_modules/routing-controllers/types/decorator-options/ControllerOptions.tsx' does not exist.
File '/Users/valentinyelchenko/Projects/ogxone/adjecent-boxes/node_modules/routing-controllers/types/decorator-options/ControllerOptions.d.ts' exist - use it as a name resolution result.
File '/Users/valentinyelchenko/Projects/ogxone/adjecent-boxes/node_modules/routing-controllers/package.json' exists according to earlier cached lookups.
======== Module name '../../decorator-options/ControllerOptions' was successfully resolved to '/Users/valentinyelchenko/Projects/ogxone/adjecent-boxes/node_modules/routing-controllers/types/decorator-options/ControllerOptions.d.ts' with Package ID 'routing-controllers/types/decorator-options/ControllerOptions.d.ts@0.9.0'. ========
======== Resolving module './args/UseMetadataArgs' from '/Users/valentinyelchenko/Projects/ogxone/adjecent-boxes/node_modules/routing-controllers/types/metadata/UseMetadata.d.ts'. ========
Explicitly specified module resolution kind: 'NodeJs'.
Loading module as file / folder, candidate module location '/Users/valentinyelchenko/Projects/ogxone/adjecent-boxes/node_modules/routing-controllers/types/metadata/args/UseMetadataArgs', target file type 'TypeScript'.
File '/Users/valentinyelchenko/Projects/ogxone/adjecent-boxes/node_modules/routing-controllers/types/metadata/args/UseMetadataArgs.ts' does not exist.
File '/Users/valentinyelchenko/Projects/ogxone/adjecent-boxes/node_modules/routing-controllers/types/metadata/args/UseMetadataArgs.tsx' does not exist.
File '/Users/valentinyelchenko/Projects/ogxone/adjecent-boxes/node_modules/routing-controllers/types/metadata/args/UseMetadataArgs.d.ts' exist - use it as a name resolution result.
File '/Users/valentinyelchenko/Projects/ogxone/adjecent-boxes/node_modules/routing-controllers/package.json' exists according to earlier cached lookups.
======== Module name './args/UseMetadataArgs' was successfully resolved to '/Users/valentinyelchenko/Projects/ogxone/adjecent-boxes/node_modules/routing-controllers/types/metadata/args/UseMetadataArgs.d.ts' with Package ID 'routing-controllers/types/metadata/args/UseMetadataArgs.d.ts@0.9.0'. ========
======== Resolving module './args/ResponseHandleMetadataArgs' from '/Users/valentinyelchenko/Projects/ogxone/adjecent-boxes/node_modules/routing-controllers/types/metadata/ResponseHandleMetadata.d.ts'. ========
Explicitly specified module resolution kind: 'NodeJs'.
Loading module as file / folder, candidate module location '/Users/valentinyelchenko/Projects/ogxone/adjecent-boxes/node_modules/routing-controllers/types/metadata/args/ResponseHandleMetadataArgs', target file type 'TypeScript'.
File '/Users/valentinyelchenko/Projects/ogxone/adjecent-boxes/node_modules/routing-controllers/types/metadata/args/ResponseHandleMetadataArgs.ts' does not exist.
File '/Users/valentinyelchenko/Projects/ogxone/adjecent-boxes/node_modules/routing-controllers/types/metadata/args/ResponseHandleMetadataArgs.tsx' does not exist.
File '/Users/valentinyelchenko/Projects/ogxone/adjecent-boxes/node_modules/routing-controllers/types/metadata/args/ResponseHandleMetadataArgs.d.ts' exist - use it as a name resolution result.
File '/Users/valentinyelchenko/Projects/ogxone/adjecent-boxes/node_modules/routing-controllers/package.json' exists according to earlier cached lookups.
======== Module name './args/ResponseHandleMetadataArgs' was successfully resolved to '/Users/valentinyelchenko/Projects/ogxone/adjecent-boxes/node_modules/routing-controllers/types/metadata/args/ResponseHandleMetadataArgs.d.ts' with Package ID 'routing-controllers/types/metadata/args/ResponseHandleMetadataArgs.d.ts@0.9.0'. ========
======== Resolving module './types/ResponseHandlerType' from '/Users/valentinyelchenko/Projects/ogxone/adjecent-boxes/node_modules/routing-controllers/types/metadata/ResponseHandleMetadata.d.ts'. ========
Explicitly specified module resolution kind: 'NodeJs'.
Loading module as file / folder, candidate module location '/Users/valentinyelchenko/Projects/ogxone/adjecent-boxes/node_modules/routing-controllers/types/metadata/types/ResponseHandlerType', target file type 'TypeScript'.
File '/Users/valentinyelchenko/Projects/ogxone/adjecent-boxes/node_modules/routing-controllers/types/metadata/types/ResponseHandlerType.ts' does not exist.
File '/Users/valentinyelchenko/Projects/ogxone/adjecent-boxes/node_modules/routing-controllers/types/metadata/types/ResponseHandlerType.tsx' does not exist.
File '/Users/valentinyelchenko/Projects/ogxone/adjecent-boxes/node_modules/routing-controllers/types/metadata/types/ResponseHandlerType.d.ts' exist - use it as a name resolution result.
File '/Users/valentinyelchenko/Projects/ogxone/adjecent-boxes/node_modules/routing-controllers/package.json' exists according to earlier cached lookups.
======== Module name './types/ResponseHandlerType' was successfully resolved to '/Users/valentinyelchenko/Projects/ogxone/adjecent-boxes/node_modules/routing-controllers/types/metadata/types/ResponseHandlerType.d.ts' with Package ID 'routing-controllers/types/metadata/types/ResponseHandlerType.d.ts@0.9.0'. ========
======== Resolving module '../types/ResponseHandlerType' from '/Users/valentinyelchenko/Projects/ogxone/adjecent-boxes/node_modules/routing-controllers/types/metadata/args/ResponseHandleMetadataArgs.d.ts'. ========
Explicitly specified module resolution kind: 'NodeJs'.
Loading module as file / folder, candidate module location '/Users/valentinyelchenko/Projects/ogxone/adjecent-boxes/node_modules/routing-controllers/types/metadata/types/ResponseHandlerType', target file type 'TypeScript'.
File '/Users/valentinyelchenko/Projects/ogxone/adjecent-boxes/node_modules/routing-controllers/types/metadata/types/ResponseHandlerType.ts' does not exist.
File '/Users/valentinyelchenko/Projects/ogxone/adjecent-boxes/node_modules/routing-controllers/types/metadata/types/ResponseHandlerType.tsx' does not exist.
File '/Users/valentinyelchenko/Projects/ogxone/adjecent-boxes/node_modules/routing-controllers/types/metadata/types/ResponseHandlerType.d.ts' exist - use it as a name resolution result.
File '/Users/valentinyelchenko/Projects/ogxone/adjecent-boxes/node_modules/routing-controllers/package.json' exists according to earlier cached lookups.
======== Module name '../types/ResponseHandlerType' was successfully resolved to '/Users/valentinyelchenko/Projects/ogxone/adjecent-boxes/node_modules/routing-controllers/types/metadata/types/ResponseHandlerType.d.ts' with Package ID 'routing-controllers/types/metadata/types/ResponseHandlerType.d.ts@0.9.0'. ========
======== Resolving module './args/UseInterceptorMetadataArgs' from '/Users/valentinyelchenko/Projects/ogxone/adjecent-boxes/node_modules/routing-controllers/types/metadata/InterceptorMetadata.d.ts'. ========
Explicitly specified module resolution kind: 'NodeJs'.
Loading module as file / folder, candidate module location '/Users/valentinyelchenko/Projects/ogxone/adjecent-boxes/node_modules/routing-controllers/types/metadata/args/UseInterceptorMetadataArgs', target file type 'TypeScript'.
File '/Users/valentinyelchenko/Projects/ogxone/adjecent-boxes/node_modules/routing-controllers/types/metadata/args/UseInterceptorMetadataArgs.ts' does not exist.
File '/Users/valentinyelchenko/Projects/ogxone/adjecent-boxes/node_modules/routing-controllers/types/metadata/args/UseInterceptorMetadataArgs.tsx' does not exist.
File '/Users/valentinyelchenko/Projects/ogxone/adjecent-boxes/node_modules/routing-controllers/types/metadata/args/UseInterceptorMetadataArgs.d.ts' exist - use it as a name resolution result.
File '/Users/valentinyelchenko/Projects/ogxone/adjecent-boxes/node_modules/routing-controllers/package.json' exists according to earlier cached lookups.
======== Module name './args/UseInterceptorMetadataArgs' was successfully resolved to '/Users/valentinyelchenko/Projects/ogxone/adjecent-boxes/node_modules/routing-controllers/types/metadata/args/UseInterceptorMetadataArgs.d.ts' with Package ID 'routing-controllers/types/metadata/args/UseInterceptorMetadataArgs.d.ts@0.9.0'. ========
======== Resolving module 'class-validator' from '/Users/valentinyelchenko/Projects/ogxone/adjecent-boxes/node_modules/routing-controllers/types/metadata/ParamMetadata.d.ts'. ========
Explicitly specified module resolution kind: 'NodeJs'.
'baseUrl' option is set to '/Users/valentinyelchenko/Projects/ogxone/adjecent-boxes', using this value to resolve non-relative module name 'class-validator'.
'paths' option is specified, looking for a pattern to match module name 'class-validator'.
'baseUrl' option is set to '/Users/valentinyelchenko/Projects/ogxone/adjecent-boxes', using this value to resolve non-relative module name 'class-validator'.
Resolving module name 'class-validator' relative to base url '/Users/valentinyelchenko/Projects/ogxone/adjecent-boxes' - '/Users/valentinyelchenko/Projects/ogxone/adjecent-boxes/class-validator'.
Loading module as file / folder, candidate module location '/Users/valentinyelchenko/Projects/ogxone/adjecent-boxes/class-validator', target file type 'TypeScript'.
File '/Users/valentinyelchenko/Projects/ogxone/adjecent-boxes/class-validator.ts' does not exist.
File '/Users/valentinyelchenko/Projects/ogxone/adjecent-boxes/class-validator.tsx' does not exist.
File '/Users/valentinyelchenko/Projects/ogxone/adjecent-boxes/class-validator.d.ts' does not exist.
Directory '/Users/valentinyelchenko/Projects/ogxone/adjecent-boxes/class-validator' does not exist, skipping all lookups in it.
Loading module 'class-validator' from 'node_modules' folder, target file type 'TypeScript'.
Directory '/Users/valentinyelchenko/Projects/ogxone/adjecent-boxes/node_modules/routing-controllers/types/metadata/node_modules' does not exist, skipping all lookups in it.
Resolution for module 'class-validator' was found in cache from location '/Users/valentinyelchenko/Projects/ogxone/adjecent-boxes/node_modules/routing-controllers/types'.
======== Module name 'class-validator' was successfully resolved to '/Users/valentinyelchenko/Projects/ogxone/adjecent-boxes/node_modules/class-validator/types/index.d.ts' with Package ID 'class-validator/types/index.d.ts@0.13.2'. ========
======== Resolving module './ActionMetadata' from '/Users/valentinyelchenko/Projects/ogxone/adjecent-boxes/node_modules/routing-controllers/types/metadata/ParamMetadata.d.ts'. ========
Resolution for module './ActionMetadata' was found in cache from location '/Users/valentinyelchenko/Projects/ogxone/adjecent-boxes/node_modules/routing-controllers/types/metadata'.
======== Module name './ActionMetadata' was successfully resolved to '/Users/valentinyelchenko/Projects/ogxone/adjecent-boxes/node_modules/routing-controllers/types/metadata/ActionMetadata.d.ts' with Package ID 'routing-controllers/types/metadata/ActionMetadata.d.ts@0.9.0'. ========
======== Resolving module './args/ParamMetadataArgs' from '/Users/valentinyelchenko/Projects/ogxone/adjecent-boxes/node_modules/routing-controllers/types/metadata/ParamMetadata.d.ts'. ========
Explicitly specified module resolution kind: 'NodeJs'.
Loading module as file / folder, candidate module location '/Users/valentinyelchenko/Projects/ogxone/adjecent-boxes/node_modules/routing-controllers/types/metadata/args/ParamMetadataArgs', target file type 'TypeScript'.
File '/Users/valentinyelchenko/Projects/ogxone/adjecent-boxes/node_modules/routing-controllers/types/metadata/args/ParamMetadataArgs.ts' does not exist.
File '/Users/valentinyelchenko/Projects/ogxone/adjecent-boxes/node_modules/routing-controllers/types/metadata/args/ParamMetadataArgs.tsx' does not exist.
File '/Users/valentinyelchenko/Projects/ogxone/adjecent-boxes/node_modules/routing-controllers/types/metadata/args/ParamMetadataArgs.d.ts' exist - use it as a name resolution result.
File '/Users/valentinyelchenko/Projects/ogxone/adjecent-boxes/node_modules/routing-controllers/package.json' exists according to earlier cached lookups.
======== Module name './args/ParamMetadataArgs' was successfully resolved to '/Users/valentinyelchenko/Projects/ogxone/adjecent-boxes/node_modules/routing-controllers/types/metadata/args/ParamMetadataArgs.d.ts' with Package ID 'routing-controllers/types/metadata/args/ParamMetadataArgs.d.ts@0.9.0'. ========
======== Resolving module './types/ParamType' from '/Users/valentinyelchenko/Projects/ogxone/adjecent-boxes/node_modules/routing-controllers/types/metadata/ParamMetadata.d.ts'. ========
Explicitly specified module resolution kind: 'NodeJs'.
Loading module as file / folder, candidate module location '/Users/valentinyelchenko/Projects/ogxone/adjecent-boxes/node_modules/routing-controllers/types/metadata/types/ParamType', target file type 'TypeScript'.
File '/Users/valentinyelchenko/Projects/ogxone/adjecent-boxes/node_modules/routing-controllers/types/metadata/types/ParamType.ts' does not exist.
File '/Users/valentinyelchenko/Projects/ogxone/adjecent-boxes/node_modules/routing-controllers/types/metadata/types/ParamType.tsx' does not exist.
File '/Users/valentinyelchenko/Projects/ogxone/adjecent-boxes/node_modules/routing-controllers/types/metadata/types/ParamType.d.ts' exist - use it as a name resolution result.
File '/Users/valentinyelchenko/Projects/ogxone/adjecent-boxes/node_modules/routing-controllers/package.json' exists according to earlier cached lookups.
======== Module name './types/ParamType' was successfully resolved to '/Users/valentinyelchenko/Projects/ogxone/adjecent-boxes/node_modules/routing-controllers/types/metadata/types/ParamType.d.ts' with Package ID 'routing-controllers/types/metadata/types/ParamType.d.ts@0.9.0'. ========
======== Resolving module 'class-transformer' from '/Users/valentinyelchenko/Projects/ogxone/adjecent-boxes/node_modules/routing-controllers/types/metadata/ParamMetadata.d.ts'. ========
Resolution for module 'class-transformer' was found in cache from location '/Users/valentinyelchenko/Projects/ogxone/adjecent-boxes/node_modules/routing-controllers/types/metadata'.
======== Module name 'class-transformer' was successfully resolved to '/Users/valentinyelchenko/Projects/ogxone/adjecent-boxes/node_modules/class-transformer/types/index.d.ts' with Package ID 'class-transformer/types/index.d.ts@0.5.1'. ========
======== Resolving module '../Action' from '/Users/valentinyelchenko/Projects/ogxone/adjecent-boxes/node_modules/routing-controllers/types/metadata/ParamMetadata.d.ts'. ========
Resolution for module '../Action' was found in cache from location '/Users/valentinyelchenko/Projects/ogxone/adjecent-boxes/node_modules/routing-controllers/types/metadata'.
======== Module name '../Action' was successfully resolved to '/Users/valentinyelchenko/Projects/ogxone/adjecent-boxes/node_modules/routing-controllers/types/Action.d.ts' with Package ID 'routing-controllers/types/Action.d.ts@0.9.0'. ========
======== Resolving module 'class-validator' from '/Users/valentinyelchenko/Projects/ogxone/adjecent-boxes/node_modules/routing-controllers/types/metadata/args/ParamMetadataArgs.d.ts'. ========
Explicitly specified module resolution kind: 'NodeJs'.
'baseUrl' option is set to '/Users/valentinyelchenko/Projects/ogxone/adjecent-boxes', using this value to resolve non-relative module name 'class-validator'.
'paths' option is specified, looking for a pattern to match module name 'class-validator'.
'baseUrl' option is set to '/Users/valentinyelchenko/Projects/ogxone/adjecent-boxes', using this value to resolve non-relative module name 'class-validator'.
Resolving module name 'class-validator' relative to base url '/Users/valentinyelchenko/Projects/ogxone/adjecent-boxes' - '/Users/valentinyelchenko/Projects/ogxone/adjecent-boxes/class-validator'.
Loading module as file / folder, candidate module location '/Users/valentinyelchenko/Projects/ogxone/adjecent-boxes/class-validator', target file type 'TypeScript'.
File '/Users/valentinyelchenko/Projects/ogxone/adjecent-boxes/class-validator.ts' does not exist.
File '/Users/valentinyelchenko/Projects/ogxone/adjecent-boxes/class-validator.tsx' does not exist.
File '/Users/valentinyelchenko/Projects/ogxone/adjecent-boxes/class-validator.d.ts' does not exist.
Directory '/Users/valentinyelchenko/Projects/ogxone/adjecent-boxes/class-validator' does not exist, skipping all lookups in it.
Loading module 'class-validator' from 'node_modules' folder, target file type 'TypeScript'.
Directory '/Users/valentinyelchenko/Projects/ogxone/adjecent-boxes/node_modules/routing-controllers/types/metadata/args/node_modules' does not exist, skipping all lookups in it.
Resolution for module 'class-validator' was found in cache from location '/Users/valentinyelchenko/Projects/ogxone/adjecent-boxes/node_modules/routing-controllers/types/metadata'.
======== Module name 'class-validator' was successfully resolved to '/Users/valentinyelchenko/Projects/ogxone/adjecent-boxes/node_modules/class-validator/types/index.d.ts' with Package ID 'class-validator/types/index.d.ts@0.13.2'. ========
======== Resolving module 'class-transformer' from '/Users/valentinyelchenko/Projects/ogxone/adjecent-boxes/node_modules/routing-controllers/types/metadata/args/ParamMetadataArgs.d.ts'. ========
Explicitly specified module resolution kind: 'NodeJs'.
'baseUrl' option is set to '/Users/valentinyelchenko/Projects/ogxone/adjecent-boxes', using this value to resolve non-relative module name 'class-transformer'.
'paths' option is specified, looking for a pattern to match module name 'class-transformer'.
'baseUrl' option is set to '/Users/valentinyelchenko/Projects/ogxone/adjecent-boxes', using this value to resolve non-relative module name 'class-transformer'.
Resolving module name 'class-transformer' relative to base url '/Users/valentinyelchenko/Projects/ogxone/adjecent-boxes' - '/Users/valentinyelchenko/Projects/ogxone/adjecent-boxes/class-transformer'.
Loading module as file / folder, candidate module location '/Users/valentinyelchenko/Projects/ogxone/adjecent-boxes/class-transformer', target file type 'TypeScript'.
File '/Users/valentinyelchenko/Projects/ogxone/adjecent-boxes/class-transformer.ts' does not exist.
File '/Users/valentinyelchenko/Projects/ogxone/adjecent-boxes/class-transformer.tsx' does not exist.
File '/Users/valentinyelchenko/Projects/ogxone/adjecent-boxes/class-transformer.d.ts' does not exist.
Directory '/Users/valentinyelchenko/Projects/ogxone/adjecent-boxes/class-transformer' does not exist, skipping all lookups in it.
Loading module 'class-transformer' from 'node_modules' folder, target file type 'TypeScript'.
Directory '/Users/valentinyelchenko/Projects/ogxone/adjecent-boxes/node_modules/routing-controllers/types/metadata/args/node_modules' does not exist, skipping all lookups in it.
Resolution for module 'class-transformer' was found in cache from location '/Users/valentinyelchenko/Projects/ogxone/adjecent-boxes/node_modules/routing-controllers/types/metadata'.
======== Module name 'class-transformer' was successfully resolved to '/Users/valentinyelchenko/Projects/ogxone/adjecent-boxes/node_modules/class-transformer/types/index.d.ts' with Package ID 'class-transformer/types/index.d.ts@0.5.1'. ========
======== Resolving module '../types/ParamType' from '/Users/valentinyelchenko/Projects/ogxone/adjecent-boxes/node_modules/routing-controllers/types/metadata/args/ParamMetadataArgs.d.ts'. ========
Explicitly specified module resolution kind: 'NodeJs'.
Loading module as file / folder, candidate module location '/Users/valentinyelchenko/Projects/ogxone/adjecent-boxes/node_modules/routing-controllers/types/metadata/types/ParamType', target file type 'TypeScript'.
File '/Users/valentinyelchenko/Projects/ogxone/adjecent-boxes/node_modules/routing-controllers/types/metadata/types/ParamType.ts' does not exist.
File '/Users/valentinyelchenko/Projects/ogxone/adjecent-boxes/node_modules/routing-controllers/types/metadata/types/ParamType.tsx' does not exist.
File '/Users/valentinyelchenko/Projects/ogxone/adjecent-boxes/node_modules/routing-controllers/types/metadata/types/ParamType.d.ts' exist - use it as a name resolution result.
File '/Users/valentinyelchenko/Projects/ogxone/adjecent-boxes/node_modules/routing-controllers/package.json' exists according to earlier cached lookups.
======== Module name '../types/ParamType' was successfully resolved to '/Users/valentinyelchenko/Projects/ogxone/adjecent-boxes/node_modules/routing-controllers/types/metadata/types/ParamType.d.ts' with Package ID 'routing-controllers/types/metadata/types/ParamType.d.ts@0.9.0'. ========
======== Resolving module 'class-transformer' from '/Users/valentinyelchenko/Projects/ogxone/adjecent-boxes/node_modules/routing-controllers/types/RoutingControllersOptions.d.ts'. ========
Explicitly specified module resolution kind: 'NodeJs'.
'baseUrl' option is set to '/Users/valentinyelchenko/Projects/ogxone/adjecent-boxes', using this value to resolve non-relative module name 'class-transformer'.
'paths' option is specified, looking for a pattern to match module name 'class-transformer'.
'baseUrl' option is set to '/Users/valentinyelchenko/Projects/ogxone/adjecent-boxes', using this value to resolve non-relative module name 'class-transformer'.
Resolving module name 'class-transformer' relative to base url '/Users/valentinyelchenko/Projects/ogxone/adjecent-boxes' - '/Users/valentinyelchenko/Projects/ogxone/adjecent-boxes/class-transformer'.
Loading module as file / folder, candidate module location '/Users/valentinyelchenko/Projects/ogxone/adjecent-boxes/class-transformer', target file type 'TypeScript'.
File '/Users/valentinyelchenko/Projects/ogxone/adjecent-boxes/class-transformer.ts' does not exist.
File '/Users/valentinyelchenko/Projects/ogxone/adjecent-boxes/class-transformer.tsx' does not exist.
File '/Users/valentinyelchenko/Projects/ogxone/adjecent-boxes/class-transformer.d.ts' does not exist.
Directory '/Users/valentinyelchenko/Projects/ogxone/adjecent-boxes/class-transformer' does not exist, skipping all lookups in it.
Loading module 'class-transformer' from 'node_modules' folder, target file type 'TypeScript'.
Resolution for module 'class-transformer' was found in cache from location '/Users/valentinyelchenko/Projects/ogxone/adjecent-boxes/node_modules/routing-controllers/types'.
======== Module name 'class-transformer' was successfully resolved to '/Users/valentinyelchenko/Projects/ogxone/adjecent-boxes/node_modules/class-transformer/types/index.d.ts' with Package ID 'class-transformer/types/index.d.ts@0.5.1'. ========
======== Resolving module 'class-validator' from '/Users/valentinyelchenko/Projects/ogxone/adjecent-boxes/node_modules/routing-controllers/types/RoutingControllersOptions.d.ts'. ========
Explicitly specified module resolution kind: 'NodeJs'.
'baseUrl' option is set to '/Users/valentinyelchenko/Projects/ogxone/adjecent-boxes', using this value to resolve non-relative module name 'class-validator'.
'paths' option is specified, looking for a pattern to match module name 'class-validator'.
'baseUrl' option is set to '/Users/valentinyelchenko/Projects/ogxone/adjecent-boxes', using this value to resolve non-relative module name 'class-validator'.
Resolving module name 'class-validator' relative to base url '/Users/valentinyelchenko/Projects/ogxone/adjecent-boxes' - '/Users/valentinyelchenko/Projects/ogxone/adjecent-boxes/class-validator'.
Loading module as file / folder, candidate module location '/Users/valentinyelchenko/Projects/ogxone/adjecent-boxes/class-validator', target file type 'TypeScript'.
File '/Users/valentinyelchenko/Projects/ogxone/adjecent-boxes/class-validator.ts' does not exist.
File '/Users/valentinyelchenko/Projects/ogxone/adjecent-boxes/class-validator.tsx' does not exist.
File '/Users/valentinyelchenko/Projects/ogxone/adjecent-boxes/class-validator.d.ts' does not exist.
Directory '/Users/valentinyelchenko/Projects/ogxone/adjecent-boxes/class-validator' does not exist, skipping all lookups in it.
Loading module 'class-validator' from 'node_modules' folder, target file type 'TypeScript'.
Resolution for module 'class-validator' was found in cache from location '/Users/valentinyelchenko/Projects/ogxone/adjecent-boxes/node_modules/routing-controllers/types'.
======== Module name 'class-validator' was successfully resolved to '/Users/valentinyelchenko/Projects/ogxone/adjecent-boxes/node_modules/class-validator/types/index.d.ts' with Package ID 'class-validator/types/index.d.ts@0.13.2'. ========
======== Resolving module './AuthorizationChecker' from '/Users/valentinyelchenko/Projects/ogxone/adjecent-boxes/node_modules/routing-controllers/types/RoutingControllersOptions.d.ts'. ========
Explicitly specified module resolution kind: 'NodeJs'.
Loading module as file / folder, candidate module location '/Users/valentinyelchenko/Projects/ogxone/adjecent-boxes/node_modules/routing-controllers/types/AuthorizationChecker', target file type 'TypeScript'.
File '/Users/valentinyelchenko/Projects/ogxone/adjecent-boxes/node_modules/routing-controllers/types/AuthorizationChecker.ts' does not exist.
File '/Users/valentinyelchenko/Projects/ogxone/adjecent-boxes/node_modules/routing-controllers/types/AuthorizationChecker.tsx' does not exist.
File '/Users/valentinyelchenko/Projects/ogxone/adjecent-boxes/node_modules/routing-controllers/types/AuthorizationChecker.d.ts' exist - use it as a name resolution result.
File '/Users/valentinyelchenko/Projects/ogxone/adjecent-boxes/node_modules/routing-controllers/package.json' exists according to earlier cached lookups.
======== Module name './AuthorizationChecker' was successfully resolved to '/Users/valentinyelchenko/Projects/ogxone/adjecent-boxes/node_modules/routing-controllers/types/AuthorizationChecker.d.ts' with Package ID 'routing-controllers/types/AuthorizationChecker.d.ts@0.9.0'. ========
======== Resolving module './CurrentUserChecker' from '/Users/valentinyelchenko/Projects/ogxone/adjecent-boxes/node_modules/routing-controllers/types/RoutingControllersOptions.d.ts'. ========
Explicitly specified module resolution kind: 'NodeJs'.
Loading module as file / folder, candidate module location '/Users/valentinyelchenko/Projects/ogxone/adjecent-boxes/node_modules/routing-controllers/types/CurrentUserChecker', target file type 'TypeScript'.
File '/Users/valentinyelchenko/Projects/ogxone/adjecent-boxes/node_modules/routing-controllers/types/CurrentUserChecker.ts' does not exist.
File '/Users/valentinyelchenko/Projects/ogxone/adjecent-boxes/node_modules/routing-controllers/types/CurrentUserChecker.tsx' does not exist.
File '/Users/valentinyelchenko/Projects/ogxone/adjecent-boxes/node_modules/routing-controllers/types/CurrentUserChecker.d.ts' exist - use it as a name resolution result.
File '/Users/valentinyelchenko/Projects/ogxone/adjecent-boxes/node_modules/routing-controllers/package.json' exists according to earlier cached lookups.
======== Module name './CurrentUserChecker' was successfully resolved to '/Users/valentinyelchenko/Projects/ogxone/adjecent-boxes/node_modules/routing-controllers/types/CurrentUserChecker.d.ts' with Package ID 'routing-controllers/types/CurrentUserChecker.d.ts@0.9.0'. ========
======== Resolving module './args/MiddlewareMetadataArgs' from '/Users/valentinyelchenko/Projects/ogxone/adjecent-boxes/node_modules/routing-controllers/types/metadata/MiddlewareMetadata.d.ts'. ========
Explicitly specified module resolution kind: 'NodeJs'.
Loading module as file / folder, candidate module location '/Users/valentinyelchenko/Projects/ogxone/adjecent-boxes/node_modules/routing-controllers/types/metadata/args/MiddlewareMetadataArgs', target file type 'TypeScript'.
File '/Users/valentinyelchenko/Projects/ogxone/adjecent-boxes/node_modules/routing-controllers/types/metadata/args/MiddlewareMetadataArgs.ts' does not exist.
File '/Users/valentinyelchenko/Projects/ogxone/adjecent-boxes/node_modules/routing-controllers/types/metadata/args/MiddlewareMetadataArgs.tsx' does not exist.
File '/Users/valentinyelchenko/Projects/ogxone/adjecent-boxes/node_modules/routing-controllers/types/metadata/args/MiddlewareMetadataArgs.d.ts' exist - use it as a name resolution result.
File '/Users/valentinyelchenko/Projects/ogxone/adjecent-boxes/node_modules/routing-controllers/package.json' exists according to earlier cached lookups.
======== Module name './args/MiddlewareMetadataArgs' was successfully resolved to '/Users/valentinyelchenko/Projects/ogxone/adjecent-boxes/node_modules/routing-controllers/types/metadata/args/MiddlewareMetadataArgs.d.ts' with Package ID 'routing-controllers/types/metadata/args/MiddlewareMetadataArgs.d.ts@0.9.0'. ========
======== Resolving module '../driver/express/ExpressMiddlewareInterface' from '/Users/valentinyelchenko/Projects/ogxone/adjecent-boxes/node_modules/routing-controllers/types/metadata/MiddlewareMetadata.d.ts'. ========
Explicitly specified module resolution kind: 'NodeJs'.
Loading module as file / folder, candidate module location '/Users/valentinyelchenko/Projects/ogxone/adjecent-boxes/node_modules/routing-controllers/types/driver/express/ExpressMiddlewareInterface', target file type 'TypeScript'.
File '/Users/valentinyelchenko/Projects/ogxone/adjecent-boxes/node_modules/routing-controllers/types/driver/express/ExpressMiddlewareInterface.ts' does not exist.
File '/Users/valentinyelchenko/Projects/ogxone/adjecent-boxes/node_modules/routing-controllers/types/driver/express/ExpressMiddlewareInterface.tsx' does not exist.
File '/Users/valentinyelchenko/Projects/ogxone/adjecent-boxes/node_modules/routing-controllers/types/driver/express/ExpressMiddlewareInterface.d.ts' exist - use it as a name resolution result.
File '/Users/valentinyelchenko/Projects/ogxone/adjecent-boxes/node_modules/routing-controllers/package.json' exists according to earlier cached lookups.
======== Module name '../driver/express/ExpressMiddlewareInterface' was successfully resolved to '/Users/valentinyelchenko/Projects/ogxone/adjecent-boxes/node_modules/routing-controllers/types/driver/express/ExpressMiddlewareInterface.d.ts' with Package ID 'routing-controllers/types/driver/express/ExpressMiddlewareInterface.d.ts@0.9.0'. ========
======== Resolving module '../driver/express/ExpressErrorMiddlewareInterface' from '/Users/valentinyelchenko/Projects/ogxone/adjecent-boxes/node_modules/routing-controllers/types/metadata/MiddlewareMetadata.d.ts'. ========
Explicitly specified module resolution kind: 'NodeJs'.
Loading module as file / folder, candidate module location '/Users/valentinyelchenko/Projects/ogxone/adjecent-boxes/node_modules/routing-controllers/types/driver/express/ExpressErrorMiddlewareInterface', target file type 'TypeScript'.
File '/Users/valentinyelchenko/Projects/ogxone/adjecent-boxes/node_modules/routing-controllers/types/driver/express/ExpressErrorMiddlewareInterface.ts' does not exist.
File '/Users/valentinyelchenko/Projects/ogxone/adjecent-boxes/node_modules/routing-controllers/types/driver/express/ExpressErrorMiddlewareInterface.tsx' does not exist.
File '/Users/valentinyelchenko/Projects/ogxone/adjecent-boxes/node_modules/routing-controllers/types/driver/express/ExpressErrorMiddlewareInterface.d.ts' exist - use it as a name resolution result.
File '/Users/valentinyelchenko/Projects/ogxone/adjecent-boxes/node_modules/routing-controllers/package.json' exists according to earlier cached lookups.
======== Module name '../driver/express/ExpressErrorMiddlewareInterface' was successfully resolved to '/Users/valentinyelchenko/Projects/ogxone/adjecent-boxes/node_modules/routing-controllers/types/driver/express/ExpressErrorMiddlewareInterface.d.ts' with Package ID 'routing-controllers/types/driver/express/ExpressErrorMiddlewareInterface.d.ts@0.9.0'. ========
======== Resolving module '../driver/koa/KoaMiddlewareInterface' from '/Users/valentinyelchenko/Projects/ogxone/adjecent-boxes/node_modules/routing-controllers/types/metadata/MiddlewareMetadata.d.ts'. ========
Explicitly specified module resolution kind: 'NodeJs'.
Loading module as file / folder, candidate module location '/Users/valentinyelchenko/Projects/ogxone/adjecent-boxes/node_modules/routing-controllers/types/driver/koa/KoaMiddlewareInterface', target file type 'TypeScript'.
File '/Users/valentinyelchenko/Projects/ogxone/adjecent-boxes/node_modules/routing-controllers/types/driver/koa/KoaMiddlewareInterface.ts' does not exist.
File '/Users/valentinyelchenko/Projects/ogxone/adjecent-boxes/node_modules/routing-controllers/types/driver/koa/KoaMiddlewareInterface.tsx' does not exist.
File '/Users/valentinyelchenko/Projects/ogxone/adjecent-boxes/node_modules/routing-controllers/types/driver/koa/KoaMiddlewareInterface.d.ts' exist - use it as a name resolution result.
File '/Users/valentinyelchenko/Projects/ogxone/adjecent-boxes/node_modules/routing-controllers/package.json' exists according to earlier cached lookups.
======== Module name '../driver/koa/KoaMiddlewareInterface' was successfully resolved to '/Users/valentinyelchenko/Projects/ogxone/adjecent-boxes/node_modules/routing-controllers/types/driver/koa/KoaMiddlewareInterface.d.ts' with Package ID 'routing-controllers/types/driver/koa/KoaMiddlewareInterface.d.ts@0.9.0'. ========
======== Resolving module '../metadata/args/ControllerMetadataArgs' from '/Users/valentinyelchenko/Projects/ogxone/adjecent-boxes/node_modules/routing-controllers/types/metadata-builder/MetadataArgsStorage.d.ts'. ========
Explicitly specified module resolution kind: 'NodeJs'.
Loading module as file / folder, candidate module location '/Users/valentinyelchenko/Projects/ogxone/adjecent-boxes/node_modules/routing-controllers/types/metadata/args/ControllerMetadataArgs', target file type 'TypeScript'.
File '/Users/valentinyelchenko/Projects/ogxone/adjecent-boxes/node_modules/routing-controllers/types/metadata/args/ControllerMetadataArgs.ts' does not exist.
File '/Users/valentinyelchenko/Projects/ogxone/adjecent-boxes/node_modules/routing-controllers/types/metadata/args/ControllerMetadataArgs.tsx' does not exist.
File '/Users/valentinyelchenko/Projects/ogxone/adjecent-boxes/node_modules/routing-controllers/types/metadata/args/ControllerMetadataArgs.d.ts' exist - use it as a name resolution result.
File '/Users/valentinyelchenko/Projects/ogxone/adjecent-boxes/node_modules/routing-controllers/package.json' exists according to earlier cached lookups.
======== Module name '../metadata/args/ControllerMetadataArgs' was successfully resolved to '/Users/valentinyelchenko/Projects/ogxone/adjecent-boxes/node_modules/routing-controllers/types/metadata/args/ControllerMetadataArgs.d.ts' with Package ID 'routing-controllers/types/metadata/args/ControllerMetadataArgs.d.ts@0.9.0'. ========
======== Resolving module '../metadata/args/ActionMetadataArgs' from '/Users/valentinyelchenko/Projects/ogxone/adjecent-boxes/node_modules/routing-controllers/types/metadata-builder/MetadataArgsStorage.d.ts'. ========
Explicitly specified module resolution kind: 'NodeJs'.
Loading module as file / folder, candidate module location '/Users/valentinyelchenko/Projects/ogxone/adjecent-boxes/node_modules/routing-controllers/types/metadata/args/ActionMetadataArgs', target file type 'TypeScript'.
File '/Users/valentinyelchenko/Projects/ogxone/adjecent-boxes/node_modules/routing-controllers/types/metadata/args/ActionMetadataArgs.ts' does not exist.
File '/Users/valentinyelchenko/Projects/ogxone/adjecent-boxes/node_modules/routing-controllers/types/metadata/args/ActionMetadataArgs.tsx' does not exist.
File '/Users/valentinyelchenko/Projects/ogxone/adjecent-boxes/node_modules/routing-controllers/types/metadata/args/ActionMetadataArgs.d.ts' exist - use it as a name resolution result.
File '/Users/valentinyelchenko/Projects/ogxone/adjecent-boxes/node_modules/routing-controllers/package.json' exists according to earlier cached lookups.
======== Module name '../metadata/args/ActionMetadataArgs' was successfully resolved to '/Users/valentinyelchenko/Projects/ogxone/adjecent-boxes/node_modules/routing-controllers/types/metadata/args/ActionMetadataArgs.d.ts' with Package ID 'routing-controllers/types/metadata/args/ActionMetadataArgs.d.ts@0.9.0'. ========
======== Resolving module '../metadata/args/ParamMetadataArgs' from '/Users/valentinyelchenko/Projects/ogxone/adjecent-boxes/node_modules/routing-controllers/types/metadata-builder/MetadataArgsStorage.d.ts'. ========
Explicitly specified module resolution kind: 'NodeJs'.
Loading module as file / folder, candidate module location '/Users/valentinyelchenko/Projects/ogxone/adjecent-boxes/node_modules/routing-controllers/types/metadata/args/ParamMetadataArgs', target file type 'TypeScript'.
File '/Users/valentinyelchenko/Projects/ogxone/adjecent-boxes/node_modules/routing-controllers/types/metadata/args/ParamMetadataArgs.ts' does not exist.
File '/Users/valentinyelchenko/Projects/ogxone/adjecent-boxes/node_modules/routing-controllers/types/metadata/args/ParamMetadataArgs.tsx' does not exist.
File '/Users/valentinyelchenko/Projects/ogxone/adjecent-boxes/node_modules/routing-controllers/types/metadata/args/ParamMetadataArgs.d.ts' exist - use it as a name resolution result.
File '/Users/valentinyelchenko/Projects/ogxone/adjecent-boxes/node_modules/routing-controllers/package.json' exists according to earlier cached lookups.
======== Module name '../metadata/args/ParamMetadataArgs' was successfully resolved to '/Users/valentinyelchenko/Projects/ogxone/adjecent-boxes/node_modules/routing-controllers/types/metadata/args/ParamMetadataArgs.d.ts' with Package ID 'routing-controllers/types/metadata/args/ParamMetadataArgs.d.ts@0.9.0'. ========
======== Resolving module '../metadata/args/ResponseHandleMetadataArgs' from '/Users/valentinyelchenko/Projects/ogxone/adjecent-boxes/node_modules/routing-controllers/types/metadata-builder/MetadataArgsStorage.d.ts'. ========
Explicitly specified module resolution kind: 'NodeJs'.
Loading module as file / folder, candidate module location '/Users/valentinyelchenko/Projects/ogxone/adjecent-boxes/node_modules/routing-controllers/types/metadata/args/ResponseHandleMetadataArgs', target file type 'TypeScript'.
File '/Users/valentinyelchenko/Projects/ogxone/adjecent-boxes/node_modules/routing-controllers/types/metadata/args/ResponseHandleMetadataArgs.ts' does not exist.
File '/Users/valentinyelchenko/Projects/ogxone/adjecent-boxes/node_modules/routing-controllers/types/metadata/args/ResponseHandleMetadataArgs.tsx' does not exist.
File '/Users/valentinyelchenko/Projects/ogxone/adjecent-boxes/node_modules/routing-controllers/types/metadata/args/ResponseHandleMetadataArgs.d.ts' exist - use it as a name resolution result.
File '/Users/valentinyelchenko/Projects/ogxone/adjecent-boxes/node_modules/routing-controllers/package.json' exists according to earlier cached lookups.
======== Module name '../metadata/args/ResponseHandleMetadataArgs' was successfully resolved to '/Users/valentinyelchenko/Projects/ogxone/adjecent-boxes/node_modules/routing-controllers/types/metadata/args/ResponseHandleMetadataArgs.d.ts' with Package ID 'routing-controllers/types/metadata/args/ResponseHandleMetadataArgs.d.ts@0.9.0'. ========
======== Resolving module '../metadata/args/MiddlewareMetadataArgs' from '/Users/valentinyelchenko/Projects/ogxone/adjecent-boxes/node_modules/routing-controllers/types/metadata-builder/MetadataArgsStorage.d.ts'. ========
Explicitly specified module resolution kind: 'NodeJs'.
Loading module as file / folder, candidate module location '/Users/valentinyelchenko/Projects/ogxone/adjecent-boxes/node_modules/routing-controllers/types/metadata/args/MiddlewareMetadataArgs', target file type 'TypeScript'.
File '/Users/valentinyelchenko/Projects/ogxone/adjecent-boxes/node_modules/routing-controllers/types/metadata/args/MiddlewareMetadataArgs.ts' does not exist.
File '/Users/valentinyelchenko/Projects/ogxone/adjecent-boxes/node_modules/routing-controllers/types/metadata/args/MiddlewareMetadataArgs.tsx' does not exist.
File '/Users/valentinyelchenko/Projects/ogxone/adjecent-boxes/node_modules/routing-controllers/types/metadata/args/MiddlewareMetadataArgs.d.ts' exist - use it as a name resolution result.
File '/Users/valentinyelchenko/Projects/ogxone/adjecent-boxes/node_modules/routing-controllers/package.json' exists according to earlier cached lookups.
======== Module name '../metadata/args/MiddlewareMetadataArgs' was successfully resolved to '/Users/valentinyelchenko/Projects/ogxone/adjecent-boxes/node_modules/routing-controllers/types/metadata/args/MiddlewareMetadataArgs.d.ts' with Package ID 'routing-controllers/types/metadata/args/MiddlewareMetadataArgs.d.ts@0.9.0'. ========
======== Resolving module '../metadata/args/UseMetadataArgs' from '/Users/valentinyelchenko/Projects/ogxone/adjecent-boxes/node_modules/routing-controllers/types/metadata-builder/MetadataArgsStorage.d.ts'. ========
Explicitly specified module resolution kind: 'NodeJs'.
Loading module as file / folder, candidate module location '/Users/valentinyelchenko/Projects/ogxone/adjecent-boxes/node_modules/routing-controllers/types/metadata/args/UseMetadataArgs', target file type 'TypeScript'.
File '/Users/valentinyelchenko/Projects/ogxone/adjecent-boxes/node_modules/routing-controllers/types/metadata/args/UseMetadataArgs.ts' does not exist.
File '/Users/valentinyelchenko/Projects/ogxone/adjecent-boxes/node_modules/routing-controllers/types/metadata/args/UseMetadataArgs.tsx' does not exist.
File '/Users/valentinyelchenko/Projects/ogxone/adjecent-boxes/node_modules/routing-controllers/types/metadata/args/UseMetadataArgs.d.ts' exist - use it as a name resolution result.
File '/Users/valentinyelchenko/Projects/ogxone/adjecent-boxes/node_modules/routing-controllers/package.json' exists according to earlier cached lookups.
======== Module name '../metadata/args/UseMetadataArgs' was successfully resolved to '/Users/valentinyelchenko/Projects/ogxone/adjecent-boxes/node_modules/routing-controllers/types/metadata/args/UseMetadataArgs.d.ts' with Package ID 'routing-controllers/types/metadata/args/UseMetadataArgs.d.ts@0.9.0'. ========
======== Resolving module '../metadata/args/UseInterceptorMetadataArgs' from '/Users/valentinyelchenko/Projects/ogxone/adjecent-boxes/node_modules/routing-controllers/types/metadata-builder/MetadataArgsStorage.d.ts'. ========
Explicitly specified module resolution kind: 'NodeJs'.
Loading module as file / folder, candidate module location '/Users/valentinyelchenko/Projects/ogxone/adjecent-boxes/node_modules/routing-controllers/types/metadata/args/UseInterceptorMetadataArgs', target file type 'TypeScript'.
File '/Users/valentinyelchenko/Projects/ogxone/adjecent-boxes/node_modules/routing-controllers/types/metadata/args/UseInterceptorMetadataArgs.ts' does not exist.
File '/Users/valentinyelchenko/Projects/ogxone/adjecent-boxes/node_modules/routing-controllers/types/metadata/args/UseInterceptorMetadataArgs.tsx' does not exist.
File '/Users/valentinyelchenko/Projects/ogxone/adjecent-boxes/node_modules/routing-controllers/types/metadata/args/UseInterceptorMetadataArgs.d.ts' exist - use it as a name resolution result.
File '/Users/valentinyelchenko/Projects/ogxone/adjecent-boxes/node_modules/routing-controllers/package.json' exists according to earlier cached lookups.
======== Module name '../metadata/args/UseInterceptorMetadataArgs' was successfully resolved to '/Users/valentinyelchenko/Projects/ogxone/adjecent-boxes/node_modules/routing-controllers/types/metadata/args/UseInterceptorMetadataArgs.d.ts' with Package ID 'routing-controllers/types/metadata/args/UseInterceptorMetadataArgs.d.ts@0.9.0'. ========
======== Resolving module '../metadata/args/InterceptorMetadataArgs' from '/Users/valentinyelchenko/Projects/ogxone/adjecent-boxes/node_modules/routing-controllers/types/metadata-builder/MetadataArgsStorage.d.ts'. ========
Explicitly specified module resolution kind: 'NodeJs'.
Loading module as file / folder, candidate module location '/Users/valentinyelchenko/Projects/ogxone/adjecent-boxes/node_modules/routing-controllers/types/metadata/args/InterceptorMetadataArgs', target file type 'TypeScript'.
File '/Users/valentinyelchenko/Projects/ogxone/adjecent-boxes/node_modules/routing-controllers/types/metadata/args/InterceptorMetadataArgs.ts' does not exist.
File '/Users/valentinyelchenko/Projects/ogxone/adjecent-boxes/node_modules/routing-controllers/types/metadata/args/InterceptorMetadataArgs.tsx' does not exist.
File '/Users/valentinyelchenko/Projects/ogxone/adjecent-boxes/node_modules/routing-controllers/types/metadata/args/InterceptorMetadataArgs.d.ts' exist - use it as a name resolution result.
File '/Users/valentinyelchenko/Projects/ogxone/adjecent-boxes/node_modules/routing-controllers/package.json' exists according to earlier cached lookups.
======== Module name '../metadata/args/InterceptorMetadataArgs' was successfully resolved to '/Users/valentinyelchenko/Projects/ogxone/adjecent-boxes/node_modules/routing-controllers/types/metadata/args/InterceptorMetadataArgs.d.ts' with Package ID 'routing-controllers/types/metadata/args/InterceptorMetadataArgs.d.ts@0.9.0'. ========
======== Resolving module './Action' from '/Users/valentinyelchenko/Projects/ogxone/adjecent-boxes/node_modules/routing-controllers/types/container.d.ts'. ========
Resolution for module './Action' was found in cache from location '/Users/valentinyelchenko/Projects/ogxone/adjecent-boxes/node_modules/routing-controllers/types'.
======== Module name './Action' was successfully resolved to '/Users/valentinyelchenko/Projects/ogxone/adjecent-boxes/node_modules/routing-controllers/types/Action.d.ts' with Package ID 'routing-controllers/types/Action.d.ts@0.9.0'. ========
======== Resolving module '../decorator-options/BodyOptions' from '/Users/valentinyelchenko/Projects/ogxone/adjecent-boxes/node_modules/routing-controllers/types/decorator/Body.d.ts'. ========
Explicitly specified module resolution kind: 'NodeJs'.
Loading module as file / folder, candidate module location '/Users/valentinyelchenko/Projects/ogxone/adjecent-boxes/node_modules/routing-controllers/types/decorator-options/BodyOptions', target file type 'TypeScript'.
File '/Users/valentinyelchenko/Projects/ogxone/adjecent-boxes/node_modules/routing-controllers/types/decorator-options/BodyOptions.ts' does not exist.
File '/Users/valentinyelchenko/Projects/ogxone/adjecent-boxes/node_modules/routing-controllers/types/decorator-options/BodyOptions.tsx' does not exist.
File '/Users/valentinyelchenko/Projects/ogxone/adjecent-boxes/node_modules/routing-controllers/types/decorator-options/BodyOptions.d.ts' exist - use it as a name resolution result.
File '/Users/valentinyelchenko/Projects/ogxone/adjecent-boxes/node_modules/routing-controllers/package.json' exists according to earlier cached lookups.
======== Module name '../decorator-options/BodyOptions' was successfully resolved to '/Users/valentinyelchenko/Projects/ogxone/adjecent-boxes/node_modules/routing-controllers/types/decorator-options/BodyOptions.d.ts' with Package ID 'routing-controllers/types/decorator-options/BodyOptions.d.ts@0.9.0'. ========
======== Resolving module 'class-validator' from '/Users/valentinyelchenko/Projects/ogxone/adjecent-boxes/node_modules/routing-controllers/types/decorator-options/BodyOptions.d.ts'. ========
Explicitly specified module resolution kind: 'NodeJs'.
'baseUrl' option is set to '/Users/valentinyelchenko/Projects/ogxone/adjecent-boxes', using this value to resolve non-relative module name 'class-validator'.
'paths' option is specified, looking for a pattern to match module name 'class-validator'.
'baseUrl' option is set to '/Users/valentinyelchenko/Projects/ogxone/adjecent-boxes', using this value to resolve non-relative module name 'class-validator'.
Resolving module name 'class-validator' relative to base url '/Users/valentinyelchenko/Projects/ogxone/adjecent-boxes' - '/Users/valentinyelchenko/Projects/ogxone/adjecent-boxes/class-validator'.
Loading module as file / folder, candidate module location '/Users/valentinyelchenko/Projects/ogxone/adjecent-boxes/class-validator', target file type 'TypeScript'.
File '/Users/valentinyelchenko/Projects/ogxone/adjecent-boxes/class-validator.ts' does not exist.
File '/Users/valentinyelchenko/Projects/ogxone/adjecent-boxes/class-validator.tsx' does not exist.
File '/Users/valentinyelchenko/Projects/ogxone/adjecent-boxes/class-validator.d.ts' does not exist.
Directory '/Users/valentinyelchenko/Projects/ogxone/adjecent-boxes/class-validator' does not exist, skipping all lookups in it.
Loading module 'class-validator' from 'node_modules' folder, target file type 'TypeScript'.
Directory '/Users/valentinyelchenko/Projects/ogxone/adjecent-boxes/node_modules/routing-controllers/types/decorator-options/node_modules' does not exist, skipping all lookups in it.
Resolution for module 'class-validator' was found in cache from location '/Users/valentinyelchenko/Projects/ogxone/adjecent-boxes/node_modules/routing-controllers/types'.
======== Module name 'class-validator' was successfully resolved to '/Users/valentinyelchenko/Projects/ogxone/adjecent-boxes/node_modules/class-validator/types/index.d.ts' with Package ID 'class-validator/types/index.d.ts@0.13.2'. ========
======== Resolving module 'class-transformer' from '/Users/valentinyelchenko/Projects/ogxone/adjecent-boxes/node_modules/routing-controllers/types/decorator-options/BodyOptions.d.ts'. ========
Explicitly specified module resolution kind: 'NodeJs'.
'baseUrl' option is set to '/Users/valentinyelchenko/Projects/ogxone/adjecent-boxes', using this value to resolve non-relative module name 'class-transformer'.
'paths' option is specified, looking for a pattern to match module name 'class-transformer'.
'baseUrl' option is set to '/Users/valentinyelchenko/Projects/ogxone/adjecent-boxes', using this value to resolve non-relative module name 'class-transformer'.
Resolving module name 'class-transformer' relative to base url '/Users/valentinyelchenko/Projects/ogxone/adjecent-boxes' - '/Users/valentinyelchenko/Projects/ogxone/adjecent-boxes/class-transformer'.
Loading module as file / folder, candidate module location '/Users/valentinyelchenko/Projects/ogxone/adjecent-boxes/class-transformer', target file type 'TypeScript'.
File '/Users/valentinyelchenko/Projects/ogxone/adjecent-boxes/class-transformer.ts' does not exist.
File '/Users/valentinyelchenko/Projects/ogxone/adjecent-boxes/class-transformer.tsx' does not exist.
File '/Users/valentinyelchenko/Projects/ogxone/adjecent-boxes/class-transformer.d.ts' does not exist.
Directory '/Users/valentinyelchenko/Projects/ogxone/adjecent-boxes/class-transformer' does not exist, skipping all lookups in it.
Loading module 'class-transformer' from 'node_modules' folder, target file type 'TypeScript'.
Directory '/Users/valentinyelchenko/Projects/ogxone/adjecent-boxes/node_modules/routing-controllers/types/decorator-options/node_modules' does not exist, skipping all lookups in it.
Resolution for module 'class-transformer' was found in cache from location '/Users/valentinyelchenko/Projects/ogxone/adjecent-boxes/node_modules/routing-controllers/types'.
======== Module name 'class-transformer' was successfully resolved to '/Users/valentinyelchenko/Projects/ogxone/adjecent-boxes/node_modules/class-transformer/types/index.d.ts' with Package ID 'class-transformer/types/index.d.ts@0.5.1'. ========
======== Resolving module '../decorator-options/ParamOptions' from '/Users/valentinyelchenko/Projects/ogxone/adjecent-boxes/node_modules/routing-controllers/types/decorator/BodyParam.d.ts'. ========
Explicitly specified module resolution kind: 'NodeJs'.
Loading module as file / folder, candidate module location '/Users/valentinyelchenko/Projects/ogxone/adjecent-boxes/node_modules/routing-controllers/types/decorator-options/ParamOptions', target file type 'TypeScript'.
File '/Users/valentinyelchenko/Projects/ogxone/adjecent-boxes/node_modules/routing-controllers/types/decorator-options/ParamOptions.ts' does not exist.
File '/Users/valentinyelchenko/Projects/ogxone/adjecent-boxes/node_modules/routing-controllers/types/decorator-options/ParamOptions.tsx' does not exist.
File '/Users/valentinyelchenko/Projects/ogxone/adjecent-boxes/node_modules/routing-controllers/types/decorator-options/ParamOptions.d.ts' exist - use it as a name resolution result.
File '/Users/valentinyelchenko/Projects/ogxone/adjecent-boxes/node_modules/routing-controllers/package.json' exists according to earlier cached lookups.
======== Module name '../decorator-options/ParamOptions' was successfully resolved to '/Users/valentinyelchenko/Projects/ogxone/adjecent-boxes/node_modules/routing-controllers/types/decorator-options/ParamOptions.d.ts' with Package ID 'routing-controllers/types/decorator-options/ParamOptions.d.ts@0.9.0'. ========
======== Resolving module 'class-validator' from '/Users/valentinyelchenko/Projects/ogxone/adjecent-boxes/node_modules/routing-controllers/types/decorator-options/ParamOptions.d.ts'. ========
Resolution for module 'class-validator' was found in cache from location '/Users/valentinyelchenko/Projects/ogxone/adjecent-boxes/node_modules/routing-controllers/types/decorator-options'.
======== Module name 'class-validator' was successfully resolved to '/Users/valentinyelchenko/Projects/ogxone/adjecent-boxes/node_modules/class-validator/types/index.d.ts' with Package ID 'class-validator/types/index.d.ts@0.13.2'. ========
======== Resolving module 'class-transformer' from '/Users/valentinyelchenko/Projects/ogxone/adjecent-boxes/node_modules/routing-controllers/types/decorator-options/ParamOptions.d.ts'. ========
Resolution for module 'class-transformer' was found in cache from location '/Users/valentinyelchenko/Projects/ogxone/adjecent-boxes/node_modules/routing-controllers/types/decorator-options'.
======== Module name 'class-transformer' was successfully resolved to '/Users/valentinyelchenko/Projects/ogxone/adjecent-boxes/node_modules/class-transformer/types/index.d.ts' with Package ID 'class-transformer/types/index.d.ts@0.5.1'. ========
======== Resolving module '../decorator-options/ControllerOptions' from '/Users/valentinyelchenko/Projects/ogxone/adjecent-boxes/node_modules/routing-controllers/types/decorator/Controller.d.ts'. ========
Explicitly specified module resolution kind: 'NodeJs'.
Loading module as file / folder, candidate module location '/Users/valentinyelchenko/Projects/ogxone/adjecent-boxes/node_modules/routing-controllers/types/decorator-options/ControllerOptions', target file type 'TypeScript'.
File '/Users/valentinyelchenko/Projects/ogxone/adjecent-boxes/node_modules/routing-controllers/types/decorator-options/ControllerOptions.ts' does not exist.
File '/Users/valentinyelchenko/Projects/ogxone/adjecent-boxes/node_modules/routing-controllers/types/decorator-options/ControllerOptions.tsx' does not exist.
File '/Users/valentinyelchenko/Projects/ogxone/adjecent-boxes/node_modules/routing-controllers/types/decorator-options/ControllerOptions.d.ts' exist - use it as a name resolution result.
File '/Users/valentinyelchenko/Projects/ogxone/adjecent-boxes/node_modules/routing-controllers/package.json' exists according to earlier cached lookups.
======== Module name '../decorator-options/ControllerOptions' was successfully resolved to '/Users/valentinyelchenko/Projects/ogxone/adjecent-boxes/node_modules/routing-controllers/types/decorator-options/ControllerOptions.d.ts' with Package ID 'routing-controllers/types/decorator-options/ControllerOptions.d.ts@0.9.0'. ========
======== Resolving module '../decorator-options/ParamOptions' from '/Users/valentinyelchenko/Projects/ogxone/adjecent-boxes/node_modules/routing-controllers/types/decorator/CookieParam.d.ts'. ========
Resolution for module '../decorator-options/ParamOptions' was found in cache from location '/Users/valentinyelchenko/Projects/ogxone/adjecent-boxes/node_modules/routing-controllers/types/decorator'.
======== Module name '../decorator-options/ParamOptions' was successfully resolved to '/Users/valentinyelchenko/Projects/ogxone/adjecent-boxes/node_modules/routing-controllers/types/decorator-options/ParamOptions.d.ts' with Package ID 'routing-controllers/types/decorator-options/ParamOptions.d.ts@0.9.0'. ========
======== Resolving module '../decorator-options/HandlerOptions' from '/Users/valentinyelchenko/Projects/ogxone/adjecent-boxes/node_modules/routing-controllers/types/decorator/Delete.d.ts'. ========
Explicitly specified module resolution kind: 'NodeJs'.
Loading module as file / folder, candidate module location '/Users/valentinyelchenko/Projects/ogxone/adjecent-boxes/node_modules/routing-controllers/types/decorator-options/HandlerOptions', target file type 'TypeScript'.
File '/Users/valentinyelchenko/Projects/ogxone/adjecent-boxes/node_modules/routing-controllers/types/decorator-options/HandlerOptions.ts' does not exist.
File '/Users/valentinyelchenko/Projects/ogxone/adjecent-boxes/node_modules/routing-controllers/types/decorator-options/HandlerOptions.tsx' does not exist.
File '/Users/valentinyelchenko/Projects/ogxone/adjecent-boxes/node_modules/routing-controllers/types/decorator-options/HandlerOptions.d.ts' exist - use it as a name resolution result.
File '/Users/valentinyelchenko/Projects/ogxone/adjecent-boxes/node_modules/routing-controllers/package.json' exists according to earlier cached lookups.
======== Module name '../decorator-options/HandlerOptions' was successfully resolved to '/Users/valentinyelchenko/Projects/ogxone/adjecent-boxes/node_modules/routing-controllers/types/decorator-options/HandlerOptions.d.ts' with Package ID 'routing-controllers/types/decorator-options/HandlerOptions.d.ts@0.9.0'. ========
======== Resolving module '../decorator-options/HandlerOptions' from '/Users/valentinyelchenko/Projects/ogxone/adjecent-boxes/node_modules/routing-controllers/types/decorator/Get.d.ts'. ========
Resolution for module '../decorator-options/HandlerOptions' was found in cache from location '/Users/valentinyelchenko/Projects/ogxone/adjecent-boxes/node_modules/routing-controllers/types/decorator'.
======== Module name '../decorator-options/HandlerOptions' was successfully resolved to '/Users/valentinyelchenko/Projects/ogxone/adjecent-boxes/node_modules/routing-controllers/types/decorator-options/HandlerOptions.d.ts' with Package ID 'routing-controllers/types/decorator-options/HandlerOptions.d.ts@0.9.0'. ========
======== Resolving module '../decorator-options/HandlerOptions' from '/Users/valentinyelchenko/Projects/ogxone/adjecent-boxes/node_modules/routing-controllers/types/decorator/Head.d.ts'. ========
Resolution for module '../decorator-options/HandlerOptions' was found in cache from location '/Users/valentinyelchenko/Projects/ogxone/adjecent-boxes/node_modules/routing-controllers/types/decorator'.
======== Module name '../decorator-options/HandlerOptions' was successfully resolved to '/Users/valentinyelchenko/Projects/ogxone/adjecent-boxes/node_modules/routing-controllers/types/decorator-options/HandlerOptions.d.ts' with Package ID 'routing-controllers/types/decorator-options/HandlerOptions.d.ts@0.9.0'. ========
======== Resolving module '../decorator-options/ParamOptions' from '/Users/valentinyelchenko/Projects/ogxone/adjecent-boxes/node_modules/routing-controllers/types/decorator/HeaderParam.d.ts'. ========
Resolution for module '../decorator-options/ParamOptions' was found in cache from location '/Users/valentinyelchenko/Projects/ogxone/adjecent-boxes/node_modules/routing-controllers/types/decorator'.
======== Module name '../decorator-options/ParamOptions' was successfully resolved to '/Users/valentinyelchenko/Projects/ogxone/adjecent-boxes/node_modules/routing-controllers/types/decorator-options/ParamOptions.d.ts' with Package ID 'routing-controllers/types/decorator-options/ParamOptions.d.ts@0.9.0'. ========
======== Resolving module '../decorator-options/ControllerOptions' from '/Users/valentinyelchenko/Projects/ogxone/adjecent-boxes/node_modules/routing-controllers/types/decorator/JsonController.d.ts'. ========
Resolution for module '../decorator-options/ControllerOptions' was found in cache from location '/Users/valentinyelchenko/Projects/ogxone/adjecent-boxes/node_modules/routing-controllers/types/decorator'.
======== Module name '../decorator-options/ControllerOptions' was successfully resolved to '/Users/valentinyelchenko/Projects/ogxone/adjecent-boxes/node_modules/routing-controllers/types/decorator-options/ControllerOptions.d.ts' with Package ID 'routing-controllers/types/decorator-options/ControllerOptions.d.ts@0.9.0'. ========
======== Resolving module '../decorator-options/HandlerOptions' from '/Users/valentinyelchenko/Projects/ogxone/adjecent-boxes/node_modules/routing-controllers/types/decorator/Method.d.ts'. ========
Resolution for module '../decorator-options/HandlerOptions' was found in cache from location '/Users/valentinyelchenko/Projects/ogxone/adjecent-boxes/node_modules/routing-controllers/types/decorator'.
======== Module name '../decorator-options/HandlerOptions' was successfully resolved to '/Users/valentinyelchenko/Projects/ogxone/adjecent-boxes/node_modules/routing-controllers/types/decorator-options/HandlerOptions.d.ts' with Package ID 'routing-controllers/types/decorator-options/HandlerOptions.d.ts@0.9.0'. ========
======== Resolving module '../metadata/types/ActionType' from '/Users/valentinyelchenko/Projects/ogxone/adjecent-boxes/node_modules/routing-controllers/types/decorator/Method.d.ts'. ========
Explicitly specified module resolution kind: 'NodeJs'.
Loading module as file / folder, candidate module location '/Users/valentinyelchenko/Projects/ogxone/adjecent-boxes/node_modules/routing-controllers/types/metadata/types/ActionType', target file type 'TypeScript'.
File '/Users/valentinyelchenko/Projects/ogxone/adjecent-boxes/node_modules/routing-controllers/types/metadata/types/ActionType.ts' does not exist.
File '/Users/valentinyelchenko/Projects/ogxone/adjecent-boxes/node_modules/routing-controllers/types/metadata/types/ActionType.tsx' does not exist.
File '/Users/valentinyelchenko/Projects/ogxone/adjecent-boxes/node_modules/routing-controllers/types/metadata/types/ActionType.d.ts' exist - use it as a name resolution result.
File '/Users/valentinyelchenko/Projects/ogxone/adjecent-boxes/node_modules/routing-controllers/package.json' exists according to earlier cached lookups.
======== Module name '../metadata/types/ActionType' was successfully resolved to '/Users/valentinyelchenko/Projects/ogxone/adjecent-boxes/node_modules/routing-controllers/types/metadata/types/ActionType.d.ts' with Package ID 'routing-controllers/types/metadata/types/ActionType.d.ts@0.9.0'. ========
======== Resolving module '../decorator-options/ParamOptions' from '/Users/valentinyelchenko/Projects/ogxone/adjecent-boxes/node_modules/routing-controllers/types/decorator/Params.d.ts'. ========
Resolution for module '../decorator-options/ParamOptions' was found in cache from location '/Users/valentinyelchenko/Projects/ogxone/adjecent-boxes/node_modules/routing-controllers/types/decorator'.
======== Module name '../decorator-options/ParamOptions' was successfully resolved to '/Users/valentinyelchenko/Projects/ogxone/adjecent-boxes/node_modules/routing-controllers/types/decorator-options/ParamOptions.d.ts' with Package ID 'routing-controllers/types/decorator-options/ParamOptions.d.ts@0.9.0'. ========
======== Resolving module '../decorator-options/HandlerOptions' from '/Users/valentinyelchenko/Projects/ogxone/adjecent-boxes/node_modules/routing-controllers/types/decorator/Patch.d.ts'. ========
Resolution for module '../decorator-options/HandlerOptions' was found in cache from location '/Users/valentinyelchenko/Projects/ogxone/adjecent-boxes/node_modules/routing-controllers/types/decorator'.
======== Module name '../decorator-options/HandlerOptions' was successfully resolved to '/Users/valentinyelchenko/Projects/ogxone/adjecent-boxes/node_modules/routing-controllers/types/decorator-options/HandlerOptions.d.ts' with Package ID 'routing-controllers/types/decorator-options/HandlerOptions.d.ts@0.9.0'. ========
======== Resolving module '../decorator-options/HandlerOptions' from '/Users/valentinyelchenko/Projects/ogxone/adjecent-boxes/node_modules/routing-controllers/types/decorator/Post.d.ts'. ========
Resolution for module '../decorator-options/HandlerOptions' was found in cache from location '/Users/valentinyelchenko/Projects/ogxone/adjecent-boxes/node_modules/routing-controllers/types/decorator'.
======== Module name '../decorator-options/HandlerOptions' was successfully resolved to '/Users/valentinyelchenko/Projects/ogxone/adjecent-boxes/node_modules/routing-controllers/types/decorator-options/HandlerOptions.d.ts' with Package ID 'routing-controllers/types/decorator-options/HandlerOptions.d.ts@0.9.0'. ========
======== Resolving module '../decorator-options/HandlerOptions' from '/Users/valentinyelchenko/Projects/ogxone/adjecent-boxes/node_modules/routing-controllers/types/decorator/Put.d.ts'. ========
Resolution for module '../decorator-options/HandlerOptions' was found in cache from location '/Users/valentinyelchenko/Projects/ogxone/adjecent-boxes/node_modules/routing-controllers/types/decorator'.
======== Module name '../decorator-options/HandlerOptions' was successfully resolved to '/Users/valentinyelchenko/Projects/ogxone/adjecent-boxes/node_modules/routing-controllers/types/decorator-options/HandlerOptions.d.ts' with Package ID 'routing-controllers/types/decorator-options/HandlerOptions.d.ts@0.9.0'. ========
======== Resolving module '../decorator-options/ParamOptions' from '/Users/valentinyelchenko/Projects/ogxone/adjecent-boxes/node_modules/routing-controllers/types/decorator/QueryParam.d.ts'. ========
Resolution for module '../decorator-options/ParamOptions' was found in cache from location '/Users/valentinyelchenko/Projects/ogxone/adjecent-boxes/node_modules/routing-controllers/types/decorator'.
======== Module name '../decorator-options/ParamOptions' was successfully resolved to '/Users/valentinyelchenko/Projects/ogxone/adjecent-boxes/node_modules/routing-controllers/types/decorator-options/ParamOptions.d.ts' with Package ID 'routing-controllers/types/decorator-options/ParamOptions.d.ts@0.9.0'. ========
======== Resolving module '../decorator-options/ParamOptions' from '/Users/valentinyelchenko/Projects/ogxone/adjecent-boxes/node_modules/routing-controllers/types/decorator/QueryParams.d.ts'. ========
Resolution for module '../decorator-options/ParamOptions' was found in cache from location '/Users/valentinyelchenko/Projects/ogxone/adjecent-boxes/node_modules/routing-controllers/types/decorator'.
======== Module name '../decorator-options/ParamOptions' was successfully resolved to '/Users/valentinyelchenko/Projects/ogxone/adjecent-boxes/node_modules/routing-controllers/types/decorator-options/ParamOptions.d.ts' with Package ID 'routing-controllers/types/decorator-options/ParamOptions.d.ts@0.9.0'. ========
======== Resolving module 'class-transformer' from '/Users/valentinyelchenko/Projects/ogxone/adjecent-boxes/node_modules/routing-controllers/types/decorator/ResponseClassTransformOptions.d.ts'. ========
Explicitly specified module resolution kind: 'NodeJs'.
'baseUrl' option is set to '/Users/valentinyelchenko/Projects/ogxone/adjecent-boxes', using this value to resolve non-relative module name 'class-transformer'.
'paths' option is specified, looking for a pattern to match module name 'class-transformer'.
'baseUrl' option is set to '/Users/valentinyelchenko/Projects/ogxone/adjecent-boxes', using this value to resolve non-relative module name 'class-transformer'.
Resolving module name 'class-transformer' relative to base url '/Users/valentinyelchenko/Projects/ogxone/adjecent-boxes' - '/Users/valentinyelchenko/Projects/ogxone/adjecent-boxes/class-transformer'.
Loading module as file / folder, candidate module location '/Users/valentinyelchenko/Projects/ogxone/adjecent-boxes/class-transformer', target file type 'TypeScript'.
File '/Users/valentinyelchenko/Projects/ogxone/adjecent-boxes/class-transformer.ts' does not exist.
File '/Users/valentinyelchenko/Projects/ogxone/adjecent-boxes/class-transformer.tsx' does not exist.
File '/Users/valentinyelchenko/Projects/ogxone/adjecent-boxes/class-transformer.d.ts' does not exist.
Directory '/Users/valentinyelchenko/Projects/ogxone/adjecent-boxes/class-transformer' does not exist, skipping all lookups in it.
Loading module 'class-transformer' from 'node_modules' folder, target file type 'TypeScript'.
Directory '/Users/valentinyelchenko/Projects/ogxone/adjecent-boxes/node_modules/routing-controllers/types/decorator/node_modules' does not exist, skipping all lookups in it.
Resolution for module 'class-transformer' was found in cache from location '/Users/valentinyelchenko/Projects/ogxone/adjecent-boxes/node_modules/routing-controllers/types'.
======== Module name 'class-transformer' was successfully resolved to '/Users/valentinyelchenko/Projects/ogxone/adjecent-boxes/node_modules/class-transformer/types/index.d.ts' with Package ID 'class-transformer/types/index.d.ts@0.5.1'. ========
======== Resolving module '../decorator-options/ParamOptions' from '/Users/valentinyelchenko/Projects/ogxone/adjecent-boxes/node_modules/routing-controllers/types/decorator/Session.d.ts'. ========
Resolution for module '../decorator-options/ParamOptions' was found in cache from location '/Users/valentinyelchenko/Projects/ogxone/adjecent-boxes/node_modules/routing-controllers/types/decorator'.
======== Module name '../decorator-options/ParamOptions' was successfully resolved to '/Users/valentinyelchenko/Projects/ogxone/adjecent-boxes/node_modules/routing-controllers/types/decorator-options/ParamOptions.d.ts' with Package ID 'routing-controllers/types/decorator-options/ParamOptions.d.ts@0.9.0'. ========
======== Resolving module '../decorator-options/ParamOptions' from '/Users/valentinyelchenko/Projects/ogxone/adjecent-boxes/node_modules/routing-controllers/types/decorator/SessionParam.d.ts'. ========
Resolution for module '../decorator-options/ParamOptions' was found in cache from location '/Users/valentinyelchenko/Projects/ogxone/adjecent-boxes/node_modules/routing-controllers/types/decorator'.
======== Module name '../decorator-options/ParamOptions' was successfully resolved to '/Users/valentinyelchenko/Projects/ogxone/adjecent-boxes/node_modules/routing-controllers/types/decorator-options/ParamOptions.d.ts' with Package ID 'routing-controllers/types/decorator-options/ParamOptions.d.ts@0.9.0'. ========
======== Resolving module '../decorator-options/UploadOptions' from '/Users/valentinyelchenko/Projects/ogxone/adjecent-boxes/node_modules/routing-controllers/types/decorator/UploadedFile.d.ts'. ========
Explicitly specified module resolution kind: 'NodeJs'.
Loading module as file / folder, candidate module location '/Users/valentinyelchenko/Projects/ogxone/adjecent-boxes/node_modules/routing-controllers/types/decorator-options/UploadOptions', target file type 'TypeScript'.
File '/Users/valentinyelchenko/Projects/ogxone/adjecent-boxes/node_modules/routing-controllers/types/decorator-options/UploadOptions.ts' does not exist.
File '/Users/valentinyelchenko/Projects/ogxone/adjecent-boxes/node_modules/routing-controllers/types/decorator-options/UploadOptions.tsx' does not exist.
File '/Users/valentinyelchenko/Projects/ogxone/adjecent-boxes/node_modules/routing-controllers/types/decorator-options/UploadOptions.d.ts' exist - use it as a name resolution result.
File '/Users/valentinyelchenko/Projects/ogxone/adjecent-boxes/node_modules/routing-controllers/package.json' exists according to earlier cached lookups.
======== Module name '../decorator-options/UploadOptions' was successfully resolved to '/Users/valentinyelchenko/Projects/ogxone/adjecent-boxes/node_modules/routing-controllers/types/decorator-options/UploadOptions.d.ts' with Package ID 'routing-controllers/types/decorator-options/UploadOptions.d.ts@0.9.0'. ========
======== Resolving module '../decorator-options/UploadOptions' from '/Users/valentinyelchenko/Projects/ogxone/adjecent-boxes/node_modules/routing-controllers/types/decorator/UploadedFiles.d.ts'. ========
Resolution for module '../decorator-options/UploadOptions' was found in cache from location '/Users/valentinyelchenko/Projects/ogxone/adjecent-boxes/node_modules/routing-controllers/types/decorator'.
======== Module name '../decorator-options/UploadOptions' was successfully resolved to '/Users/valentinyelchenko/Projects/ogxone/adjecent-boxes/node_modules/routing-controllers/types/decorator-options/UploadOptions.d.ts' with Package ID 'routing-controllers/types/decorator-options/UploadOptions.d.ts@0.9.0'. ========
======== Resolving module '../Action' from '/Users/valentinyelchenko/Projects/ogxone/adjecent-boxes/node_modules/routing-controllers/types/decorator/UseInterceptor.d.ts'. ========
Explicitly specified module resolution kind: 'NodeJs'.
Loading module as file / folder, candidate module location '/Users/valentinyelchenko/Projects/ogxone/adjecent-boxes/node_modules/routing-controllers/types/Action', target file type 'TypeScript'.
File '/Users/valentinyelchenko/Projects/ogxone/adjecent-boxes/node_modules/routing-controllers/types/Action.ts' does not exist.
File '/Users/valentinyelchenko/Projects/ogxone/adjecent-boxes/node_modules/routing-controllers/types/Action.tsx' does not exist.
File '/Users/valentinyelchenko/Projects/ogxone/adjecent-boxes/node_modules/routing-controllers/types/Action.d.ts' exist - use it as a name resolution result.
File '/Users/valentinyelchenko/Projects/ogxone/adjecent-boxes/node_modules/routing-controllers/package.json' exists according to earlier cached lookups.
======== Module name '../Action' was successfully resolved to '/Users/valentinyelchenko/Projects/ogxone/adjecent-boxes/node_modules/routing-controllers/types/Action.d.ts' with Package ID 'routing-controllers/types/Action.d.ts@0.9.0'. ========
======== Resolving module './HttpError' from '/Users/valentinyelchenko/Projects/ogxone/adjecent-boxes/node_modules/routing-controllers/types/http-error/InternalServerError.d.ts'. ========
Explicitly specified module resolution kind: 'NodeJs'.
Loading module as file / folder, candidate module location '/Users/valentinyelchenko/Projects/ogxone/adjecent-boxes/node_modules/routing-controllers/types/http-error/HttpError', target file type 'TypeScript'.
File '/Users/valentinyelchenko/Projects/ogxone/adjecent-boxes/node_modules/routing-controllers/types/http-error/HttpError.ts' does not exist.
File '/Users/valentinyelchenko/Projects/ogxone/adjecent-boxes/node_modules/routing-controllers/types/http-error/HttpError.tsx' does not exist.
File '/Users/valentinyelchenko/Projects/ogxone/adjecent-boxes/node_modules/routing-controllers/types/http-error/HttpError.d.ts' exist - use it as a name resolution result.
File '/Users/valentinyelchenko/Projects/ogxone/adjecent-boxes/node_modules/routing-controllers/package.json' exists according to earlier cached lookups.
======== Module name './HttpError' was successfully resolved to '/Users/valentinyelchenko/Projects/ogxone/adjecent-boxes/node_modules/routing-controllers/types/http-error/HttpError.d.ts' with Package ID 'routing-controllers/types/http-error/HttpError.d.ts@0.9.0'. ========
======== Resolving module './HttpError' from '/Users/valentinyelchenko/Projects/ogxone/adjecent-boxes/node_modules/routing-controllers/types/http-error/BadRequestError.d.ts'. ========
Resolution for module './HttpError' was found in cache from location '/Users/valentinyelchenko/Projects/ogxone/adjecent-boxes/node_modules/routing-controllers/types/http-error'.
======== Module name './HttpError' was successfully resolved to '/Users/valentinyelchenko/Projects/ogxone/adjecent-boxes/node_modules/routing-controllers/types/http-error/HttpError.d.ts' with Package ID 'routing-controllers/types/http-error/HttpError.d.ts@0.9.0'. ========
======== Resolving module './HttpError' from '/Users/valentinyelchenko/Projects/ogxone/adjecent-boxes/node_modules/routing-controllers/types/http-error/ForbiddenError.d.ts'. ========
Resolution for module './HttpError' was found in cache from location '/Users/valentinyelchenko/Projects/ogxone/adjecent-boxes/node_modules/routing-controllers/types/http-error'.
======== Module name './HttpError' was successfully resolved to '/Users/valentinyelchenko/Projects/ogxone/adjecent-boxes/node_modules/routing-controllers/types/http-error/HttpError.d.ts' with Package ID 'routing-controllers/types/http-error/HttpError.d.ts@0.9.0'. ========
======== Resolving module './HttpError' from '/Users/valentinyelchenko/Projects/ogxone/adjecent-boxes/node_modules/routing-controllers/types/http-error/NotAcceptableError.d.ts'. ========
Resolution for module './HttpError' was found in cache from location '/Users/valentinyelchenko/Projects/ogxone/adjecent-boxes/node_modules/routing-controllers/types/http-error'.
======== Module name './HttpError' was successfully resolved to '/Users/valentinyelchenko/Projects/ogxone/adjecent-boxes/node_modules/routing-controllers/types/http-error/HttpError.d.ts' with Package ID 'routing-controllers/types/http-error/HttpError.d.ts@0.9.0'. ========
======== Resolving module './HttpError' from '/Users/valentinyelchenko/Projects/ogxone/adjecent-boxes/node_modules/routing-controllers/types/http-error/MethodNotAllowedError.d.ts'. ========
Resolution for module './HttpError' was found in cache from location '/Users/valentinyelchenko/Projects/ogxone/adjecent-boxes/node_modules/routing-controllers/types/http-error'.
======== Module name './HttpError' was successfully resolved to '/Users/valentinyelchenko/Projects/ogxone/adjecent-boxes/node_modules/routing-controllers/types/http-error/HttpError.d.ts' with Package ID 'routing-controllers/types/http-error/HttpError.d.ts@0.9.0'. ========
======== Resolving module './HttpError' from '/Users/valentinyelchenko/Projects/ogxone/adjecent-boxes/node_modules/routing-controllers/types/http-error/NotFoundError.d.ts'. ========
Resolution for module './HttpError' was found in cache from location '/Users/valentinyelchenko/Projects/ogxone/adjecent-boxes/node_modules/routing-controllers/types/http-error'.
======== Module name './HttpError' was successfully resolved to '/Users/valentinyelchenko/Projects/ogxone/adjecent-boxes/node_modules/routing-controllers/types/http-error/HttpError.d.ts' with Package ID 'routing-controllers/types/http-error/HttpError.d.ts@0.9.0'. ========
======== Resolving module './HttpError' from '/Users/valentinyelchenko/Projects/ogxone/adjecent-boxes/node_modules/routing-controllers/types/http-error/UnauthorizedError.d.ts'. ========
Resolution for module './HttpError' was found in cache from location '/Users/valentinyelchenko/Projects/ogxone/adjecent-boxes/node_modules/routing-controllers/types/http-error'.
======== Module name './HttpError' was successfully resolved to '/Users/valentinyelchenko/Projects/ogxone/adjecent-boxes/node_modules/routing-controllers/types/http-error/HttpError.d.ts' with Package ID 'routing-controllers/types/http-error/HttpError.d.ts@0.9.0'. ========
======== Resolving module './Action' from '/Users/valentinyelchenko/Projects/ogxone/adjecent-boxes/node_modules/routing-controllers/types/RoleChecker.d.ts'. ========
Resolution for module './Action' was found in cache from location '/Users/valentinyelchenko/Projects/ogxone/adjecent-boxes/node_modules/routing-controllers/types'.
======== Module name './Action' was successfully resolved to '/Users/valentinyelchenko/Projects/ogxone/adjecent-boxes/node_modules/routing-controllers/types/Action.d.ts' with Package ID 'routing-controllers/types/Action.d.ts@0.9.0'. ========
======== Resolving module './Action' from '/Users/valentinyelchenko/Projects/ogxone/adjecent-boxes/node_modules/routing-controllers/types/InterceptorInterface.d.ts'. ========
Resolution for module './Action' was found in cache from location '/Users/valentinyelchenko/Projects/ogxone/adjecent-boxes/node_modules/routing-controllers/types'.
======== Module name './Action' was successfully resolved to '/Users/valentinyelchenko/Projects/ogxone/adjecent-boxes/node_modules/routing-controllers/types/Action.d.ts' with Package ID 'routing-controllers/types/Action.d.ts@0.9.0'. ========
======== Resolving module '../../metadata/UseMetadata' from '/Users/valentinyelchenko/Projects/ogxone/adjecent-boxes/node_modules/routing-controllers/types/driver/express/ExpressDriver.d.ts'. ========
Explicitly specified module resolution kind: 'NodeJs'.
Loading module as file / folder, candidate module location '/Users/valentinyelchenko/Projects/ogxone/adjecent-boxes/node_modules/routing-controllers/types/metadata/UseMetadata', target file type 'TypeScript'.
File '/Users/valentinyelchenko/Projects/ogxone/adjecent-boxes/node_modules/routing-controllers/types/metadata/UseMetadata.ts' does not exist.
File '/Users/valentinyelchenko/Projects/ogxone/adjecent-boxes/node_modules/routing-controllers/types/metadata/UseMetadata.tsx' does not exist.
File '/Users/valentinyelchenko/Projects/ogxone/adjecent-boxes/node_modules/routing-controllers/types/metadata/UseMetadata.d.ts' exist - use it as a name resolution result.
File '/Users/valentinyelchenko/Projects/ogxone/adjecent-boxes/node_modules/routing-controllers/package.json' exists according to earlier cached lookups.
======== Module name '../../metadata/UseMetadata' was successfully resolved to '/Users/valentinyelchenko/Projects/ogxone/adjecent-boxes/node_modules/routing-controllers/types/metadata/UseMetadata.d.ts' with Package ID 'routing-controllers/types/metadata/UseMetadata.d.ts@0.9.0'. ========
======== Resolving module '../../metadata/MiddlewareMetadata' from '/Users/valentinyelchenko/Projects/ogxone/adjecent-boxes/node_modules/routing-controllers/types/driver/express/ExpressDriver.d.ts'. ========
Explicitly specified module resolution kind: 'NodeJs'.
Loading module as file / folder, candidate module location '/Users/valentinyelchenko/Projects/ogxone/adjecent-boxes/node_modules/routing-controllers/types/metadata/MiddlewareMetadata', target file type 'TypeScript'.
File '/Users/valentinyelchenko/Projects/ogxone/adjecent-boxes/node_modules/routing-controllers/types/metadata/MiddlewareMetadata.ts' does not exist.
File '/Users/valentinyelchenko/Projects/ogxone/adjecent-boxes/node_modules/routing-controllers/types/metadata/MiddlewareMetadata.tsx' does not exist.
File '/Users/valentinyelchenko/Projects/ogxone/adjecent-boxes/node_modules/routing-controllers/types/metadata/MiddlewareMetadata.d.ts' exist - use it as a name resolution result.
File '/Users/valentinyelchenko/Projects/ogxone/adjecent-boxes/node_modules/routing-controllers/package.json' exists according to earlier cached lookups.
======== Module name '../../metadata/MiddlewareMetadata' was successfully resolved to '/Users/valentinyelchenko/Projects/ogxone/adjecent-boxes/node_modules/routing-controllers/types/metadata/MiddlewareMetadata.d.ts' with Package ID 'routing-controllers/types/metadata/MiddlewareMetadata.d.ts@0.9.0'. ========
======== Resolving module '../../metadata/ActionMetadata' from '/Users/valentinyelchenko/Projects/ogxone/adjecent-boxes/node_modules/routing-controllers/types/driver/express/ExpressDriver.d.ts'. ========
Explicitly specified module resolution kind: 'NodeJs'.
Loading module as file / folder, candidate module location '/Users/valentinyelchenko/Projects/ogxone/adjecent-boxes/node_modules/routing-controllers/types/metadata/ActionMetadata', target file type 'TypeScript'.
File '/Users/valentinyelchenko/Projects/ogxone/adjecent-boxes/node_modules/routing-controllers/types/metadata/ActionMetadata.ts' does not exist.
File '/Users/valentinyelchenko/Projects/ogxone/adjecent-boxes/node_modules/routing-controllers/types/metadata/ActionMetadata.tsx' does not exist.
File '/Users/valentinyelchenko/Projects/ogxone/adjecent-boxes/node_modules/routing-controllers/types/metadata/ActionMetadata.d.ts' exist - use it as a name resolution result.
File '/Users/valentinyelchenko/Projects/ogxone/adjecent-boxes/node_modules/routing-controllers/package.json' exists according to earlier cached lookups.
======== Module name '../../metadata/ActionMetadata' was successfully resolved to '/Users/valentinyelchenko/Projects/ogxone/adjecent-boxes/node_modules/routing-controllers/types/metadata/ActionMetadata.d.ts' with Package ID 'routing-controllers/types/metadata/ActionMetadata.d.ts@0.9.0'. ========
======== Resolving module '../../Action' from '/Users/valentinyelchenko/Projects/ogxone/adjecent-boxes/node_modules/routing-controllers/types/driver/express/ExpressDriver.d.ts'. ========
Explicitly specified module resolution kind: 'NodeJs'.
Loading module as file / folder, candidate module location '/Users/valentinyelchenko/Projects/ogxone/adjecent-boxes/node_modules/routing-controllers/types/Action', target file type 'TypeScript'.
File '/Users/valentinyelchenko/Projects/ogxone/adjecent-boxes/node_modules/routing-controllers/types/Action.ts' does not exist.
File '/Users/valentinyelchenko/Projects/ogxone/adjecent-boxes/node_modules/routing-controllers/types/Action.tsx' does not exist.
File '/Users/valentinyelchenko/Projects/ogxone/adjecent-boxes/node_modules/routing-controllers/types/Action.d.ts' exist - use it as a name resolution result.
File '/Users/valentinyelchenko/Projects/ogxone/adjecent-boxes/node_modules/routing-controllers/package.json' exists according to earlier cached lookups.
======== Module name '../../Action' was successfully resolved to '/Users/valentinyelchenko/Projects/ogxone/adjecent-boxes/node_modules/routing-controllers/types/Action.d.ts' with Package ID 'routing-controllers/types/Action.d.ts@0.9.0'. ========
======== Resolving module '../../metadata/ParamMetadata' from '/Users/valentinyelchenko/Projects/ogxone/adjecent-boxes/node_modules/routing-controllers/types/driver/express/ExpressDriver.d.ts'. ========
Explicitly specified module resolution kind: 'NodeJs'.
Loading module as file / folder, candidate module location '/Users/valentinyelchenko/Projects/ogxone/adjecent-boxes/node_modules/routing-controllers/types/metadata/ParamMetadata', target file type 'TypeScript'.
File '/Users/valentinyelchenko/Projects/ogxone/adjecent-boxes/node_modules/routing-controllers/types/metadata/ParamMetadata.ts' does not exist.
File '/Users/valentinyelchenko/Projects/ogxone/adjecent-boxes/node_modules/routing-controllers/types/metadata/ParamMetadata.tsx' does not exist.
File '/Users/valentinyelchenko/Projects/ogxone/adjecent-boxes/node_modules/routing-controllers/types/metadata/ParamMetadata.d.ts' exist - use it as a name resolution result.
File '/Users/valentinyelchenko/Projects/ogxone/adjecent-boxes/node_modules/routing-controllers/package.json' exists according to earlier cached lookups.
======== Module name '../../metadata/ParamMetadata' was successfully resolved to '/Users/valentinyelchenko/Projects/ogxone/adjecent-boxes/node_modules/routing-controllers/types/metadata/ParamMetadata.d.ts' with Package ID 'routing-controllers/types/metadata/ParamMetadata.d.ts@0.9.0'. ========
======== Resolving module '../BaseDriver' from '/Users/valentinyelchenko/Projects/ogxone/adjecent-boxes/node_modules/routing-controllers/types/driver/express/ExpressDriver.d.ts'. ========
Explicitly specified module resolution kind: 'NodeJs'.
Loading module as file / folder, candidate module location '/Users/valentinyelchenko/Projects/ogxone/adjecent-boxes/node_modules/routing-controllers/types/driver/BaseDriver', target file type 'TypeScript'.
File '/Users/valentinyelchenko/Projects/ogxone/adjecent-boxes/node_modules/routing-controllers/types/driver/BaseDriver.ts' does not exist.
File '/Users/valentinyelchenko/Projects/ogxone/adjecent-boxes/node_modules/routing-controllers/types/driver/BaseDriver.tsx' does not exist.
File '/Users/valentinyelchenko/Projects/ogxone/adjecent-boxes/node_modules/routing-controllers/types/driver/BaseDriver.d.ts' exist - use it as a name resolution result.
File '/Users/valentinyelchenko/Projects/ogxone/adjecent-boxes/node_modules/routing-controllers/package.json' exists according to earlier cached lookups.
======== Module name '../BaseDriver' was successfully resolved to '/Users/valentinyelchenko/Projects/ogxone/adjecent-boxes/node_modules/routing-controllers/types/driver/BaseDriver.d.ts' with Package ID 'routing-controllers/types/driver/BaseDriver.d.ts@0.9.0'. ========
======== Resolving module '../../Action' from '/Users/valentinyelchenko/Projects/ogxone/adjecent-boxes/node_modules/routing-controllers/types/driver/koa/KoaDriver.d.ts'. ========
Explicitly specified module resolution kind: 'NodeJs'.
Loading module as file / folder, candidate module location '/Users/valentinyelchenko/Projects/ogxone/adjecent-boxes/node_modules/routing-controllers/types/Action', target file type 'TypeScript'.
File '/Users/valentinyelchenko/Projects/ogxone/adjecent-boxes/node_modules/routing-controllers/types/Action.ts' does not exist.
File '/Users/valentinyelchenko/Projects/ogxone/adjecent-boxes/node_modules/routing-controllers/types/Action.tsx' does not exist.
File '/Users/valentinyelchenko/Projects/ogxone/adjecent-boxes/node_modules/routing-controllers/types/Action.d.ts' exist - use it as a name resolution result.
File '/Users/valentinyelchenko/Projects/ogxone/adjecent-boxes/node_modules/routing-controllers/package.json' exists according to earlier cached lookups.
======== Module name '../../Action' was successfully resolved to '/Users/valentinyelchenko/Projects/ogxone/adjecent-boxes/node_modules/routing-controllers/types/Action.d.ts' with Package ID 'routing-controllers/types/Action.d.ts@0.9.0'. ========
======== Resolving module '../../metadata/ActionMetadata' from '/Users/valentinyelchenko/Projects/ogxone/adjecent-boxes/node_modules/routing-controllers/types/driver/koa/KoaDriver.d.ts'. ========
Explicitly specified module resolution kind: 'NodeJs'.
Loading module as file / folder, candidate module location '/Users/valentinyelchenko/Projects/ogxone/adjecent-boxes/node_modules/routing-controllers/types/metadata/ActionMetadata', target file type 'TypeScript'.
File '/Users/valentinyelchenko/Projects/ogxone/adjecent-boxes/node_modules/routing-controllers/types/metadata/ActionMetadata.ts' does not exist.
File '/Users/valentinyelchenko/Projects/ogxone/adjecent-boxes/node_modules/routing-controllers/types/metadata/ActionMetadata.tsx' does not exist.
File '/Users/valentinyelchenko/Projects/ogxone/adjecent-boxes/node_modules/routing-controllers/types/metadata/ActionMetadata.d.ts' exist - use it as a name resolution result.
File '/Users/valentinyelchenko/Projects/ogxone/adjecent-boxes/node_modules/routing-controllers/package.json' exists according to earlier cached lookups.
======== Module name '../../metadata/ActionMetadata' was successfully resolved to '/Users/valentinyelchenko/Projects/ogxone/adjecent-boxes/node_modules/routing-controllers/types/metadata/ActionMetadata.d.ts' with Package ID 'routing-controllers/types/metadata/ActionMetadata.d.ts@0.9.0'. ========
======== Resolving module '../BaseDriver' from '/Users/valentinyelchenko/Projects/ogxone/adjecent-boxes/node_modules/routing-controllers/types/driver/koa/KoaDriver.d.ts'. ========
Explicitly specified module resolution kind: 'NodeJs'.
Loading module as file / folder, candidate module location '/Users/valentinyelchenko/Projects/ogxone/adjecent-boxes/node_modules/routing-controllers/types/driver/BaseDriver', target file type 'TypeScript'.
File '/Users/valentinyelchenko/Projects/ogxone/adjecent-boxes/node_modules/routing-controllers/types/driver/BaseDriver.ts' does not exist.
File '/Users/valentinyelchenko/Projects/ogxone/adjecent-boxes/node_modules/routing-controllers/types/driver/BaseDriver.tsx' does not exist.
File '/Users/valentinyelchenko/Projects/ogxone/adjecent-boxes/node_modules/routing-controllers/types/driver/BaseDriver.d.ts' exist - use it as a name resolution result.
File '/Users/valentinyelchenko/Projects/ogxone/adjecent-boxes/node_modules/routing-controllers/package.json' exists according to earlier cached lookups.
======== Module name '../BaseDriver' was successfully resolved to '/Users/valentinyelchenko/Projects/ogxone/adjecent-boxes/node_modules/routing-controllers/types/driver/BaseDriver.d.ts' with Package ID 'routing-controllers/types/driver/BaseDriver.d.ts@0.9.0'. ========
======== Resolving module '../../metadata/MiddlewareMetadata' from '/Users/valentinyelchenko/Projects/ogxone/adjecent-boxes/node_modules/routing-controllers/types/driver/koa/KoaDriver.d.ts'. ========
Explicitly specified module resolution kind: 'NodeJs'.
Loading module as file / folder, candidate module location '/Users/valentinyelchenko/Projects/ogxone/adjecent-boxes/node_modules/routing-controllers/types/metadata/MiddlewareMetadata', target file type 'TypeScript'.
File '/Users/valentinyelchenko/Projects/ogxone/adjecent-boxes/node_modules/routing-controllers/types/metadata/MiddlewareMetadata.ts' does not exist.
File '/Users/valentinyelchenko/Projects/ogxone/adjecent-boxes/node_modules/routing-controllers/types/metadata/MiddlewareMetadata.tsx' does not exist.
File '/Users/valentinyelchenko/Projects/ogxone/adjecent-boxes/node_modules/routing-controllers/types/metadata/MiddlewareMetadata.d.ts' exist - use it as a name resolution result.
File '/Users/valentinyelchenko/Projects/ogxone/adjecent-boxes/node_modules/routing-controllers/package.json' exists according to earlier cached lookups.
======== Module name '../../metadata/MiddlewareMetadata' was successfully resolved to '/Users/valentinyelchenko/Projects/ogxone/adjecent-boxes/node_modules/routing-controllers/types/metadata/MiddlewareMetadata.d.ts' with Package ID 'routing-controllers/types/metadata/MiddlewareMetadata.d.ts@0.9.0'. ========
======== Resolving module '../../metadata/ParamMetadata' from '/Users/valentinyelchenko/Projects/ogxone/adjecent-boxes/node_modules/routing-controllers/types/driver/koa/KoaDriver.d.ts'. ========
Explicitly specified module resolution kind: 'NodeJs'.
Loading module as file / folder, candidate module location '/Users/valentinyelchenko/Projects/ogxone/adjecent-boxes/node_modules/routing-controllers/types/metadata/ParamMetadata', target file type 'TypeScript'.
File '/Users/valentinyelchenko/Projects/ogxone/adjecent-boxes/node_modules/routing-controllers/types/metadata/ParamMetadata.ts' does not exist.
File '/Users/valentinyelchenko/Projects/ogxone/adjecent-boxes/node_modules/routing-controllers/types/metadata/ParamMetadata.tsx' does not exist.
File '/Users/valentinyelchenko/Projects/ogxone/adjecent-boxes/node_modules/routing-controllers/types/metadata/ParamMetadata.d.ts' exist - use it as a name resolution result.
File '/Users/valentinyelchenko/Projects/ogxone/adjecent-boxes/node_modules/routing-controllers/package.json' exists according to earlier cached lookups.
======== Module name '../../metadata/ParamMetadata' was successfully resolved to '/Users/valentinyelchenko/Projects/ogxone/adjecent-boxes/node_modules/routing-controllers/types/metadata/ParamMetadata.d.ts' with Package ID 'routing-controllers/types/metadata/ParamMetadata.d.ts@0.9.0'. ========
======== Resolving module '../../metadata/UseMetadata' from '/Users/valentinyelchenko/Projects/ogxone/adjecent-boxes/node_modules/routing-controllers/types/driver/koa/KoaDriver.d.ts'. ========
Explicitly specified module resolution kind: 'NodeJs'.
Loading module as file / folder, candidate module location '/Users/valentinyelchenko/Projects/ogxone/adjecent-boxes/node_modules/routing-controllers/types/metadata/UseMetadata', target file type 'TypeScript'.
File '/Users/valentinyelchenko/Projects/ogxone/adjecent-boxes/node_modules/routing-controllers/types/metadata/UseMetadata.ts' does not exist.
File '/Users/valentinyelchenko/Projects/ogxone/adjecent-boxes/node_modules/routing-controllers/types/metadata/UseMetadata.tsx' does not exist.
File '/Users/valentinyelchenko/Projects/ogxone/adjecent-boxes/node_modules/routing-controllers/types/metadata/UseMetadata.d.ts' exist - use it as a name resolution result.
File '/Users/valentinyelchenko/Projects/ogxone/adjecent-boxes/node_modules/routing-controllers/package.json' exists according to earlier cached lookups.
======== Module name '../../metadata/UseMetadata' was successfully resolved to '/Users/valentinyelchenko/Projects/ogxone/adjecent-boxes/node_modules/routing-controllers/types/metadata/UseMetadata.d.ts' with Package ID 'routing-controllers/types/metadata/UseMetadata.d.ts@0.9.0'. ========
======== Resolving module 'class-validator' from '/Users/valentinyelchenko/Projects/ogxone/adjecent-boxes/src/infra/adapter/schema/class-validator.ts'. ========
Explicitly specified module resolution kind: 'NodeJs'.
'baseUrl' option is set to '/Users/valentinyelchenko/Projects/ogxone/adjecent-boxes', using this value to resolve non-relative module name 'class-validator'.
'paths' option is specified, looking for a pattern to match module name 'class-validator'.
'baseUrl' option is set to '/Users/valentinyelchenko/Projects/ogxone/adjecent-boxes', using this value to resolve non-relative module name 'class-validator'.
Resolving module name 'class-validator' relative to base url '/Users/valentinyelchenko/Projects/ogxone/adjecent-boxes' - '/Users/valentinyelchenko/Projects/ogxone/adjecent-boxes/class-validator'.
Loading module as file / folder, candidate module location '/Users/valentinyelchenko/Projects/ogxone/adjecent-boxes/class-validator', target file type 'TypeScript'.
File '/Users/valentinyelchenko/Projects/ogxone/adjecent-boxes/class-validator.ts' does not exist.
File '/Users/valentinyelchenko/Projects/ogxone/adjecent-boxes/class-validator.tsx' does not exist.
File '/Users/valentinyelchenko/Projects/ogxone/adjecent-boxes/class-validator.d.ts' does not exist.
Directory '/Users/valentinyelchenko/Projects/ogxone/adjecent-boxes/class-validator' does not exist, skipping all lookups in it.
Loading module 'class-validator' from 'node_modules' folder, target file type 'TypeScript'.
Directory '/Users/valentinyelchenko/Projects/ogxone/adjecent-boxes/src/infra/adapter/schema/node_modules' does not exist, skipping all lookups in it.
Directory '/Users/valentinyelchenko/Projects/ogxone/adjecent-boxes/src/infra/adapter/node_modules' does not exist, skipping all lookups in it.
Directory '/Users/valentinyelchenko/Projects/ogxone/adjecent-boxes/src/infra/node_modules' does not exist, skipping all lookups in it.
Directory '/Users/valentinyelchenko/Projects/ogxone/adjecent-boxes/src/node_modules' does not exist, skipping all lookups in it.
File '/Users/valentinyelchenko/Projects/ogxone/adjecent-boxes/node_modules/class-validator/package.json' exists according to earlier cached lookups.
File '/Users/valentinyelchenko/Projects/ogxone/adjecent-boxes/node_modules/class-validator.ts' does not exist.
File '/Users/valentinyelchenko/Projects/ogxone/adjecent-boxes/node_modules/class-validator.tsx' does not exist.
File '/Users/valentinyelchenko/Projects/ogxone/adjecent-boxes/node_modules/class-validator.d.ts' does not exist.
'package.json' has 'typings' field './types/index.d.ts' that references '/Users/valentinyelchenko/Projects/ogxone/adjecent-boxes/node_modules/class-validator/types/index.d.ts'.
File '/Users/valentinyelchenko/Projects/ogxone/adjecent-boxes/node_modules/class-validator/types/index.d.ts' exist - use it as a name resolution result.
Resolving real path for '/Users/valentinyelchenko/Projects/ogxone/adjecent-boxes/node_modules/class-validator/types/index.d.ts', result '/Users/valentinyelchenko/Projects/ogxone/adjecent-boxes/node_modules/class-validator/types/index.d.ts'.
======== Module name 'class-validator' was successfully resolved to '/Users/valentinyelchenko/Projects/ogxone/adjecent-boxes/node_modules/class-validator/types/index.d.ts' with Package ID 'class-validator/types/index.d.ts@0.13.2'. ========
======== Resolving module '@domain/board/components' from '/Users/valentinyelchenko/Projects/ogxone/adjecent-boxes/src/infra/adapter/schema/class-validator.ts'. ========
Explicitly specified module resolution kind: 'NodeJs'.
'baseUrl' option is set to '/Users/valentinyelchenko/Projects/ogxone/adjecent-boxes', using this value to resolve non-relative module name '@domain/board/components'.
'paths' option is specified, looking for a pattern to match module name '@domain/board/components'.
Module name '@domain/board/components', matched pattern '@domain/*'.
Trying substitution 'src/domain/*', candidate module location: 'src/domain/board/components'.
Loading module as file / folder, candidate module location '/Users/valentinyelchenko/Projects/ogxone/adjecent-boxes/src/domain/board/components', target file type 'TypeScript'.
File '/Users/valentinyelchenko/Projects/ogxone/adjecent-boxes/src/domain/board/components.ts' exist - use it as a name resolution result.
======== Module name '@domain/board/components' was successfully resolved to '/Users/valentinyelchenko/Projects/ogxone/adjecent-boxes/src/domain/board/components.ts'. ========
======== Resolving module './components' from '/Users/valentinyelchenko/Projects/ogxone/adjecent-boxes/src/domain/board/generator.ts'. ========
Explicitly specified module resolution kind: 'NodeJs'.
Loading module as file / folder, candidate module location '/Users/valentinyelchenko/Projects/ogxone/adjecent-boxes/src/domain/board/components', target file type 'TypeScript'.
File '/Users/valentinyelchenko/Projects/ogxone/adjecent-boxes/src/domain/board/components.ts' exist - use it as a name resolution result.
======== Module name './components' was successfully resolved to '/Users/valentinyelchenko/Projects/ogxone/adjecent-boxes/src/domain/board/components.ts'. ========
======== Resolving module './components' from '/Users/valentinyelchenko/Projects/ogxone/adjecent-boxes/src/domain/board/solver.ts'. ========
Resolution for module './components' was found in cache from location '/Users/valentinyelchenko/Projects/ogxone/adjecent-boxes/src/domain/board'.
======== Module name './components' was successfully resolved to '/Users/valentinyelchenko/Projects/ogxone/adjecent-boxes/src/domain/board/components.ts'. ========
======== Resolving module 'routing-controllers' from '/Users/valentinyelchenko/Projects/ogxone/adjecent-boxes/src/controller/index.controller.ts'. ========
Resolution for module 'routing-controllers' was found in cache from location '/Users/valentinyelchenko/Projects/ogxone/adjecent-boxes/src/controller'.
======== Module name 'routing-controllers' was successfully resolved to '/Users/valentinyelchenko/Projects/ogxone/adjecent-boxes/node_modules/routing-controllers/types/index.d.ts' with Package ID 'routing-controllers/types/index.d.ts@0.9.0'. ========
======== Resolving module '@/app' from '/Users/valentinyelchenko/Projects/ogxone/adjecent-boxes/src/index.ts'. ========
Explicitly specified module resolution kind: 'NodeJs'.
'baseUrl' option is set to '/Users/valentinyelchenko/Projects/ogxone/adjecent-boxes', using this value to resolve non-relative module name '@/app'.
'paths' option is specified, looking for a pattern to match module name '@/app'.
Module name '@/app', matched pattern '@/*'.
Trying substitution 'src/*', candidate module location: 'src/app'.
Loading module as file / folder, candidate module location '/Users/valentinyelchenko/Projects/ogxone/adjecent-boxes/src/app', target file type 'TypeScript'.
File '/Users/valentinyelchenko/Projects/ogxone/adjecent-boxes/src/app.ts' exist - use it as a name resolution result.
======== Module name '@/app' was successfully resolved to '/Users/valentinyelchenko/Projects/ogxone/adjecent-boxes/src/app.ts'. ========
======== Resolving module 'debug' from '/Users/valentinyelchenko/Projects/ogxone/adjecent-boxes/src/index.ts'. ========
Explicitly specified module resolution kind: 'NodeJs'.
'baseUrl' option is set to '/Users/valentinyelchenko/Projects/ogxone/adjecent-boxes', using this value to resolve non-relative module name 'debug'.
'paths' option is specified, looking for a pattern to match module name 'debug'.
'baseUrl' option is set to '/Users/valentinyelchenko/Projects/ogxone/adjecent-boxes', using this value to resolve non-relative module name 'debug'.
Resolving module name 'debug' relative to base url '/Users/valentinyelchenko/Projects/ogxone/adjecent-boxes' - '/Users/valentinyelchenko/Projects/ogxone/adjecent-boxes/debug'.
Loading module as file / folder, candidate module location '/Users/valentinyelchenko/Projects/ogxone/adjecent-boxes/debug', target file type 'TypeScript'.
File '/Users/valentinyelchenko/Projects/ogxone/adjecent-boxes/debug.ts' does not exist.
File '/Users/valentinyelchenko/Projects/ogxone/adjecent-boxes/debug.tsx' does not exist.
File '/Users/valentinyelchenko/Projects/ogxone/adjecent-boxes/debug.d.ts' does not exist.
Directory '/Users/valentinyelchenko/Projects/ogxone/adjecent-boxes/debug' does not exist, skipping all lookups in it.
Loading module 'debug' from 'node_modules' folder, target file type 'TypeScript'.
Directory '/Users/valentinyelchenko/Projects/ogxone/adjecent-boxes/src/node_modules' does not exist, skipping all lookups in it.
Found 'package.json' at '/Users/valentinyelchenko/Projects/ogxone/adjecent-boxes/node_modules/debug/package.json'.
'package.json' does not have a 'typesVersions' field.
File '/Users/valentinyelchenko/Projects/ogxone/adjecent-boxes/node_modules/debug.ts' does not exist.
File '/Users/valentinyelchenko/Projects/ogxone/adjecent-boxes/node_modules/debug.tsx' does not exist.
File '/Users/valentinyelchenko/Projects/ogxone/adjecent-boxes/node_modules/debug.d.ts' does not exist.
'package.json' does not have a 'typings' field.
'package.json' does not have a 'types' field.
'package.json' has 'main' field './src/index.js' that references '/Users/valentinyelchenko/Projects/ogxone/adjecent-boxes/node_modules/debug/src/index.js'.
File '/Users/valentinyelchenko/Projects/ogxone/adjecent-boxes/node_modules/debug/src/index.js' exist - use it as a name resolution result.
File '/Users/valentinyelchenko/Projects/ogxone/adjecent-boxes/node_modules/debug/src/index.js' has an unsupported extension, so skipping it.
Loading module as file / folder, candidate module location '/Users/valentinyelchenko/Projects/ogxone/adjecent-boxes/node_modules/debug/src/index.js', target file type 'TypeScript'.
File '/Users/valentinyelchenko/Projects/ogxone/adjecent-boxes/node_modules/debug/src/index.js.ts' does not exist.
File '/Users/valentinyelchenko/Projects/ogxone/adjecent-boxes/node_modules/debug/src/index.js.tsx' does not exist.
File '/Users/valentinyelchenko/Projects/ogxone/adjecent-boxes/node_modules/debug/src/index.js.d.ts' does not exist.
File name '/Users/valentinyelchenko/Projects/ogxone/adjecent-boxes/node_modules/debug/src/index.js' has a '.js' extension - stripping it.
File '/Users/valentinyelchenko/Projects/ogxone/adjecent-boxes/node_modules/debug/src/index.ts' does not exist.
File '/Users/valentinyelchenko/Projects/ogxone/adjecent-boxes/node_modules/debug/src/index.tsx' does not exist.
File '/Users/valentinyelchenko/Projects/ogxone/adjecent-boxes/node_modules/debug/src/index.d.ts' does not exist.
Directory '/Users/valentinyelchenko/Projects/ogxone/adjecent-boxes/node_modules/debug/src/index.js' does not exist, skipping all lookups in it.
File '/Users/valentinyelchenko/Projects/ogxone/adjecent-boxes/node_modules/debug/index.ts' does not exist.
File '/Users/valentinyelchenko/Projects/ogxone/adjecent-boxes/node_modules/debug/index.tsx' does not exist.
File '/Users/valentinyelchenko/Projects/ogxone/adjecent-boxes/node_modules/debug/index.d.ts' does not exist.
File '/Users/valentinyelchenko/Projects/ogxone/adjecent-boxes/node_modules/@types/debug.d.ts' does not exist.
Directory '/Users/valentinyelchenko/Projects/ogxone/node_modules' does not exist, skipping all lookups in it.
Directory '/Users/valentinyelchenko/Projects/node_modules' does not exist, skipping all lookups in it.
File '/Users/valentinyelchenko/node_modules/debug.ts' does not exist.
File '/Users/valentinyelchenko/node_modules/debug.tsx' does not exist.
File '/Users/valentinyelchenko/node_modules/debug.d.ts' does not exist.
File '/Users/valentinyelchenko/node_modules/@types/debug.d.ts' does not exist.
Directory '/Users/node_modules' does not exist, skipping all lookups in it.
Directory '/node_modules' does not exist, skipping all lookups in it.
'baseUrl' option is set to '/Users/valentinyelchenko/Projects/ogxone/adjecent-boxes', using this value to resolve non-relative module name 'debug'.
'paths' option is specified, looking for a pattern to match module name 'debug'.
'baseUrl' option is set to '/Users/valentinyelchenko/Projects/ogxone/adjecent-boxes', using this value to resolve non-relative module name 'debug'.
Resolving module name 'debug' relative to base url '/Users/valentinyelchenko/Projects/ogxone/adjecent-boxes' - '/Users/valentinyelchenko/Projects/ogxone/adjecent-boxes/debug'.
Loading module as file / folder, candidate module location '/Users/valentinyelchenko/Projects/ogxone/adjecent-boxes/debug', target file type 'JavaScript'.
File '/Users/valentinyelchenko/Projects/ogxone/adjecent-boxes/debug.js' does not exist.
File '/Users/valentinyelchenko/Projects/ogxone/adjecent-boxes/debug.jsx' does not exist.
Directory '/Users/valentinyelchenko/Projects/ogxone/adjecent-boxes/debug' does not exist, skipping all lookups in it.
Loading module 'debug' from 'node_modules' folder, target file type 'JavaScript'.
Directory '/Users/valentinyelchenko/Projects/ogxone/adjecent-boxes/src/node_modules' does not exist, skipping all lookups in it.
File '/Users/valentinyelchenko/Projects/ogxone/adjecent-boxes/node_modules/debug/package.json' exists according to earlier cached lookups.
File '/Users/valentinyelchenko/Projects/ogxone/adjecent-boxes/node_modules/debug.js' does not exist.
File '/Users/valentinyelchenko/Projects/ogxone/adjecent-boxes/node_modules/debug.jsx' does not exist.
'package.json' has 'main' field './src/index.js' that references '/Users/valentinyelchenko/Projects/ogxone/adjecent-boxes/node_modules/debug/src/index.js'.
File '/Users/valentinyelchenko/Projects/ogxone/adjecent-boxes/node_modules/debug/src/index.js' exist - use it as a name resolution result.
Resolving real path for '/Users/valentinyelchenko/Projects/ogxone/adjecent-boxes/node_modules/debug/src/index.js', result '/Users/valentinyelchenko/Projects/ogxone/adjecent-boxes/node_modules/debug/src/index.js'.
======== Module name 'debug' was successfully resolved to '/Users/valentinyelchenko/Projects/ogxone/adjecent-boxes/node_modules/debug/src/index.js' with Package ID 'debug/src/index.js@2.6.9'. ========
======== Resolving module 'http' from '/Users/valentinyelchenko/Projects/ogxone/adjecent-boxes/src/index.ts'. ========
Explicitly specified module resolution kind: 'NodeJs'.
'baseUrl' option is set to '/Users/valentinyelchenko/Projects/ogxone/adjecent-boxes', using this value to resolve non-relative module name 'http'.
'paths' option is specified, looking for a pattern to match module name 'http'.
'baseUrl' option is set to '/Users/valentinyelchenko/Projects/ogxone/adjecent-boxes', using this value to resolve non-relative module name 'http'.
Resolving module name 'http' relative to base url '/Users/valentinyelchenko/Projects/ogxone/adjecent-boxes' - '/Users/valentinyelchenko/Projects/ogxone/adjecent-boxes/http'.
Loading module as file / folder, candidate module location '/Users/valentinyelchenko/Projects/ogxone/adjecent-boxes/http', target file type 'TypeScript'.
File '/Users/valentinyelchenko/Projects/ogxone/adjecent-boxes/http.ts' does not exist.
File '/Users/valentinyelchenko/Projects/ogxone/adjecent-boxes/http.tsx' does not exist.
File '/Users/valentinyelchenko/Projects/ogxone/adjecent-boxes/http.d.ts' does not exist.
Directory '/Users/valentinyelchenko/Projects/ogxone/adjecent-boxes/http' does not exist, skipping all lookups in it.
Loading module 'http' from 'node_modules' folder, target file type 'TypeScript'.
Directory '/Users/valentinyelchenko/Projects/ogxone/adjecent-boxes/src/node_modules' does not exist, skipping all lookups in it.
File '/Users/valentinyelchenko/Projects/ogxone/adjecent-boxes/node_modules/http.ts' does not exist.
File '/Users/valentinyelchenko/Projects/ogxone/adjecent-boxes/node_modules/http.tsx' does not exist.
File '/Users/valentinyelchenko/Projects/ogxone/adjecent-boxes/node_modules/http.d.ts' does not exist.
File '/Users/valentinyelchenko/Projects/ogxone/adjecent-boxes/node_modules/@types/http.d.ts' does not exist.
Directory '/Users/valentinyelchenko/Projects/ogxone/node_modules' does not exist, skipping all lookups in it.
Directory '/Users/valentinyelchenko/Projects/node_modules' does not exist, skipping all lookups in it.
File '/Users/valentinyelchenko/node_modules/http.ts' does not exist.
File '/Users/valentinyelchenko/node_modules/http.tsx' does not exist.
File '/Users/valentinyelchenko/node_modules/http.d.ts' does not exist.
File '/Users/valentinyelchenko/node_modules/@types/http.d.ts' does not exist.
Directory '/Users/node_modules' does not exist, skipping all lookups in it.
Directory '/node_modules' does not exist, skipping all lookups in it.
'baseUrl' option is set to '/Users/valentinyelchenko/Projects/ogxone/adjecent-boxes', using this value to resolve non-relative module name 'http'.
'paths' option is specified, looking for a pattern to match module name 'http'.
'baseUrl' option is set to '/Users/valentinyelchenko/Projects/ogxone/adjecent-boxes', using this value to resolve non-relative module name 'http'.
Resolving module name 'http' relative to base url '/Users/valentinyelchenko/Projects/ogxone/adjecent-boxes' - '/Users/valentinyelchenko/Projects/ogxone/adjecent-boxes/http'.
Loading module as file / folder, candidate module location '/Users/valentinyelchenko/Projects/ogxone/adjecent-boxes/http', target file type 'JavaScript'.
File '/Users/valentinyelchenko/Projects/ogxone/adjecent-boxes/http.js' does not exist.
File '/Users/valentinyelchenko/Projects/ogxone/adjecent-boxes/http.jsx' does not exist.
Directory '/Users/valentinyelchenko/Projects/ogxone/adjecent-boxes/http' does not exist, skipping all lookups in it.
Loading module 'http' from 'node_modules' folder, target file type 'JavaScript'.
Directory '/Users/valentinyelchenko/Projects/ogxone/adjecent-boxes/src/node_modules' does not exist, skipping all lookups in it.
File '/Users/valentinyelchenko/Projects/ogxone/adjecent-boxes/node_modules/http.js' does not exist.
File '/Users/valentinyelchenko/Projects/ogxone/adjecent-boxes/node_modules/http.jsx' does not exist.
Directory '/Users/valentinyelchenko/Projects/ogxone/node_modules' does not exist, skipping all lookups in it.
Directory '/Users/valentinyelchenko/Projects/node_modules' does not exist, skipping all lookups in it.
File '/Users/valentinyelchenko/node_modules/http.js' does not exist.
File '/Users/valentinyelchenko/node_modules/http.jsx' does not exist.
Directory '/Users/node_modules' does not exist, skipping all lookups in it.
Directory '/node_modules' does not exist, skipping all lookups in it.
======== Module name 'http' was not resolved. ========
======== Resolving type reference directive 'json5', containing file '/Users/valentinyelchenko/Projects/ogxone/adjecent-boxes/__inferred type names__.ts', root directory '/Users/valentinyelchenko/Projects/ogxone/adjecent-boxes/node_modules/@types,/Users/valentinyelchenko/node_modules/@types'. ========
Resolving with primary search path '/Users/valentinyelchenko/Projects/ogxone/adjecent-boxes/node_modules/@types, /Users/valentinyelchenko/node_modules/@types'.
Found 'package.json' at '/Users/valentinyelchenko/Projects/ogxone/adjecent-boxes/node_modules/@types/json5/package.json'.
'package.json' does not have a 'typesVersions' field.
'package.json' has 'typings' field 'index.d.ts' that references '/Users/valentinyelchenko/Projects/ogxone/adjecent-boxes/node_modules/@types/json5/index.d.ts'.
File '/Users/valentinyelchenko/Projects/ogxone/adjecent-boxes/node_modules/@types/json5/index.d.ts' exist - use it as a name resolution result.
Resolving real path for '/Users/valentinyelchenko/Projects/ogxone/adjecent-boxes/node_modules/@types/json5/index.d.ts', result '/Users/valentinyelchenko/Projects/ogxone/adjecent-boxes/node_modules/@types/json5/index.d.ts'.
======== Type reference directive 'json5' was successfully resolved to '/Users/valentinyelchenko/Projects/ogxone/adjecent-boxes/node_modules/@types/json5/index.d.ts' with Package ID '@types/json5/index.d.ts@0.0.29', primary: true. ========
======== Resolving type reference directive 'node', containing file '/Users/valentinyelchenko/Projects/ogxone/adjecent-boxes/__inferred type names__.ts', root directory '/Users/valentinyelchenko/Projects/ogxone/adjecent-boxes/node_modules/@types,/Users/valentinyelchenko/node_modules/@types'. ========
Resolving with primary search path '/Users/valentinyelchenko/Projects/ogxone/adjecent-boxes/node_modules/@types, /Users/valentinyelchenko/node_modules/@types'.
Found 'package.json' at '/Users/valentinyelchenko/Projects/ogxone/adjecent-boxes/node_modules/@types/node/package.json'.
'package.json' does not have a 'typesVersions' field.
'package.json' does not have a 'typings' field.
'package.json' has 'types' field 'index.d.ts' that references '/Users/valentinyelchenko/Projects/ogxone/adjecent-boxes/node_modules/@types/node/index.d.ts'.
File '/Users/valentinyelchenko/Projects/ogxone/adjecent-boxes/node_modules/@types/node/index.d.ts' exist - use it as a name resolution result.
Resolving real path for '/Users/valentinyelchenko/Projects/ogxone/adjecent-boxes/node_modules/@types/node/index.d.ts', result '/Users/valentinyelchenko/Projects/ogxone/adjecent-boxes/node_modules/@types/node/index.d.ts'.
======== Type reference directive 'node' was successfully resolved to '/Users/valentinyelchenko/Projects/ogxone/adjecent-boxes/node_modules/@types/node/index.d.ts' with Package ID '@types/node/index.d.ts@17.0.8', primary: true. ========
Module 'assert' was resolved as locally declared ambient module in file '/Users/valentinyelchenko/Projects/ogxone/adjecent-boxes/node_modules/@types/node/assert.d.ts'.
======== Resolving module 'node:assert' from '/Users/valentinyelchenko/Projects/ogxone/adjecent-boxes/node_modules/@types/node/assert/strict.d.ts'. ========
Explicitly specified module resolution kind: 'NodeJs'.
'baseUrl' option is set to '/Users/valentinyelchenko/Projects/ogxone/adjecent-boxes', using this value to resolve non-relative module name 'node:assert'.
'paths' option is specified, looking for a pattern to match module name 'node:assert'.
'baseUrl' option is set to '/Users/valentinyelchenko/Projects/ogxone/adjecent-boxes', using this value to resolve non-relative module name 'node:assert'.
Resolving module name 'node:assert' relative to base url '/Users/valentinyelchenko/Projects/ogxone/adjecent-boxes' - '/Users/valentinyelchenko/Projects/ogxone/adjecent-boxes/node:assert'.
Loading module as file / folder, candidate module location '/Users/valentinyelchenko/Projects/ogxone/adjecent-boxes/node:assert', target file type 'TypeScript'.
File '/Users/valentinyelchenko/Projects/ogxone/adjecent-boxes/node:assert.ts' does not exist.
File '/Users/valentinyelchenko/Projects/ogxone/adjecent-boxes/node:assert.tsx' does not exist.
File '/Users/valentinyelchenko/Projects/ogxone/adjecent-boxes/node:assert.d.ts' does not exist.
Directory '/Users/valentinyelchenko/Projects/ogxone/adjecent-boxes/node:assert' does not exist, skipping all lookups in it.
Loading module 'node:assert' from 'node_modules' folder, target file type 'TypeScript'.
Directory '/Users/valentinyelchenko/Projects/ogxone/adjecent-boxes/node_modules/@types/node/assert/node_modules' does not exist, skipping all lookups in it.
Directory '/Users/valentinyelchenko/Projects/ogxone/adjecent-boxes/node_modules/@types/node/node_modules' does not exist, skipping all lookups in it.
Directory '/Users/valentinyelchenko/Projects/ogxone/adjecent-boxes/node_modules/@types/node_modules' does not exist, skipping all lookups in it.
File '/Users/valentinyelchenko/Projects/ogxone/adjecent-boxes/node_modules/node:assert.ts' does not exist.
File '/Users/valentinyelchenko/Projects/ogxone/adjecent-boxes/node_modules/node:assert.tsx' does not exist.
File '/Users/valentinyelchenko/Projects/ogxone/adjecent-boxes/node_modules/node:assert.d.ts' does not exist.
File '/Users/valentinyelchenko/Projects/ogxone/adjecent-boxes/node_modules/@types/node:assert.d.ts' does not exist.
Directory '/Users/valentinyelchenko/Projects/ogxone/node_modules' does not exist, skipping all lookups in it.
Directory '/Users/valentinyelchenko/Projects/node_modules' does not exist, skipping all lookups in it.
File '/Users/valentinyelchenko/node_modules/node:assert.ts' does not exist.
File '/Users/valentinyelchenko/node_modules/node:assert.tsx' does not exist.
File '/Users/valentinyelchenko/node_modules/node:assert.d.ts' does not exist.
File '/Users/valentinyelchenko/node_modules/@types/node:assert.d.ts' does not exist.
Directory '/Users/node_modules' does not exist, skipping all lookups in it.
Directory '/node_modules' does not exist, skipping all lookups in it.
'baseUrl' option is set to '/Users/valentinyelchenko/Projects/ogxone/adjecent-boxes', using this value to resolve non-relative module name 'node:assert'.
'paths' option is specified, looking for a pattern to match module name 'node:assert'.
'baseUrl' option is set to '/Users/valentinyelchenko/Projects/ogxone/adjecent-boxes', using this value to resolve non-relative module name 'node:assert'.
Resolving module name 'node:assert' relative to base url '/Users/valentinyelchenko/Projects/ogxone/adjecent-boxes' - '/Users/valentinyelchenko/Projects/ogxone/adjecent-boxes/node:assert'.
Loading module as file / folder, candidate module location '/Users/valentinyelchenko/Projects/ogxone/adjecent-boxes/node:assert', target file type 'JavaScript'.
File '/Users/valentinyelchenko/Projects/ogxone/adjecent-boxes/node:assert.js' does not exist.
File '/Users/valentinyelchenko/Projects/ogxone/adjecent-boxes/node:assert.jsx' does not exist.
Directory '/Users/valentinyelchenko/Projects/ogxone/adjecent-boxes/node:assert' does not exist, skipping all lookups in it.
Loading module 'node:assert' from 'node_modules' folder, target file type 'JavaScript'.
Directory '/Users/valentinyelchenko/Projects/ogxone/adjecent-boxes/node_modules/@types/node/assert/node_modules' does not exist, skipping all lookups in it.
Directory '/Users/valentinyelchenko/Projects/ogxone/adjecent-boxes/node_modules/@types/node/node_modules' does not exist, skipping all lookups in it.
Directory '/Users/valentinyelchenko/Projects/ogxone/adjecent-boxes/node_modules/@types/node_modules' does not exist, skipping all lookups in it.
File '/Users/valentinyelchenko/Projects/ogxone/adjecent-boxes/node_modules/node:assert.js' does not exist.
File '/Users/valentinyelchenko/Projects/ogxone/adjecent-boxes/node_modules/node:assert.jsx' does not exist.
Directory '/Users/valentinyelchenko/Projects/ogxone/node_modules' does not exist, skipping all lookups in it.
Directory '/Users/valentinyelchenko/Projects/node_modules' does not exist, skipping all lookups in it.
File '/Users/valentinyelchenko/node_modules/node:assert.js' does not exist.
File '/Users/valentinyelchenko/node_modules/node:assert.jsx' does not exist.
Directory '/Users/node_modules' does not exist, skipping all lookups in it.
Directory '/node_modules' does not exist, skipping all lookups in it.
======== Module name 'node:assert' was not resolved. ========
Module 'async_hooks' was resolved as locally declared ambient module in file '/Users/valentinyelchenko/Projects/ogxone/adjecent-boxes/node_modules/@types/node/async_hooks.d.ts'.
Module 'buffer' was resolved as locally declared ambient module in file '/Users/valentinyelchenko/Projects/ogxone/adjecent-boxes/node_modules/@types/node/buffer.d.ts'.
======== Resolving module 'node:crypto' from '/Users/valentinyelchenko/Projects/ogxone/adjecent-boxes/node_modules/@types/node/buffer.d.ts'. ========
Explicitly specified module resolution kind: 'NodeJs'.
'baseUrl' option is set to '/Users/valentinyelchenko/Projects/ogxone/adjecent-boxes', using this value to resolve non-relative module name 'node:crypto'.
'paths' option is specified, looking for a pattern to match module name 'node:crypto'.
'baseUrl' option is set to '/Users/valentinyelchenko/Projects/ogxone/adjecent-boxes', using this value to resolve non-relative module name 'node:crypto'.
Resolving module name 'node:crypto' relative to base url '/Users/valentinyelchenko/Projects/ogxone/adjecent-boxes' - '/Users/valentinyelchenko/Projects/ogxone/adjecent-boxes/node:crypto'.
Loading module as file / folder, candidate module location '/Users/valentinyelchenko/Projects/ogxone/adjecent-boxes/node:crypto', target file type 'TypeScript'.
File '/Users/valentinyelchenko/Projects/ogxone/adjecent-boxes/node:crypto.ts' does not exist.
File '/Users/valentinyelchenko/Projects/ogxone/adjecent-boxes/node:crypto.tsx' does not exist.
File '/Users/valentinyelchenko/Projects/ogxone/adjecent-boxes/node:crypto.d.ts' does not exist.
Directory '/Users/valentinyelchenko/Projects/ogxone/adjecent-boxes/node:crypto' does not exist, skipping all lookups in it.
Loading module 'node:crypto' from 'node_modules' folder, target file type 'TypeScript'.
Directory '/Users/valentinyelchenko/Projects/ogxone/adjecent-boxes/node_modules/@types/node/node_modules' does not exist, skipping all lookups in it.
Directory '/Users/valentinyelchenko/Projects/ogxone/adjecent-boxes/node_modules/@types/node_modules' does not exist, skipping all lookups in it.
File '/Users/valentinyelchenko/Projects/ogxone/adjecent-boxes/node_modules/node:crypto.ts' does not exist.
File '/Users/valentinyelchenko/Projects/ogxone/adjecent-boxes/node_modules/node:crypto.tsx' does not exist.
File '/Users/valentinyelchenko/Projects/ogxone/adjecent-boxes/node_modules/node:crypto.d.ts' does not exist.
File '/Users/valentinyelchenko/Projects/ogxone/adjecent-boxes/node_modules/@types/node:crypto.d.ts' does not exist.
Directory '/Users/valentinyelchenko/Projects/ogxone/node_modules' does not exist, skipping all lookups in it.
Directory '/Users/valentinyelchenko/Projects/node_modules' does not exist, skipping all lookups in it.
File '/Users/valentinyelchenko/node_modules/node:crypto.ts' does not exist.
File '/Users/valentinyelchenko/node_modules/node:crypto.tsx' does not exist.
File '/Users/valentinyelchenko/node_modules/node:crypto.d.ts' does not exist.
File '/Users/valentinyelchenko/node_modules/@types/node:crypto.d.ts' does not exist.
Directory '/Users/node_modules' does not exist, skipping all lookups in it.
Directory '/node_modules' does not exist, skipping all lookups in it.
'baseUrl' option is set to '/Users/valentinyelchenko/Projects/ogxone/adjecent-boxes', using this value to resolve non-relative module name 'node:crypto'.
'paths' option is specified, looking for a pattern to match module name 'node:crypto'.
'baseUrl' option is set to '/Users/valentinyelchenko/Projects/ogxone/adjecent-boxes', using this value to resolve non-relative module name 'node:crypto'.
Resolving module name 'node:crypto' relative to base url '/Users/valentinyelchenko/Projects/ogxone/adjecent-boxes' - '/Users/valentinyelchenko/Projects/ogxone/adjecent-boxes/node:crypto'.
Loading module as file / folder, candidate module location '/Users/valentinyelchenko/Projects/ogxone/adjecent-boxes/node:crypto', target file type 'JavaScript'.
File '/Users/valentinyelchenko/Projects/ogxone/adjecent-boxes/node:crypto.js' does not exist.
File '/Users/valentinyelchenko/Projects/ogxone/adjecent-boxes/node:crypto.jsx' does not exist.
Directory '/Users/valentinyelchenko/Projects/ogxone/adjecent-boxes/node:crypto' does not exist, skipping all lookups in it.
Loading module 'node:crypto' from 'node_modules' folder, target file type 'JavaScript'.
Directory '/Users/valentinyelchenko/Projects/ogxone/adjecent-boxes/node_modules/@types/node/node_modules' does not exist, skipping all lookups in it.
Directory '/Users/valentinyelchenko/Projects/ogxone/adjecent-boxes/node_modules/@types/node_modules' does not exist, skipping all lookups in it.
File '/Users/valentinyelchenko/Projects/ogxone/adjecent-boxes/node_modules/node:crypto.js' does not exist.
File '/Users/valentinyelchenko/Projects/ogxone/adjecent-boxes/node_modules/node:crypto.jsx' does not exist.
Directory '/Users/valentinyelchenko/Projects/ogxone/node_modules' does not exist, skipping all lookups in it.
Directory '/Users/valentinyelchenko/Projects/node_modules' does not exist, skipping all lookups in it.
File '/Users/valentinyelchenko/node_modules/node:crypto.js' does not exist.
File '/Users/valentinyelchenko/node_modules/node:crypto.jsx' does not exist.
Directory '/Users/node_modules' does not exist, skipping all lookups in it.
Directory '/node_modules' does not exist, skipping all lookups in it.
======== Module name 'node:crypto' was not resolved. ========
Module 'child_process' was resolved as locally declared ambient module in file '/Users/valentinyelchenko/Projects/ogxone/adjecent-boxes/node_modules/@types/node/child_process.d.ts'.
======== Resolving module 'node:fs' from '/Users/valentinyelchenko/Projects/ogxone/adjecent-boxes/node_modules/@types/node/child_process.d.ts'. ========
Explicitly specified module resolution kind: 'NodeJs'.
'baseUrl' option is set to '/Users/valentinyelchenko/Projects/ogxone/adjecent-boxes', using this value to resolve non-relative module name 'node:fs'.
'paths' option is specified, looking for a pattern to match module name 'node:fs'.
'baseUrl' option is set to '/Users/valentinyelchenko/Projects/ogxone/adjecent-boxes', using this value to resolve non-relative module name 'node:fs'.
Resolving module name 'node:fs' relative to base url '/Users/valentinyelchenko/Projects/ogxone/adjecent-boxes' - '/Users/valentinyelchenko/Projects/ogxone/adjecent-boxes/node:fs'.
Loading module as file / folder, candidate module location '/Users/valentinyelchenko/Projects/ogxone/adjecent-boxes/node:fs', target file type 'TypeScript'.
File '/Users/valentinyelchenko/Projects/ogxone/adjecent-boxes/node:fs.ts' does not exist.
File '/Users/valentinyelchenko/Projects/ogxone/adjecent-boxes/node:fs.tsx' does not exist.
File '/Users/valentinyelchenko/Projects/ogxone/adjecent-boxes/node:fs.d.ts' does not exist.
Directory '/Users/valentinyelchenko/Projects/ogxone/adjecent-boxes/node:fs' does not exist, skipping all lookups in it.
Loading module 'node:fs' from 'node_modules' folder, target file type 'TypeScript'.
Directory '/Users/valentinyelchenko/Projects/ogxone/adjecent-boxes/node_modules/@types/node/node_modules' does not exist, skipping all lookups in it.
Directory '/Users/valentinyelchenko/Projects/ogxone/adjecent-boxes/node_modules/@types/node_modules' does not exist, skipping all lookups in it.
File '/Users/valentinyelchenko/Projects/ogxone/adjecent-boxes/node_modules/node:fs.ts' does not exist.
File '/Users/valentinyelchenko/Projects/ogxone/adjecent-boxes/node_modules/node:fs.tsx' does not exist.
File '/Users/valentinyelchenko/Projects/ogxone/adjecent-boxes/node_modules/node:fs.d.ts' does not exist.
File '/Users/valentinyelchenko/Projects/ogxone/adjecent-boxes/node_modules/@types/node:fs.d.ts' does not exist.
Directory '/Users/valentinyelchenko/Projects/ogxone/node_modules' does not exist, skipping all lookups in it.
Directory '/Users/valentinyelchenko/Projects/node_modules' does not exist, skipping all lookups in it.
File '/Users/valentinyelchenko/node_modules/node:fs.ts' does not exist.
File '/Users/valentinyelchenko/node_modules/node:fs.tsx' does not exist.
File '/Users/valentinyelchenko/node_modules/node:fs.d.ts' does not exist.
File '/Users/valentinyelchenko/node_modules/@types/node:fs.d.ts' does not exist.
Directory '/Users/node_modules' does not exist, skipping all lookups in it.
Directory '/node_modules' does not exist, skipping all lookups in it.
'baseUrl' option is set to '/Users/valentinyelchenko/Projects/ogxone/adjecent-boxes', using this value to resolve non-relative module name 'node:fs'.
'paths' option is specified, looking for a pattern to match module name 'node:fs'.
'baseUrl' option is set to '/Users/valentinyelchenko/Projects/ogxone/adjecent-boxes', using this value to resolve non-relative module name 'node:fs'.
Resolving module name 'node:fs' relative to base url '/Users/valentinyelchenko/Projects/ogxone/adjecent-boxes' - '/Users/valentinyelchenko/Projects/ogxone/adjecent-boxes/node:fs'.
Loading module as file / folder, candidate module location '/Users/valentinyelchenko/Projects/ogxone/adjecent-boxes/node:fs', target file type 'JavaScript'.
File '/Users/valentinyelchenko/Projects/ogxone/adjecent-boxes/node:fs.js' does not exist.
File '/Users/valentinyelchenko/Projects/ogxone/adjecent-boxes/node:fs.jsx' does not exist.
Directory '/Users/valentinyelchenko/Projects/ogxone/adjecent-boxes/node:fs' does not exist, skipping all lookups in it.
Loading module 'node:fs' from 'node_modules' folder, target file type 'JavaScript'.
Directory '/Users/valentinyelchenko/Projects/ogxone/adjecent-boxes/node_modules/@types/node/node_modules' does not exist, skipping all lookups in it.
Directory '/Users/valentinyelchenko/Projects/ogxone/adjecent-boxes/node_modules/@types/node_modules' does not exist, skipping all lookups in it.
File '/Users/valentinyelchenko/Projects/ogxone/adjecent-boxes/node_modules/node:fs.js' does not exist.
File '/Users/valentinyelchenko/Projects/ogxone/adjecent-boxes/node_modules/node:fs.jsx' does not exist.
Directory '/Users/valentinyelchenko/Projects/ogxone/node_modules' does not exist, skipping all lookups in it.
Directory '/Users/valentinyelchenko/Projects/node_modules' does not exist, skipping all lookups in it.
File '/Users/valentinyelchenko/node_modules/node:fs.js' does not exist.
File '/Users/valentinyelchenko/node_modules/node:fs.jsx' does not exist.
Directory '/Users/node_modules' does not exist, skipping all lookups in it.
Directory '/node_modules' does not exist, skipping all lookups in it.
======== Module name 'node:fs' was not resolved. ========
======== Resolving module 'node:events' from '/Users/valentinyelchenko/Projects/ogxone/adjecent-boxes/node_modules/@types/node/child_process.d.ts'. ========
Explicitly specified module resolution kind: 'NodeJs'.
'baseUrl' option is set to '/Users/valentinyelchenko/Projects/ogxone/adjecent-boxes', using this value to resolve non-relative module name 'node:events'.
'paths' option is specified, looking for a pattern to match module name 'node:events'.
'baseUrl' option is set to '/Users/valentinyelchenko/Projects/ogxone/adjecent-boxes', using this value to resolve non-relative module name 'node:events'.
Resolving module name 'node:events' relative to base url '/Users/valentinyelchenko/Projects/ogxone/adjecent-boxes' - '/Users/valentinyelchenko/Projects/ogxone/adjecent-boxes/node:events'.
Loading module as file / folder, candidate module location '/Users/valentinyelchenko/Projects/ogxone/adjecent-boxes/node:events', target file type 'TypeScript'.
File '/Users/valentinyelchenko/Projects/ogxone/adjecent-boxes/node:events.ts' does not exist.
File '/Users/valentinyelchenko/Projects/ogxone/adjecent-boxes/node:events.tsx' does not exist.
File '/Users/valentinyelchenko/Projects/ogxone/adjecent-boxes/node:events.d.ts' does not exist.
Directory '/Users/valentinyelchenko/Projects/ogxone/adjecent-boxes/node:events' does not exist, skipping all lookups in it.
Loading module 'node:events' from 'node_modules' folder, target file type 'TypeScript'.
Directory '/Users/valentinyelchenko/Projects/ogxone/adjecent-boxes/node_modules/@types/node/node_modules' does not exist, skipping all lookups in it.
Directory '/Users/valentinyelchenko/Projects/ogxone/adjecent-boxes/node_modules/@types/node_modules' does not exist, skipping all lookups in it.
File '/Users/valentinyelchenko/Projects/ogxone/adjecent-boxes/node_modules/node:events.ts' does not exist.
File '/Users/valentinyelchenko/Projects/ogxone/adjecent-boxes/node_modules/node:events.tsx' does not exist.
File '/Users/valentinyelchenko/Projects/ogxone/adjecent-boxes/node_modules/node:events.d.ts' does not exist.
File '/Users/valentinyelchenko/Projects/ogxone/adjecent-boxes/node_modules/@types/node:events.d.ts' does not exist.
Directory '/Users/valentinyelchenko/Projects/ogxone/node_modules' does not exist, skipping all lookups in it.
Directory '/Users/valentinyelchenko/Projects/node_modules' does not exist, skipping all lookups in it.
File '/Users/valentinyelchenko/node_modules/node:events.ts' does not exist.
File '/Users/valentinyelchenko/node_modules/node:events.tsx' does not exist.
File '/Users/valentinyelchenko/node_modules/node:events.d.ts' does not exist.
File '/Users/valentinyelchenko/node_modules/@types/node:events.d.ts' does not exist.
Directory '/Users/node_modules' does not exist, skipping all lookups in it.
Directory '/node_modules' does not exist, skipping all lookups in it.
'baseUrl' option is set to '/Users/valentinyelchenko/Projects/ogxone/adjecent-boxes', using this value to resolve non-relative module name 'node:events'.
'paths' option is specified, looking for a pattern to match module name 'node:events'.
'baseUrl' option is set to '/Users/valentinyelchenko/Projects/ogxone/adjecent-boxes', using this value to resolve non-relative module name 'node:events'.
Resolving module name 'node:events' relative to base url '/Users/valentinyelchenko/Projects/ogxone/adjecent-boxes' - '/Users/valentinyelchenko/Projects/ogxone/adjecent-boxes/node:events'.
Loading module as file / folder, candidate module location '/Users/valentinyelchenko/Projects/ogxone/adjecent-boxes/node:events', target file type 'JavaScript'.
File '/Users/valentinyelchenko/Projects/ogxone/adjecent-boxes/node:events.js' does not exist.
File '/Users/valentinyelchenko/Projects/ogxone/adjecent-boxes/node:events.jsx' does not exist.
Directory '/Users/valentinyelchenko/Projects/ogxone/adjecent-boxes/node:events' does not exist, skipping all lookups in it.
Loading module 'node:events' from 'node_modules' folder, target file type 'JavaScript'.
Directory '/Users/valentinyelchenko/Projects/ogxone/adjecent-boxes/node_modules/@types/node/node_modules' does not exist, skipping all lookups in it.
Directory '/Users/valentinyelchenko/Projects/ogxone/adjecent-boxes/node_modules/@types/node_modules' does not exist, skipping all lookups in it.
File '/Users/valentinyelchenko/Projects/ogxone/adjecent-boxes/node_modules/node:events.js' does not exist.
File '/Users/valentinyelchenko/Projects/ogxone/adjecent-boxes/node_modules/node:events.jsx' does not exist.
Directory '/Users/valentinyelchenko/Projects/ogxone/node_modules' does not exist, skipping all lookups in it.
Directory '/Users/valentinyelchenko/Projects/node_modules' does not exist, skipping all lookups in it.
File '/Users/valentinyelchenko/node_modules/node:events.js' does not exist.
File '/Users/valentinyelchenko/node_modules/node:events.jsx' does not exist.
Directory '/Users/node_modules' does not exist, skipping all lookups in it.
Directory '/node_modules' does not exist, skipping all lookups in it.
======== Module name 'node:events' was not resolved. ========
======== Resolving module 'node:net' from '/Users/valentinyelchenko/Projects/ogxone/adjecent-boxes/node_modules/@types/node/child_process.d.ts'. ========
Explicitly specified module resolution kind: 'NodeJs'.
'baseUrl' option is set to '/Users/valentinyelchenko/Projects/ogxone/adjecent-boxes', using this value to resolve non-relative module name 'node:net'.
'paths' option is specified, looking for a pattern to match module name 'node:net'.
'baseUrl' option is set to '/Users/valentinyelchenko/Projects/ogxone/adjecent-boxes', using this value to resolve non-relative module name 'node:net'.
Resolving module name 'node:net' relative to base url '/Users/valentinyelchenko/Projects/ogxone/adjecent-boxes' - '/Users/valentinyelchenko/Projects/ogxone/adjecent-boxes/node:net'.
Loading module as file / folder, candidate module location '/Users/valentinyelchenko/Projects/ogxone/adjecent-boxes/node:net', target file type 'TypeScript'.
File '/Users/valentinyelchenko/Projects/ogxone/adjecent-boxes/node:net.ts' does not exist.
File '/Users/valentinyelchenko/Projects/ogxone/adjecent-boxes/node:net.tsx' does not exist.
File '/Users/valentinyelchenko/Projects/ogxone/adjecent-boxes/node:net.d.ts' does not exist.
Directory '/Users/valentinyelchenko/Projects/ogxone/adjecent-boxes/node:net' does not exist, skipping all lookups in it.
Loading module 'node:net' from 'node_modules' folder, target file type 'TypeScript'.
Directory '/Users/valentinyelchenko/Projects/ogxone/adjecent-boxes/node_modules/@types/node/node_modules' does not exist, skipping all lookups in it.
Directory '/Users/valentinyelchenko/Projects/ogxone/adjecent-boxes/node_modules/@types/node_modules' does not exist, skipping all lookups in it.
File '/Users/valentinyelchenko/Projects/ogxone/adjecent-boxes/node_modules/node:net.ts' does not exist.
File '/Users/valentinyelchenko/Projects/ogxone/adjecent-boxes/node_modules/node:net.tsx' does not exist.
File '/Users/valentinyelchenko/Projects/ogxone/adjecent-boxes/node_modules/node:net.d.ts' does not exist.
File '/Users/valentinyelchenko/Projects/ogxone/adjecent-boxes/node_modules/@types/node:net.d.ts' does not exist.
Directory '/Users/valentinyelchenko/Projects/ogxone/node_modules' does not exist, skipping all lookups in it.
Directory '/Users/valentinyelchenko/Projects/node_modules' does not exist, skipping all lookups in it.
File '/Users/valentinyelchenko/node_modules/node:net.ts' does not exist.
File '/Users/valentinyelchenko/node_modules/node:net.tsx' does not exist.
File '/Users/valentinyelchenko/node_modules/node:net.d.ts' does not exist.
File '/Users/valentinyelchenko/node_modules/@types/node:net.d.ts' does not exist.
Directory '/Users/node_modules' does not exist, skipping all lookups in it.
Directory '/node_modules' does not exist, skipping all lookups in it.
'baseUrl' option is set to '/Users/valentinyelchenko/Projects/ogxone/adjecent-boxes', using this value to resolve non-relative module name 'node:net'.
'paths' option is specified, looking for a pattern to match module name 'node:net'.
'baseUrl' option is set to '/Users/valentinyelchenko/Projects/ogxone/adjecent-boxes', using this value to resolve non-relative module name 'node:net'.
Resolving module name 'node:net' relative to base url '/Users/valentinyelchenko/Projects/ogxone/adjecent-boxes' - '/Users/valentinyelchenko/Projects/ogxone/adjecent-boxes/node:net'.
Loading module as file / folder, candidate module location '/Users/valentinyelchenko/Projects/ogxone/adjecent-boxes/node:net', target file type 'JavaScript'.
File '/Users/valentinyelchenko/Projects/ogxone/adjecent-boxes/node:net.js' does not exist.
File '/Users/valentinyelchenko/Projects/ogxone/adjecent-boxes/node:net.jsx' does not exist.
Directory '/Users/valentinyelchenko/Projects/ogxone/adjecent-boxes/node:net' does not exist, skipping all lookups in it.
Loading module 'node:net' from 'node_modules' folder, target file type 'JavaScript'.
Directory '/Users/valentinyelchenko/Projects/ogxone/adjecent-boxes/node_modules/@types/node/node_modules' does not exist, skipping all lookups in it.
Directory '/Users/valentinyelchenko/Projects/ogxone/adjecent-boxes/node_modules/@types/node_modules' does not exist, skipping all lookups in it.
File '/Users/valentinyelchenko/Projects/ogxone/adjecent-boxes/node_modules/node:net.js' does not exist.
File '/Users/valentinyelchenko/Projects/ogxone/adjecent-boxes/node_modules/node:net.jsx' does not exist.
Directory '/Users/valentinyelchenko/Projects/ogxone/node_modules' does not exist, skipping all lookups in it.
Directory '/Users/valentinyelchenko/Projects/node_modules' does not exist, skipping all lookups in it.
File '/Users/valentinyelchenko/node_modules/node:net.js' does not exist.
File '/Users/valentinyelchenko/node_modules/node:net.jsx' does not exist.
Directory '/Users/node_modules' does not exist, skipping all lookups in it.
Directory '/node_modules' does not exist, skipping all lookups in it.
======== Module name 'node:net' was not resolved. ========
======== Resolving module 'node:stream' from '/Users/valentinyelchenko/Projects/ogxone/adjecent-boxes/node_modules/@types/node/child_process.d.ts'. ========
Explicitly specified module resolution kind: 'NodeJs'.
'baseUrl' option is set to '/Users/valentinyelchenko/Projects/ogxone/adjecent-boxes', using this value to resolve non-relative module name 'node:stream'.
'paths' option is specified, looking for a pattern to match module name 'node:stream'.
'baseUrl' option is set to '/Users/valentinyelchenko/Projects/ogxone/adjecent-boxes', using this value to resolve non-relative module name 'node:stream'.
Resolving module name 'node:stream' relative to base url '/Users/valentinyelchenko/Projects/ogxone/adjecent-boxes' - '/Users/valentinyelchenko/Projects/ogxone/adjecent-boxes/node:stream'.
Loading module as file / folder, candidate module location '/Users/valentinyelchenko/Projects/ogxone/adjecent-boxes/node:stream', target file type 'TypeScript'.
File '/Users/valentinyelchenko/Projects/ogxone/adjecent-boxes/node:stream.ts' does not exist.
File '/Users/valentinyelchenko/Projects/ogxone/adjecent-boxes/node:stream.tsx' does not exist.
File '/Users/valentinyelchenko/Projects/ogxone/adjecent-boxes/node:stream.d.ts' does not exist.
Directory '/Users/valentinyelchenko/Projects/ogxone/adjecent-boxes/node:stream' does not exist, skipping all lookups in it.
Loading module 'node:stream' from 'node_modules' folder, target file type 'TypeScript'.
Directory '/Users/valentinyelchenko/Projects/ogxone/adjecent-boxes/node_modules/@types/node/node_modules' does not exist, skipping all lookups in it.
Directory '/Users/valentinyelchenko/Projects/ogxone/adjecent-boxes/node_modules/@types/node_modules' does not exist, skipping all lookups in it.
File '/Users/valentinyelchenko/Projects/ogxone/adjecent-boxes/node_modules/node:stream.ts' does not exist.
File '/Users/valentinyelchenko/Projects/ogxone/adjecent-boxes/node_modules/node:stream.tsx' does not exist.
File '/Users/valentinyelchenko/Projects/ogxone/adjecent-boxes/node_modules/node:stream.d.ts' does not exist.
File '/Users/valentinyelchenko/Projects/ogxone/adjecent-boxes/node_modules/@types/node:stream.d.ts' does not exist.
Directory '/Users/valentinyelchenko/Projects/ogxone/node_modules' does not exist, skipping all lookups in it.
Directory '/Users/valentinyelchenko/Projects/node_modules' does not exist, skipping all lookups in it.
File '/Users/valentinyelchenko/node_modules/node:stream.ts' does not exist.
File '/Users/valentinyelchenko/node_modules/node:stream.tsx' does not exist.
File '/Users/valentinyelchenko/node_modules/node:stream.d.ts' does not exist.
File '/Users/valentinyelchenko/node_modules/@types/node:stream.d.ts' does not exist.
Directory '/Users/node_modules' does not exist, skipping all lookups in it.
Directory '/node_modules' does not exist, skipping all lookups in it.
'baseUrl' option is set to '/Users/valentinyelchenko/Projects/ogxone/adjecent-boxes', using this value to resolve non-relative module name 'node:stream'.
'paths' option is specified, looking for a pattern to match module name 'node:stream'.
'baseUrl' option is set to '/Users/valentinyelchenko/Projects/ogxone/adjecent-boxes', using this value to resolve non-relative module name 'node:stream'.
Resolving module name 'node:stream' relative to base url '/Users/valentinyelchenko/Projects/ogxone/adjecent-boxes' - '/Users/valentinyelchenko/Projects/ogxone/adjecent-boxes/node:stream'.
Loading module as file / folder, candidate module location '/Users/valentinyelchenko/Projects/ogxone/adjecent-boxes/node:stream', target file type 'JavaScript'.
File '/Users/valentinyelchenko/Projects/ogxone/adjecent-boxes/node:stream.js' does not exist.
File '/Users/valentinyelchenko/Projects/ogxone/adjecent-boxes/node:stream.jsx' does not exist.
Directory '/Users/valentinyelchenko/Projects/ogxone/adjecent-boxes/node:stream' does not exist, skipping all lookups in it.
Loading module 'node:stream' from 'node_modules' folder, target file type 'JavaScript'.
Directory '/Users/valentinyelchenko/Projects/ogxone/adjecent-boxes/node_modules/@types/node/node_modules' does not exist, skipping all lookups in it.
Directory '/Users/valentinyelchenko/Projects/ogxone/adjecent-boxes/node_modules/@types/node_modules' does not exist, skipping all lookups in it.
File '/Users/valentinyelchenko/Projects/ogxone/adjecent-boxes/node_modules/node:stream.js' does not exist.
File '/Users/valentinyelchenko/Projects/ogxone/adjecent-boxes/node_modules/node:stream.jsx' does not exist.
Directory '/Users/valentinyelchenko/Projects/ogxone/node_modules' does not exist, skipping all lookups in it.
Directory '/Users/valentinyelchenko/Projects/node_modules' does not exist, skipping all lookups in it.
File '/Users/valentinyelchenko/node_modules/node:stream.js' does not exist.
File '/Users/valentinyelchenko/node_modules/node:stream.jsx' does not exist.
Directory '/Users/node_modules' does not exist, skipping all lookups in it.
Directory '/node_modules' does not exist, skipping all lookups in it.
======== Module name 'node:stream' was not resolved. ========
======== Resolving module 'node:url' from '/Users/valentinyelchenko/Projects/ogxone/adjecent-boxes/node_modules/@types/node/child_process.d.ts'. ========
Explicitly specified module resolution kind: 'NodeJs'.
'baseUrl' option is set to '/Users/valentinyelchenko/Projects/ogxone/adjecent-boxes', using this value to resolve non-relative module name 'node:url'.
'paths' option is specified, looking for a pattern to match module name 'node:url'.
'baseUrl' option is set to '/Users/valentinyelchenko/Projects/ogxone/adjecent-boxes', using this value to resolve non-relative module name 'node:url'.
Resolving module name 'node:url' relative to base url '/Users/valentinyelchenko/Projects/ogxone/adjecent-boxes' - '/Users/valentinyelchenko/Projects/ogxone/adjecent-boxes/node:url'.
Loading module as file / folder, candidate module location '/Users/valentinyelchenko/Projects/ogxone/adjecent-boxes/node:url', target file type 'TypeScript'.
File '/Users/valentinyelchenko/Projects/ogxone/adjecent-boxes/node:url.ts' does not exist.
File '/Users/valentinyelchenko/Projects/ogxone/adjecent-boxes/node:url.tsx' does not exist.
File '/Users/valentinyelchenko/Projects/ogxone/adjecent-boxes/node:url.d.ts' does not exist.
Directory '/Users/valentinyelchenko/Projects/ogxone/adjecent-boxes/node:url' does not exist, skipping all lookups in it.
Loading module 'node:url' from 'node_modules' folder, target file type 'TypeScript'.
Directory '/Users/valentinyelchenko/Projects/ogxone/adjecent-boxes/node_modules/@types/node/node_modules' does not exist, skipping all lookups in it.
Directory '/Users/valentinyelchenko/Projects/ogxone/adjecent-boxes/node_modules/@types/node_modules' does not exist, skipping all lookups in it.
File '/Users/valentinyelchenko/Projects/ogxone/adjecent-boxes/node_modules/node:url.ts' does not exist.
File '/Users/valentinyelchenko/Projects/ogxone/adjecent-boxes/node_modules/node:url.tsx' does not exist.
File '/Users/valentinyelchenko/Projects/ogxone/adjecent-boxes/node_modules/node:url.d.ts' does not exist.
File '/Users/valentinyelchenko/Projects/ogxone/adjecent-boxes/node_modules/@types/node:url.d.ts' does not exist.
Directory '/Users/valentinyelchenko/Projects/ogxone/node_modules' does not exist, skipping all lookups in it.
Directory '/Users/valentinyelchenko/Projects/node_modules' does not exist, skipping all lookups in it.
File '/Users/valentinyelchenko/node_modules/node:url.ts' does not exist.
File '/Users/valentinyelchenko/node_modules/node:url.tsx' does not exist.
File '/Users/valentinyelchenko/node_modules/node:url.d.ts' does not exist.
File '/Users/valentinyelchenko/node_modules/@types/node:url.d.ts' does not exist.
Directory '/Users/node_modules' does not exist, skipping all lookups in it.
Directory '/node_modules' does not exist, skipping all lookups in it.
'baseUrl' option is set to '/Users/valentinyelchenko/Projects/ogxone/adjecent-boxes', using this value to resolve non-relative module name 'node:url'.
'paths' option is specified, looking for a pattern to match module name 'node:url'.
'baseUrl' option is set to '/Users/valentinyelchenko/Projects/ogxone/adjecent-boxes', using this value to resolve non-relative module name 'node:url'.
Resolving module name 'node:url' relative to base url '/Users/valentinyelchenko/Projects/ogxone/adjecent-boxes' - '/Users/valentinyelchenko/Projects/ogxone/adjecent-boxes/node:url'.
Loading module as file / folder, candidate module location '/Users/valentinyelchenko/Projects/ogxone/adjecent-boxes/node:url', target file type 'JavaScript'.
File '/Users/valentinyelchenko/Projects/ogxone/adjecent-boxes/node:url.js' does not exist.
File '/Users/valentinyelchenko/Projects/ogxone/adjecent-boxes/node:url.jsx' does not exist.
Directory '/Users/valentinyelchenko/Projects/ogxone/adjecent-boxes/node:url' does not exist, skipping all lookups in it.
Loading module 'node:url' from 'node_modules' folder, target file type 'JavaScript'.
Directory '/Users/valentinyelchenko/Projects/ogxone/adjecent-boxes/node_modules/@types/node/node_modules' does not exist, skipping all lookups in it.
Directory '/Users/valentinyelchenko/Projects/ogxone/adjecent-boxes/node_modules/@types/node_modules' does not exist, skipping all lookups in it.
File '/Users/valentinyelchenko/Projects/ogxone/adjecent-boxes/node_modules/node:url.js' does not exist.
File '/Users/valentinyelchenko/Projects/ogxone/adjecent-boxes/node_modules/node:url.jsx' does not exist.
Directory '/Users/valentinyelchenko/Projects/ogxone/node_modules' does not exist, skipping all lookups in it.
Directory '/Users/valentinyelchenko/Projects/node_modules' does not exist, skipping all lookups in it.
File '/Users/valentinyelchenko/node_modules/node:url.js' does not exist.
File '/Users/valentinyelchenko/node_modules/node:url.jsx' does not exist.
Directory '/Users/node_modules' does not exist, skipping all lookups in it.
Directory '/node_modules' does not exist, skipping all lookups in it.
======== Module name 'node:url' was not resolved. ========
Module 'cluster' was resolved as locally declared ambient module in file '/Users/valentinyelchenko/Projects/ogxone/adjecent-boxes/node_modules/@types/node/cluster.d.ts'.
Module 'cluster' was resolved as locally declared ambient module in file '/Users/valentinyelchenko/Projects/ogxone/adjecent-boxes/node_modules/@types/node/cluster.d.ts'.
======== Resolving module 'node:child_process' from '/Users/valentinyelchenko/Projects/ogxone/adjecent-boxes/node_modules/@types/node/cluster.d.ts'. ========
Explicitly specified module resolution kind: 'NodeJs'.
'baseUrl' option is set to '/Users/valentinyelchenko/Projects/ogxone/adjecent-boxes', using this value to resolve non-relative module name 'node:child_process'.
'paths' option is specified, looking for a pattern to match module name 'node:child_process'.
'baseUrl' option is set to '/Users/valentinyelchenko/Projects/ogxone/adjecent-boxes', using this value to resolve non-relative module name 'node:child_process'.
Resolving module name 'node:child_process' relative to base url '/Users/valentinyelchenko/Projects/ogxone/adjecent-boxes' - '/Users/valentinyelchenko/Projects/ogxone/adjecent-boxes/node:child_process'.
Loading module as file / folder, candidate module location '/Users/valentinyelchenko/Projects/ogxone/adjecent-boxes/node:child_process', target file type 'TypeScript'.
File '/Users/valentinyelchenko/Projects/ogxone/adjecent-boxes/node:child_process.ts' does not exist.
File '/Users/valentinyelchenko/Projects/ogxone/adjecent-boxes/node:child_process.tsx' does not exist.
File '/Users/valentinyelchenko/Projects/ogxone/adjecent-boxes/node:child_process.d.ts' does not exist.
Directory '/Users/valentinyelchenko/Projects/ogxone/adjecent-boxes/node:child_process' does not exist, skipping all lookups in it.
Loading module 'node:child_process' from 'node_modules' folder, target file type 'TypeScript'.
Directory '/Users/valentinyelchenko/Projects/ogxone/adjecent-boxes/node_modules/@types/node/node_modules' does not exist, skipping all lookups in it.
Directory '/Users/valentinyelchenko/Projects/ogxone/adjecent-boxes/node_modules/@types/node_modules' does not exist, skipping all lookups in it.
File '/Users/valentinyelchenko/Projects/ogxone/adjecent-boxes/node_modules/node:child_process.ts' does not exist.
File '/Users/valentinyelchenko/Projects/ogxone/adjecent-boxes/node_modules/node:child_process.tsx' does not exist.
File '/Users/valentinyelchenko/Projects/ogxone/adjecent-boxes/node_modules/node:child_process.d.ts' does not exist.
File '/Users/valentinyelchenko/Projects/ogxone/adjecent-boxes/node_modules/@types/node:child_process.d.ts' does not exist.
Directory '/Users/valentinyelchenko/Projects/ogxone/node_modules' does not exist, skipping all lookups in it.
Directory '/Users/valentinyelchenko/Projects/node_modules' does not exist, skipping all lookups in it.
File '/Users/valentinyelchenko/node_modules/node:child_process.ts' does not exist.
File '/Users/valentinyelchenko/node_modules/node:child_process.tsx' does not exist.
File '/Users/valentinyelchenko/node_modules/node:child_process.d.ts' does not exist.
File '/Users/valentinyelchenko/node_modules/@types/node:child_process.d.ts' does not exist.
Directory '/Users/node_modules' does not exist, skipping all lookups in it.
Directory '/node_modules' does not exist, skipping all lookups in it.
'baseUrl' option is set to '/Users/valentinyelchenko/Projects/ogxone/adjecent-boxes', using this value to resolve non-relative module name 'node:child_process'.
'paths' option is specified, looking for a pattern to match module name 'node:child_process'.
'baseUrl' option is set to '/Users/valentinyelchenko/Projects/ogxone/adjecent-boxes', using this value to resolve non-relative module name 'node:child_process'.
Resolving module name 'node:child_process' relative to base url '/Users/valentinyelchenko/Projects/ogxone/adjecent-boxes' - '/Users/valentinyelchenko/Projects/ogxone/adjecent-boxes/node:child_process'.
Loading module as file / folder, candidate module location '/Users/valentinyelchenko/Projects/ogxone/adjecent-boxes/node:child_process', target file type 'JavaScript'.
File '/Users/valentinyelchenko/Projects/ogxone/adjecent-boxes/node:child_process.js' does not exist.
File '/Users/valentinyelchenko/Projects/ogxone/adjecent-boxes/node:child_process.jsx' does not exist.
Directory '/Users/valentinyelchenko/Projects/ogxone/adjecent-boxes/node:child_process' does not exist, skipping all lookups in it.
Loading module 'node:child_process' from 'node_modules' folder, target file type 'JavaScript'.
Directory '/Users/valentinyelchenko/Projects/ogxone/adjecent-boxes/node_modules/@types/node/node_modules' does not exist, skipping all lookups in it.
Directory '/Users/valentinyelchenko/Projects/ogxone/adjecent-boxes/node_modules/@types/node_modules' does not exist, skipping all lookups in it.
File '/Users/valentinyelchenko/Projects/ogxone/adjecent-boxes/node_modules/node:child_process.js' does not exist.
File '/Users/valentinyelchenko/Projects/ogxone/adjecent-boxes/node_modules/node:child_process.jsx' does not exist.
Directory '/Users/valentinyelchenko/Projects/ogxone/node_modules' does not exist, skipping all lookups in it.
Directory '/Users/valentinyelchenko/Projects/node_modules' does not exist, skipping all lookups in it.
File '/Users/valentinyelchenko/node_modules/node:child_process.js' does not exist.
File '/Users/valentinyelchenko/node_modules/node:child_process.jsx' does not exist.
Directory '/Users/node_modules' does not exist, skipping all lookups in it.
Directory '/node_modules' does not exist, skipping all lookups in it.
======== Module name 'node:child_process' was not resolved. ========
======== Resolving module 'node:events' from '/Users/valentinyelchenko/Projects/ogxone/adjecent-boxes/node_modules/@types/node/cluster.d.ts'. ========
Resolution for module 'node:events' was found in cache from location '/Users/valentinyelchenko/Projects/ogxone/adjecent-boxes/node_modules/@types/node'.
======== Module name 'node:events' was not resolved. ========
======== Resolving module 'node:net' from '/Users/valentinyelchenko/Projects/ogxone/adjecent-boxes/node_modules/@types/node/cluster.d.ts'. ========
Resolution for module 'node:net' was found in cache from location '/Users/valentinyelchenko/Projects/ogxone/adjecent-boxes/node_modules/@types/node'.
======== Module name 'node:net' was not resolved. ========
Module 'node:console' was resolved as locally declared ambient module in file '/Users/valentinyelchenko/Projects/ogxone/adjecent-boxes/node_modules/@types/node/console.d.ts'.
======== Resolving module 'node:util' from '/Users/valentinyelchenko/Projects/ogxone/adjecent-boxes/node_modules/@types/node/console.d.ts'. ========
Explicitly specified module resolution kind: 'NodeJs'.
'baseUrl' option is set to '/Users/valentinyelchenko/Projects/ogxone/adjecent-boxes', using this value to resolve non-relative module name 'node:util'.
'paths' option is specified, looking for a pattern to match module name 'node:util'.
'baseUrl' option is set to '/Users/valentinyelchenko/Projects/ogxone/adjecent-boxes', using this value to resolve non-relative module name 'node:util'.
Resolving module name 'node:util' relative to base url '/Users/valentinyelchenko/Projects/ogxone/adjecent-boxes' - '/Users/valentinyelchenko/Projects/ogxone/adjecent-boxes/node:util'.
Loading module as file / folder, candidate module location '/Users/valentinyelchenko/Projects/ogxone/adjecent-boxes/node:util', target file type 'TypeScript'.
File '/Users/valentinyelchenko/Projects/ogxone/adjecent-boxes/node:util.ts' does not exist.
File '/Users/valentinyelchenko/Projects/ogxone/adjecent-boxes/node:util.tsx' does not exist.
File '/Users/valentinyelchenko/Projects/ogxone/adjecent-boxes/node:util.d.ts' does not exist.
Directory '/Users/valentinyelchenko/Projects/ogxone/adjecent-boxes/node:util' does not exist, skipping all lookups in it.
Loading module 'node:util' from 'node_modules' folder, target file type 'TypeScript'.
Directory '/Users/valentinyelchenko/Projects/ogxone/adjecent-boxes/node_modules/@types/node/node_modules' does not exist, skipping all lookups in it.
Directory '/Users/valentinyelchenko/Projects/ogxone/adjecent-boxes/node_modules/@types/node_modules' does not exist, skipping all lookups in it.
File '/Users/valentinyelchenko/Projects/ogxone/adjecent-boxes/node_modules/node:util.ts' does not exist.
File '/Users/valentinyelchenko/Projects/ogxone/adjecent-boxes/node_modules/node:util.tsx' does not exist.
File '/Users/valentinyelchenko/Projects/ogxone/adjecent-boxes/node_modules/node:util.d.ts' does not exist.
File '/Users/valentinyelchenko/Projects/ogxone/adjecent-boxes/node_modules/@types/node:util.d.ts' does not exist.
Directory '/Users/valentinyelchenko/Projects/ogxone/node_modules' does not exist, skipping all lookups in it.
Directory '/Users/valentinyelchenko/Projects/node_modules' does not exist, skipping all lookups in it.
File '/Users/valentinyelchenko/node_modules/node:util.ts' does not exist.
File '/Users/valentinyelchenko/node_modules/node:util.tsx' does not exist.
File '/Users/valentinyelchenko/node_modules/node:util.d.ts' does not exist.
File '/Users/valentinyelchenko/node_modules/@types/node:util.d.ts' does not exist.
Directory '/Users/node_modules' does not exist, skipping all lookups in it.
Directory '/node_modules' does not exist, skipping all lookups in it.
'baseUrl' option is set to '/Users/valentinyelchenko/Projects/ogxone/adjecent-boxes', using this value to resolve non-relative module name 'node:util'.
'paths' option is specified, looking for a pattern to match module name 'node:util'.
'baseUrl' option is set to '/Users/valentinyelchenko/Projects/ogxone/adjecent-boxes', using this value to resolve non-relative module name 'node:util'.
Resolving module name 'node:util' relative to base url '/Users/valentinyelchenko/Projects/ogxone/adjecent-boxes' - '/Users/valentinyelchenko/Projects/ogxone/adjecent-boxes/node:util'.
Loading module as file / folder, candidate module location '/Users/valentinyelchenko/Projects/ogxone/adjecent-boxes/node:util', target file type 'JavaScript'.
File '/Users/valentinyelchenko/Projects/ogxone/adjecent-boxes/node:util.js' does not exist.
File '/Users/valentinyelchenko/Projects/ogxone/adjecent-boxes/node:util.jsx' does not exist.
Directory '/Users/valentinyelchenko/Projects/ogxone/adjecent-boxes/node:util' does not exist, skipping all lookups in it.
Loading module 'node:util' from 'node_modules' folder, target file type 'JavaScript'.
Directory '/Users/valentinyelchenko/Projects/ogxone/adjecent-boxes/node_modules/@types/node/node_modules' does not exist, skipping all lookups in it.
Directory '/Users/valentinyelchenko/Projects/ogxone/adjecent-boxes/node_modules/@types/node_modules' does not exist, skipping all lookups in it.
File '/Users/valentinyelchenko/Projects/ogxone/adjecent-boxes/node_modules/node:util.js' does not exist.
File '/Users/valentinyelchenko/Projects/ogxone/adjecent-boxes/node_modules/node:util.jsx' does not exist.
Directory '/Users/valentinyelchenko/Projects/ogxone/node_modules' does not exist, skipping all lookups in it.
Directory '/Users/valentinyelchenko/Projects/node_modules' does not exist, skipping all lookups in it.
File '/Users/valentinyelchenko/node_modules/node:util.js' does not exist.
File '/Users/valentinyelchenko/node_modules/node:util.jsx' does not exist.
Directory '/Users/node_modules' does not exist, skipping all lookups in it.
Directory '/node_modules' does not exist, skipping all lookups in it.
======== Module name 'node:util' was not resolved. ========
Module 'constants' was resolved as locally declared ambient module in file '/Users/valentinyelchenko/Projects/ogxone/adjecent-boxes/node_modules/@types/node/constants.d.ts'.
======== Resolving module 'node:os' from '/Users/valentinyelchenko/Projects/ogxone/adjecent-boxes/node_modules/@types/node/constants.d.ts'. ========
Explicitly specified module resolution kind: 'NodeJs'.
'baseUrl' option is set to '/Users/valentinyelchenko/Projects/ogxone/adjecent-boxes', using this value to resolve non-relative module name 'node:os'.
'paths' option is specified, looking for a pattern to match module name 'node:os'.
'baseUrl' option is set to '/Users/valentinyelchenko/Projects/ogxone/adjecent-boxes', using this value to resolve non-relative module name 'node:os'.
Resolving module name 'node:os' relative to base url '/Users/valentinyelchenko/Projects/ogxone/adjecent-boxes' - '/Users/valentinyelchenko/Projects/ogxone/adjecent-boxes/node:os'.
Loading module as file / folder, candidate module location '/Users/valentinyelchenko/Projects/ogxone/adjecent-boxes/node:os', target file type 'TypeScript'.
File '/Users/valentinyelchenko/Projects/ogxone/adjecent-boxes/node:os.ts' does not exist.
File '/Users/valentinyelchenko/Projects/ogxone/adjecent-boxes/node:os.tsx' does not exist.
File '/Users/valentinyelchenko/Projects/ogxone/adjecent-boxes/node:os.d.ts' does not exist.
Directory '/Users/valentinyelchenko/Projects/ogxone/adjecent-boxes/node:os' does not exist, skipping all lookups in it.
Loading module 'node:os' from 'node_modules' folder, target file type 'TypeScript'.
Directory '/Users/valentinyelchenko/Projects/ogxone/adjecent-boxes/node_modules/@types/node/node_modules' does not exist, skipping all lookups in it.
Directory '/Users/valentinyelchenko/Projects/ogxone/adjecent-boxes/node_modules/@types/node_modules' does not exist, skipping all lookups in it.
File '/Users/valentinyelchenko/Projects/ogxone/adjecent-boxes/node_modules/node:os.ts' does not exist.
File '/Users/valentinyelchenko/Projects/ogxone/adjecent-boxes/node_modules/node:os.tsx' does not exist.
File '/Users/valentinyelchenko/Projects/ogxone/adjecent-boxes/node_modules/node:os.d.ts' does not exist.
File '/Users/valentinyelchenko/Projects/ogxone/adjecent-boxes/node_modules/@types/node:os.d.ts' does not exist.
Directory '/Users/valentinyelchenko/Projects/ogxone/node_modules' does not exist, skipping all lookups in it.
Directory '/Users/valentinyelchenko/Projects/node_modules' does not exist, skipping all lookups in it.
File '/Users/valentinyelchenko/node_modules/node:os.ts' does not exist.
File '/Users/valentinyelchenko/node_modules/node:os.tsx' does not exist.
File '/Users/valentinyelchenko/node_modules/node:os.d.ts' does not exist.
File '/Users/valentinyelchenko/node_modules/@types/node:os.d.ts' does not exist.
Directory '/Users/node_modules' does not exist, skipping all lookups in it.
Directory '/node_modules' does not exist, skipping all lookups in it.
'baseUrl' option is set to '/Users/valentinyelchenko/Projects/ogxone/adjecent-boxes', using this value to resolve non-relative module name 'node:os'.
'paths' option is specified, looking for a pattern to match module name 'node:os'.
'baseUrl' option is set to '/Users/valentinyelchenko/Projects/ogxone/adjecent-boxes', using this value to resolve non-relative module name 'node:os'.
Resolving module name 'node:os' relative to base url '/Users/valentinyelchenko/Projects/ogxone/adjecent-boxes' - '/Users/valentinyelchenko/Projects/ogxone/adjecent-boxes/node:os'.
Loading module as file / folder, candidate module location '/Users/valentinyelchenko/Projects/ogxone/adjecent-boxes/node:os', target file type 'JavaScript'.
File '/Users/valentinyelchenko/Projects/ogxone/adjecent-boxes/node:os.js' does not exist.
File '/Users/valentinyelchenko/Projects/ogxone/adjecent-boxes/node:os.jsx' does not exist.
Directory '/Users/valentinyelchenko/Projects/ogxone/adjecent-boxes/node:os' does not exist, skipping all lookups in it.
Loading module 'node:os' from 'node_modules' folder, target file type 'JavaScript'.
Directory '/Users/valentinyelchenko/Projects/ogxone/adjecent-boxes/node_modules/@types/node/node_modules' does not exist, skipping all lookups in it.
Directory '/Users/valentinyelchenko/Projects/ogxone/adjecent-boxes/node_modules/@types/node_modules' does not exist, skipping all lookups in it.
File '/Users/valentinyelchenko/Projects/ogxone/adjecent-boxes/node_modules/node:os.js' does not exist.
File '/Users/valentinyelchenko/Projects/ogxone/adjecent-boxes/node_modules/node:os.jsx' does not exist.
Directory '/Users/valentinyelchenko/Projects/ogxone/node_modules' does not exist, skipping all lookups in it.
Directory '/Users/valentinyelchenko/Projects/node_modules' does not exist, skipping all lookups in it.
File '/Users/valentinyelchenko/node_modules/node:os.js' does not exist.
File '/Users/valentinyelchenko/node_modules/node:os.jsx' does not exist.
Directory '/Users/node_modules' does not exist, skipping all lookups in it.
Directory '/node_modules' does not exist, skipping all lookups in it.
======== Module name 'node:os' was not resolved. ========
======== Resolving module 'node:crypto' from '/Users/valentinyelchenko/Projects/ogxone/adjecent-boxes/node_modules/@types/node/constants.d.ts'. ========
Resolution for module 'node:crypto' was found in cache from location '/Users/valentinyelchenko/Projects/ogxone/adjecent-boxes/node_modules/@types/node'.
======== Module name 'node:crypto' was not resolved. ========
======== Resolving module 'node:fs' from '/Users/valentinyelchenko/Projects/ogxone/adjecent-boxes/node_modules/@types/node/constants.d.ts'. ========
Resolution for module 'node:fs' was found in cache from location '/Users/valentinyelchenko/Projects/ogxone/adjecent-boxes/node_modules/@types/node'.
======== Module name 'node:fs' was not resolved. ========
Module 'crypto' was resolved as locally declared ambient module in file '/Users/valentinyelchenko/Projects/ogxone/adjecent-boxes/node_modules/@types/node/crypto.d.ts'.
======== Resolving module 'node:stream' from '/Users/valentinyelchenko/Projects/ogxone/adjecent-boxes/node_modules/@types/node/crypto.d.ts'. ========
Resolution for module 'node:stream' was found in cache from location '/Users/valentinyelchenko/Projects/ogxone/adjecent-boxes/node_modules/@types/node'.
======== Module name 'node:stream' was not resolved. ========
======== Resolving module 'node:tls' from '/Users/valentinyelchenko/Projects/ogxone/adjecent-boxes/node_modules/@types/node/crypto.d.ts'. ========
Explicitly specified module resolution kind: 'NodeJs'.
'baseUrl' option is set to '/Users/valentinyelchenko/Projects/ogxone/adjecent-boxes', using this value to resolve non-relative module name 'node:tls'.
'paths' option is specified, looking for a pattern to match module name 'node:tls'.
'baseUrl' option is set to '/Users/valentinyelchenko/Projects/ogxone/adjecent-boxes', using this value to resolve non-relative module name 'node:tls'.
Resolving module name 'node:tls' relative to base url '/Users/valentinyelchenko/Projects/ogxone/adjecent-boxes' - '/Users/valentinyelchenko/Projects/ogxone/adjecent-boxes/node:tls'.
Loading module as file / folder, candidate module location '/Users/valentinyelchenko/Projects/ogxone/adjecent-boxes/node:tls', target file type 'TypeScript'.
File '/Users/valentinyelchenko/Projects/ogxone/adjecent-boxes/node:tls.ts' does not exist.
File '/Users/valentinyelchenko/Projects/ogxone/adjecent-boxes/node:tls.tsx' does not exist.
File '/Users/valentinyelchenko/Projects/ogxone/adjecent-boxes/node:tls.d.ts' does not exist.
Directory '/Users/valentinyelchenko/Projects/ogxone/adjecent-boxes/node:tls' does not exist, skipping all lookups in it.
Loading module 'node:tls' from 'node_modules' folder, target file type 'TypeScript'.
Directory '/Users/valentinyelchenko/Projects/ogxone/adjecent-boxes/node_modules/@types/node/node_modules' does not exist, skipping all lookups in it.
Directory '/Users/valentinyelchenko/Projects/ogxone/adjecent-boxes/node_modules/@types/node_modules' does not exist, skipping all lookups in it.
File '/Users/valentinyelchenko/Projects/ogxone/adjecent-boxes/node_modules/node:tls.ts' does not exist.
File '/Users/valentinyelchenko/Projects/ogxone/adjecent-boxes/node_modules/node:tls.tsx' does not exist.
File '/Users/valentinyelchenko/Projects/ogxone/adjecent-boxes/node_modules/node:tls.d.ts' does not exist.
File '/Users/valentinyelchenko/Projects/ogxone/adjecent-boxes/node_modules/@types/node:tls.d.ts' does not exist.
Directory '/Users/valentinyelchenko/Projects/ogxone/node_modules' does not exist, skipping all lookups in it.
Directory '/Users/valentinyelchenko/Projects/node_modules' does not exist, skipping all lookups in it.
File '/Users/valentinyelchenko/node_modules/node:tls.ts' does not exist.
File '/Users/valentinyelchenko/node_modules/node:tls.tsx' does not exist.
File '/Users/valentinyelchenko/node_modules/node:tls.d.ts' does not exist.
File '/Users/valentinyelchenko/node_modules/@types/node:tls.d.ts' does not exist.
Directory '/Users/node_modules' does not exist, skipping all lookups in it.
Directory '/node_modules' does not exist, skipping all lookups in it.
'baseUrl' option is set to '/Users/valentinyelchenko/Projects/ogxone/adjecent-boxes', using this value to resolve non-relative module name 'node:tls'.
'paths' option is specified, looking for a pattern to match module name 'node:tls'.
'baseUrl' option is set to '/Users/valentinyelchenko/Projects/ogxone/adjecent-boxes', using this value to resolve non-relative module name 'node:tls'.
Resolving module name 'node:tls' relative to base url '/Users/valentinyelchenko/Projects/ogxone/adjecent-boxes' - '/Users/valentinyelchenko/Projects/ogxone/adjecent-boxes/node:tls'.
Loading module as file / folder, candidate module location '/Users/valentinyelchenko/Projects/ogxone/adjecent-boxes/node:tls', target file type 'JavaScript'.
File '/Users/valentinyelchenko/Projects/ogxone/adjecent-boxes/node:tls.js' does not exist.
File '/Users/valentinyelchenko/Projects/ogxone/adjecent-boxes/node:tls.jsx' does not exist.
Directory '/Users/valentinyelchenko/Projects/ogxone/adjecent-boxes/node:tls' does not exist, skipping all lookups in it.
Loading module 'node:tls' from 'node_modules' folder, target file type 'JavaScript'.
Directory '/Users/valentinyelchenko/Projects/ogxone/adjecent-boxes/node_modules/@types/node/node_modules' does not exist, skipping all lookups in it.
Directory '/Users/valentinyelchenko/Projects/ogxone/adjecent-boxes/node_modules/@types/node_modules' does not exist, skipping all lookups in it.
File '/Users/valentinyelchenko/Projects/ogxone/adjecent-boxes/node_modules/node:tls.js' does not exist.
File '/Users/valentinyelchenko/Projects/ogxone/adjecent-boxes/node_modules/node:tls.jsx' does not exist.
Directory '/Users/valentinyelchenko/Projects/ogxone/node_modules' does not exist, skipping all lookups in it.
Directory '/Users/valentinyelchenko/Projects/node_modules' does not exist, skipping all lookups in it.
File '/Users/valentinyelchenko/node_modules/node:tls.js' does not exist.
File '/Users/valentinyelchenko/node_modules/node:tls.jsx' does not exist.
Directory '/Users/node_modules' does not exist, skipping all lookups in it.
Directory '/node_modules' does not exist, skipping all lookups in it.
======== Module name 'node:tls' was not resolved. ========
Module 'dgram' was resolved as locally declared ambient module in file '/Users/valentinyelchenko/Projects/ogxone/adjecent-boxes/node_modules/@types/node/dgram.d.ts'.
======== Resolving module 'node:net' from '/Users/valentinyelchenko/Projects/ogxone/adjecent-boxes/node_modules/@types/node/dgram.d.ts'. ========
Resolution for module 'node:net' was found in cache from location '/Users/valentinyelchenko/Projects/ogxone/adjecent-boxes/node_modules/@types/node'.
======== Module name 'node:net' was not resolved. ========
======== Resolving module 'node:dns' from '/Users/valentinyelchenko/Projects/ogxone/adjecent-boxes/node_modules/@types/node/dgram.d.ts'. ========
Explicitly specified module resolution kind: 'NodeJs'.
'baseUrl' option is set to '/Users/valentinyelchenko/Projects/ogxone/adjecent-boxes', using this value to resolve non-relative module name 'node:dns'.
'paths' option is specified, looking for a pattern to match module name 'node:dns'.
'baseUrl' option is set to '/Users/valentinyelchenko/Projects/ogxone/adjecent-boxes', using this value to resolve non-relative module name 'node:dns'.
Resolving module name 'node:dns' relative to base url '/Users/valentinyelchenko/Projects/ogxone/adjecent-boxes' - '/Users/valentinyelchenko/Projects/ogxone/adjecent-boxes/node:dns'.
Loading module as file / folder, candidate module location '/Users/valentinyelchenko/Projects/ogxone/adjecent-boxes/node:dns', target file type 'TypeScript'.
File '/Users/valentinyelchenko/Projects/ogxone/adjecent-boxes/node:dns.ts' does not exist.
File '/Users/valentinyelchenko/Projects/ogxone/adjecent-boxes/node:dns.tsx' does not exist.
File '/Users/valentinyelchenko/Projects/ogxone/adjecent-boxes/node:dns.d.ts' does not exist.
Directory '/Users/valentinyelchenko/Projects/ogxone/adjecent-boxes/node:dns' does not exist, skipping all lookups in it.
Loading module 'node:dns' from 'node_modules' folder, target file type 'TypeScript'.
Directory '/Users/valentinyelchenko/Projects/ogxone/adjecent-boxes/node_modules/@types/node/node_modules' does not exist, skipping all lookups in it.
Directory '/Users/valentinyelchenko/Projects/ogxone/adjecent-boxes/node_modules/@types/node_modules' does not exist, skipping all lookups in it.
File '/Users/valentinyelchenko/Projects/ogxone/adjecent-boxes/node_modules/node:dns.ts' does not exist.
File '/Users/valentinyelchenko/Projects/ogxone/adjecent-boxes/node_modules/node:dns.tsx' does not exist.
File '/Users/valentinyelchenko/Projects/ogxone/adjecent-boxes/node_modules/node:dns.d.ts' does not exist.
File '/Users/valentinyelchenko/Projects/ogxone/adjecent-boxes/node_modules/@types/node:dns.d.ts' does not exist.
Directory '/Users/valentinyelchenko/Projects/ogxone/node_modules' does not exist, skipping all lookups in it.
Directory '/Users/valentinyelchenko/Projects/node_modules' does not exist, skipping all lookups in it.
File '/Users/valentinyelchenko/node_modules/node:dns.ts' does not exist.
File '/Users/valentinyelchenko/node_modules/node:dns.tsx' does not exist.
File '/Users/valentinyelchenko/node_modules/node:dns.d.ts' does not exist.
File '/Users/valentinyelchenko/node_modules/@types/node:dns.d.ts' does not exist.
Directory '/Users/node_modules' does not exist, skipping all lookups in it.
Directory '/node_modules' does not exist, skipping all lookups in it.
'baseUrl' option is set to '/Users/valentinyelchenko/Projects/ogxone/adjecent-boxes', using this value to resolve non-relative module name 'node:dns'.
'paths' option is specified, looking for a pattern to match module name 'node:dns'.
'baseUrl' option is set to '/Users/valentinyelchenko/Projects/ogxone/adjecent-boxes', using this value to resolve non-relative module name 'node:dns'.
Resolving module name 'node:dns' relative to base url '/Users/valentinyelchenko/Projects/ogxone/adjecent-boxes' - '/Users/valentinyelchenko/Projects/ogxone/adjecent-boxes/node:dns'.
Loading module as file / folder, candidate module location '/Users/valentinyelchenko/Projects/ogxone/adjecent-boxes/node:dns', target file type 'JavaScript'.
File '/Users/valentinyelchenko/Projects/ogxone/adjecent-boxes/node:dns.js' does not exist.
File '/Users/valentinyelchenko/Projects/ogxone/adjecent-boxes/node:dns.jsx' does not exist.
Directory '/Users/valentinyelchenko/Projects/ogxone/adjecent-boxes/node:dns' does not exist, skipping all lookups in it.
Loading module 'node:dns' from 'node_modules' folder, target file type 'JavaScript'.
Directory '/Users/valentinyelchenko/Projects/ogxone/adjecent-boxes/node_modules/@types/node/node_modules' does not exist, skipping all lookups in it.
Directory '/Users/valentinyelchenko/Projects/ogxone/adjecent-boxes/node_modules/@types/node_modules' does not exist, skipping all lookups in it.
File '/Users/valentinyelchenko/Projects/ogxone/adjecent-boxes/node_modules/node:dns.js' does not exist.
File '/Users/valentinyelchenko/Projects/ogxone/adjecent-boxes/node_modules/node:dns.jsx' does not exist.
Directory '/Users/valentinyelchenko/Projects/ogxone/node_modules' does not exist, skipping all lookups in it.
Directory '/Users/valentinyelchenko/Projects/node_modules' does not exist, skipping all lookups in it.
File '/Users/valentinyelchenko/node_modules/node:dns.js' does not exist.
File '/Users/valentinyelchenko/node_modules/node:dns.jsx' does not exist.
Directory '/Users/node_modules' does not exist, skipping all lookups in it.
Directory '/node_modules' does not exist, skipping all lookups in it.
======== Module name 'node:dns' was not resolved. ========
======== Resolving module 'node:events' from '/Users/valentinyelchenko/Projects/ogxone/adjecent-boxes/node_modules/@types/node/dgram.d.ts'. ========
Resolution for module 'node:events' was found in cache from location '/Users/valentinyelchenko/Projects/ogxone/adjecent-boxes/node_modules/@types/node'.
======== Module name 'node:events' was not resolved. ========
Module 'diagnostics_channel' was resolved as locally declared ambient module in file '/Users/valentinyelchenko/Projects/ogxone/adjecent-boxes/node_modules/@types/node/diagnostics_channel.d.ts'.
Module 'dns' was resolved as locally declared ambient module in file '/Users/valentinyelchenko/Projects/ogxone/adjecent-boxes/node_modules/@types/node/dns.d.ts'.
======== Resolving module 'node:dns/promises' from '/Users/valentinyelchenko/Projects/ogxone/adjecent-boxes/node_modules/@types/node/dns.d.ts'. ========
Explicitly specified module resolution kind: 'NodeJs'.
'baseUrl' option is set to '/Users/valentinyelchenko/Projects/ogxone/adjecent-boxes', using this value to resolve non-relative module name 'node:dns/promises'.
'paths' option is specified, looking for a pattern to match module name 'node:dns/promises'.
'baseUrl' option is set to '/Users/valentinyelchenko/Projects/ogxone/adjecent-boxes', using this value to resolve non-relative module name 'node:dns/promises'.
Resolving module name 'node:dns/promises' relative to base url '/Users/valentinyelchenko/Projects/ogxone/adjecent-boxes' - '/Users/valentinyelchenko/Projects/ogxone/adjecent-boxes/node:dns/promises'.
Loading module as file / folder, candidate module location '/Users/valentinyelchenko/Projects/ogxone/adjecent-boxes/node:dns/promises', target file type 'TypeScript'.
Loading module 'node:dns/promises' from 'node_modules' folder, target file type 'TypeScript'.
Directory '/Users/valentinyelchenko/Projects/ogxone/adjecent-boxes/node_modules/@types/node/node_modules' does not exist, skipping all lookups in it.
Directory '/Users/valentinyelchenko/Projects/ogxone/adjecent-boxes/node_modules/@types/node_modules' does not exist, skipping all lookups in it.
Directory '/Users/valentinyelchenko/Projects/ogxone/node_modules' does not exist, skipping all lookups in it.
Directory '/Users/valentinyelchenko/Projects/node_modules' does not exist, skipping all lookups in it.
Directory '/Users/node_modules' does not exist, skipping all lookups in it.
Directory '/node_modules' does not exist, skipping all lookups in it.
'baseUrl' option is set to '/Users/valentinyelchenko/Projects/ogxone/adjecent-boxes', using this value to resolve non-relative module name 'node:dns/promises'.
'paths' option is specified, looking for a pattern to match module name 'node:dns/promises'.
'baseUrl' option is set to '/Users/valentinyelchenko/Projects/ogxone/adjecent-boxes', using this value to resolve non-relative module name 'node:dns/promises'.
Resolving module name 'node:dns/promises' relative to base url '/Users/valentinyelchenko/Projects/ogxone/adjecent-boxes' - '/Users/valentinyelchenko/Projects/ogxone/adjecent-boxes/node:dns/promises'.
Loading module as file / folder, candidate module location '/Users/valentinyelchenko/Projects/ogxone/adjecent-boxes/node:dns/promises', target file type 'JavaScript'.
Loading module 'node:dns/promises' from 'node_modules' folder, target file type 'JavaScript'.
Directory '/Users/valentinyelchenko/Projects/ogxone/adjecent-boxes/node_modules/@types/node/node_modules' does not exist, skipping all lookups in it.
Directory '/Users/valentinyelchenko/Projects/ogxone/adjecent-boxes/node_modules/@types/node_modules' does not exist, skipping all lookups in it.
Directory '/Users/valentinyelchenko/Projects/ogxone/node_modules' does not exist, skipping all lookups in it.
Directory '/Users/valentinyelchenko/Projects/node_modules' does not exist, skipping all lookups in it.
Directory '/Users/node_modules' does not exist, skipping all lookups in it.
Directory '/node_modules' does not exist, skipping all lookups in it.
======== Module name 'node:dns/promises' was not resolved. ========
Module 'dns/promises' was resolved as locally declared ambient module in file '/Users/valentinyelchenko/Projects/ogxone/adjecent-boxes/node_modules/@types/node/dns/promises.d.ts'.
======== Resolving module 'node:dns' from '/Users/valentinyelchenko/Projects/ogxone/adjecent-boxes/node_modules/@types/node/dns/promises.d.ts'. ========
Explicitly specified module resolution kind: 'NodeJs'.
'baseUrl' option is set to '/Users/valentinyelchenko/Projects/ogxone/adjecent-boxes', using this value to resolve non-relative module name 'node:dns'.
'paths' option is specified, looking for a pattern to match module name 'node:dns'.
'baseUrl' option is set to '/Users/valentinyelchenko/Projects/ogxone/adjecent-boxes', using this value to resolve non-relative module name 'node:dns'.
Resolving module name 'node:dns' relative to base url '/Users/valentinyelchenko/Projects/ogxone/adjecent-boxes' - '/Users/valentinyelchenko/Projects/ogxone/adjecent-boxes/node:dns'.
Loading module as file / folder, candidate module location '/Users/valentinyelchenko/Projects/ogxone/adjecent-boxes/node:dns', target file type 'TypeScript'.
File '/Users/valentinyelchenko/Projects/ogxone/adjecent-boxes/node:dns.ts' does not exist.
File '/Users/valentinyelchenko/Projects/ogxone/adjecent-boxes/node:dns.tsx' does not exist.
File '/Users/valentinyelchenko/Projects/ogxone/adjecent-boxes/node:dns.d.ts' does not exist.
Directory '/Users/valentinyelchenko/Projects/ogxone/adjecent-boxes/node:dns' does not exist, skipping all lookups in it.
Loading module 'node:dns' from 'node_modules' folder, target file type 'TypeScript'.
Directory '/Users/valentinyelchenko/Projects/ogxone/adjecent-boxes/node_modules/@types/node/dns/node_modules' does not exist, skipping all lookups in it.
Resolution for module 'node:dns' was found in cache from location '/Users/valentinyelchenko/Projects/ogxone/adjecent-boxes/node_modules/@types/node'.
======== Module name 'node:dns' was not resolved. ========
Module 'domain' was resolved as locally declared ambient module in file '/Users/valentinyelchenko/Projects/ogxone/adjecent-boxes/node_modules/@types/node/domain.d.ts'.
======== Resolving module 'node:events' from '/Users/valentinyelchenko/Projects/ogxone/adjecent-boxes/node_modules/@types/node/domain.d.ts'. ========
Resolution for module 'node:events' was found in cache from location '/Users/valentinyelchenko/Projects/ogxone/adjecent-boxes/node_modules/@types/node'.
======== Module name 'node:events' was not resolved. ========
Module 'node:events' was resolved as locally declared ambient module in file '/Users/valentinyelchenko/Projects/ogxone/adjecent-boxes/node_modules/@types/node/events.d.ts'.
Module 'events' was resolved as locally declared ambient module in file '/Users/valentinyelchenko/Projects/ogxone/adjecent-boxes/node_modules/@types/node/events.d.ts'.
Module 'fs' was resolved as locally declared ambient module in file '/Users/valentinyelchenko/Projects/ogxone/adjecent-boxes/node_modules/@types/node/fs.d.ts'.
======== Resolving module 'node:stream' from '/Users/valentinyelchenko/Projects/ogxone/adjecent-boxes/node_modules/@types/node/fs.d.ts'. ========
Resolution for module 'node:stream' was found in cache from location '/Users/valentinyelchenko/Projects/ogxone/adjecent-boxes/node_modules/@types/node'.
======== Module name 'node:stream' was not resolved. ========
======== Resolving module 'node:events' from '/Users/valentinyelchenko/Projects/ogxone/adjecent-boxes/node_modules/@types/node/fs.d.ts'. ========
Resolution for module 'node:events' was found in cache from location '/Users/valentinyelchenko/Projects/ogxone/adjecent-boxes/node_modules/@types/node'.
======== Module name 'node:events' was not resolved. ========
======== Resolving module 'node:url' from '/Users/valentinyelchenko/Projects/ogxone/adjecent-boxes/node_modules/@types/node/fs.d.ts'. ========
Resolution for module 'node:url' was found in cache from location '/Users/valentinyelchenko/Projects/ogxone/adjecent-boxes/node_modules/@types/node'.
======== Module name 'node:url' was not resolved. ========
======== Resolving module 'node:fs/promises' from '/Users/valentinyelchenko/Projects/ogxone/adjecent-boxes/node_modules/@types/node/fs.d.ts'. ========
Explicitly specified module resolution kind: 'NodeJs'.
'baseUrl' option is set to '/Users/valentinyelchenko/Projects/ogxone/adjecent-boxes', using this value to resolve non-relative module name 'node:fs/promises'.
'paths' option is specified, looking for a pattern to match module name 'node:fs/promises'.
'baseUrl' option is set to '/Users/valentinyelchenko/Projects/ogxone/adjecent-boxes', using this value to resolve non-relative module name 'node:fs/promises'.
Resolving module name 'node:fs/promises' relative to base url '/Users/valentinyelchenko/Projects/ogxone/adjecent-boxes' - '/Users/valentinyelchenko/Projects/ogxone/adjecent-boxes/node:fs/promises'.
Loading module as file / folder, candidate module location '/Users/valentinyelchenko/Projects/ogxone/adjecent-boxes/node:fs/promises', target file type 'TypeScript'.
Loading module 'node:fs/promises' from 'node_modules' folder, target file type 'TypeScript'.
Directory '/Users/valentinyelchenko/Projects/ogxone/adjecent-boxes/node_modules/@types/node/node_modules' does not exist, skipping all lookups in it.
Directory '/Users/valentinyelchenko/Projects/ogxone/adjecent-boxes/node_modules/@types/node_modules' does not exist, skipping all lookups in it.
Directory '/Users/valentinyelchenko/Projects/ogxone/node_modules' does not exist, skipping all lookups in it.
Directory '/Users/valentinyelchenko/Projects/node_modules' does not exist, skipping all lookups in it.
Directory '/Users/node_modules' does not exist, skipping all lookups in it.
Directory '/node_modules' does not exist, skipping all lookups in it.
'baseUrl' option is set to '/Users/valentinyelchenko/Projects/ogxone/adjecent-boxes', using this value to resolve non-relative module name 'node:fs/promises'.
'paths' option is specified, looking for a pattern to match module name 'node:fs/promises'.
'baseUrl' option is set to '/Users/valentinyelchenko/Projects/ogxone/adjecent-boxes', using this value to resolve non-relative module name 'node:fs/promises'.
Resolving module name 'node:fs/promises' relative to base url '/Users/valentinyelchenko/Projects/ogxone/adjecent-boxes' - '/Users/valentinyelchenko/Projects/ogxone/adjecent-boxes/node:fs/promises'.
Loading module as file / folder, candidate module location '/Users/valentinyelchenko/Projects/ogxone/adjecent-boxes/node:fs/promises', target file type 'JavaScript'.
Loading module 'node:fs/promises' from 'node_modules' folder, target file type 'JavaScript'.
Directory '/Users/valentinyelchenko/Projects/ogxone/adjecent-boxes/node_modules/@types/node/node_modules' does not exist, skipping all lookups in it.
Directory '/Users/valentinyelchenko/Projects/ogxone/adjecent-boxes/node_modules/@types/node_modules' does not exist, skipping all lookups in it.
Directory '/Users/valentinyelchenko/Projects/ogxone/node_modules' does not exist, skipping all lookups in it.
Directory '/Users/valentinyelchenko/Projects/node_modules' does not exist, skipping all lookups in it.
Directory '/Users/node_modules' does not exist, skipping all lookups in it.
Directory '/node_modules' does not exist, skipping all lookups in it.
======== Module name 'node:fs/promises' was not resolved. ========
Module 'fs/promises' was resolved as locally declared ambient module in file '/Users/valentinyelchenko/Projects/ogxone/adjecent-boxes/node_modules/@types/node/fs/promises.d.ts'.
======== Resolving module 'node:events' from '/Users/valentinyelchenko/Projects/ogxone/adjecent-boxes/node_modules/@types/node/fs/promises.d.ts'. ========
Explicitly specified module resolution kind: 'NodeJs'.
'baseUrl' option is set to '/Users/valentinyelchenko/Projects/ogxone/adjecent-boxes', using this value to resolve non-relative module name 'node:events'.
'paths' option is specified, looking for a pattern to match module name 'node:events'.
'baseUrl' option is set to '/Users/valentinyelchenko/Projects/ogxone/adjecent-boxes', using this value to resolve non-relative module name 'node:events'.
Resolving module name 'node:events' relative to base url '/Users/valentinyelchenko/Projects/ogxone/adjecent-boxes' - '/Users/valentinyelchenko/Projects/ogxone/adjecent-boxes/node:events'.
Loading module as file / folder, candidate module location '/Users/valentinyelchenko/Projects/ogxone/adjecent-boxes/node:events', target file type 'TypeScript'.
File '/Users/valentinyelchenko/Projects/ogxone/adjecent-boxes/node:events.ts' does not exist.
File '/Users/valentinyelchenko/Projects/ogxone/adjecent-boxes/node:events.tsx' does not exist.
File '/Users/valentinyelchenko/Projects/ogxone/adjecent-boxes/node:events.d.ts' does not exist.
Directory '/Users/valentinyelchenko/Projects/ogxone/adjecent-boxes/node:events' does not exist, skipping all lookups in it.
Loading module 'node:events' from 'node_modules' folder, target file type 'TypeScript'.
Directory '/Users/valentinyelchenko/Projects/ogxone/adjecent-boxes/node_modules/@types/node/fs/node_modules' does not exist, skipping all lookups in it.
Resolution for module 'node:events' was found in cache from location '/Users/valentinyelchenko/Projects/ogxone/adjecent-boxes/node_modules/@types/node'.
======== Module name 'node:events' was not resolved. ========
======== Resolving module 'node:stream' from '/Users/valentinyelchenko/Projects/ogxone/adjecent-boxes/node_modules/@types/node/fs/promises.d.ts'. ========
Explicitly specified module resolution kind: 'NodeJs'.
'baseUrl' option is set to '/Users/valentinyelchenko/Projects/ogxone/adjecent-boxes', using this value to resolve non-relative module name 'node:stream'.
'paths' option is specified, looking for a pattern to match module name 'node:stream'.
'baseUrl' option is set to '/Users/valentinyelchenko/Projects/ogxone/adjecent-boxes', using this value to resolve non-relative module name 'node:stream'.
Resolving module name 'node:stream' relative to base url '/Users/valentinyelchenko/Projects/ogxone/adjecent-boxes' - '/Users/valentinyelchenko/Projects/ogxone/adjecent-boxes/node:stream'.
Loading module as file / folder, candidate module location '/Users/valentinyelchenko/Projects/ogxone/adjecent-boxes/node:stream', target file type 'TypeScript'.
File '/Users/valentinyelchenko/Projects/ogxone/adjecent-boxes/node:stream.ts' does not exist.
File '/Users/valentinyelchenko/Projects/ogxone/adjecent-boxes/node:stream.tsx' does not exist.
File '/Users/valentinyelchenko/Projects/ogxone/adjecent-boxes/node:stream.d.ts' does not exist.
Directory '/Users/valentinyelchenko/Projects/ogxone/adjecent-boxes/node:stream' does not exist, skipping all lookups in it.
Loading module 'node:stream' from 'node_modules' folder, target file type 'TypeScript'.
Directory '/Users/valentinyelchenko/Projects/ogxone/adjecent-boxes/node_modules/@types/node/fs/node_modules' does not exist, skipping all lookups in it.
Resolution for module 'node:stream' was found in cache from location '/Users/valentinyelchenko/Projects/ogxone/adjecent-boxes/node_modules/@types/node'.
======== Module name 'node:stream' was not resolved. ========
======== Resolving module 'node:fs' from '/Users/valentinyelchenko/Projects/ogxone/adjecent-boxes/node_modules/@types/node/fs/promises.d.ts'. ========
Explicitly specified module resolution kind: 'NodeJs'.
'baseUrl' option is set to '/Users/valentinyelchenko/Projects/ogxone/adjecent-boxes', using this value to resolve non-relative module name 'node:fs'.
'paths' option is specified, looking for a pattern to match module name 'node:fs'.
'baseUrl' option is set to '/Users/valentinyelchenko/Projects/ogxone/adjecent-boxes', using this value to resolve non-relative module name 'node:fs'.
Resolving module name 'node:fs' relative to base url '/Users/valentinyelchenko/Projects/ogxone/adjecent-boxes' - '/Users/valentinyelchenko/Projects/ogxone/adjecent-boxes/node:fs'.
Loading module as file / folder, candidate module location '/Users/valentinyelchenko/Projects/ogxone/adjecent-boxes/node:fs', target file type 'TypeScript'.
File '/Users/valentinyelchenko/Projects/ogxone/adjecent-boxes/node:fs.ts' does not exist.
File '/Users/valentinyelchenko/Projects/ogxone/adjecent-boxes/node:fs.tsx' does not exist.
File '/Users/valentinyelchenko/Projects/ogxone/adjecent-boxes/node:fs.d.ts' does not exist.
Directory '/Users/valentinyelchenko/Projects/ogxone/adjecent-boxes/node:fs' does not exist, skipping all lookups in it.
Loading module 'node:fs' from 'node_modules' folder, target file type 'TypeScript'.
Directory '/Users/valentinyelchenko/Projects/ogxone/adjecent-boxes/node_modules/@types/node/fs/node_modules' does not exist, skipping all lookups in it.
Resolution for module 'node:fs' was found in cache from location '/Users/valentinyelchenko/Projects/ogxone/adjecent-boxes/node_modules/@types/node'.
======== Module name 'node:fs' was not resolved. ========
Module 'http' was resolved as locally declared ambient module in file '/Users/valentinyelchenko/Projects/ogxone/adjecent-boxes/node_modules/@types/node/http.d.ts'.
======== Resolving module 'node:stream' from '/Users/valentinyelchenko/Projects/ogxone/adjecent-boxes/node_modules/@types/node/http.d.ts'. ========
Resolution for module 'node:stream' was found in cache from location '/Users/valentinyelchenko/Projects/ogxone/adjecent-boxes/node_modules/@types/node'.
======== Module name 'node:stream' was not resolved. ========
======== Resolving module 'node:url' from '/Users/valentinyelchenko/Projects/ogxone/adjecent-boxes/node_modules/@types/node/http.d.ts'. ========
Resolution for module 'node:url' was found in cache from location '/Users/valentinyelchenko/Projects/ogxone/adjecent-boxes/node_modules/@types/node'.
======== Module name 'node:url' was not resolved. ========
======== Resolving module 'node:net' from '/Users/valentinyelchenko/Projects/ogxone/adjecent-boxes/node_modules/@types/node/http.d.ts'. ========
Resolution for module 'node:net' was found in cache from location '/Users/valentinyelchenko/Projects/ogxone/adjecent-boxes/node_modules/@types/node'.
======== Module name 'node:net' was not resolved. ========
Module 'http2' was resolved as locally declared ambient module in file '/Users/valentinyelchenko/Projects/ogxone/adjecent-boxes/node_modules/@types/node/http2.d.ts'.
======== Resolving module 'node:events' from '/Users/valentinyelchenko/Projects/ogxone/adjecent-boxes/node_modules/@types/node/http2.d.ts'. ========
Resolution for module 'node:events' was found in cache from location '/Users/valentinyelchenko/Projects/ogxone/adjecent-boxes/node_modules/@types/node'.
======== Module name 'node:events' was not resolved. ========
======== Resolving module 'node:fs' from '/Users/valentinyelchenko/Projects/ogxone/adjecent-boxes/node_modules/@types/node/http2.d.ts'. ========
Resolution for module 'node:fs' was found in cache from location '/Users/valentinyelchenko/Projects/ogxone/adjecent-boxes/node_modules/@types/node'.
======== Module name 'node:fs' was not resolved. ========
======== Resolving module 'node:net' from '/Users/valentinyelchenko/Projects/ogxone/adjecent-boxes/node_modules/@types/node/http2.d.ts'. ========
Resolution for module 'node:net' was found in cache from location '/Users/valentinyelchenko/Projects/ogxone/adjecent-boxes/node_modules/@types/node'.
======== Module name 'node:net' was not resolved. ========
======== Resolving module 'node:stream' from '/Users/valentinyelchenko/Projects/ogxone/adjecent-boxes/node_modules/@types/node/http2.d.ts'. ========
Resolution for module 'node:stream' was found in cache from location '/Users/valentinyelchenko/Projects/ogxone/adjecent-boxes/node_modules/@types/node'.
======== Module name 'node:stream' was not resolved. ========
======== Resolving module 'node:tls' from '/Users/valentinyelchenko/Projects/ogxone/adjecent-boxes/node_modules/@types/node/http2.d.ts'. ========
Resolution for module 'node:tls' was found in cache from location '/Users/valentinyelchenko/Projects/ogxone/adjecent-boxes/node_modules/@types/node'.
======== Module name 'node:tls' was not resolved. ========
======== Resolving module 'node:url' from '/Users/valentinyelchenko/Projects/ogxone/adjecent-boxes/node_modules/@types/node/http2.d.ts'. ========
Resolution for module 'node:url' was found in cache from location '/Users/valentinyelchenko/Projects/ogxone/adjecent-boxes/node_modules/@types/node'.
======== Module name 'node:url' was not resolved. ========
======== Resolving module 'node:http' from '/Users/valentinyelchenko/Projects/ogxone/adjecent-boxes/node_modules/@types/node/http2.d.ts'. ========
Explicitly specified module resolution kind: 'NodeJs'.
'baseUrl' option is set to '/Users/valentinyelchenko/Projects/ogxone/adjecent-boxes', using this value to resolve non-relative module name 'node:http'.
'paths' option is specified, looking for a pattern to match module name 'node:http'.
'baseUrl' option is set to '/Users/valentinyelchenko/Projects/ogxone/adjecent-boxes', using this value to resolve non-relative module name 'node:http'.
Resolving module name 'node:http' relative to base url '/Users/valentinyelchenko/Projects/ogxone/adjecent-boxes' - '/Users/valentinyelchenko/Projects/ogxone/adjecent-boxes/node:http'.
Loading module as file / folder, candidate module location '/Users/valentinyelchenko/Projects/ogxone/adjecent-boxes/node:http', target file type 'TypeScript'.
File '/Users/valentinyelchenko/Projects/ogxone/adjecent-boxes/node:http.ts' does not exist.
File '/Users/valentinyelchenko/Projects/ogxone/adjecent-boxes/node:http.tsx' does not exist.
File '/Users/valentinyelchenko/Projects/ogxone/adjecent-boxes/node:http.d.ts' does not exist.
Directory '/Users/valentinyelchenko/Projects/ogxone/adjecent-boxes/node:http' does not exist, skipping all lookups in it.
Loading module 'node:http' from 'node_modules' folder, target file type 'TypeScript'.
Directory '/Users/valentinyelchenko/Projects/ogxone/adjecent-boxes/node_modules/@types/node/node_modules' does not exist, skipping all lookups in it.
Directory '/Users/valentinyelchenko/Projects/ogxone/adjecent-boxes/node_modules/@types/node_modules' does not exist, skipping all lookups in it.
File '/Users/valentinyelchenko/Projects/ogxone/adjecent-boxes/node_modules/node:http.ts' does not exist.
File '/Users/valentinyelchenko/Projects/ogxone/adjecent-boxes/node_modules/node:http.tsx' does not exist.
File '/Users/valentinyelchenko/Projects/ogxone/adjecent-boxes/node_modules/node:http.d.ts' does not exist.
File '/Users/valentinyelchenko/Projects/ogxone/adjecent-boxes/node_modules/@types/node:http.d.ts' does not exist.
Directory '/Users/valentinyelchenko/Projects/ogxone/node_modules' does not exist, skipping all lookups in it.
Directory '/Users/valentinyelchenko/Projects/node_modules' does not exist, skipping all lookups in it.
File '/Users/valentinyelchenko/node_modules/node:http.ts' does not exist.
File '/Users/valentinyelchenko/node_modules/node:http.tsx' does not exist.
File '/Users/valentinyelchenko/node_modules/node:http.d.ts' does not exist.
File '/Users/valentinyelchenko/node_modules/@types/node:http.d.ts' does not exist.
Directory '/Users/node_modules' does not exist, skipping all lookups in it.
Directory '/node_modules' does not exist, skipping all lookups in it.
'baseUrl' option is set to '/Users/valentinyelchenko/Projects/ogxone/adjecent-boxes', using this value to resolve non-relative module name 'node:http'.
'paths' option is specified, looking for a pattern to match module name 'node:http'.
'baseUrl' option is set to '/Users/valentinyelchenko/Projects/ogxone/adjecent-boxes', using this value to resolve non-relative module name 'node:http'.
Resolving module name 'node:http' relative to base url '/Users/valentinyelchenko/Projects/ogxone/adjecent-boxes' - '/Users/valentinyelchenko/Projects/ogxone/adjecent-boxes/node:http'.
Loading module as file / folder, candidate module location '/Users/valentinyelchenko/Projects/ogxone/adjecent-boxes/node:http', target file type 'JavaScript'.
File '/Users/valentinyelchenko/Projects/ogxone/adjecent-boxes/node:http.js' does not exist.
File '/Users/valentinyelchenko/Projects/ogxone/adjecent-boxes/node:http.jsx' does not exist.
Directory '/Users/valentinyelchenko/Projects/ogxone/adjecent-boxes/node:http' does not exist, skipping all lookups in it.
Loading module 'node:http' from 'node_modules' folder, target file type 'JavaScript'.
Directory '/Users/valentinyelchenko/Projects/ogxone/adjecent-boxes/node_modules/@types/node/node_modules' does not exist, skipping all lookups in it.
Directory '/Users/valentinyelchenko/Projects/ogxone/adjecent-boxes/node_modules/@types/node_modules' does not exist, skipping all lookups in it.
File '/Users/valentinyelchenko/Projects/ogxone/adjecent-boxes/node_modules/node:http.js' does not exist.
File '/Users/valentinyelchenko/Projects/ogxone/adjecent-boxes/node_modules/node:http.jsx' does not exist.
Directory '/Users/valentinyelchenko/Projects/ogxone/node_modules' does not exist, skipping all lookups in it.
Directory '/Users/valentinyelchenko/Projects/node_modules' does not exist, skipping all lookups in it.
File '/Users/valentinyelchenko/node_modules/node:http.js' does not exist.
File '/Users/valentinyelchenko/node_modules/node:http.jsx' does not exist.
Directory '/Users/node_modules' does not exist, skipping all lookups in it.
Directory '/node_modules' does not exist, skipping all lookups in it.
======== Module name 'node:http' was not resolved. ========
Module 'https' was resolved as locally declared ambient module in file '/Users/valentinyelchenko/Projects/ogxone/adjecent-boxes/node_modules/@types/node/https.d.ts'.
======== Resolving module 'node:stream' from '/Users/valentinyelchenko/Projects/ogxone/adjecent-boxes/node_modules/@types/node/https.d.ts'. ========
Resolution for module 'node:stream' was found in cache from location '/Users/valentinyelchenko/Projects/ogxone/adjecent-boxes/node_modules/@types/node'.
======== Module name 'node:stream' was not resolved. ========
======== Resolving module 'node:tls' from '/Users/valentinyelchenko/Projects/ogxone/adjecent-boxes/node_modules/@types/node/https.d.ts'. ========
Resolution for module 'node:tls' was found in cache from location '/Users/valentinyelchenko/Projects/ogxone/adjecent-boxes/node_modules/@types/node'.
======== Module name 'node:tls' was not resolved. ========
======== Resolving module 'node:http' from '/Users/valentinyelchenko/Projects/ogxone/adjecent-boxes/node_modules/@types/node/https.d.ts'. ========
Resolution for module 'node:http' was found in cache from location '/Users/valentinyelchenko/Projects/ogxone/adjecent-boxes/node_modules/@types/node'.
======== Module name 'node:http' was not resolved. ========
======== Resolving module 'node:url' from '/Users/valentinyelchenko/Projects/ogxone/adjecent-boxes/node_modules/@types/node/https.d.ts'. ========
Resolution for module 'node:url' was found in cache from location '/Users/valentinyelchenko/Projects/ogxone/adjecent-boxes/node_modules/@types/node'.
======== Module name 'node:url' was not resolved. ========
Module 'inspector' was resolved as locally declared ambient module in file '/Users/valentinyelchenko/Projects/ogxone/adjecent-boxes/node_modules/@types/node/inspector.d.ts'.
======== Resolving module 'node:events' from '/Users/valentinyelchenko/Projects/ogxone/adjecent-boxes/node_modules/@types/node/inspector.d.ts'. ========
Resolution for module 'node:events' was found in cache from location '/Users/valentinyelchenko/Projects/ogxone/adjecent-boxes/node_modules/@types/node'.
======== Module name 'node:events' was not resolved. ========
Module 'module' was resolved as locally declared ambient module in file '/Users/valentinyelchenko/Projects/ogxone/adjecent-boxes/node_modules/@types/node/module.d.ts'.
======== Resolving module 'node:url' from '/Users/valentinyelchenko/Projects/ogxone/adjecent-boxes/node_modules/@types/node/module.d.ts'. ========
Resolution for module 'node:url' was found in cache from location '/Users/valentinyelchenko/Projects/ogxone/adjecent-boxes/node_modules/@types/node'.
======== Module name 'node:url' was not resolved. ========
Module 'net' was resolved as locally declared ambient module in file '/Users/valentinyelchenko/Projects/ogxone/adjecent-boxes/node_modules/@types/node/net.d.ts'.
======== Resolving module 'node:stream' from '/Users/valentinyelchenko/Projects/ogxone/adjecent-boxes/node_modules/@types/node/net.d.ts'. ========
Resolution for module 'node:stream' was found in cache from location '/Users/valentinyelchenko/Projects/ogxone/adjecent-boxes/node_modules/@types/node'.
======== Module name 'node:stream' was not resolved. ========
======== Resolving module 'node:events' from '/Users/valentinyelchenko/Projects/ogxone/adjecent-boxes/node_modules/@types/node/net.d.ts'. ========
Resolution for module 'node:events' was found in cache from location '/Users/valentinyelchenko/Projects/ogxone/adjecent-boxes/node_modules/@types/node'.
======== Module name 'node:events' was not resolved. ========
======== Resolving module 'node:dns' from '/Users/valentinyelchenko/Projects/ogxone/adjecent-boxes/node_modules/@types/node/net.d.ts'. ========
Resolution for module 'node:dns' was found in cache from location '/Users/valentinyelchenko/Projects/ogxone/adjecent-boxes/node_modules/@types/node'.
======== Module name 'node:dns' was not resolved. ========
Module 'os' was resolved as locally declared ambient module in file '/Users/valentinyelchenko/Projects/ogxone/adjecent-boxes/node_modules/@types/node/os.d.ts'.
Module 'path' was resolved as locally declared ambient module in file '/Users/valentinyelchenko/Projects/ogxone/adjecent-boxes/node_modules/@types/node/path.d.ts'.
Module 'path' was resolved as locally declared ambient module in file '/Users/valentinyelchenko/Projects/ogxone/adjecent-boxes/node_modules/@types/node/path.d.ts'.
Module 'path' was resolved as locally declared ambient module in file '/Users/valentinyelchenko/Projects/ogxone/adjecent-boxes/node_modules/@types/node/path.d.ts'.
Module 'path/posix' was resolved as locally declared ambient module in file '/Users/valentinyelchenko/Projects/ogxone/adjecent-boxes/node_modules/@types/node/path.d.ts'.
Module 'path/win32' was resolved as locally declared ambient module in file '/Users/valentinyelchenko/Projects/ogxone/adjecent-boxes/node_modules/@types/node/path.d.ts'.
Module 'perf_hooks' was resolved as locally declared ambient module in file '/Users/valentinyelchenko/Projects/ogxone/adjecent-boxes/node_modules/@types/node/perf_hooks.d.ts'.
======== Resolving module 'node:async_hooks' from '/Users/valentinyelchenko/Projects/ogxone/adjecent-boxes/node_modules/@types/node/perf_hooks.d.ts'. ========
Explicitly specified module resolution kind: 'NodeJs'.
'baseUrl' option is set to '/Users/valentinyelchenko/Projects/ogxone/adjecent-boxes', using this value to resolve non-relative module name 'node:async_hooks'.
'paths' option is specified, looking for a pattern to match module name 'node:async_hooks'.
'baseUrl' option is set to '/Users/valentinyelchenko/Projects/ogxone/adjecent-boxes', using this value to resolve non-relative module name 'node:async_hooks'.
Resolving module name 'node:async_hooks' relative to base url '/Users/valentinyelchenko/Projects/ogxone/adjecent-boxes' - '/Users/valentinyelchenko/Projects/ogxone/adjecent-boxes/node:async_hooks'.
Loading module as file / folder, candidate module location '/Users/valentinyelchenko/Projects/ogxone/adjecent-boxes/node:async_hooks', target file type 'TypeScript'.
File '/Users/valentinyelchenko/Projects/ogxone/adjecent-boxes/node:async_hooks.ts' does not exist.
File '/Users/valentinyelchenko/Projects/ogxone/adjecent-boxes/node:async_hooks.tsx' does not exist.
File '/Users/valentinyelchenko/Projects/ogxone/adjecent-boxes/node:async_hooks.d.ts' does not exist.
Directory '/Users/valentinyelchenko/Projects/ogxone/adjecent-boxes/node:async_hooks' does not exist, skipping all lookups in it.
Loading module 'node:async_hooks' from 'node_modules' folder, target file type 'TypeScript'.
Directory '/Users/valentinyelchenko/Projects/ogxone/adjecent-boxes/node_modules/@types/node/node_modules' does not exist, skipping all lookups in it.
Directory '/Users/valentinyelchenko/Projects/ogxone/adjecent-boxes/node_modules/@types/node_modules' does not exist, skipping all lookups in it.
File '/Users/valentinyelchenko/Projects/ogxone/adjecent-boxes/node_modules/node:async_hooks.ts' does not exist.
File '/Users/valentinyelchenko/Projects/ogxone/adjecent-boxes/node_modules/node:async_hooks.tsx' does not exist.
File '/Users/valentinyelchenko/Projects/ogxone/adjecent-boxes/node_modules/node:async_hooks.d.ts' does not exist.
File '/Users/valentinyelchenko/Projects/ogxone/adjecent-boxes/node_modules/@types/node:async_hooks.d.ts' does not exist.
Directory '/Users/valentinyelchenko/Projects/ogxone/node_modules' does not exist, skipping all lookups in it.
Directory '/Users/valentinyelchenko/Projects/node_modules' does not exist, skipping all lookups in it.
File '/Users/valentinyelchenko/node_modules/node:async_hooks.ts' does not exist.
File '/Users/valentinyelchenko/node_modules/node:async_hooks.tsx' does not exist.
File '/Users/valentinyelchenko/node_modules/node:async_hooks.d.ts' does not exist.
File '/Users/valentinyelchenko/node_modules/@types/node:async_hooks.d.ts' does not exist.
Directory '/Users/node_modules' does not exist, skipping all lookups in it.
Directory '/node_modules' does not exist, skipping all lookups in it.
'baseUrl' option is set to '/Users/valentinyelchenko/Projects/ogxone/adjecent-boxes', using this value to resolve non-relative module name 'node:async_hooks'.
'paths' option is specified, looking for a pattern to match module name 'node:async_hooks'.
'baseUrl' option is set to '/Users/valentinyelchenko/Projects/ogxone/adjecent-boxes', using this value to resolve non-relative module name 'node:async_hooks'.
Resolving module name 'node:async_hooks' relative to base url '/Users/valentinyelchenko/Projects/ogxone/adjecent-boxes' - '/Users/valentinyelchenko/Projects/ogxone/adjecent-boxes/node:async_hooks'.
Loading module as file / folder, candidate module location '/Users/valentinyelchenko/Projects/ogxone/adjecent-boxes/node:async_hooks', target file type 'JavaScript'.
File '/Users/valentinyelchenko/Projects/ogxone/adjecent-boxes/node:async_hooks.js' does not exist.
File '/Users/valentinyelchenko/Projects/ogxone/adjecent-boxes/node:async_hooks.jsx' does not exist.
Directory '/Users/valentinyelchenko/Projects/ogxone/adjecent-boxes/node:async_hooks' does not exist, skipping all lookups in it.
Loading module 'node:async_hooks' from 'node_modules' folder, target file type 'JavaScript'.
Directory '/Users/valentinyelchenko/Projects/ogxone/adjecent-boxes/node_modules/@types/node/node_modules' does not exist, skipping all lookups in it.
Directory '/Users/valentinyelchenko/Projects/ogxone/adjecent-boxes/node_modules/@types/node_modules' does not exist, skipping all lookups in it.
File '/Users/valentinyelchenko/Projects/ogxone/adjecent-boxes/node_modules/node:async_hooks.js' does not exist.
File '/Users/valentinyelchenko/Projects/ogxone/adjecent-boxes/node_modules/node:async_hooks.jsx' does not exist.
Directory '/Users/valentinyelchenko/Projects/ogxone/node_modules' does not exist, skipping all lookups in it.
Directory '/Users/valentinyelchenko/Projects/node_modules' does not exist, skipping all lookups in it.
File '/Users/valentinyelchenko/node_modules/node:async_hooks.js' does not exist.
File '/Users/valentinyelchenko/node_modules/node:async_hooks.jsx' does not exist.
Directory '/Users/node_modules' does not exist, skipping all lookups in it.
Directory '/node_modules' does not exist, skipping all lookups in it.
======== Module name 'node:async_hooks' was not resolved. ========
Module 'process' was resolved as locally declared ambient module in file '/Users/valentinyelchenko/Projects/ogxone/adjecent-boxes/node_modules/@types/node/process.d.ts'.
======== Resolving module 'node:tty' from '/Users/valentinyelchenko/Projects/ogxone/adjecent-boxes/node_modules/@types/node/process.d.ts'. ========
Explicitly specified module resolution kind: 'NodeJs'.
'baseUrl' option is set to '/Users/valentinyelchenko/Projects/ogxone/adjecent-boxes', using this value to resolve non-relative module name 'node:tty'.
'paths' option is specified, looking for a pattern to match module name 'node:tty'.
'baseUrl' option is set to '/Users/valentinyelchenko/Projects/ogxone/adjecent-boxes', using this value to resolve non-relative module name 'node:tty'.
Resolving module name 'node:tty' relative to base url '/Users/valentinyelchenko/Projects/ogxone/adjecent-boxes' - '/Users/valentinyelchenko/Projects/ogxone/adjecent-boxes/node:tty'.
Loading module as file / folder, candidate module location '/Users/valentinyelchenko/Projects/ogxone/adjecent-boxes/node:tty', target file type 'TypeScript'.
File '/Users/valentinyelchenko/Projects/ogxone/adjecent-boxes/node:tty.ts' does not exist.
File '/Users/valentinyelchenko/Projects/ogxone/adjecent-boxes/node:tty.tsx' does not exist.
File '/Users/valentinyelchenko/Projects/ogxone/adjecent-boxes/node:tty.d.ts' does not exist.
Directory '/Users/valentinyelchenko/Projects/ogxone/adjecent-boxes/node:tty' does not exist, skipping all lookups in it.
Loading module 'node:tty' from 'node_modules' folder, target file type 'TypeScript'.
Directory '/Users/valentinyelchenko/Projects/ogxone/adjecent-boxes/node_modules/@types/node/node_modules' does not exist, skipping all lookups in it.
Directory '/Users/valentinyelchenko/Projects/ogxone/adjecent-boxes/node_modules/@types/node_modules' does not exist, skipping all lookups in it.
File '/Users/valentinyelchenko/Projects/ogxone/adjecent-boxes/node_modules/node:tty.ts' does not exist.
File '/Users/valentinyelchenko/Projects/ogxone/adjecent-boxes/node_modules/node:tty.tsx' does not exist.
File '/Users/valentinyelchenko/Projects/ogxone/adjecent-boxes/node_modules/node:tty.d.ts' does not exist.
File '/Users/valentinyelchenko/Projects/ogxone/adjecent-boxes/node_modules/@types/node:tty.d.ts' does not exist.
Directory '/Users/valentinyelchenko/Projects/ogxone/node_modules' does not exist, skipping all lookups in it.
Directory '/Users/valentinyelchenko/Projects/node_modules' does not exist, skipping all lookups in it.
File '/Users/valentinyelchenko/node_modules/node:tty.ts' does not exist.
File '/Users/valentinyelchenko/node_modules/node:tty.tsx' does not exist.
File '/Users/valentinyelchenko/node_modules/node:tty.d.ts' does not exist.
File '/Users/valentinyelchenko/node_modules/@types/node:tty.d.ts' does not exist.
Directory '/Users/node_modules' does not exist, skipping all lookups in it.
Directory '/node_modules' does not exist, skipping all lookups in it.
'baseUrl' option is set to '/Users/valentinyelchenko/Projects/ogxone/adjecent-boxes', using this value to resolve non-relative module name 'node:tty'.
'paths' option is specified, looking for a pattern to match module name 'node:tty'.
'baseUrl' option is set to '/Users/valentinyelchenko/Projects/ogxone/adjecent-boxes', using this value to resolve non-relative module name 'node:tty'.
Resolving module name 'node:tty' relative to base url '/Users/valentinyelchenko/Projects/ogxone/adjecent-boxes' - '/Users/valentinyelchenko/Projects/ogxone/adjecent-boxes/node:tty'.
Loading module as file / folder, candidate module location '/Users/valentinyelchenko/Projects/ogxone/adjecent-boxes/node:tty', target file type 'JavaScript'.
File '/Users/valentinyelchenko/Projects/ogxone/adjecent-boxes/node:tty.js' does not exist.
File '/Users/valentinyelchenko/Projects/ogxone/adjecent-boxes/node:tty.jsx' does not exist.
Directory '/Users/valentinyelchenko/Projects/ogxone/adjecent-boxes/node:tty' does not exist, skipping all lookups in it.
Loading module 'node:tty' from 'node_modules' folder, target file type 'JavaScript'.
Directory '/Users/valentinyelchenko/Projects/ogxone/adjecent-boxes/node_modules/@types/node/node_modules' does not exist, skipping all lookups in it.
Directory '/Users/valentinyelchenko/Projects/ogxone/adjecent-boxes/node_modules/@types/node_modules' does not exist, skipping all lookups in it.
File '/Users/valentinyelchenko/Projects/ogxone/adjecent-boxes/node_modules/node:tty.js' does not exist.
File '/Users/valentinyelchenko/Projects/ogxone/adjecent-boxes/node_modules/node:tty.jsx' does not exist.
Directory '/Users/valentinyelchenko/Projects/ogxone/node_modules' does not exist, skipping all lookups in it.
Directory '/Users/valentinyelchenko/Projects/node_modules' does not exist, skipping all lookups in it.
File '/Users/valentinyelchenko/node_modules/node:tty.js' does not exist.
File '/Users/valentinyelchenko/node_modules/node:tty.jsx' does not exist.
Directory '/Users/node_modules' does not exist, skipping all lookups in it.
Directory '/node_modules' does not exist, skipping all lookups in it.
======== Module name 'node:tty' was not resolved. ========
======== Resolving module 'node:worker_threads' from '/Users/valentinyelchenko/Projects/ogxone/adjecent-boxes/node_modules/@types/node/process.d.ts'. ========
Explicitly specified module resolution kind: 'NodeJs'.
'baseUrl' option is set to '/Users/valentinyelchenko/Projects/ogxone/adjecent-boxes', using this value to resolve non-relative module name 'node:worker_threads'.
'paths' option is specified, looking for a pattern to match module name 'node:worker_threads'.
'baseUrl' option is set to '/Users/valentinyelchenko/Projects/ogxone/adjecent-boxes', using this value to resolve non-relative module name 'node:worker_threads'.
Resolving module name 'node:worker_threads' relative to base url '/Users/valentinyelchenko/Projects/ogxone/adjecent-boxes' - '/Users/valentinyelchenko/Projects/ogxone/adjecent-boxes/node:worker_threads'.
Loading module as file / folder, candidate module location '/Users/valentinyelchenko/Projects/ogxone/adjecent-boxes/node:worker_threads', target file type 'TypeScript'.
File '/Users/valentinyelchenko/Projects/ogxone/adjecent-boxes/node:worker_threads.ts' does not exist.
File '/Users/valentinyelchenko/Projects/ogxone/adjecent-boxes/node:worker_threads.tsx' does not exist.
File '/Users/valentinyelchenko/Projects/ogxone/adjecent-boxes/node:worker_threads.d.ts' does not exist.
Directory '/Users/valentinyelchenko/Projects/ogxone/adjecent-boxes/node:worker_threads' does not exist, skipping all lookups in it.
Loading module 'node:worker_threads' from 'node_modules' folder, target file type 'TypeScript'.
Directory '/Users/valentinyelchenko/Projects/ogxone/adjecent-boxes/node_modules/@types/node/node_modules' does not exist, skipping all lookups in it.
Directory '/Users/valentinyelchenko/Projects/ogxone/adjecent-boxes/node_modules/@types/node_modules' does not exist, skipping all lookups in it.
File '/Users/valentinyelchenko/Projects/ogxone/adjecent-boxes/node_modules/node:worker_threads.ts' does not exist.
File '/Users/valentinyelchenko/Projects/ogxone/adjecent-boxes/node_modules/node:worker_threads.tsx' does not exist.
File '/Users/valentinyelchenko/Projects/ogxone/adjecent-boxes/node_modules/node:worker_threads.d.ts' does not exist.
File '/Users/valentinyelchenko/Projects/ogxone/adjecent-boxes/node_modules/@types/node:worker_threads.d.ts' does not exist.
Directory '/Users/valentinyelchenko/Projects/ogxone/node_modules' does not exist, skipping all lookups in it.
Directory '/Users/valentinyelchenko/Projects/node_modules' does not exist, skipping all lookups in it.
File '/Users/valentinyelchenko/node_modules/node:worker_threads.ts' does not exist.
File '/Users/valentinyelchenko/node_modules/node:worker_threads.tsx' does not exist.
File '/Users/valentinyelchenko/node_modules/node:worker_threads.d.ts' does not exist.
File '/Users/valentinyelchenko/node_modules/@types/node:worker_threads.d.ts' does not exist.
Directory '/Users/node_modules' does not exist, skipping all lookups in it.
Directory '/node_modules' does not exist, skipping all lookups in it.
'baseUrl' option is set to '/Users/valentinyelchenko/Projects/ogxone/adjecent-boxes', using this value to resolve non-relative module name 'node:worker_threads'.
'paths' option is specified, looking for a pattern to match module name 'node:worker_threads'.
'baseUrl' option is set to '/Users/valentinyelchenko/Projects/ogxone/adjecent-boxes', using this value to resolve non-relative module name 'node:worker_threads'.
Resolving module name 'node:worker_threads' relative to base url '/Users/valentinyelchenko/Projects/ogxone/adjecent-boxes' - '/Users/valentinyelchenko/Projects/ogxone/adjecent-boxes/node:worker_threads'.
Loading module as file / folder, candidate module location '/Users/valentinyelchenko/Projects/ogxone/adjecent-boxes/node:worker_threads', target file type 'JavaScript'.
File '/Users/valentinyelchenko/Projects/ogxone/adjecent-boxes/node:worker_threads.js' does not exist.
File '/Users/valentinyelchenko/Projects/ogxone/adjecent-boxes/node:worker_threads.jsx' does not exist.
Directory '/Users/valentinyelchenko/Projects/ogxone/adjecent-boxes/node:worker_threads' does not exist, skipping all lookups in it.
Loading module 'node:worker_threads' from 'node_modules' folder, target file type 'JavaScript'.
Directory '/Users/valentinyelchenko/Projects/ogxone/adjecent-boxes/node_modules/@types/node/node_modules' does not exist, skipping all lookups in it.
Directory '/Users/valentinyelchenko/Projects/ogxone/adjecent-boxes/node_modules/@types/node_modules' does not exist, skipping all lookups in it.
File '/Users/valentinyelchenko/Projects/ogxone/adjecent-boxes/node_modules/node:worker_threads.js' does not exist.
File '/Users/valentinyelchenko/Projects/ogxone/adjecent-boxes/node_modules/node:worker_threads.jsx' does not exist.
Directory '/Users/valentinyelchenko/Projects/ogxone/node_modules' does not exist, skipping all lookups in it.
Directory '/Users/valentinyelchenko/Projects/node_modules' does not exist, skipping all lookups in it.
File '/Users/valentinyelchenko/node_modules/node:worker_threads.js' does not exist.
File '/Users/valentinyelchenko/node_modules/node:worker_threads.jsx' does not exist.
Directory '/Users/node_modules' does not exist, skipping all lookups in it.
Directory '/node_modules' does not exist, skipping all lookups in it.
======== Module name 'node:worker_threads' was not resolved. ========
Module 'punycode' was resolved as locally declared ambient module in file '/Users/valentinyelchenko/Projects/ogxone/adjecent-boxes/node_modules/@types/node/punycode.d.ts'.
Module 'querystring' was resolved as locally declared ambient module in file '/Users/valentinyelchenko/Projects/ogxone/adjecent-boxes/node_modules/@types/node/querystring.d.ts'.
Module 'readline' was resolved as locally declared ambient module in file '/Users/valentinyelchenko/Projects/ogxone/adjecent-boxes/node_modules/@types/node/readline.d.ts'.
======== Resolving module 'node:events' from '/Users/valentinyelchenko/Projects/ogxone/adjecent-boxes/node_modules/@types/node/readline.d.ts'. ========
Resolution for module 'node:events' was found in cache from location '/Users/valentinyelchenko/Projects/ogxone/adjecent-boxes/node_modules/@types/node'.
======== Module name 'node:events' was not resolved. ========
Module 'repl' was resolved as locally declared ambient module in file '/Users/valentinyelchenko/Projects/ogxone/adjecent-boxes/node_modules/@types/node/repl.d.ts'.
======== Resolving module 'node:readline' from '/Users/valentinyelchenko/Projects/ogxone/adjecent-boxes/node_modules/@types/node/repl.d.ts'. ========
Explicitly specified module resolution kind: 'NodeJs'.
'baseUrl' option is set to '/Users/valentinyelchenko/Projects/ogxone/adjecent-boxes', using this value to resolve non-relative module name 'node:readline'.
'paths' option is specified, looking for a pattern to match module name 'node:readline'.
'baseUrl' option is set to '/Users/valentinyelchenko/Projects/ogxone/adjecent-boxes', using this value to resolve non-relative module name 'node:readline'.
Resolving module name 'node:readline' relative to base url '/Users/valentinyelchenko/Projects/ogxone/adjecent-boxes' - '/Users/valentinyelchenko/Projects/ogxone/adjecent-boxes/node:readline'.
Loading module as file / folder, candidate module location '/Users/valentinyelchenko/Projects/ogxone/adjecent-boxes/node:readline', target file type 'TypeScript'.
File '/Users/valentinyelchenko/Projects/ogxone/adjecent-boxes/node:readline.ts' does not exist.
File '/Users/valentinyelchenko/Projects/ogxone/adjecent-boxes/node:readline.tsx' does not exist.
File '/Users/valentinyelchenko/Projects/ogxone/adjecent-boxes/node:readline.d.ts' does not exist.
Directory '/Users/valentinyelchenko/Projects/ogxone/adjecent-boxes/node:readline' does not exist, skipping all lookups in it.
Loading module 'node:readline' from 'node_modules' folder, target file type 'TypeScript'.
Directory '/Users/valentinyelchenko/Projects/ogxone/adjecent-boxes/node_modules/@types/node/node_modules' does not exist, skipping all lookups in it.
Directory '/Users/valentinyelchenko/Projects/ogxone/adjecent-boxes/node_modules/@types/node_modules' does not exist, skipping all lookups in it.
File '/Users/valentinyelchenko/Projects/ogxone/adjecent-boxes/node_modules/node:readline.ts' does not exist.
File '/Users/valentinyelchenko/Projects/ogxone/adjecent-boxes/node_modules/node:readline.tsx' does not exist.
File '/Users/valentinyelchenko/Projects/ogxone/adjecent-boxes/node_modules/node:readline.d.ts' does not exist.
File '/Users/valentinyelchenko/Projects/ogxone/adjecent-boxes/node_modules/@types/node:readline.d.ts' does not exist.
Directory '/Users/valentinyelchenko/Projects/ogxone/node_modules' does not exist, skipping all lookups in it.
Directory '/Users/valentinyelchenko/Projects/node_modules' does not exist, skipping all lookups in it.
File '/Users/valentinyelchenko/node_modules/node:readline.ts' does not exist.
File '/Users/valentinyelchenko/node_modules/node:readline.tsx' does not exist.
File '/Users/valentinyelchenko/node_modules/node:readline.d.ts' does not exist.
File '/Users/valentinyelchenko/node_modules/@types/node:readline.d.ts' does not exist.
Directory '/Users/node_modules' does not exist, skipping all lookups in it.
Directory '/node_modules' does not exist, skipping all lookups in it.
'baseUrl' option is set to '/Users/valentinyelchenko/Projects/ogxone/adjecent-boxes', using this value to resolve non-relative module name 'node:readline'.
'paths' option is specified, looking for a pattern to match module name 'node:readline'.
'baseUrl' option is set to '/Users/valentinyelchenko/Projects/ogxone/adjecent-boxes', using this value to resolve non-relative module name 'node:readline'.
Resolving module name 'node:readline' relative to base url '/Users/valentinyelchenko/Projects/ogxone/adjecent-boxes' - '/Users/valentinyelchenko/Projects/ogxone/adjecent-boxes/node:readline'.
Loading module as file / folder, candidate module location '/Users/valentinyelchenko/Projects/ogxone/adjecent-boxes/node:readline', target file type 'JavaScript'.
File '/Users/valentinyelchenko/Projects/ogxone/adjecent-boxes/node:readline.js' does not exist.
File '/Users/valentinyelchenko/Projects/ogxone/adjecent-boxes/node:readline.jsx' does not exist.
Directory '/Users/valentinyelchenko/Projects/ogxone/adjecent-boxes/node:readline' does not exist, skipping all lookups in it.
Loading module 'node:readline' from 'node_modules' folder, target file type 'JavaScript'.
Directory '/Users/valentinyelchenko/Projects/ogxone/adjecent-boxes/node_modules/@types/node/node_modules' does not exist, skipping all lookups in it.
Directory '/Users/valentinyelchenko/Projects/ogxone/adjecent-boxes/node_modules/@types/node_modules' does not exist, skipping all lookups in it.
File '/Users/valentinyelchenko/Projects/ogxone/adjecent-boxes/node_modules/node:readline.js' does not exist.
File '/Users/valentinyelchenko/Projects/ogxone/adjecent-boxes/node_modules/node:readline.jsx' does not exist.
Directory '/Users/valentinyelchenko/Projects/ogxone/node_modules' does not exist, skipping all lookups in it.
Directory '/Users/valentinyelchenko/Projects/node_modules' does not exist, skipping all lookups in it.
File '/Users/valentinyelchenko/node_modules/node:readline.js' does not exist.
File '/Users/valentinyelchenko/node_modules/node:readline.jsx' does not exist.
Directory '/Users/node_modules' does not exist, skipping all lookups in it.
Directory '/node_modules' does not exist, skipping all lookups in it.
======== Module name 'node:readline' was not resolved. ========
======== Resolving module 'node:vm' from '/Users/valentinyelchenko/Projects/ogxone/adjecent-boxes/node_modules/@types/node/repl.d.ts'. ========
Explicitly specified module resolution kind: 'NodeJs'.
'baseUrl' option is set to '/Users/valentinyelchenko/Projects/ogxone/adjecent-boxes', using this value to resolve non-relative module name 'node:vm'.
'paths' option is specified, looking for a pattern to match module name 'node:vm'.
'baseUrl' option is set to '/Users/valentinyelchenko/Projects/ogxone/adjecent-boxes', using this value to resolve non-relative module name 'node:vm'.
Resolving module name 'node:vm' relative to base url '/Users/valentinyelchenko/Projects/ogxone/adjecent-boxes' - '/Users/valentinyelchenko/Projects/ogxone/adjecent-boxes/node:vm'.
Loading module as file / folder, candidate module location '/Users/valentinyelchenko/Projects/ogxone/adjecent-boxes/node:vm', target file type 'TypeScript'.
File '/Users/valentinyelchenko/Projects/ogxone/adjecent-boxes/node:vm.ts' does not exist.
File '/Users/valentinyelchenko/Projects/ogxone/adjecent-boxes/node:vm.tsx' does not exist.
File '/Users/valentinyelchenko/Projects/ogxone/adjecent-boxes/node:vm.d.ts' does not exist.
Directory '/Users/valentinyelchenko/Projects/ogxone/adjecent-boxes/node:vm' does not exist, skipping all lookups in it.
Loading module 'node:vm' from 'node_modules' folder, target file type 'TypeScript'.
Directory '/Users/valentinyelchenko/Projects/ogxone/adjecent-boxes/node_modules/@types/node/node_modules' does not exist, skipping all lookups in it.
Directory '/Users/valentinyelchenko/Projects/ogxone/adjecent-boxes/node_modules/@types/node_modules' does not exist, skipping all lookups in it.
File '/Users/valentinyelchenko/Projects/ogxone/adjecent-boxes/node_modules/node:vm.ts' does not exist.
File '/Users/valentinyelchenko/Projects/ogxone/adjecent-boxes/node_modules/node:vm.tsx' does not exist.
File '/Users/valentinyelchenko/Projects/ogxone/adjecent-boxes/node_modules/node:vm.d.ts' does not exist.
File '/Users/valentinyelchenko/Projects/ogxone/adjecent-boxes/node_modules/@types/node:vm.d.ts' does not exist.
Directory '/Users/valentinyelchenko/Projects/ogxone/node_modules' does not exist, skipping all lookups in it.
Directory '/Users/valentinyelchenko/Projects/node_modules' does not exist, skipping all lookups in it.
File '/Users/valentinyelchenko/node_modules/node:vm.ts' does not exist.
File '/Users/valentinyelchenko/node_modules/node:vm.tsx' does not exist.
File '/Users/valentinyelchenko/node_modules/node:vm.d.ts' does not exist.
File '/Users/valentinyelchenko/node_modules/@types/node:vm.d.ts' does not exist.
Directory '/Users/node_modules' does not exist, skipping all lookups in it.
Directory '/node_modules' does not exist, skipping all lookups in it.
'baseUrl' option is set to '/Users/valentinyelchenko/Projects/ogxone/adjecent-boxes', using this value to resolve non-relative module name 'node:vm'.
'paths' option is specified, looking for a pattern to match module name 'node:vm'.
'baseUrl' option is set to '/Users/valentinyelchenko/Projects/ogxone/adjecent-boxes', using this value to resolve non-relative module name 'node:vm'.
Resolving module name 'node:vm' relative to base url '/Users/valentinyelchenko/Projects/ogxone/adjecent-boxes' - '/Users/valentinyelchenko/Projects/ogxone/adjecent-boxes/node:vm'.
Loading module as file / folder, candidate module location '/Users/valentinyelchenko/Projects/ogxone/adjecent-boxes/node:vm', target file type 'JavaScript'.
File '/Users/valentinyelchenko/Projects/ogxone/adjecent-boxes/node:vm.js' does not exist.
File '/Users/valentinyelchenko/Projects/ogxone/adjecent-boxes/node:vm.jsx' does not exist.
Directory '/Users/valentinyelchenko/Projects/ogxone/adjecent-boxes/node:vm' does not exist, skipping all lookups in it.
Loading module 'node:vm' from 'node_modules' folder, target file type 'JavaScript'.
Directory '/Users/valentinyelchenko/Projects/ogxone/adjecent-boxes/node_modules/@types/node/node_modules' does not exist, skipping all lookups in it.
Directory '/Users/valentinyelchenko/Projects/ogxone/adjecent-boxes/node_modules/@types/node_modules' does not exist, skipping all lookups in it.
File '/Users/valentinyelchenko/Projects/ogxone/adjecent-boxes/node_modules/node:vm.js' does not exist.
File '/Users/valentinyelchenko/Projects/ogxone/adjecent-boxes/node_modules/node:vm.jsx' does not exist.
Directory '/Users/valentinyelchenko/Projects/ogxone/node_modules' does not exist, skipping all lookups in it.
Directory '/Users/valentinyelchenko/Projects/node_modules' does not exist, skipping all lookups in it.
File '/Users/valentinyelchenko/node_modules/node:vm.js' does not exist.
File '/Users/valentinyelchenko/node_modules/node:vm.jsx' does not exist.
Directory '/Users/node_modules' does not exist, skipping all lookups in it.
Directory '/node_modules' does not exist, skipping all lookups in it.
======== Module name 'node:vm' was not resolved. ========
======== Resolving module 'node:util' from '/Users/valentinyelchenko/Projects/ogxone/adjecent-boxes/node_modules/@types/node/repl.d.ts'. ========
Resolution for module 'node:util' was found in cache from location '/Users/valentinyelchenko/Projects/ogxone/adjecent-boxes/node_modules/@types/node'.
======== Module name 'node:util' was not resolved. ========
Module 'stream' was resolved as locally declared ambient module in file '/Users/valentinyelchenko/Projects/ogxone/adjecent-boxes/node_modules/@types/node/stream.d.ts'.
======== Resolving module 'node:events' from '/Users/valentinyelchenko/Projects/ogxone/adjecent-boxes/node_modules/@types/node/stream.d.ts'. ========
Resolution for module 'node:events' was found in cache from location '/Users/valentinyelchenko/Projects/ogxone/adjecent-boxes/node_modules/@types/node'.
======== Module name 'node:events' was not resolved. ========
======== Resolving module 'node:stream/promises' from '/Users/valentinyelchenko/Projects/ogxone/adjecent-boxes/node_modules/@types/node/stream.d.ts'. ========
Explicitly specified module resolution kind: 'NodeJs'.
'baseUrl' option is set to '/Users/valentinyelchenko/Projects/ogxone/adjecent-boxes', using this value to resolve non-relative module name 'node:stream/promises'.
'paths' option is specified, looking for a pattern to match module name 'node:stream/promises'.
'baseUrl' option is set to '/Users/valentinyelchenko/Projects/ogxone/adjecent-boxes', using this value to resolve non-relative module name 'node:stream/promises'.
Resolving module name 'node:stream/promises' relative to base url '/Users/valentinyelchenko/Projects/ogxone/adjecent-boxes' - '/Users/valentinyelchenko/Projects/ogxone/adjecent-boxes/node:stream/promises'.
Loading module as file / folder, candidate module location '/Users/valentinyelchenko/Projects/ogxone/adjecent-boxes/node:stream/promises', target file type 'TypeScript'.
Loading module 'node:stream/promises' from 'node_modules' folder, target file type 'TypeScript'.
Directory '/Users/valentinyelchenko/Projects/ogxone/adjecent-boxes/node_modules/@types/node/node_modules' does not exist, skipping all lookups in it.
Directory '/Users/valentinyelchenko/Projects/ogxone/adjecent-boxes/node_modules/@types/node_modules' does not exist, skipping all lookups in it.
Directory '/Users/valentinyelchenko/Projects/ogxone/node_modules' does not exist, skipping all lookups in it.
Directory '/Users/valentinyelchenko/Projects/node_modules' does not exist, skipping all lookups in it.
Directory '/Users/node_modules' does not exist, skipping all lookups in it.
Directory '/node_modules' does not exist, skipping all lookups in it.
'baseUrl' option is set to '/Users/valentinyelchenko/Projects/ogxone/adjecent-boxes', using this value to resolve non-relative module name 'node:stream/promises'.
'paths' option is specified, looking for a pattern to match module name 'node:stream/promises'.
'baseUrl' option is set to '/Users/valentinyelchenko/Projects/ogxone/adjecent-boxes', using this value to resolve non-relative module name 'node:stream/promises'.
Resolving module name 'node:stream/promises' relative to base url '/Users/valentinyelchenko/Projects/ogxone/adjecent-boxes' - '/Users/valentinyelchenko/Projects/ogxone/adjecent-boxes/node:stream/promises'.
Loading module as file / folder, candidate module location '/Users/valentinyelchenko/Projects/ogxone/adjecent-boxes/node:stream/promises', target file type 'JavaScript'.
Loading module 'node:stream/promises' from 'node_modules' folder, target file type 'JavaScript'.
Directory '/Users/valentinyelchenko/Projects/ogxone/adjecent-boxes/node_modules/@types/node/node_modules' does not exist, skipping all lookups in it.
Directory '/Users/valentinyelchenko/Projects/ogxone/adjecent-boxes/node_modules/@types/node_modules' does not exist, skipping all lookups in it.
Directory '/Users/valentinyelchenko/Projects/ogxone/node_modules' does not exist, skipping all lookups in it.
Directory '/Users/valentinyelchenko/Projects/node_modules' does not exist, skipping all lookups in it.
Directory '/Users/node_modules' does not exist, skipping all lookups in it.
Directory '/node_modules' does not exist, skipping all lookups in it.
======== Module name 'node:stream/promises' was not resolved. ========
======== Resolving module 'node:stream/consumers' from '/Users/valentinyelchenko/Projects/ogxone/adjecent-boxes/node_modules/@types/node/stream.d.ts'. ========
Explicitly specified module resolution kind: 'NodeJs'.
'baseUrl' option is set to '/Users/valentinyelchenko/Projects/ogxone/adjecent-boxes', using this value to resolve non-relative module name 'node:stream/consumers'.
'paths' option is specified, looking for a pattern to match module name 'node:stream/consumers'.
'baseUrl' option is set to '/Users/valentinyelchenko/Projects/ogxone/adjecent-boxes', using this value to resolve non-relative module name 'node:stream/consumers'.
Resolving module name 'node:stream/consumers' relative to base url '/Users/valentinyelchenko/Projects/ogxone/adjecent-boxes' - '/Users/valentinyelchenko/Projects/ogxone/adjecent-boxes/node:stream/consumers'.
Loading module as file / folder, candidate module location '/Users/valentinyelchenko/Projects/ogxone/adjecent-boxes/node:stream/consumers', target file type 'TypeScript'.
Loading module 'node:stream/consumers' from 'node_modules' folder, target file type 'TypeScript'.
Directory '/Users/valentinyelchenko/Projects/ogxone/adjecent-boxes/node_modules/@types/node/node_modules' does not exist, skipping all lookups in it.
Directory '/Users/valentinyelchenko/Projects/ogxone/adjecent-boxes/node_modules/@types/node_modules' does not exist, skipping all lookups in it.
Directory '/Users/valentinyelchenko/Projects/ogxone/node_modules' does not exist, skipping all lookups in it.
Directory '/Users/valentinyelchenko/Projects/node_modules' does not exist, skipping all lookups in it.
Directory '/Users/node_modules' does not exist, skipping all lookups in it.
Directory '/node_modules' does not exist, skipping all lookups in it.
'baseUrl' option is set to '/Users/valentinyelchenko/Projects/ogxone/adjecent-boxes', using this value to resolve non-relative module name 'node:stream/consumers'.
'paths' option is specified, looking for a pattern to match module name 'node:stream/consumers'.
'baseUrl' option is set to '/Users/valentinyelchenko/Projects/ogxone/adjecent-boxes', using this value to resolve non-relative module name 'node:stream/consumers'.
Resolving module name 'node:stream/consumers' relative to base url '/Users/valentinyelchenko/Projects/ogxone/adjecent-boxes' - '/Users/valentinyelchenko/Projects/ogxone/adjecent-boxes/node:stream/consumers'.
Loading module as file / folder, candidate module location '/Users/valentinyelchenko/Projects/ogxone/adjecent-boxes/node:stream/consumers', target file type 'JavaScript'.
Loading module 'node:stream/consumers' from 'node_modules' folder, target file type 'JavaScript'.
Directory '/Users/valentinyelchenko/Projects/ogxone/adjecent-boxes/node_modules/@types/node/node_modules' does not exist, skipping all lookups in it.
Directory '/Users/valentinyelchenko/Projects/ogxone/adjecent-boxes/node_modules/@types/node_modules' does not exist, skipping all lookups in it.
Directory '/Users/valentinyelchenko/Projects/ogxone/node_modules' does not exist, skipping all lookups in it.
Directory '/Users/valentinyelchenko/Projects/node_modules' does not exist, skipping all lookups in it.
Directory '/Users/node_modules' does not exist, skipping all lookups in it.
Directory '/node_modules' does not exist, skipping all lookups in it.
======== Module name 'node:stream/consumers' was not resolved. ========
Module 'stream/promises' was resolved as locally declared ambient module in file '/Users/valentinyelchenko/Projects/ogxone/adjecent-boxes/node_modules/@types/node/stream/promises.d.ts'.
======== Resolving module 'node:stream' from '/Users/valentinyelchenko/Projects/ogxone/adjecent-boxes/node_modules/@types/node/stream/promises.d.ts'. ========
Explicitly specified module resolution kind: 'NodeJs'.
'baseUrl' option is set to '/Users/valentinyelchenko/Projects/ogxone/adjecent-boxes', using this value to resolve non-relative module name 'node:stream'.
'paths' option is specified, looking for a pattern to match module name 'node:stream'.
'baseUrl' option is set to '/Users/valentinyelchenko/Projects/ogxone/adjecent-boxes', using this value to resolve non-relative module name 'node:stream'.
Resolving module name 'node:stream' relative to base url '/Users/valentinyelchenko/Projects/ogxone/adjecent-boxes' - '/Users/valentinyelchenko/Projects/ogxone/adjecent-boxes/node:stream'.
Loading module as file / folder, candidate module location '/Users/valentinyelchenko/Projects/ogxone/adjecent-boxes/node:stream', target file type 'TypeScript'.
File '/Users/valentinyelchenko/Projects/ogxone/adjecent-boxes/node:stream.ts' does not exist.
File '/Users/valentinyelchenko/Projects/ogxone/adjecent-boxes/node:stream.tsx' does not exist.
File '/Users/valentinyelchenko/Projects/ogxone/adjecent-boxes/node:stream.d.ts' does not exist.
Directory '/Users/valentinyelchenko/Projects/ogxone/adjecent-boxes/node:stream' does not exist, skipping all lookups in it.
Loading module 'node:stream' from 'node_modules' folder, target file type 'TypeScript'.
Directory '/Users/valentinyelchenko/Projects/ogxone/adjecent-boxes/node_modules/@types/node/stream/node_modules' does not exist, skipping all lookups in it.
Resolution for module 'node:stream' was found in cache from location '/Users/valentinyelchenko/Projects/ogxone/adjecent-boxes/node_modules/@types/node'.
======== Module name 'node:stream' was not resolved. ========
Module 'stream/consumers' was resolved as locally declared ambient module in file '/Users/valentinyelchenko/Projects/ogxone/adjecent-boxes/node_modules/@types/node/stream/consumers.d.ts'.
======== Resolving module 'node:stream' from '/Users/valentinyelchenko/Projects/ogxone/adjecent-boxes/node_modules/@types/node/stream/consumers.d.ts'. ========
Resolution for module 'node:stream' was found in cache from location '/Users/valentinyelchenko/Projects/ogxone/adjecent-boxes/node_modules/@types/node/stream'.
======== Module name 'node:stream' was not resolved. ========
Module 'stream/web' was resolved as locally declared ambient module in file '/Users/valentinyelchenko/Projects/ogxone/adjecent-boxes/node_modules/@types/node/stream/web.d.ts'.
Module 'string_decoder' was resolved as locally declared ambient module in file '/Users/valentinyelchenko/Projects/ogxone/adjecent-boxes/node_modules/@types/node/string_decoder.d.ts'.
Module 'timers' was resolved as locally declared ambient module in file '/Users/valentinyelchenko/Projects/ogxone/adjecent-boxes/node_modules/@types/node/timers.d.ts'.
======== Resolving module 'node:events' from '/Users/valentinyelchenko/Projects/ogxone/adjecent-boxes/node_modules/@types/node/timers.d.ts'. ========
Resolution for module 'node:events' was found in cache from location '/Users/valentinyelchenko/Projects/ogxone/adjecent-boxes/node_modules/@types/node'.
======== Module name 'node:events' was not resolved. ========
======== Resolving module 'node:timers/promises' from '/Users/valentinyelchenko/Projects/ogxone/adjecent-boxes/node_modules/@types/node/timers.d.ts'. ========
Explicitly specified module resolution kind: 'NodeJs'.
'baseUrl' option is set to '/Users/valentinyelchenko/Projects/ogxone/adjecent-boxes', using this value to resolve non-relative module name 'node:timers/promises'.
'paths' option is specified, looking for a pattern to match module name 'node:timers/promises'.
'baseUrl' option is set to '/Users/valentinyelchenko/Projects/ogxone/adjecent-boxes', using this value to resolve non-relative module name 'node:timers/promises'.
Resolving module name 'node:timers/promises' relative to base url '/Users/valentinyelchenko/Projects/ogxone/adjecent-boxes' - '/Users/valentinyelchenko/Projects/ogxone/adjecent-boxes/node:timers/promises'.
Loading module as file / folder, candidate module location '/Users/valentinyelchenko/Projects/ogxone/adjecent-boxes/node:timers/promises', target file type 'TypeScript'.
Loading module 'node:timers/promises' from 'node_modules' folder, target file type 'TypeScript'.
Directory '/Users/valentinyelchenko/Projects/ogxone/adjecent-boxes/node_modules/@types/node/node_modules' does not exist, skipping all lookups in it.
Directory '/Users/valentinyelchenko/Projects/ogxone/adjecent-boxes/node_modules/@types/node_modules' does not exist, skipping all lookups in it.
Directory '/Users/valentinyelchenko/Projects/ogxone/node_modules' does not exist, skipping all lookups in it.
Directory '/Users/valentinyelchenko/Projects/node_modules' does not exist, skipping all lookups in it.
Directory '/Users/node_modules' does not exist, skipping all lookups in it.
Directory '/node_modules' does not exist, skipping all lookups in it.
'baseUrl' option is set to '/Users/valentinyelchenko/Projects/ogxone/adjecent-boxes', using this value to resolve non-relative module name 'node:timers/promises'.
'paths' option is specified, looking for a pattern to match module name 'node:timers/promises'.
'baseUrl' option is set to '/Users/valentinyelchenko/Projects/ogxone/adjecent-boxes', using this value to resolve non-relative module name 'node:timers/promises'.
Resolving module name 'node:timers/promises' relative to base url '/Users/valentinyelchenko/Projects/ogxone/adjecent-boxes' - '/Users/valentinyelchenko/Projects/ogxone/adjecent-boxes/node:timers/promises'.
Loading module as file / folder, candidate module location '/Users/valentinyelchenko/Projects/ogxone/adjecent-boxes/node:timers/promises', target file type 'JavaScript'.
Loading module 'node:timers/promises' from 'node_modules' folder, target file type 'JavaScript'.
Directory '/Users/valentinyelchenko/Projects/ogxone/adjecent-boxes/node_modules/@types/node/node_modules' does not exist, skipping all lookups in it.
Directory '/Users/valentinyelchenko/Projects/ogxone/adjecent-boxes/node_modules/@types/node_modules' does not exist, skipping all lookups in it.
Directory '/Users/valentinyelchenko/Projects/ogxone/node_modules' does not exist, skipping all lookups in it.
Directory '/Users/valentinyelchenko/Projects/node_modules' does not exist, skipping all lookups in it.
Directory '/Users/node_modules' does not exist, skipping all lookups in it.
Directory '/node_modules' does not exist, skipping all lookups in it.
======== Module name 'node:timers/promises' was not resolved. ========
Module 'timers/promises' was resolved as locally declared ambient module in file '/Users/valentinyelchenko/Projects/ogxone/adjecent-boxes/node_modules/@types/node/timers/promises.d.ts'.
======== Resolving module 'node:timers' from '/Users/valentinyelchenko/Projects/ogxone/adjecent-boxes/node_modules/@types/node/timers/promises.d.ts'. ========
Explicitly specified module resolution kind: 'NodeJs'.
'baseUrl' option is set to '/Users/valentinyelchenko/Projects/ogxone/adjecent-boxes', using this value to resolve non-relative module name 'node:timers'.
'paths' option is specified, looking for a pattern to match module name 'node:timers'.
'baseUrl' option is set to '/Users/valentinyelchenko/Projects/ogxone/adjecent-boxes', using this value to resolve non-relative module name 'node:timers'.
Resolving module name 'node:timers' relative to base url '/Users/valentinyelchenko/Projects/ogxone/adjecent-boxes' - '/Users/valentinyelchenko/Projects/ogxone/adjecent-boxes/node:timers'.
Loading module as file / folder, candidate module location '/Users/valentinyelchenko/Projects/ogxone/adjecent-boxes/node:timers', target file type 'TypeScript'.
File '/Users/valentinyelchenko/Projects/ogxone/adjecent-boxes/node:timers.ts' does not exist.
File '/Users/valentinyelchenko/Projects/ogxone/adjecent-boxes/node:timers.tsx' does not exist.
File '/Users/valentinyelchenko/Projects/ogxone/adjecent-boxes/node:timers.d.ts' does not exist.
Directory '/Users/valentinyelchenko/Projects/ogxone/adjecent-boxes/node:timers' does not exist, skipping all lookups in it.
Loading module 'node:timers' from 'node_modules' folder, target file type 'TypeScript'.
Directory '/Users/valentinyelchenko/Projects/ogxone/adjecent-boxes/node_modules/@types/node/timers/node_modules' does not exist, skipping all lookups in it.
Directory '/Users/valentinyelchenko/Projects/ogxone/adjecent-boxes/node_modules/@types/node/node_modules' does not exist, skipping all lookups in it.
Directory '/Users/valentinyelchenko/Projects/ogxone/adjecent-boxes/node_modules/@types/node_modules' does not exist, skipping all lookups in it.
File '/Users/valentinyelchenko/Projects/ogxone/adjecent-boxes/node_modules/node:timers.ts' does not exist.
File '/Users/valentinyelchenko/Projects/ogxone/adjecent-boxes/node_modules/node:timers.tsx' does not exist.
File '/Users/valentinyelchenko/Projects/ogxone/adjecent-boxes/node_modules/node:timers.d.ts' does not exist.
File '/Users/valentinyelchenko/Projects/ogxone/adjecent-boxes/node_modules/@types/node:timers.d.ts' does not exist.
Directory '/Users/valentinyelchenko/Projects/ogxone/node_modules' does not exist, skipping all lookups in it.
Directory '/Users/valentinyelchenko/Projects/node_modules' does not exist, skipping all lookups in it.
File '/Users/valentinyelchenko/node_modules/node:timers.ts' does not exist.
File '/Users/valentinyelchenko/node_modules/node:timers.tsx' does not exist.
File '/Users/valentinyelchenko/node_modules/node:timers.d.ts' does not exist.
File '/Users/valentinyelchenko/node_modules/@types/node:timers.d.ts' does not exist.
Directory '/Users/node_modules' does not exist, skipping all lookups in it.
Directory '/node_modules' does not exist, skipping all lookups in it.
'baseUrl' option is set to '/Users/valentinyelchenko/Projects/ogxone/adjecent-boxes', using this value to resolve non-relative module name 'node:timers'.
'paths' option is specified, looking for a pattern to match module name 'node:timers'.
'baseUrl' option is set to '/Users/valentinyelchenko/Projects/ogxone/adjecent-boxes', using this value to resolve non-relative module name 'node:timers'.
Resolving module name 'node:timers' relative to base url '/Users/valentinyelchenko/Projects/ogxone/adjecent-boxes' - '/Users/valentinyelchenko/Projects/ogxone/adjecent-boxes/node:timers'.
Loading module as file / folder, candidate module location '/Users/valentinyelchenko/Projects/ogxone/adjecent-boxes/node:timers', target file type 'JavaScript'.
File '/Users/valentinyelchenko/Projects/ogxone/adjecent-boxes/node:timers.js' does not exist.
File '/Users/valentinyelchenko/Projects/ogxone/adjecent-boxes/node:timers.jsx' does not exist.
Directory '/Users/valentinyelchenko/Projects/ogxone/adjecent-boxes/node:timers' does not exist, skipping all lookups in it.
Loading module 'node:timers' from 'node_modules' folder, target file type 'JavaScript'.
Directory '/Users/valentinyelchenko/Projects/ogxone/adjecent-boxes/node_modules/@types/node/timers/node_modules' does not exist, skipping all lookups in it.
Directory '/Users/valentinyelchenko/Projects/ogxone/adjecent-boxes/node_modules/@types/node/node_modules' does not exist, skipping all lookups in it.
Directory '/Users/valentinyelchenko/Projects/ogxone/adjecent-boxes/node_modules/@types/node_modules' does not exist, skipping all lookups in it.
File '/Users/valentinyelchenko/Projects/ogxone/adjecent-boxes/node_modules/node:timers.js' does not exist.
File '/Users/valentinyelchenko/Projects/ogxone/adjecent-boxes/node_modules/node:timers.jsx' does not exist.
Directory '/Users/valentinyelchenko/Projects/ogxone/node_modules' does not exist, skipping all lookups in it.
Directory '/Users/valentinyelchenko/Projects/node_modules' does not exist, skipping all lookups in it.
File '/Users/valentinyelchenko/node_modules/node:timers.js' does not exist.
File '/Users/valentinyelchenko/node_modules/node:timers.jsx' does not exist.
Directory '/Users/node_modules' does not exist, skipping all lookups in it.
Directory '/node_modules' does not exist, skipping all lookups in it.
======== Module name 'node:timers' was not resolved. ========
Module 'tls' was resolved as locally declared ambient module in file '/Users/valentinyelchenko/Projects/ogxone/adjecent-boxes/node_modules/@types/node/tls.d.ts'.
======== Resolving module 'node:crypto' from '/Users/valentinyelchenko/Projects/ogxone/adjecent-boxes/node_modules/@types/node/tls.d.ts'. ========
Resolution for module 'node:crypto' was found in cache from location '/Users/valentinyelchenko/Projects/ogxone/adjecent-boxes/node_modules/@types/node'.
======== Module name 'node:crypto' was not resolved. ========
======== Resolving module 'node:net' from '/Users/valentinyelchenko/Projects/ogxone/adjecent-boxes/node_modules/@types/node/tls.d.ts'. ========
Resolution for module 'node:net' was found in cache from location '/Users/valentinyelchenko/Projects/ogxone/adjecent-boxes/node_modules/@types/node'.
======== Module name 'node:net' was not resolved. ========
======== Resolving module 'stream' from '/Users/valentinyelchenko/Projects/ogxone/adjecent-boxes/node_modules/@types/node/tls.d.ts'. ========
Explicitly specified module resolution kind: 'NodeJs'.
'baseUrl' option is set to '/Users/valentinyelchenko/Projects/ogxone/adjecent-boxes', using this value to resolve non-relative module name 'stream'.
'paths' option is specified, looking for a pattern to match module name 'stream'.
'baseUrl' option is set to '/Users/valentinyelchenko/Projects/ogxone/adjecent-boxes', using this value to resolve non-relative module name 'stream'.
Resolving module name 'stream' relative to base url '/Users/valentinyelchenko/Projects/ogxone/adjecent-boxes' - '/Users/valentinyelchenko/Projects/ogxone/adjecent-boxes/stream'.
Loading module as file / folder, candidate module location '/Users/valentinyelchenko/Projects/ogxone/adjecent-boxes/stream', target file type 'TypeScript'.
File '/Users/valentinyelchenko/Projects/ogxone/adjecent-boxes/stream.ts' does not exist.
File '/Users/valentinyelchenko/Projects/ogxone/adjecent-boxes/stream.tsx' does not exist.
File '/Users/valentinyelchenko/Projects/ogxone/adjecent-boxes/stream.d.ts' does not exist.
Directory '/Users/valentinyelchenko/Projects/ogxone/adjecent-boxes/stream' does not exist, skipping all lookups in it.
Loading module 'stream' from 'node_modules' folder, target file type 'TypeScript'.
Directory '/Users/valentinyelchenko/Projects/ogxone/adjecent-boxes/node_modules/@types/node/node_modules' does not exist, skipping all lookups in it.
Directory '/Users/valentinyelchenko/Projects/ogxone/adjecent-boxes/node_modules/@types/node_modules' does not exist, skipping all lookups in it.
File '/Users/valentinyelchenko/Projects/ogxone/adjecent-boxes/node_modules/stream.ts' does not exist.
File '/Users/valentinyelchenko/Projects/ogxone/adjecent-boxes/node_modules/stream.tsx' does not exist.
File '/Users/valentinyelchenko/Projects/ogxone/adjecent-boxes/node_modules/stream.d.ts' does not exist.
File '/Users/valentinyelchenko/Projects/ogxone/adjecent-boxes/node_modules/@types/stream.d.ts' does not exist.
Directory '/Users/valentinyelchenko/Projects/ogxone/node_modules' does not exist, skipping all lookups in it.
Directory '/Users/valentinyelchenko/Projects/node_modules' does not exist, skipping all lookups in it.
File '/Users/valentinyelchenko/node_modules/stream.ts' does not exist.
File '/Users/valentinyelchenko/node_modules/stream.tsx' does not exist.
File '/Users/valentinyelchenko/node_modules/stream.d.ts' does not exist.
File '/Users/valentinyelchenko/node_modules/@types/stream.d.ts' does not exist.
Directory '/Users/node_modules' does not exist, skipping all lookups in it.
Directory '/node_modules' does not exist, skipping all lookups in it.
'baseUrl' option is set to '/Users/valentinyelchenko/Projects/ogxone/adjecent-boxes', using this value to resolve non-relative module name 'stream'.
'paths' option is specified, looking for a pattern to match module name 'stream'.
'baseUrl' option is set to '/Users/valentinyelchenko/Projects/ogxone/adjecent-boxes', using this value to resolve non-relative module name 'stream'.
Resolving module name 'stream' relative to base url '/Users/valentinyelchenko/Projects/ogxone/adjecent-boxes' - '/Users/valentinyelchenko/Projects/ogxone/adjecent-boxes/stream'.
Loading module as file / folder, candidate module location '/Users/valentinyelchenko/Projects/ogxone/adjecent-boxes/stream', target file type 'JavaScript'.
File '/Users/valentinyelchenko/Projects/ogxone/adjecent-boxes/stream.js' does not exist.
File '/Users/valentinyelchenko/Projects/ogxone/adjecent-boxes/stream.jsx' does not exist.
Directory '/Users/valentinyelchenko/Projects/ogxone/adjecent-boxes/stream' does not exist, skipping all lookups in it.
Loading module 'stream' from 'node_modules' folder, target file type 'JavaScript'.
Directory '/Users/valentinyelchenko/Projects/ogxone/adjecent-boxes/node_modules/@types/node/node_modules' does not exist, skipping all lookups in it.
Directory '/Users/valentinyelchenko/Projects/ogxone/adjecent-boxes/node_modules/@types/node_modules' does not exist, skipping all lookups in it.
File '/Users/valentinyelchenko/Projects/ogxone/adjecent-boxes/node_modules/stream.js' does not exist.
File '/Users/valentinyelchenko/Projects/ogxone/adjecent-boxes/node_modules/stream.jsx' does not exist.
Directory '/Users/valentinyelchenko/Projects/ogxone/node_modules' does not exist, skipping all lookups in it.
Directory '/Users/valentinyelchenko/Projects/node_modules' does not exist, skipping all lookups in it.
File '/Users/valentinyelchenko/node_modules/stream.js' does not exist.
File '/Users/valentinyelchenko/node_modules/stream.jsx' does not exist.
Directory '/Users/node_modules' does not exist, skipping all lookups in it.
Directory '/node_modules' does not exist, skipping all lookups in it.
======== Module name 'stream' was not resolved. ========
Module 'trace_events' was resolved as locally declared ambient module in file '/Users/valentinyelchenko/Projects/ogxone/adjecent-boxes/node_modules/@types/node/trace_events.d.ts'.
Module 'tty' was resolved as locally declared ambient module in file '/Users/valentinyelchenko/Projects/ogxone/adjecent-boxes/node_modules/@types/node/tty.d.ts'.
======== Resolving module 'node:net' from '/Users/valentinyelchenko/Projects/ogxone/adjecent-boxes/node_modules/@types/node/tty.d.ts'. ========
Resolution for module 'node:net' was found in cache from location '/Users/valentinyelchenko/Projects/ogxone/adjecent-boxes/node_modules/@types/node'.
======== Module name 'node:net' was not resolved. ========
Module 'url' was resolved as locally declared ambient module in file '/Users/valentinyelchenko/Projects/ogxone/adjecent-boxes/node_modules/@types/node/url.d.ts'.
======== Resolving module 'node:buffer' from '/Users/valentinyelchenko/Projects/ogxone/adjecent-boxes/node_modules/@types/node/url.d.ts'. ========
Explicitly specified module resolution kind: 'NodeJs'.
'baseUrl' option is set to '/Users/valentinyelchenko/Projects/ogxone/adjecent-boxes', using this value to resolve non-relative module name 'node:buffer'.
'paths' option is specified, looking for a pattern to match module name 'node:buffer'.
'baseUrl' option is set to '/Users/valentinyelchenko/Projects/ogxone/adjecent-boxes', using this value to resolve non-relative module name 'node:buffer'.
Resolving module name 'node:buffer' relative to base url '/Users/valentinyelchenko/Projects/ogxone/adjecent-boxes' - '/Users/valentinyelchenko/Projects/ogxone/adjecent-boxes/node:buffer'.
Loading module as file / folder, candidate module location '/Users/valentinyelchenko/Projects/ogxone/adjecent-boxes/node:buffer', target file type 'TypeScript'.
File '/Users/valentinyelchenko/Projects/ogxone/adjecent-boxes/node:buffer.ts' does not exist.
File '/Users/valentinyelchenko/Projects/ogxone/adjecent-boxes/node:buffer.tsx' does not exist.
File '/Users/valentinyelchenko/Projects/ogxone/adjecent-boxes/node:buffer.d.ts' does not exist.
Directory '/Users/valentinyelchenko/Projects/ogxone/adjecent-boxes/node:buffer' does not exist, skipping all lookups in it.
Loading module 'node:buffer' from 'node_modules' folder, target file type 'TypeScript'.
Directory '/Users/valentinyelchenko/Projects/ogxone/adjecent-boxes/node_modules/@types/node/node_modules' does not exist, skipping all lookups in it.
Directory '/Users/valentinyelchenko/Projects/ogxone/adjecent-boxes/node_modules/@types/node_modules' does not exist, skipping all lookups in it.
File '/Users/valentinyelchenko/Projects/ogxone/adjecent-boxes/node_modules/node:buffer.ts' does not exist.
File '/Users/valentinyelchenko/Projects/ogxone/adjecent-boxes/node_modules/node:buffer.tsx' does not exist.
File '/Users/valentinyelchenko/Projects/ogxone/adjecent-boxes/node_modules/node:buffer.d.ts' does not exist.
File '/Users/valentinyelchenko/Projects/ogxone/adjecent-boxes/node_modules/@types/node:buffer.d.ts' does not exist.
Directory '/Users/valentinyelchenko/Projects/ogxone/node_modules' does not exist, skipping all lookups in it.
Directory '/Users/valentinyelchenko/Projects/node_modules' does not exist, skipping all lookups in it.
File '/Users/valentinyelchenko/node_modules/node:buffer.ts' does not exist.
File '/Users/valentinyelchenko/node_modules/node:buffer.tsx' does not exist.
File '/Users/valentinyelchenko/node_modules/node:buffer.d.ts' does not exist.
File '/Users/valentinyelchenko/node_modules/@types/node:buffer.d.ts' does not exist.
Directory '/Users/node_modules' does not exist, skipping all lookups in it.
Directory '/node_modules' does not exist, skipping all lookups in it.
'baseUrl' option is set to '/Users/valentinyelchenko/Projects/ogxone/adjecent-boxes', using this value to resolve non-relative module name 'node:buffer'.
'paths' option is specified, looking for a pattern to match module name 'node:buffer'.
'baseUrl' option is set to '/Users/valentinyelchenko/Projects/ogxone/adjecent-boxes', using this value to resolve non-relative module name 'node:buffer'.
Resolving module name 'node:buffer' relative to base url '/Users/valentinyelchenko/Projects/ogxone/adjecent-boxes' - '/Users/valentinyelchenko/Projects/ogxone/adjecent-boxes/node:buffer'.
Loading module as file / folder, candidate module location '/Users/valentinyelchenko/Projects/ogxone/adjecent-boxes/node:buffer', target file type 'JavaScript'.
File '/Users/valentinyelchenko/Projects/ogxone/adjecent-boxes/node:buffer.js' does not exist.
File '/Users/valentinyelchenko/Projects/ogxone/adjecent-boxes/node:buffer.jsx' does not exist.
Directory '/Users/valentinyelchenko/Projects/ogxone/adjecent-boxes/node:buffer' does not exist, skipping all lookups in it.
Loading module 'node:buffer' from 'node_modules' folder, target file type 'JavaScript'.
Directory '/Users/valentinyelchenko/Projects/ogxone/adjecent-boxes/node_modules/@types/node/node_modules' does not exist, skipping all lookups in it.
Directory '/Users/valentinyelchenko/Projects/ogxone/adjecent-boxes/node_modules/@types/node_modules' does not exist, skipping all lookups in it.
File '/Users/valentinyelchenko/Projects/ogxone/adjecent-boxes/node_modules/node:buffer.js' does not exist.
File '/Users/valentinyelchenko/Projects/ogxone/adjecent-boxes/node_modules/node:buffer.jsx' does not exist.
Directory '/Users/valentinyelchenko/Projects/ogxone/node_modules' does not exist, skipping all lookups in it.
Directory '/Users/valentinyelchenko/Projects/node_modules' does not exist, skipping all lookups in it.
File '/Users/valentinyelchenko/node_modules/node:buffer.js' does not exist.
File '/Users/valentinyelchenko/node_modules/node:buffer.jsx' does not exist.
Directory '/Users/node_modules' does not exist, skipping all lookups in it.
Directory '/node_modules' does not exist, skipping all lookups in it.
======== Module name 'node:buffer' was not resolved. ========
======== Resolving module 'node:http' from '/Users/valentinyelchenko/Projects/ogxone/adjecent-boxes/node_modules/@types/node/url.d.ts'. ========
Resolution for module 'node:http' was found in cache from location '/Users/valentinyelchenko/Projects/ogxone/adjecent-boxes/node_modules/@types/node'.
======== Module name 'node:http' was not resolved. ========
======== Resolving module 'node:querystring' from '/Users/valentinyelchenko/Projects/ogxone/adjecent-boxes/node_modules/@types/node/url.d.ts'. ========
Explicitly specified module resolution kind: 'NodeJs'.
'baseUrl' option is set to '/Users/valentinyelchenko/Projects/ogxone/adjecent-boxes', using this value to resolve non-relative module name 'node:querystring'.
'paths' option is specified, looking for a pattern to match module name 'node:querystring'.
'baseUrl' option is set to '/Users/valentinyelchenko/Projects/ogxone/adjecent-boxes', using this value to resolve non-relative module name 'node:querystring'.
Resolving module name 'node:querystring' relative to base url '/Users/valentinyelchenko/Projects/ogxone/adjecent-boxes' - '/Users/valentinyelchenko/Projects/ogxone/adjecent-boxes/node:querystring'.
Loading module as file / folder, candidate module location '/Users/valentinyelchenko/Projects/ogxone/adjecent-boxes/node:querystring', target file type 'TypeScript'.
File '/Users/valentinyelchenko/Projects/ogxone/adjecent-boxes/node:querystring.ts' does not exist.
File '/Users/valentinyelchenko/Projects/ogxone/adjecent-boxes/node:querystring.tsx' does not exist.
File '/Users/valentinyelchenko/Projects/ogxone/adjecent-boxes/node:querystring.d.ts' does not exist.
Directory '/Users/valentinyelchenko/Projects/ogxone/adjecent-boxes/node:querystring' does not exist, skipping all lookups in it.
Loading module 'node:querystring' from 'node_modules' folder, target file type 'TypeScript'.
Directory '/Users/valentinyelchenko/Projects/ogxone/adjecent-boxes/node_modules/@types/node/node_modules' does not exist, skipping all lookups in it.
Directory '/Users/valentinyelchenko/Projects/ogxone/adjecent-boxes/node_modules/@types/node_modules' does not exist, skipping all lookups in it.
File '/Users/valentinyelchenko/Projects/ogxone/adjecent-boxes/node_modules/node:querystring.ts' does not exist.
File '/Users/valentinyelchenko/Projects/ogxone/adjecent-boxes/node_modules/node:querystring.tsx' does not exist.
File '/Users/valentinyelchenko/Projects/ogxone/adjecent-boxes/node_modules/node:querystring.d.ts' does not exist.
File '/Users/valentinyelchenko/Projects/ogxone/adjecent-boxes/node_modules/@types/node:querystring.d.ts' does not exist.
Directory '/Users/valentinyelchenko/Projects/ogxone/node_modules' does not exist, skipping all lookups in it.
Directory '/Users/valentinyelchenko/Projects/node_modules' does not exist, skipping all lookups in it.
File '/Users/valentinyelchenko/node_modules/node:querystring.ts' does not exist.
File '/Users/valentinyelchenko/node_modules/node:querystring.tsx' does not exist.
File '/Users/valentinyelchenko/node_modules/node:querystring.d.ts' does not exist.
File '/Users/valentinyelchenko/node_modules/@types/node:querystring.d.ts' does not exist.
Directory '/Users/node_modules' does not exist, skipping all lookups in it.
Directory '/node_modules' does not exist, skipping all lookups in it.
'baseUrl' option is set to '/Users/valentinyelchenko/Projects/ogxone/adjecent-boxes', using this value to resolve non-relative module name 'node:querystring'.
'paths' option is specified, looking for a pattern to match module name 'node:querystring'.
'baseUrl' option is set to '/Users/valentinyelchenko/Projects/ogxone/adjecent-boxes', using this value to resolve non-relative module name 'node:querystring'.
Resolving module name 'node:querystring' relative to base url '/Users/valentinyelchenko/Projects/ogxone/adjecent-boxes' - '/Users/valentinyelchenko/Projects/ogxone/adjecent-boxes/node:querystring'.
Loading module as file / folder, candidate module location '/Users/valentinyelchenko/Projects/ogxone/adjecent-boxes/node:querystring', target file type 'JavaScript'.
File '/Users/valentinyelchenko/Projects/ogxone/adjecent-boxes/node:querystring.js' does not exist.
File '/Users/valentinyelchenko/Projects/ogxone/adjecent-boxes/node:querystring.jsx' does not exist.
Directory '/Users/valentinyelchenko/Projects/ogxone/adjecent-boxes/node:querystring' does not exist, skipping all lookups in it.
Loading module 'node:querystring' from 'node_modules' folder, target file type 'JavaScript'.
Directory '/Users/valentinyelchenko/Projects/ogxone/adjecent-boxes/node_modules/@types/node/node_modules' does not exist, skipping all lookups in it.
Directory '/Users/valentinyelchenko/Projects/ogxone/adjecent-boxes/node_modules/@types/node_modules' does not exist, skipping all lookups in it.
File '/Users/valentinyelchenko/Projects/ogxone/adjecent-boxes/node_modules/node:querystring.js' does not exist.
File '/Users/valentinyelchenko/Projects/ogxone/adjecent-boxes/node_modules/node:querystring.jsx' does not exist.
Directory '/Users/valentinyelchenko/Projects/ogxone/node_modules' does not exist, skipping all lookups in it.
Directory '/Users/valentinyelchenko/Projects/node_modules' does not exist, skipping all lookups in it.
File '/Users/valentinyelchenko/node_modules/node:querystring.js' does not exist.
File '/Users/valentinyelchenko/node_modules/node:querystring.jsx' does not exist.
Directory '/Users/node_modules' does not exist, skipping all lookups in it.
Directory '/node_modules' does not exist, skipping all lookups in it.
======== Module name 'node:querystring' was not resolved. ========
Module 'node:util/types' was resolved as locally declared ambient module in file '/Users/valentinyelchenko/Projects/ogxone/adjecent-boxes/node_modules/@types/node/util.d.ts'.
Module 'util/types' was resolved as locally declared ambient module in file '/Users/valentinyelchenko/Projects/ogxone/adjecent-boxes/node_modules/@types/node/util.d.ts'.
Module 'util' was resolved as locally declared ambient module in file '/Users/valentinyelchenko/Projects/ogxone/adjecent-boxes/node_modules/@types/node/util.d.ts'.
Module 'util/types' was resolved as locally declared ambient module in file '/Users/valentinyelchenko/Projects/ogxone/adjecent-boxes/node_modules/@types/node/util.d.ts'.
======== Resolving module 'node:crypto' from '/Users/valentinyelchenko/Projects/ogxone/adjecent-boxes/node_modules/@types/node/util.d.ts'. ========
Resolution for module 'node:crypto' was found in cache from location '/Users/valentinyelchenko/Projects/ogxone/adjecent-boxes/node_modules/@types/node'.
======== Module name 'node:crypto' was not resolved. ========
Module 'v8' was resolved as locally declared ambient module in file '/Users/valentinyelchenko/Projects/ogxone/adjecent-boxes/node_modules/@types/node/v8.d.ts'.
======== Resolving module 'node:stream' from '/Users/valentinyelchenko/Projects/ogxone/adjecent-boxes/node_modules/@types/node/v8.d.ts'. ========
Resolution for module 'node:stream' was found in cache from location '/Users/valentinyelchenko/Projects/ogxone/adjecent-boxes/node_modules/@types/node'.
======== Module name 'node:stream' was not resolved. ========
Module 'vm' was resolved as locally declared ambient module in file '/Users/valentinyelchenko/Projects/ogxone/adjecent-boxes/node_modules/@types/node/vm.d.ts'.
Module 'wasi' was resolved as locally declared ambient module in file '/Users/valentinyelchenko/Projects/ogxone/adjecent-boxes/node_modules/@types/node/wasi.d.ts'.
Module 'worker_threads' was resolved as locally declared ambient module in file '/Users/valentinyelchenko/Projects/ogxone/adjecent-boxes/node_modules/@types/node/worker_threads.d.ts'.
======== Resolving module 'node:buffer' from '/Users/valentinyelchenko/Projects/ogxone/adjecent-boxes/node_modules/@types/node/worker_threads.d.ts'. ========
Resolution for module 'node:buffer' was found in cache from location '/Users/valentinyelchenko/Projects/ogxone/adjecent-boxes/node_modules/@types/node'.
======== Module name 'node:buffer' was not resolved. ========
======== Resolving module 'node:vm' from '/Users/valentinyelchenko/Projects/ogxone/adjecent-boxes/node_modules/@types/node/worker_threads.d.ts'. ========
Resolution for module 'node:vm' was found in cache from location '/Users/valentinyelchenko/Projects/ogxone/adjecent-boxes/node_modules/@types/node'.
======== Module name 'node:vm' was not resolved. ========
======== Resolving module 'node:events' from '/Users/valentinyelchenko/Projects/ogxone/adjecent-boxes/node_modules/@types/node/worker_threads.d.ts'. ========
Resolution for module 'node:events' was found in cache from location '/Users/valentinyelchenko/Projects/ogxone/adjecent-boxes/node_modules/@types/node'.
======== Module name 'node:events' was not resolved. ========
======== Resolving module 'node:perf_hooks' from '/Users/valentinyelchenko/Projects/ogxone/adjecent-boxes/node_modules/@types/node/worker_threads.d.ts'. ========
Explicitly specified module resolution kind: 'NodeJs'.
'baseUrl' option is set to '/Users/valentinyelchenko/Projects/ogxone/adjecent-boxes', using this value to resolve non-relative module name 'node:perf_hooks'.
'paths' option is specified, looking for a pattern to match module name 'node:perf_hooks'.
'baseUrl' option is set to '/Users/valentinyelchenko/Projects/ogxone/adjecent-boxes', using this value to resolve non-relative module name 'node:perf_hooks'.
Resolving module name 'node:perf_hooks' relative to base url '/Users/valentinyelchenko/Projects/ogxone/adjecent-boxes' - '/Users/valentinyelchenko/Projects/ogxone/adjecent-boxes/node:perf_hooks'.
Loading module as file / folder, candidate module location '/Users/valentinyelchenko/Projects/ogxone/adjecent-boxes/node:perf_hooks', target file type 'TypeScript'.
File '/Users/valentinyelchenko/Projects/ogxone/adjecent-boxes/node:perf_hooks.ts' does not exist.
File '/Users/valentinyelchenko/Projects/ogxone/adjecent-boxes/node:perf_hooks.tsx' does not exist.
File '/Users/valentinyelchenko/Projects/ogxone/adjecent-boxes/node:perf_hooks.d.ts' does not exist.
Directory '/Users/valentinyelchenko/Projects/ogxone/adjecent-boxes/node:perf_hooks' does not exist, skipping all lookups in it.
Loading module 'node:perf_hooks' from 'node_modules' folder, target file type 'TypeScript'.
Directory '/Users/valentinyelchenko/Projects/ogxone/adjecent-boxes/node_modules/@types/node/node_modules' does not exist, skipping all lookups in it.
Directory '/Users/valentinyelchenko/Projects/ogxone/adjecent-boxes/node_modules/@types/node_modules' does not exist, skipping all lookups in it.
File '/Users/valentinyelchenko/Projects/ogxone/adjecent-boxes/node_modules/node:perf_hooks.ts' does not exist.
File '/Users/valentinyelchenko/Projects/ogxone/adjecent-boxes/node_modules/node:perf_hooks.tsx' does not exist.
File '/Users/valentinyelchenko/Projects/ogxone/adjecent-boxes/node_modules/node:perf_hooks.d.ts' does not exist.
File '/Users/valentinyelchenko/Projects/ogxone/adjecent-boxes/node_modules/@types/node:perf_hooks.d.ts' does not exist.
Directory '/Users/valentinyelchenko/Projects/ogxone/node_modules' does not exist, skipping all lookups in it.
Directory '/Users/valentinyelchenko/Projects/node_modules' does not exist, skipping all lookups in it.
File '/Users/valentinyelchenko/node_modules/node:perf_hooks.ts' does not exist.
File '/Users/valentinyelchenko/node_modules/node:perf_hooks.tsx' does not exist.
File '/Users/valentinyelchenko/node_modules/node:perf_hooks.d.ts' does not exist.
File '/Users/valentinyelchenko/node_modules/@types/node:perf_hooks.d.ts' does not exist.
Directory '/Users/node_modules' does not exist, skipping all lookups in it.
Directory '/node_modules' does not exist, skipping all lookups in it.
'baseUrl' option is set to '/Users/valentinyelchenko/Projects/ogxone/adjecent-boxes', using this value to resolve non-relative module name 'node:perf_hooks'.
'paths' option is specified, looking for a pattern to match module name 'node:perf_hooks'.
'baseUrl' option is set to '/Users/valentinyelchenko/Projects/ogxone/adjecent-boxes', using this value to resolve non-relative module name 'node:perf_hooks'.
Resolving module name 'node:perf_hooks' relative to base url '/Users/valentinyelchenko/Projects/ogxone/adjecent-boxes' - '/Users/valentinyelchenko/Projects/ogxone/adjecent-boxes/node:perf_hooks'.
Loading module as file / folder, candidate module location '/Users/valentinyelchenko/Projects/ogxone/adjecent-boxes/node:perf_hooks', target file type 'JavaScript'.
File '/Users/valentinyelchenko/Projects/ogxone/adjecent-boxes/node:perf_hooks.js' does not exist.
File '/Users/valentinyelchenko/Projects/ogxone/adjecent-boxes/node:perf_hooks.jsx' does not exist.
Directory '/Users/valentinyelchenko/Projects/ogxone/adjecent-boxes/node:perf_hooks' does not exist, skipping all lookups in it.
Loading module 'node:perf_hooks' from 'node_modules' folder, target file type 'JavaScript'.
Directory '/Users/valentinyelchenko/Projects/ogxone/adjecent-boxes/node_modules/@types/node/node_modules' does not exist, skipping all lookups in it.
Directory '/Users/valentinyelchenko/Projects/ogxone/adjecent-boxes/node_modules/@types/node_modules' does not exist, skipping all lookups in it.
File '/Users/valentinyelchenko/Projects/ogxone/adjecent-boxes/node_modules/node:perf_hooks.js' does not exist.
File '/Users/valentinyelchenko/Projects/ogxone/adjecent-boxes/node_modules/node:perf_hooks.jsx' does not exist.
Directory '/Users/valentinyelchenko/Projects/ogxone/node_modules' does not exist, skipping all lookups in it.
Directory '/Users/valentinyelchenko/Projects/node_modules' does not exist, skipping all lookups in it.
File '/Users/valentinyelchenko/node_modules/node:perf_hooks.js' does not exist.
File '/Users/valentinyelchenko/node_modules/node:perf_hooks.jsx' does not exist.
Directory '/Users/node_modules' does not exist, skipping all lookups in it.
Directory '/node_modules' does not exist, skipping all lookups in it.
======== Module name 'node:perf_hooks' was not resolved. ========
======== Resolving module 'node:fs/promises' from '/Users/valentinyelchenko/Projects/ogxone/adjecent-boxes/node_modules/@types/node/worker_threads.d.ts'. ========
Resolution for module 'node:fs/promises' was found in cache from location '/Users/valentinyelchenko/Projects/ogxone/adjecent-boxes/node_modules/@types/node'.
======== Module name 'node:fs/promises' was not resolved. ========
======== Resolving module 'node:stream' from '/Users/valentinyelchenko/Projects/ogxone/adjecent-boxes/node_modules/@types/node/worker_threads.d.ts'. ========
Resolution for module 'node:stream' was found in cache from location '/Users/valentinyelchenko/Projects/ogxone/adjecent-boxes/node_modules/@types/node'.
======== Module name 'node:stream' was not resolved. ========
======== Resolving module 'node:url' from '/Users/valentinyelchenko/Projects/ogxone/adjecent-boxes/node_modules/@types/node/worker_threads.d.ts'. ========
Resolution for module 'node:url' was found in cache from location '/Users/valentinyelchenko/Projects/ogxone/adjecent-boxes/node_modules/@types/node'.
======== Module name 'node:url' was not resolved. ========
======== Resolving module 'node:crypto' from '/Users/valentinyelchenko/Projects/ogxone/adjecent-boxes/node_modules/@types/node/worker_threads.d.ts'. ========
Resolution for module 'node:crypto' was found in cache from location '/Users/valentinyelchenko/Projects/ogxone/adjecent-boxes/node_modules/@types/node'.
======== Module name 'node:crypto' was not resolved. ========
Module 'zlib' was resolved as locally declared ambient module in file '/Users/valentinyelchenko/Projects/ogxone/adjecent-boxes/node_modules/@types/node/zlib.d.ts'.
======== Resolving module 'node:stream' from '/Users/valentinyelchenko/Projects/ogxone/adjecent-boxes/node_modules/@types/node/zlib.d.ts'. ========
Resolution for module 'node:stream' was found in cache from location '/Users/valentinyelchenko/Projects/ogxone/adjecent-boxes/node_modules/@types/node'.
======== Module name 'node:stream' was not resolved. ========
